[0.032s] Invoking command in '/home/rosi/ws_dual_arm/build/dual_arm_control': CMAKE_PREFIX_PATH=${CMAKE_PREFIX_PATH}:/opt/ros/humble /usr/bin/cmake --build /home/rosi/ws_dual_arm/build/dual_arm_control -- -j20 -l20
[0.168s] [100%] Built target dual_arm_move_group
[0.211s] Invoked command in '/home/rosi/ws_dual_arm/build/dual_arm_control' returned '0': CMAKE_PREFIX_PATH=${CMAKE_PREFIX_PATH}:/opt/ros/humble /usr/bin/cmake --build /home/rosi/ws_dual_arm/build/dual_arm_control -- -j20 -l20
[0.214s] Invoking command in '/home/rosi/ws_dual_arm/build/dual_arm_control': CMAKE_PREFIX_PATH=${CMAKE_PREFIX_PATH}:/opt/ros/humble /usr/bin/cmake --install /home/rosi/ws_dual_arm/build/dual_arm_control
[0.269s] -- Install configuration: "Release"
[0.269s] -- Up-to-date: /home/rosi/ws_dual_arm/install/dual_arm_control/lib/dual_arm_control/dual_arm_move_group
[0.271s] -- Up-to-date: /home/rosi/ws_dual_arm/install/dual_arm_control/share/ament_index/resource_index/package_run_dependencies/dual_arm_control
[0.271s] -- Up-to-date: /home/rosi/ws_dual_arm/install/dual_arm_control/share/ament_index/resource_index/parent_prefix_path/dual_arm_control
[0.271s] -- Up-to-date: /home/rosi/ws_dual_arm/install/dual_arm_control/share/dual_arm_control/environment/ament_prefix_path.sh
[0.272s] -- Up-to-date: /home/rosi/ws_dual_arm/install/dual_arm_control/share/dual_arm_control/environment/ament_prefix_path.dsv
[0.272s] -- Up-to-date: /home/rosi/ws_dual_arm/install/dual_arm_control/share/dual_arm_control/environment/path.sh
[0.272s] -- Up-to-date: /home/rosi/ws_dual_arm/install/dual_arm_control/share/dual_arm_control/environment/path.dsv
[0.272s] -- Up-to-date: /home/rosi/ws_dual_arm/install/dual_arm_control/share/dual_arm_control/local_setup.bash
[0.272s] -- Up-to-date: /home/rosi/ws_dual_arm/install/dual_arm_control/share/dual_arm_control/local_setup.sh
[0.272s] -- Up-to-date: /home/rosi/ws_dual_arm/install/dual_arm_control/share/dual_arm_control/local_setup.zsh
[0.273s] -- Up-to-date: /home/rosi/ws_dual_arm/install/dual_arm_control/share/dual_arm_control/local_setup.dsv
[0.273s] -- Installing: /home/rosi/ws_dual_arm/install/dual_arm_control/share/dual_arm_control/package.dsv
[0.273s] -- Up-to-date: /home/rosi/ws_dual_arm/install/dual_arm_control/share/ament_index/resource_index/packages/dual_arm_control
[0.273s] -- Up-to-date: /home/rosi/ws_dual_arm/install/dual_arm_control/share/dual_arm_control/cmake/dual_arm_controlConfig.cmake
[0.273s] -- Up-to-date: /home/rosi/ws_dual_arm/install/dual_arm_control/share/dual_arm_control/cmake/dual_arm_controlConfig-version.cmake
[0.273s] -- Up-to-date: /home/rosi/ws_dual_arm/install/dual_arm_control/share/dual_arm_control/package.xml
[0.285s] Invoked command in '/home/rosi/ws_dual_arm/build/dual_arm_control' returned '0': CMAKE_PREFIX_PATH=${CMAKE_PREFIX_PATH}:/opt/ros/humble /usr/bin/cmake --install /home/rosi/ws_dual_arm/build/dual_arm_control
