[0.201s] DEBUG:colcon:Command line arguments: ['/usr/bin/colcon', 'build']
[0.201s] DEBUG:colcon:Parsed command line arguments: Namespace(log_base=None, log_level=None, verb_name='build', build_base='build', install_base='install', merge_install=False, symlink_install=False, test_result_base=None, continue_on_error=False, executor='parallel', parallel_workers=20, event_handlers=None, ignore_user_meta=False, metas=['./colcon.meta'], base_paths=['.'], packages_ignore=None, packages_ignore_regex=None, paths=None, packages_up_to=None, packages_up_to_regex=None, packages_above=None, packages_above_and_dependencies=None, packages_above_depth=None, packages_select_by_dep=None, packages_skip_by_dep=None, packages_skip_up_to=None, packages_select_build_failed=False, packages_skip_build_finished=False, packages_select_test_failures=False, packages_skip_test_passed=False, packages_select=None, packages_skip=None, packages_select_regex=None, packages_skip_regex=None, packages_start=None, packages_end=None, allow_overriding=[], cmake_args=None, cmake_target=None, cmake_target_skip_unavailable=False, cmake_clean_cache=False, cmake_clean_first=False, cmake_force_configure=False, ament_cmake_args=None, catkin_cmake_args=None, catkin_skip_building_tests=False, mixin_files=None, mixin=None, verb_parser=<colcon_mixin.mixin.mixin_argument.MixinArgumentDecorator object at 0x70cfb148e6b0>, verb_extension=<colcon_core.verb.build.BuildVerb object at 0x70cfb148c6d0>, main=<bound method BuildVerb.main of <colcon_core.verb.build.BuildVerb object at 0x70cfb148c6d0>>, mixin_verb=('build',))
[0.410s] Level 1:colcon.colcon_core.package_discovery:discover_packages(colcon_meta) check parameters
[0.410s] Level 1:colcon.colcon_core.package_discovery:discover_packages(recursive) check parameters
[0.410s] Level 1:colcon.colcon_core.package_discovery:discover_packages(ignore) check parameters
[0.410s] Level 1:colcon.colcon_core.package_discovery:discover_packages(path) check parameters
[0.410s] Level 1:colcon.colcon_core.package_discovery:discover_packages(colcon_meta) discover
[0.410s] Level 1:colcon.colcon_core.package_discovery:discover_packages(recursive) discover
[0.410s] INFO:colcon.colcon_core.package_discovery:Crawling recursively for packages in '/home/rosi/ws_dual_arm'
[0.410s] Level 1:colcon.colcon_core.package_identification:_identify(.) by extensions ['ignore', 'ignore_ament_install']
[0.410s] Level 1:colcon.colcon_core.package_identification:_identify(.) by extension 'ignore'
[0.410s] Level 1:colcon.colcon_core.package_identification:_identify(.) by extension 'ignore_ament_install'
[0.410s] Level 1:colcon.colcon_core.package_identification:_identify(.) by extensions ['colcon_pkg']
[0.410s] Level 1:colcon.colcon_core.package_identification:_identify(.) by extension 'colcon_pkg'
[0.410s] Level 1:colcon.colcon_core.package_identification:_identify(.) by extensions ['colcon_meta']
[0.410s] Level 1:colcon.colcon_core.package_identification:_identify(.) by extension 'colcon_meta'
[0.410s] Level 1:colcon.colcon_core.package_identification:_identify(.) by extensions ['ros']
[0.410s] Level 1:colcon.colcon_core.package_identification:_identify(.) by extension 'ros'
[0.417s] Level 1:colcon.colcon_core.package_identification:_identify(.) by extensions ['cmake', 'python']
[0.417s] Level 1:colcon.colcon_core.package_identification:_identify(.) by extension 'cmake'
[0.417s] Level 1:colcon.colcon_core.package_identification:_identify(.) by extension 'python'
[0.417s] Level 1:colcon.colcon_core.package_identification:_identify(.) by extensions ['python_setup_py']
[0.417s] Level 1:colcon.colcon_core.package_identification:_identify(.) by extension 'python_setup_py'
[0.417s] Level 1:colcon.colcon_core.package_identification:_identify(build) by extensions ['ignore', 'ignore_ament_install']
[0.417s] Level 1:colcon.colcon_core.package_identification:_identify(build) by extension 'ignore'
[0.417s] Level 1:colcon.colcon_core.package_identification:_identify(build) ignored
[0.417s] Level 1:colcon.colcon_core.package_identification:_identify(install) by extensions ['ignore', 'ignore_ament_install']
[0.417s] Level 1:colcon.colcon_core.package_identification:_identify(install) by extension 'ignore'
[0.417s] Level 1:colcon.colcon_core.package_identification:_identify(install) ignored
[0.417s] Level 1:colcon.colcon_core.package_identification:_identify(log) by extensions ['ignore', 'ignore_ament_install']
[0.417s] Level 1:colcon.colcon_core.package_identification:_identify(log) by extension 'ignore'
[0.417s] Level 1:colcon.colcon_core.package_identification:_identify(log) ignored
[0.417s] Level 1:colcon.colcon_core.package_identification:_identify(src) by extensions ['ignore', 'ignore_ament_install']
[0.417s] Level 1:colcon.colcon_core.package_identification:_identify(src) by extension 'ignore'
[0.417s] Level 1:colcon.colcon_core.package_identification:_identify(src) by extension 'ignore_ament_install'
[0.417s] Level 1:colcon.colcon_core.package_identification:_identify(src) by extensions ['colcon_pkg']
[0.417s] Level 1:colcon.colcon_core.package_identification:_identify(src) by extension 'colcon_pkg'
[0.417s] Level 1:colcon.colcon_core.package_identification:_identify(src) by extensions ['colcon_meta']
[0.417s] Level 1:colcon.colcon_core.package_identification:_identify(src) by extension 'colcon_meta'
[0.418s] Level 1:colcon.colcon_core.package_identification:_identify(src) by extensions ['ros']
[0.418s] Level 1:colcon.colcon_core.package_identification:_identify(src) by extension 'ros'
[0.418s] Level 1:colcon.colcon_core.package_identification:_identify(src) by extensions ['cmake', 'python']
[0.418s] Level 1:colcon.colcon_core.package_identification:_identify(src) by extension 'cmake'
[0.418s] Level 1:colcon.colcon_core.package_identification:_identify(src) by extension 'python'
[0.418s] Level 1:colcon.colcon_core.package_identification:_identify(src) by extensions ['python_setup_py']
[0.418s] Level 1:colcon.colcon_core.package_identification:_identify(src) by extension 'python_setup_py'
[0.418s] Level 1:colcon.colcon_core.package_identification:_identify(src/dual_arm_control) by extensions ['ignore', 'ignore_ament_install']
[0.418s] Level 1:colcon.colcon_core.package_identification:_identify(src/dual_arm_control) by extension 'ignore'
[0.418s] Level 1:colcon.colcon_core.package_identification:_identify(src/dual_arm_control) by extension 'ignore_ament_install'
[0.418s] Level 1:colcon.colcon_core.package_identification:_identify(src/dual_arm_control) by extensions ['colcon_pkg']
[0.418s] Level 1:colcon.colcon_core.package_identification:_identify(src/dual_arm_control) by extension 'colcon_pkg'
[0.418s] Level 1:colcon.colcon_core.package_identification:_identify(src/dual_arm_control) by extensions ['colcon_meta']
[0.418s] Level 1:colcon.colcon_core.package_identification:_identify(src/dual_arm_control) by extension 'colcon_meta'
[0.418s] Level 1:colcon.colcon_core.package_identification:_identify(src/dual_arm_control) by extensions ['ros']
[0.418s] Level 1:colcon.colcon_core.package_identification:_identify(src/dual_arm_control) by extension 'ros'
[0.420s] DEBUG:colcon.colcon_core.package_identification:Package 'src/dual_arm_control' with type 'ros.ament_cmake' and name 'dual_arm_control'
[0.420s] Level 1:colcon.colcon_core.package_identification:_identify(src/dual_arm_moveit_config) by extensions ['ignore', 'ignore_ament_install']
[0.420s] Level 1:colcon.colcon_core.package_identification:_identify(src/dual_arm_moveit_config) by extension 'ignore'
[0.420s] Level 1:colcon.colcon_core.package_identification:_identify(src/dual_arm_moveit_config) by extension 'ignore_ament_install'
[0.420s] Level 1:colcon.colcon_core.package_identification:_identify(src/dual_arm_moveit_config) by extensions ['colcon_pkg']
[0.420s] Level 1:colcon.colcon_core.package_identification:_identify(src/dual_arm_moveit_config) by extension 'colcon_pkg'
[0.420s] Level 1:colcon.colcon_core.package_identification:_identify(src/dual_arm_moveit_config) by extensions ['colcon_meta']
[0.420s] Level 1:colcon.colcon_core.package_identification:_identify(src/dual_arm_moveit_config) by extension 'colcon_meta'
[0.420s] Level 1:colcon.colcon_core.package_identification:_identify(src/dual_arm_moveit_config) by extensions ['ros']
[0.420s] Level 1:colcon.colcon_core.package_identification:_identify(src/dual_arm_moveit_config) by extension 'ros'
[0.421s] DEBUG:colcon.colcon_core.package_identification:Package 'src/dual_arm_moveit_config' with type 'ros.ament_cmake' and name 'dual_arm_moveit_config'
[0.421s] Level 1:colcon.colcon_core.package_identification:_identify(src/dual_arm_pkg) by extensions ['ignore', 'ignore_ament_install']
[0.421s] Level 1:colcon.colcon_core.package_identification:_identify(src/dual_arm_pkg) by extension 'ignore'
[0.421s] Level 1:colcon.colcon_core.package_identification:_identify(src/dual_arm_pkg) by extension 'ignore_ament_install'
[0.421s] Level 1:colcon.colcon_core.package_identification:_identify(src/dual_arm_pkg) by extensions ['colcon_pkg']
[0.421s] Level 1:colcon.colcon_core.package_identification:_identify(src/dual_arm_pkg) by extension 'colcon_pkg'
[0.421s] Level 1:colcon.colcon_core.package_identification:_identify(src/dual_arm_pkg) by extensions ['colcon_meta']
[0.421s] Level 1:colcon.colcon_core.package_identification:_identify(src/dual_arm_pkg) by extension 'colcon_meta'
[0.421s] Level 1:colcon.colcon_core.package_identification:_identify(src/dual_arm_pkg) by extensions ['ros']
[0.421s] Level 1:colcon.colcon_core.package_identification:_identify(src/dual_arm_pkg) by extension 'ros'
[0.422s] DEBUG:colcon.colcon_core.package_identification:Package 'src/dual_arm_pkg' with type 'ros.ament_cmake' and name 'dual_arm_pkg'
[0.422s] Level 1:colcon.colcon_core.package_identification:_identify(src/ros2_robotiq_gripper) by extensions ['ignore', 'ignore_ament_install']
[0.422s] Level 1:colcon.colcon_core.package_identification:_identify(src/ros2_robotiq_gripper) by extension 'ignore'
[0.422s] Level 1:colcon.colcon_core.package_identification:_identify(src/ros2_robotiq_gripper) by extension 'ignore_ament_install'
[0.422s] Level 1:colcon.colcon_core.package_identification:_identify(src/ros2_robotiq_gripper) by extensions ['colcon_pkg']
[0.422s] Level 1:colcon.colcon_core.package_identification:_identify(src/ros2_robotiq_gripper) by extension 'colcon_pkg'
[0.422s] Level 1:colcon.colcon_core.package_identification:_identify(src/ros2_robotiq_gripper) by extensions ['colcon_meta']
[0.422s] Level 1:colcon.colcon_core.package_identification:_identify(src/ros2_robotiq_gripper) by extension 'colcon_meta'
[0.422s] Level 1:colcon.colcon_core.package_identification:_identify(src/ros2_robotiq_gripper) by extensions ['ros']
[0.422s] Level 1:colcon.colcon_core.package_identification:_identify(src/ros2_robotiq_gripper) by extension 'ros'
[0.422s] Level 1:colcon.colcon_core.package_identification:_identify(src/ros2_robotiq_gripper) by extensions ['cmake', 'python']
[0.422s] Level 1:colcon.colcon_core.package_identification:_identify(src/ros2_robotiq_gripper) by extension 'cmake'
[0.422s] Level 1:colcon.colcon_core.package_identification:_identify(src/ros2_robotiq_gripper) by extension 'python'
[0.422s] Level 1:colcon.colcon_core.package_identification:_identify(src/ros2_robotiq_gripper) by extensions ['python_setup_py']
[0.422s] Level 1:colcon.colcon_core.package_identification:_identify(src/ros2_robotiq_gripper) by extension 'python_setup_py'
[0.422s] Level 1:colcon.colcon_core.package_identification:_identify(src/ros2_robotiq_gripper/robotiq_controllers) by extensions ['ignore', 'ignore_ament_install']
[0.422s] Level 1:colcon.colcon_core.package_identification:_identify(src/ros2_robotiq_gripper/robotiq_controllers) by extension 'ignore'
[0.422s] Level 1:colcon.colcon_core.package_identification:_identify(src/ros2_robotiq_gripper/robotiq_controllers) by extension 'ignore_ament_install'
[0.422s] Level 1:colcon.colcon_core.package_identification:_identify(src/ros2_robotiq_gripper/robotiq_controllers) by extensions ['colcon_pkg']
[0.422s] Level 1:colcon.colcon_core.package_identification:_identify(src/ros2_robotiq_gripper/robotiq_controllers) by extension 'colcon_pkg'
[0.422s] Level 1:colcon.colcon_core.package_identification:_identify(src/ros2_robotiq_gripper/robotiq_controllers) by extensions ['colcon_meta']
[0.422s] Level 1:colcon.colcon_core.package_identification:_identify(src/ros2_robotiq_gripper/robotiq_controllers) by extension 'colcon_meta'
[0.422s] Level 1:colcon.colcon_core.package_identification:_identify(src/ros2_robotiq_gripper/robotiq_controllers) by extensions ['ros']
[0.422s] Level 1:colcon.colcon_core.package_identification:_identify(src/ros2_robotiq_gripper/robotiq_controllers) by extension 'ros'
[0.423s] DEBUG:colcon.colcon_core.package_identification:Package 'src/ros2_robotiq_gripper/robotiq_controllers' with type 'ros.ament_cmake' and name 'robotiq_controllers'
[0.423s] Level 1:colcon.colcon_core.package_identification:_identify(src/ros2_robotiq_gripper/robotiq_description) by extensions ['ignore', 'ignore_ament_install']
[0.423s] Level 1:colcon.colcon_core.package_identification:_identify(src/ros2_robotiq_gripper/robotiq_description) by extension 'ignore'
[0.423s] Level 1:colcon.colcon_core.package_identification:_identify(src/ros2_robotiq_gripper/robotiq_description) by extension 'ignore_ament_install'
[0.423s] Level 1:colcon.colcon_core.package_identification:_identify(src/ros2_robotiq_gripper/robotiq_description) by extensions ['colcon_pkg']
[0.423s] Level 1:colcon.colcon_core.package_identification:_identify(src/ros2_robotiq_gripper/robotiq_description) by extension 'colcon_pkg'
[0.423s] Level 1:colcon.colcon_core.package_identification:_identify(src/ros2_robotiq_gripper/robotiq_description) by extensions ['colcon_meta']
[0.423s] Level 1:colcon.colcon_core.package_identification:_identify(src/ros2_robotiq_gripper/robotiq_description) by extension 'colcon_meta'
[0.423s] Level 1:colcon.colcon_core.package_identification:_identify(src/ros2_robotiq_gripper/robotiq_description) by extensions ['ros']
[0.423s] Level 1:colcon.colcon_core.package_identification:_identify(src/ros2_robotiq_gripper/robotiq_description) by extension 'ros'
[0.424s] DEBUG:colcon.colcon_core.package_identification:Package 'src/ros2_robotiq_gripper/robotiq_description' with type 'ros.ament_cmake' and name 'robotiq_description'
[0.424s] Level 1:colcon.colcon_core.package_identification:_identify(src/ros2_robotiq_gripper/robotiq_driver) by extensions ['ignore', 'ignore_ament_install']
[0.424s] Level 1:colcon.colcon_core.package_identification:_identify(src/ros2_robotiq_gripper/robotiq_driver) by extension 'ignore'
[0.424s] Level 1:colcon.colcon_core.package_identification:_identify(src/ros2_robotiq_gripper/robotiq_driver) by extension 'ignore_ament_install'
[0.424s] Level 1:colcon.colcon_core.package_identification:_identify(src/ros2_robotiq_gripper/robotiq_driver) by extensions ['colcon_pkg']
[0.424s] Level 1:colcon.colcon_core.package_identification:_identify(src/ros2_robotiq_gripper/robotiq_driver) by extension 'colcon_pkg'
[0.424s] Level 1:colcon.colcon_core.package_identification:_identify(src/ros2_robotiq_gripper/robotiq_driver) by extensions ['colcon_meta']
[0.424s] Level 1:colcon.colcon_core.package_identification:_identify(src/ros2_robotiq_gripper/robotiq_driver) by extension 'colcon_meta'
[0.424s] Level 1:colcon.colcon_core.package_identification:_identify(src/ros2_robotiq_gripper/robotiq_driver) by extensions ['ros']
[0.424s] Level 1:colcon.colcon_core.package_identification:_identify(src/ros2_robotiq_gripper/robotiq_driver) by extension 'ros'
[0.424s] DEBUG:colcon.colcon_core.package_identification:Package 'src/ros2_robotiq_gripper/robotiq_driver' with type 'ros.ament_cmake' and name 'robotiq_driver'
[0.425s] Level 1:colcon.colcon_core.package_identification:_identify(src/ros2_robotiq_gripper/robotiq_hardware_tests) by extensions ['ignore', 'ignore_ament_install']
[0.425s] Level 1:colcon.colcon_core.package_identification:_identify(src/ros2_robotiq_gripper/robotiq_hardware_tests) by extension 'ignore'
[0.425s] Level 1:colcon.colcon_core.package_identification:_identify(src/ros2_robotiq_gripper/robotiq_hardware_tests) by extension 'ignore_ament_install'
[0.425s] Level 1:colcon.colcon_core.package_identification:_identify(src/ros2_robotiq_gripper/robotiq_hardware_tests) by extensions ['colcon_pkg']
[0.425s] Level 1:colcon.colcon_core.package_identification:_identify(src/ros2_robotiq_gripper/robotiq_hardware_tests) by extension 'colcon_pkg'
[0.425s] Level 1:colcon.colcon_core.package_identification:_identify(src/ros2_robotiq_gripper/robotiq_hardware_tests) by extensions ['colcon_meta']
[0.425s] Level 1:colcon.colcon_core.package_identification:_identify(src/ros2_robotiq_gripper/robotiq_hardware_tests) by extension 'colcon_meta'
[0.425s] Level 1:colcon.colcon_core.package_identification:_identify(src/ros2_robotiq_gripper/robotiq_hardware_tests) by extensions ['ros']
[0.425s] Level 1:colcon.colcon_core.package_identification:_identify(src/ros2_robotiq_gripper/robotiq_hardware_tests) by extension 'ros'
[0.425s] DEBUG:colcon.colcon_core.package_identification:Package 'src/ros2_robotiq_gripper/robotiq_hardware_tests' with type 'ros.ament_cmake' and name 'robotiq_hardware_tests'
[0.425s] Level 1:colcon.colcon_core.package_identification:_identify(src/zed-ros2-description) by extensions ['ignore', 'ignore_ament_install']
[0.426s] Level 1:colcon.colcon_core.package_identification:_identify(src/zed-ros2-description) by extension 'ignore'
[0.426s] Level 1:colcon.colcon_core.package_identification:_identify(src/zed-ros2-description) by extension 'ignore_ament_install'
[0.426s] Level 1:colcon.colcon_core.package_identification:_identify(src/zed-ros2-description) by extensions ['colcon_pkg']
[0.426s] Level 1:colcon.colcon_core.package_identification:_identify(src/zed-ros2-description) by extension 'colcon_pkg'
[0.426s] Level 1:colcon.colcon_core.package_identification:_identify(src/zed-ros2-description) by extensions ['colcon_meta']
[0.426s] Level 1:colcon.colcon_core.package_identification:_identify(src/zed-ros2-description) by extension 'colcon_meta'
[0.426s] Level 1:colcon.colcon_core.package_identification:_identify(src/zed-ros2-description) by extensions ['ros']
[0.426s] Level 1:colcon.colcon_core.package_identification:_identify(src/zed-ros2-description) by extension 'ros'
[0.426s] DEBUG:colcon.colcon_core.package_identification:Package 'src/zed-ros2-description' with type 'ros.ament_cmake' and name 'zed_description'
[0.426s] Level 1:colcon.colcon_core.package_discovery:discover_packages(recursive) using defaults
[0.426s] Level 1:colcon.colcon_core.package_discovery:discover_packages(ignore) discover
[0.426s] Level 1:colcon.colcon_core.package_discovery:discover_packages(ignore) using defaults
[0.426s] Level 1:colcon.colcon_core.package_discovery:discover_packages(path) discover
[0.426s] Level 1:colcon.colcon_core.package_discovery:discover_packages(path) using defaults
[0.452s] Level 1:colcon.colcon_core.package_discovery:discover_packages(prefix_path) check parameters
[0.452s] Level 1:colcon.colcon_core.package_discovery:discover_packages(prefix_path) discover
[0.453s] WARNING:colcon.colcon_ros.prefix_path.ament:The path '/home/rosi/ws_dual_arm/install/zed_description' in the environment variable AMENT_PREFIX_PATH doesn't exist
[0.453s] WARNING:colcon.colcon_ros.prefix_path.ament:The path '/home/rosi/ws_dual_arm/install/dual_arm_moveit_config' in the environment variable AMENT_PREFIX_PATH doesn't exist
[0.453s] WARNING:colcon.colcon_ros.prefix_path.ament:The path '/home/rosi/ws_dual_arm/install/dual_arm_pkg' in the environment variable AMENT_PREFIX_PATH doesn't exist
[0.453s] WARNING:colcon.colcon_ros.prefix_path.ament:The path '/home/rosi/ws_dual_arm/install/dual_arm_control' in the environment variable AMENT_PREFIX_PATH doesn't exist
[0.454s] WARNING:colcon.colcon_ros.prefix_path.catkin:The path '/home/rosi/ws_dual_arm/install/zed_description' in the environment variable CMAKE_PREFIX_PATH doesn't exist
[0.454s] WARNING:colcon.colcon_ros.prefix_path.catkin:The path '/home/rosi/ws_dual_arm/install/dual_arm_moveit_config' in the environment variable CMAKE_PREFIX_PATH doesn't exist
[0.454s] WARNING:colcon.colcon_ros.prefix_path.catkin:The path '/home/rosi/ws_dual_arm/install/dual_arm_pkg' in the environment variable CMAKE_PREFIX_PATH doesn't exist
[0.454s] WARNING:colcon.colcon_ros.prefix_path.catkin:The path '/home/rosi/ws_dual_arm/install/dual_arm_control' in the environment variable CMAKE_PREFIX_PATH doesn't exist
[0.454s] DEBUG:colcon.colcon_installed_package_information.package_discovery:Found 0 installed packages in /home/rosi/ws_dual_arm/install
[0.455s] DEBUG:colcon.colcon_installed_package_information.package_discovery:Found 410 installed packages in /opt/ros/humble
[0.456s] Level 1:colcon.colcon_core.package_discovery:discover_packages(prefix_path) using defaults
[0.482s] Level 5:colcon.colcon_core.verb:set package 'dual_arm_control' build argument 'cmake_args' from command line to 'None'
[0.482s] Level 5:colcon.colcon_core.verb:set package 'dual_arm_control' build argument 'cmake_target' from command line to 'None'
[0.482s] Level 5:colcon.colcon_core.verb:set package 'dual_arm_control' build argument 'cmake_target_skip_unavailable' from command line to 'False'
[0.482s] Level 5:colcon.colcon_core.verb:set package 'dual_arm_control' build argument 'cmake_clean_cache' from command line to 'False'
[0.482s] Level 5:colcon.colcon_core.verb:set package 'dual_arm_control' build argument 'cmake_clean_first' from command line to 'False'
[0.482s] Level 5:colcon.colcon_core.verb:set package 'dual_arm_control' build argument 'cmake_force_configure' from command line to 'False'
[0.482s] Level 5:colcon.colcon_core.verb:set package 'dual_arm_control' build argument 'ament_cmake_args' from command line to 'None'
[0.482s] Level 5:colcon.colcon_core.verb:set package 'dual_arm_control' build argument 'catkin_cmake_args' from command line to 'None'
[0.482s] Level 5:colcon.colcon_core.verb:set package 'dual_arm_control' build argument 'catkin_skip_building_tests' from command line to 'False'
[0.482s] DEBUG:colcon.colcon_core.verb:Building package 'dual_arm_control' with the following arguments: {'ament_cmake_args': None, 'build_base': '/home/rosi/ws_dual_arm/build/dual_arm_control', 'catkin_cmake_args': None, 'catkin_skip_building_tests': False, 'cmake_args': None, 'cmake_clean_cache': False, 'cmake_clean_first': False, 'cmake_force_configure': False, 'cmake_target': None, 'cmake_target_skip_unavailable': False, 'install_base': '/home/rosi/ws_dual_arm/install/dual_arm_control', 'merge_install': False, 'path': '/home/rosi/ws_dual_arm/src/dual_arm_control', 'symlink_install': False, 'test_result_base': None}
[0.482s] Level 5:colcon.colcon_core.verb:set package 'dual_arm_pkg' build argument 'cmake_args' from command line to 'None'
[0.482s] Level 5:colcon.colcon_core.verb:set package 'dual_arm_pkg' build argument 'cmake_target' from command line to 'None'
[0.482s] Level 5:colcon.colcon_core.verb:set package 'dual_arm_pkg' build argument 'cmake_target_skip_unavailable' from command line to 'False'
[0.482s] Level 5:colcon.colcon_core.verb:set package 'dual_arm_pkg' build argument 'cmake_clean_cache' from command line to 'False'
[0.482s] Level 5:colcon.colcon_core.verb:set package 'dual_arm_pkg' build argument 'cmake_clean_first' from command line to 'False'
[0.482s] Level 5:colcon.colcon_core.verb:set package 'dual_arm_pkg' build argument 'cmake_force_configure' from command line to 'False'
[0.482s] Level 5:colcon.colcon_core.verb:set package 'dual_arm_pkg' build argument 'ament_cmake_args' from command line to 'None'
[0.482s] Level 5:colcon.colcon_core.verb:set package 'dual_arm_pkg' build argument 'catkin_cmake_args' from command line to 'None'
[0.482s] Level 5:colcon.colcon_core.verb:set package 'dual_arm_pkg' build argument 'catkin_skip_building_tests' from command line to 'False'
[0.482s] DEBUG:colcon.colcon_core.verb:Building package 'dual_arm_pkg' with the following arguments: {'ament_cmake_args': None, 'build_base': '/home/rosi/ws_dual_arm/build/dual_arm_pkg', 'catkin_cmake_args': None, 'catkin_skip_building_tests': False, 'cmake_args': None, 'cmake_clean_cache': False, 'cmake_clean_first': False, 'cmake_force_configure': False, 'cmake_target': None, 'cmake_target_skip_unavailable': False, 'install_base': '/home/rosi/ws_dual_arm/install/dual_arm_pkg', 'merge_install': False, 'path': '/home/rosi/ws_dual_arm/src/dual_arm_pkg', 'symlink_install': False, 'test_result_base': None}
[0.482s] Level 5:colcon.colcon_core.verb:set package 'robotiq_controllers' build argument 'cmake_args' from command line to 'None'
[0.482s] Level 5:colcon.colcon_core.verb:set package 'robotiq_controllers' build argument 'cmake_target' from command line to 'None'
[0.482s] Level 5:colcon.colcon_core.verb:set package 'robotiq_controllers' build argument 'cmake_target_skip_unavailable' from command line to 'False'
[0.482s] Level 5:colcon.colcon_core.verb:set package 'robotiq_controllers' build argument 'cmake_clean_cache' from command line to 'False'
[0.482s] Level 5:colcon.colcon_core.verb:set package 'robotiq_controllers' build argument 'cmake_clean_first' from command line to 'False'
[0.482s] Level 5:colcon.colcon_core.verb:set package 'robotiq_controllers' build argument 'cmake_force_configure' from command line to 'False'
[0.482s] Level 5:colcon.colcon_core.verb:set package 'robotiq_controllers' build argument 'ament_cmake_args' from command line to 'None'
[0.482s] Level 5:colcon.colcon_core.verb:set package 'robotiq_controllers' build argument 'catkin_cmake_args' from command line to 'None'
[0.482s] Level 5:colcon.colcon_core.verb:set package 'robotiq_controllers' build argument 'catkin_skip_building_tests' from command line to 'False'
[0.482s] DEBUG:colcon.colcon_core.verb:Building package 'robotiq_controllers' with the following arguments: {'ament_cmake_args': None, 'build_base': '/home/rosi/ws_dual_arm/build/robotiq_controllers', 'catkin_cmake_args': None, 'catkin_skip_building_tests': False, 'cmake_args': None, 'cmake_clean_cache': False, 'cmake_clean_first': False, 'cmake_force_configure': False, 'cmake_target': None, 'cmake_target_skip_unavailable': False, 'install_base': '/home/rosi/ws_dual_arm/install/robotiq_controllers', 'merge_install': False, 'path': '/home/rosi/ws_dual_arm/src/ros2_robotiq_gripper/robotiq_controllers', 'symlink_install': False, 'test_result_base': None}
[0.483s] Level 5:colcon.colcon_core.verb:set package 'robotiq_description' build argument 'cmake_args' from command line to 'None'
[0.483s] Level 5:colcon.colcon_core.verb:set package 'robotiq_description' build argument 'cmake_target' from command line to 'None'
[0.483s] Level 5:colcon.colcon_core.verb:set package 'robotiq_description' build argument 'cmake_target_skip_unavailable' from command line to 'False'
[0.483s] Level 5:colcon.colcon_core.verb:set package 'robotiq_description' build argument 'cmake_clean_cache' from command line to 'False'
[0.483s] Level 5:colcon.colcon_core.verb:set package 'robotiq_description' build argument 'cmake_clean_first' from command line to 'False'
[0.483s] Level 5:colcon.colcon_core.verb:set package 'robotiq_description' build argument 'cmake_force_configure' from command line to 'False'
[0.483s] Level 5:colcon.colcon_core.verb:set package 'robotiq_description' build argument 'ament_cmake_args' from command line to 'None'
[0.483s] Level 5:colcon.colcon_core.verb:set package 'robotiq_description' build argument 'catkin_cmake_args' from command line to 'None'
[0.483s] Level 5:colcon.colcon_core.verb:set package 'robotiq_description' build argument 'catkin_skip_building_tests' from command line to 'False'
[0.483s] DEBUG:colcon.colcon_core.verb:Building package 'robotiq_description' with the following arguments: {'ament_cmake_args': None, 'build_base': '/home/rosi/ws_dual_arm/build/robotiq_description', 'catkin_cmake_args': None, 'catkin_skip_building_tests': False, 'cmake_args': None, 'cmake_clean_cache': False, 'cmake_clean_first': False, 'cmake_force_configure': False, 'cmake_target': None, 'cmake_target_skip_unavailable': False, 'install_base': '/home/rosi/ws_dual_arm/install/robotiq_description', 'merge_install': False, 'path': '/home/rosi/ws_dual_arm/src/ros2_robotiq_gripper/robotiq_description', 'symlink_install': False, 'test_result_base': None}
[0.483s] Level 5:colcon.colcon_core.verb:set package 'robotiq_driver' build argument 'cmake_args' from command line to 'None'
[0.483s] Level 5:colcon.colcon_core.verb:set package 'robotiq_driver' build argument 'cmake_target' from command line to 'None'
[0.483s] Level 5:colcon.colcon_core.verb:set package 'robotiq_driver' build argument 'cmake_target_skip_unavailable' from command line to 'False'
[0.483s] Level 5:colcon.colcon_core.verb:set package 'robotiq_driver' build argument 'cmake_clean_cache' from command line to 'False'
[0.483s] Level 5:colcon.colcon_core.verb:set package 'robotiq_driver' build argument 'cmake_clean_first' from command line to 'False'
[0.483s] Level 5:colcon.colcon_core.verb:set package 'robotiq_driver' build argument 'cmake_force_configure' from command line to 'False'
[0.483s] Level 5:colcon.colcon_core.verb:set package 'robotiq_driver' build argument 'ament_cmake_args' from command line to 'None'
[0.483s] Level 5:colcon.colcon_core.verb:set package 'robotiq_driver' build argument 'catkin_cmake_args' from command line to 'None'
[0.483s] Level 5:colcon.colcon_core.verb:set package 'robotiq_driver' build argument 'catkin_skip_building_tests' from command line to 'False'
[0.483s] DEBUG:colcon.colcon_core.verb:Building package 'robotiq_driver' with the following arguments: {'ament_cmake_args': None, 'build_base': '/home/rosi/ws_dual_arm/build/robotiq_driver', 'catkin_cmake_args': None, 'catkin_skip_building_tests': False, 'cmake_args': None, 'cmake_clean_cache': False, 'cmake_clean_first': False, 'cmake_force_configure': False, 'cmake_target': None, 'cmake_target_skip_unavailable': False, 'install_base': '/home/rosi/ws_dual_arm/install/robotiq_driver', 'merge_install': False, 'path': '/home/rosi/ws_dual_arm/src/ros2_robotiq_gripper/robotiq_driver', 'symlink_install': False, 'test_result_base': None}
[0.483s] Level 5:colcon.colcon_core.verb:set package 'zed_description' build argument 'cmake_args' from command line to 'None'
[0.483s] Level 5:colcon.colcon_core.verb:set package 'zed_description' build argument 'cmake_target' from command line to 'None'
[0.483s] Level 5:colcon.colcon_core.verb:set package 'zed_description' build argument 'cmake_target_skip_unavailable' from command line to 'False'
[0.483s] Level 5:colcon.colcon_core.verb:set package 'zed_description' build argument 'cmake_clean_cache' from command line to 'False'
[0.483s] Level 5:colcon.colcon_core.verb:set package 'zed_description' build argument 'cmake_clean_first' from command line to 'False'
[0.483s] Level 5:colcon.colcon_core.verb:set package 'zed_description' build argument 'cmake_force_configure' from command line to 'False'
[0.483s] Level 5:colcon.colcon_core.verb:set package 'zed_description' build argument 'ament_cmake_args' from command line to 'None'
[0.483s] Level 5:colcon.colcon_core.verb:set package 'zed_description' build argument 'catkin_cmake_args' from command line to 'None'
[0.483s] Level 5:colcon.colcon_core.verb:set package 'zed_description' build argument 'catkin_skip_building_tests' from command line to 'False'
[0.483s] DEBUG:colcon.colcon_core.verb:Building package 'zed_description' with the following arguments: {'ament_cmake_args': None, 'build_base': '/home/rosi/ws_dual_arm/build/zed_description', 'catkin_cmake_args': None, 'catkin_skip_building_tests': False, 'cmake_args': None, 'cmake_clean_cache': False, 'cmake_clean_first': False, 'cmake_force_configure': False, 'cmake_target': None, 'cmake_target_skip_unavailable': False, 'install_base': '/home/rosi/ws_dual_arm/install/zed_description', 'merge_install': False, 'path': '/home/rosi/ws_dual_arm/src/zed-ros2-description', 'symlink_install': False, 'test_result_base': None}
[0.483s] Level 5:colcon.colcon_core.verb:set package 'dual_arm_moveit_config' build argument 'cmake_args' from command line to 'None'
[0.483s] Level 5:colcon.colcon_core.verb:set package 'dual_arm_moveit_config' build argument 'cmake_target' from command line to 'None'
[0.483s] Level 5:colcon.colcon_core.verb:set package 'dual_arm_moveit_config' build argument 'cmake_target_skip_unavailable' from command line to 'False'
[0.483s] Level 5:colcon.colcon_core.verb:set package 'dual_arm_moveit_config' build argument 'cmake_clean_cache' from command line to 'False'
[0.483s] Level 5:colcon.colcon_core.verb:set package 'dual_arm_moveit_config' build argument 'cmake_clean_first' from command line to 'False'
[0.483s] Level 5:colcon.colcon_core.verb:set package 'dual_arm_moveit_config' build argument 'cmake_force_configure' from command line to 'False'
[0.483s] Level 5:colcon.colcon_core.verb:set package 'dual_arm_moveit_config' build argument 'ament_cmake_args' from command line to 'None'
[0.483s] Level 5:colcon.colcon_core.verb:set package 'dual_arm_moveit_config' build argument 'catkin_cmake_args' from command line to 'None'
[0.483s] Level 5:colcon.colcon_core.verb:set package 'dual_arm_moveit_config' build argument 'catkin_skip_building_tests' from command line to 'False'
[0.483s] DEBUG:colcon.colcon_core.verb:Building package 'dual_arm_moveit_config' with the following arguments: {'ament_cmake_args': None, 'build_base': '/home/rosi/ws_dual_arm/build/dual_arm_moveit_config', 'catkin_cmake_args': None, 'catkin_skip_building_tests': False, 'cmake_args': None, 'cmake_clean_cache': False, 'cmake_clean_first': False, 'cmake_force_configure': False, 'cmake_target': None, 'cmake_target_skip_unavailable': False, 'install_base': '/home/rosi/ws_dual_arm/install/dual_arm_moveit_config', 'merge_install': False, 'path': '/home/rosi/ws_dual_arm/src/dual_arm_moveit_config', 'symlink_install': False, 'test_result_base': None}
[0.484s] Level 5:colcon.colcon_core.verb:set package 'robotiq_hardware_tests' build argument 'cmake_args' from command line to 'None'
[0.484s] Level 5:colcon.colcon_core.verb:set package 'robotiq_hardware_tests' build argument 'cmake_target' from command line to 'None'
[0.484s] Level 5:colcon.colcon_core.verb:set package 'robotiq_hardware_tests' build argument 'cmake_target_skip_unavailable' from command line to 'False'
[0.484s] Level 5:colcon.colcon_core.verb:set package 'robotiq_hardware_tests' build argument 'cmake_clean_cache' from command line to 'False'
[0.484s] Level 5:colcon.colcon_core.verb:set package 'robotiq_hardware_tests' build argument 'cmake_clean_first' from command line to 'False'
[0.484s] Level 5:colcon.colcon_core.verb:set package 'robotiq_hardware_tests' build argument 'cmake_force_configure' from command line to 'False'
[0.484s] Level 5:colcon.colcon_core.verb:set package 'robotiq_hardware_tests' build argument 'ament_cmake_args' from command line to 'None'
[0.484s] Level 5:colcon.colcon_core.verb:set package 'robotiq_hardware_tests' build argument 'catkin_cmake_args' from command line to 'None'
[0.484s] Level 5:colcon.colcon_core.verb:set package 'robotiq_hardware_tests' build argument 'catkin_skip_building_tests' from command line to 'False'
[0.484s] DEBUG:colcon.colcon_core.verb:Building package 'robotiq_hardware_tests' with the following arguments: {'ament_cmake_args': None, 'build_base': '/home/rosi/ws_dual_arm/build/robotiq_hardware_tests', 'catkin_cmake_args': None, 'catkin_skip_building_tests': False, 'cmake_args': None, 'cmake_clean_cache': False, 'cmake_clean_first': False, 'cmake_force_configure': False, 'cmake_target': None, 'cmake_target_skip_unavailable': False, 'install_base': '/home/rosi/ws_dual_arm/install/robotiq_hardware_tests', 'merge_install': False, 'path': '/home/rosi/ws_dual_arm/src/ros2_robotiq_gripper/robotiq_hardware_tests', 'symlink_install': False, 'test_result_base': None}
[0.484s] INFO:colcon.colcon_core.executor:Executing jobs using 'parallel' executor
[0.485s] DEBUG:colcon.colcon_parallel_executor.executor.parallel:run_until_complete
[0.485s] INFO:colcon.colcon_ros.task.ament_cmake.build:Building ROS package in '/home/rosi/ws_dual_arm/src/dual_arm_pkg' with build type 'ament_cmake'
[0.485s] INFO:colcon.colcon_cmake.task.cmake.build:Building CMake package in '/home/rosi/ws_dual_arm/src/dual_arm_pkg'
[0.489s] INFO:colcon.colcon_core.plugin_system:Skipping extension 'colcon_core.shell.bat': Not used on non-Windows systems
[0.489s] INFO:colcon.colcon_core.shell:Skip shell extension 'powershell' for command environment: Not usable outside of PowerShell
[0.489s] DEBUG:colcon.colcon_core.shell:Skip shell extension 'dsv' for command environment
[0.492s] INFO:colcon.colcon_ros.task.ament_cmake.build:Building ROS package in '/home/rosi/ws_dual_arm/src/ros2_robotiq_gripper/robotiq_driver' with build type 'ament_cmake'
[0.493s] INFO:colcon.colcon_cmake.task.cmake.build:Building CMake package in '/home/rosi/ws_dual_arm/src/ros2_robotiq_gripper/robotiq_driver'
[0.493s] INFO:colcon.colcon_core.shell:Skip shell extension 'powershell' for command environment: Not usable outside of PowerShell
[0.493s] DEBUG:colcon.colcon_core.shell:Skip shell extension 'dsv' for command environment
[0.495s] INFO:colcon.colcon_ros.task.ament_cmake.build:Building ROS package in '/home/rosi/ws_dual_arm/src/dual_arm_control' with build type 'ament_cmake'
[0.495s] INFO:colcon.colcon_cmake.task.cmake.build:Building CMake package in '/home/rosi/ws_dual_arm/src/dual_arm_control'
[0.495s] INFO:colcon.colcon_core.shell:Skip shell extension 'powershell' for command environment: Not usable outside of PowerShell
[0.495s] DEBUG:colcon.colcon_core.shell:Skip shell extension 'dsv' for command environment
[0.496s] INFO:colcon.colcon_ros.task.ament_cmake.build:Building ROS package in '/home/rosi/ws_dual_arm/src/ros2_robotiq_gripper/robotiq_controllers' with build type 'ament_cmake'
[0.496s] INFO:colcon.colcon_cmake.task.cmake.build:Building CMake package in '/home/rosi/ws_dual_arm/src/ros2_robotiq_gripper/robotiq_controllers'
[0.497s] INFO:colcon.colcon_core.shell:Skip shell extension 'powershell' for command environment: Not usable outside of PowerShell
[0.497s] DEBUG:colcon.colcon_core.shell:Skip shell extension 'dsv' for command environment
[0.498s] INFO:colcon.colcon_ros.task.ament_cmake.build:Building ROS package in '/home/rosi/ws_dual_arm/src/ros2_robotiq_gripper/robotiq_description' with build type 'ament_cmake'
[0.498s] INFO:colcon.colcon_cmake.task.cmake.build:Building CMake package in '/home/rosi/ws_dual_arm/src/ros2_robotiq_gripper/robotiq_description'
[0.498s] INFO:colcon.colcon_core.shell:Skip shell extension 'powershell' for command environment: Not usable outside of PowerShell
[0.498s] DEBUG:colcon.colcon_core.shell:Skip shell extension 'dsv' for command environment
[0.500s] INFO:colcon.colcon_ros.task.ament_cmake.build:Building ROS package in '/home/rosi/ws_dual_arm/src/zed-ros2-description' with build type 'ament_cmake'
[0.500s] INFO:colcon.colcon_cmake.task.cmake.build:Building CMake package in '/home/rosi/ws_dual_arm/src/zed-ros2-description'
[0.500s] INFO:colcon.colcon_core.shell:Skip shell extension 'powershell' for command environment: Not usable outside of PowerShell
[0.500s] DEBUG:colcon.colcon_core.shell:Skip shell extension 'dsv' for command environment
[0.504s] DEBUG:colcon.colcon_core.event_handler.log_command:Invoking command in '/home/rosi/ws_dual_arm/build/dual_arm_pkg': CMAKE_PREFIX_PATH=${CMAKE_PREFIX_PATH}:/opt/ros/humble /usr/bin/cmake /home/rosi/ws_dual_arm/src/dual_arm_pkg -DCMAKE_INSTALL_PREFIX=/home/rosi/ws_dual_arm/install/dual_arm_pkg
[0.505s] DEBUG:colcon.colcon_core.event_handler.log_command:Invoking command in '/home/rosi/ws_dual_arm/build/robotiq_driver': CMAKE_PREFIX_PATH=${CMAKE_PREFIX_PATH}:/opt/ros/humble /usr/bin/cmake /home/rosi/ws_dual_arm/src/ros2_robotiq_gripper/robotiq_driver -DCMAKE_INSTALL_PREFIX=/home/rosi/ws_dual_arm/install/robotiq_driver
[0.506s] DEBUG:colcon.colcon_core.event_handler.log_command:Invoking command in '/home/rosi/ws_dual_arm/build/dual_arm_control': CMAKE_PREFIX_PATH=${CMAKE_PREFIX_PATH}:/opt/ros/humble /usr/bin/cmake /home/rosi/ws_dual_arm/src/dual_arm_control -DCMAKE_INSTALL_PREFIX=/home/rosi/ws_dual_arm/install/dual_arm_control
[0.507s] DEBUG:colcon.colcon_core.event_handler.log_command:Invoking command in '/home/rosi/ws_dual_arm/build/robotiq_controllers': CMAKE_PREFIX_PATH=${CMAKE_PREFIX_PATH}:/opt/ros/humble /usr/bin/cmake /home/rosi/ws_dual_arm/src/ros2_robotiq_gripper/robotiq_controllers -DCMAKE_INSTALL_PREFIX=/home/rosi/ws_dual_arm/install/robotiq_controllers
[0.508s] DEBUG:colcon.colcon_core.event_handler.log_command:Invoking command in '/home/rosi/ws_dual_arm/build/robotiq_description': CMAKE_PREFIX_PATH=${CMAKE_PREFIX_PATH}:/opt/ros/humble /usr/bin/cmake /home/rosi/ws_dual_arm/src/ros2_robotiq_gripper/robotiq_description -DCMAKE_INSTALL_PREFIX=/home/rosi/ws_dual_arm/install/robotiq_description
[0.514s] DEBUG:colcon.colcon_core.event_handler.log_command:Invoking command in '/home/rosi/ws_dual_arm/build/zed_description': CMAKE_PREFIX_PATH=${CMAKE_PREFIX_PATH}:/opt/ros/humble /usr/bin/cmake /home/rosi/ws_dual_arm/src/zed-ros2-description -DCMAKE_INSTALL_PREFIX=/home/rosi/ws_dual_arm/install/zed_description
[1.166s] DEBUG:colcon.colcon_core.event_handler.log_command:Invoked command in '/home/rosi/ws_dual_arm/build/dual_arm_pkg' returned '0': CMAKE_PREFIX_PATH=${CMAKE_PREFIX_PATH}:/opt/ros/humble /usr/bin/cmake /home/rosi/ws_dual_arm/src/dual_arm_pkg -DCMAKE_INSTALL_PREFIX=/home/rosi/ws_dual_arm/install/dual_arm_pkg
[1.168s] DEBUG:colcon.colcon_core.event_handler.log_command:Invoking command in '/home/rosi/ws_dual_arm/build/dual_arm_pkg': CMAKE_PREFIX_PATH=${CMAKE_PREFIX_PATH}:/opt/ros/humble /usr/bin/cmake --build /home/rosi/ws_dual_arm/build/dual_arm_pkg -- -j20 -l20
[1.192s] DEBUG:colcon.colcon_core.event_handler.log_command:Invoked command in '/home/rosi/ws_dual_arm/build/robotiq_description' returned '0': CMAKE_PREFIX_PATH=${CMAKE_PREFIX_PATH}:/opt/ros/humble /usr/bin/cmake /home/rosi/ws_dual_arm/src/ros2_robotiq_gripper/robotiq_description -DCMAKE_INSTALL_PREFIX=/home/rosi/ws_dual_arm/install/robotiq_description
[1.193s] DEBUG:colcon.colcon_core.event_handler.log_command:Invoking command in '/home/rosi/ws_dual_arm/build/robotiq_description': CMAKE_PREFIX_PATH=${CMAKE_PREFIX_PATH}:/opt/ros/humble /usr/bin/cmake --build /home/rosi/ws_dual_arm/build/robotiq_description -- -j20 -l20
[1.195s] DEBUG:colcon.colcon_core.event_handler.log_command:Invoked command in '/home/rosi/ws_dual_arm/build/dual_arm_pkg' returned '0': CMAKE_PREFIX_PATH=${CMAKE_PREFIX_PATH}:/opt/ros/humble /usr/bin/cmake --build /home/rosi/ws_dual_arm/build/dual_arm_pkg -- -j20 -l20
[1.203s] DEBUG:colcon.colcon_core.event_handler.log_command:Invoking command in '/home/rosi/ws_dual_arm/build/dual_arm_pkg': CMAKE_PREFIX_PATH=${CMAKE_PREFIX_PATH}:/opt/ros/humble /usr/bin/cmake --install /home/rosi/ws_dual_arm/build/dual_arm_pkg
[1.219s] DEBUG:colcon.colcon_core.event_handler.log_command:Invoked command in '/home/rosi/ws_dual_arm/build/robotiq_description' returned '0': CMAKE_PREFIX_PATH=${CMAKE_PREFIX_PATH}:/opt/ros/humble /usr/bin/cmake --build /home/rosi/ws_dual_arm/build/robotiq_description -- -j20 -l20
[1.220s] DEBUG:colcon.colcon_core.event_handler.log_command:Invoking command in '/home/rosi/ws_dual_arm/build/robotiq_description': CMAKE_PREFIX_PATH=${CMAKE_PREFIX_PATH}:/opt/ros/humble /usr/bin/cmake --install /home/rosi/ws_dual_arm/build/robotiq_description
[1.232s] Level 1:colcon.colcon_core.environment:create_environment_scripts_only(dual_arm_pkg)
[1.232s] DEBUG:colcon.colcon_core.event_handler.log_command:Invoked command in '/home/rosi/ws_dual_arm/build/dual_arm_pkg' returned '0': CMAKE_PREFIX_PATH=${CMAKE_PREFIX_PATH}:/opt/ros/humble /usr/bin/cmake --install /home/rosi/ws_dual_arm/build/dual_arm_pkg
[1.238s] Level 1:colcon.colcon_core.environment:checking '/home/rosi/ws_dual_arm/install/dual_arm_pkg' for CMake module files
[1.238s] Level 1:colcon.colcon_core.environment:checking '/home/rosi/ws_dual_arm/install/dual_arm_pkg' for CMake config files
[1.239s] Level 1:colcon.colcon_core.shell:create_environment_hook('dual_arm_pkg', 'cmake_prefix_path')
[1.239s] INFO:colcon.colcon_core.shell:Creating environment hook '/home/rosi/ws_dual_arm/install/dual_arm_pkg/share/dual_arm_pkg/hook/cmake_prefix_path.ps1'
[1.240s] INFO:colcon.colcon_core.shell:Creating environment descriptor '/home/rosi/ws_dual_arm/install/dual_arm_pkg/share/dual_arm_pkg/hook/cmake_prefix_path.dsv'
[1.240s] INFO:colcon.colcon_core.shell:Creating environment hook '/home/rosi/ws_dual_arm/install/dual_arm_pkg/share/dual_arm_pkg/hook/cmake_prefix_path.sh'
[1.241s] Level 1:colcon.colcon_core.environment:checking '/home/rosi/ws_dual_arm/install/dual_arm_pkg/bin'
[1.241s] Level 1:colcon.colcon_core.environment:checking '/home/rosi/ws_dual_arm/install/dual_arm_pkg/lib/pkgconfig/dual_arm_pkg.pc'
[1.241s] Level 1:colcon.colcon_core.environment:checking '/home/rosi/ws_dual_arm/install/dual_arm_pkg/lib/python3.10/site-packages'
[1.241s] Level 1:colcon.colcon_core.environment:checking '/home/rosi/ws_dual_arm/install/dual_arm_pkg/bin'
[1.241s] INFO:colcon.colcon_core.shell:Creating package script '/home/rosi/ws_dual_arm/install/dual_arm_pkg/share/dual_arm_pkg/package.ps1'
[1.242s] INFO:colcon.colcon_core.shell:Creating package descriptor '/home/rosi/ws_dual_arm/install/dual_arm_pkg/share/dual_arm_pkg/package.dsv'
[1.242s] INFO:colcon.colcon_core.shell:Creating package script '/home/rosi/ws_dual_arm/install/dual_arm_pkg/share/dual_arm_pkg/package.sh'
[1.243s] INFO:colcon.colcon_core.shell:Creating package script '/home/rosi/ws_dual_arm/install/dual_arm_pkg/share/dual_arm_pkg/package.bash'
[1.244s] INFO:colcon.colcon_core.shell:Creating package script '/home/rosi/ws_dual_arm/install/dual_arm_pkg/share/dual_arm_pkg/package.zsh'
[1.244s] Level 1:colcon.colcon_core.environment:create_file_with_runtime_dependencies(/home/rosi/ws_dual_arm/install/dual_arm_pkg/share/colcon-core/packages/dual_arm_pkg)
[1.245s] Level 1:colcon.colcon_core.environment:create_environment_scripts_only(dual_arm_pkg)
[1.245s] Level 1:colcon.colcon_core.environment:checking '/home/rosi/ws_dual_arm/install/dual_arm_pkg' for CMake module files
[1.245s] Level 1:colcon.colcon_core.environment:checking '/home/rosi/ws_dual_arm/install/dual_arm_pkg' for CMake config files
[1.245s] Level 1:colcon.colcon_core.shell:create_environment_hook('dual_arm_pkg', 'cmake_prefix_path')
[1.245s] INFO:colcon.colcon_core.shell:Creating environment hook '/home/rosi/ws_dual_arm/install/dual_arm_pkg/share/dual_arm_pkg/hook/cmake_prefix_path.ps1'
[1.246s] INFO:colcon.colcon_core.shell:Creating environment descriptor '/home/rosi/ws_dual_arm/install/dual_arm_pkg/share/dual_arm_pkg/hook/cmake_prefix_path.dsv'
[1.246s] INFO:colcon.colcon_core.shell:Creating environment hook '/home/rosi/ws_dual_arm/install/dual_arm_pkg/share/dual_arm_pkg/hook/cmake_prefix_path.sh'
[1.246s] Level 1:colcon.colcon_core.environment:checking '/home/rosi/ws_dual_arm/install/dual_arm_pkg/bin'
[1.246s] Level 1:colcon.colcon_core.environment:checking '/home/rosi/ws_dual_arm/install/dual_arm_pkg/lib/pkgconfig/dual_arm_pkg.pc'
[1.246s] Level 1:colcon.colcon_core.environment:checking '/home/rosi/ws_dual_arm/install/dual_arm_pkg/lib/python3.10/site-packages'
[1.246s] Level 1:colcon.colcon_core.environment:checking '/home/rosi/ws_dual_arm/install/dual_arm_pkg/bin'
[1.247s] INFO:colcon.colcon_core.shell:Creating package script '/home/rosi/ws_dual_arm/install/dual_arm_pkg/share/dual_arm_pkg/package.ps1'
[1.247s] INFO:colcon.colcon_core.shell:Creating package descriptor '/home/rosi/ws_dual_arm/install/dual_arm_pkg/share/dual_arm_pkg/package.dsv'
[1.247s] INFO:colcon.colcon_core.shell:Creating package script '/home/rosi/ws_dual_arm/install/dual_arm_pkg/share/dual_arm_pkg/package.sh'
[1.248s] INFO:colcon.colcon_core.shell:Creating package script '/home/rosi/ws_dual_arm/install/dual_arm_pkg/share/dual_arm_pkg/package.bash'
[1.248s] INFO:colcon.colcon_core.shell:Creating package script '/home/rosi/ws_dual_arm/install/dual_arm_pkg/share/dual_arm_pkg/package.zsh'
[1.248s] Level 1:colcon.colcon_core.environment:create_file_with_runtime_dependencies(/home/rosi/ws_dual_arm/install/dual_arm_pkg/share/colcon-core/packages/dual_arm_pkg)
[1.249s] INFO:colcon.colcon_ros.task.ament_cmake.build:Building ROS package in '/home/rosi/ws_dual_arm/src/dual_arm_moveit_config' with build type 'ament_cmake'
[1.249s] INFO:colcon.colcon_cmake.task.cmake.build:Building CMake package in '/home/rosi/ws_dual_arm/src/dual_arm_moveit_config'
[1.249s] INFO:colcon.colcon_core.shell:Skip shell extension 'powershell' for command environment: Not usable outside of PowerShell
[1.249s] DEBUG:colcon.colcon_core.shell:Skip shell extension 'dsv' for command environment
[1.252s] DEBUG:colcon.colcon_core.event_handler.log_command:Invoked command in '/home/rosi/ws_dual_arm/build/zed_description' returned '0': CMAKE_PREFIX_PATH=${CMAKE_PREFIX_PATH}:/opt/ros/humble /usr/bin/cmake /home/rosi/ws_dual_arm/src/zed-ros2-description -DCMAKE_INSTALL_PREFIX=/home/rosi/ws_dual_arm/install/zed_description
[1.253s] DEBUG:colcon.colcon_core.event_handler.log_command:Invoking command in '/home/rosi/ws_dual_arm/build/zed_description': CMAKE_PREFIX_PATH=${CMAKE_PREFIX_PATH}:/opt/ros/humble /usr/bin/cmake --build /home/rosi/ws_dual_arm/build/zed_description -- -j20 -l20
[1.254s] Level 1:colcon.colcon_core.environment:create_environment_scripts_only(robotiq_description)
[1.254s] DEBUG:colcon.colcon_core.event_handler.log_command:Invoked command in '/home/rosi/ws_dual_arm/build/robotiq_description' returned '0': CMAKE_PREFIX_PATH=${CMAKE_PREFIX_PATH}:/opt/ros/humble /usr/bin/cmake --install /home/rosi/ws_dual_arm/build/robotiq_description
[1.254s] Level 1:colcon.colcon_core.environment:checking '/home/rosi/ws_dual_arm/install/robotiq_description' for CMake module files
[1.254s] Level 1:colcon.colcon_core.environment:checking '/home/rosi/ws_dual_arm/install/robotiq_description' for CMake config files
[1.255s] Level 1:colcon.colcon_core.shell:create_environment_hook('robotiq_description', 'cmake_prefix_path')
[1.255s] INFO:colcon.colcon_core.shell:Creating environment hook '/home/rosi/ws_dual_arm/install/robotiq_description/share/robotiq_description/hook/cmake_prefix_path.ps1'
[1.255s] INFO:colcon.colcon_core.shell:Creating environment descriptor '/home/rosi/ws_dual_arm/install/robotiq_description/share/robotiq_description/hook/cmake_prefix_path.dsv'
[1.255s] INFO:colcon.colcon_core.shell:Creating environment hook '/home/rosi/ws_dual_arm/install/robotiq_description/share/robotiq_description/hook/cmake_prefix_path.sh'
[1.255s] Level 1:colcon.colcon_core.environment:checking '/home/rosi/ws_dual_arm/install/robotiq_description/bin'
[1.255s] Level 1:colcon.colcon_core.environment:checking '/home/rosi/ws_dual_arm/install/robotiq_description/lib/pkgconfig/robotiq_description.pc'
[1.256s] Level 1:colcon.colcon_core.environment:checking '/home/rosi/ws_dual_arm/install/robotiq_description/lib/python3.10/site-packages'
[1.256s] Level 1:colcon.colcon_core.environment:checking '/home/rosi/ws_dual_arm/install/robotiq_description/bin'
[1.256s] INFO:colcon.colcon_core.shell:Creating package script '/home/rosi/ws_dual_arm/install/robotiq_description/share/robotiq_description/package.ps1'
[1.256s] INFO:colcon.colcon_core.shell:Creating package descriptor '/home/rosi/ws_dual_arm/install/robotiq_description/share/robotiq_description/package.dsv'
[1.256s] INFO:colcon.colcon_core.shell:Creating package script '/home/rosi/ws_dual_arm/install/robotiq_description/share/robotiq_description/package.sh'
[1.257s] INFO:colcon.colcon_core.shell:Creating package script '/home/rosi/ws_dual_arm/install/robotiq_description/share/robotiq_description/package.bash'
[1.257s] INFO:colcon.colcon_core.shell:Creating package script '/home/rosi/ws_dual_arm/install/robotiq_description/share/robotiq_description/package.zsh'
[1.257s] Level 1:colcon.colcon_core.environment:create_file_with_runtime_dependencies(/home/rosi/ws_dual_arm/install/robotiq_description/share/colcon-core/packages/robotiq_description)
[1.257s] Level 1:colcon.colcon_core.environment:create_environment_scripts_only(robotiq_description)
[1.257s] Level 1:colcon.colcon_core.environment:checking '/home/rosi/ws_dual_arm/install/robotiq_description' for CMake module files
[1.257s] Level 1:colcon.colcon_core.environment:checking '/home/rosi/ws_dual_arm/install/robotiq_description' for CMake config files
[1.258s] Level 1:colcon.colcon_core.shell:create_environment_hook('robotiq_description', 'cmake_prefix_path')
[1.258s] INFO:colcon.colcon_core.shell:Creating environment hook '/home/rosi/ws_dual_arm/install/robotiq_description/share/robotiq_description/hook/cmake_prefix_path.ps1'
[1.258s] INFO:colcon.colcon_core.shell:Creating environment descriptor '/home/rosi/ws_dual_arm/install/robotiq_description/share/robotiq_description/hook/cmake_prefix_path.dsv'
[1.258s] INFO:colcon.colcon_core.shell:Creating environment hook '/home/rosi/ws_dual_arm/install/robotiq_description/share/robotiq_description/hook/cmake_prefix_path.sh'
[1.258s] Level 1:colcon.colcon_core.environment:checking '/home/rosi/ws_dual_arm/install/robotiq_description/bin'
[1.258s] Level 1:colcon.colcon_core.environment:checking '/home/rosi/ws_dual_arm/install/robotiq_description/lib/pkgconfig/robotiq_description.pc'
[1.259s] Level 1:colcon.colcon_core.environment:checking '/home/rosi/ws_dual_arm/install/robotiq_description/lib/python3.10/site-packages'
[1.259s] Level 1:colcon.colcon_core.environment:checking '/home/rosi/ws_dual_arm/install/robotiq_description/bin'
[1.259s] INFO:colcon.colcon_core.shell:Creating package script '/home/rosi/ws_dual_arm/install/robotiq_description/share/robotiq_description/package.ps1'
[1.259s] INFO:colcon.colcon_core.shell:Creating package descriptor '/home/rosi/ws_dual_arm/install/robotiq_description/share/robotiq_description/package.dsv'
[1.259s] INFO:colcon.colcon_core.shell:Creating package script '/home/rosi/ws_dual_arm/install/robotiq_description/share/robotiq_description/package.sh'
[1.260s] INFO:colcon.colcon_core.shell:Creating package script '/home/rosi/ws_dual_arm/install/robotiq_description/share/robotiq_description/package.bash'
[1.260s] INFO:colcon.colcon_core.shell:Creating package script '/home/rosi/ws_dual_arm/install/robotiq_description/share/robotiq_description/package.zsh'
[1.260s] Level 1:colcon.colcon_core.environment:create_file_with_runtime_dependencies(/home/rosi/ws_dual_arm/install/robotiq_description/share/colcon-core/packages/robotiq_description)
[1.262s] DEBUG:colcon.colcon_core.event_handler.log_command:Invoking command in '/home/rosi/ws_dual_arm/build/dual_arm_moveit_config': CMAKE_PREFIX_PATH=/home/rosi/ws_dual_arm/install/dual_arm_pkg:/home/rosi/ws_dual_arm/install/zed_description:/home/rosi/ws_dual_arm/install/dual_arm_moveit_config:/home/rosi/ws_dual_arm/install/dual_arm_control:/opt/ros/humble /usr/bin/cmake /home/rosi/ws_dual_arm/src/dual_arm_moveit_config -DCMAKE_INSTALL_PREFIX=/home/rosi/ws_dual_arm/install/dual_arm_moveit_config
[1.282s] DEBUG:colcon.colcon_core.event_handler.log_command:Invoked command in '/home/rosi/ws_dual_arm/build/zed_description' returned '0': CMAKE_PREFIX_PATH=${CMAKE_PREFIX_PATH}:/opt/ros/humble /usr/bin/cmake --build /home/rosi/ws_dual_arm/build/zed_description -- -j20 -l20
[1.284s] DEBUG:colcon.colcon_core.event_handler.log_command:Invoking command in '/home/rosi/ws_dual_arm/build/zed_description': CMAKE_PREFIX_PATH=${CMAKE_PREFIX_PATH}:/opt/ros/humble /usr/bin/cmake --install /home/rosi/ws_dual_arm/build/zed_description
[1.310s] Level 1:colcon.colcon_core.environment:create_environment_scripts_only(zed_description)
[1.310s] DEBUG:colcon.colcon_core.event_handler.log_command:Invoked command in '/home/rosi/ws_dual_arm/build/zed_description' returned '0': CMAKE_PREFIX_PATH=${CMAKE_PREFIX_PATH}:/opt/ros/humble /usr/bin/cmake --install /home/rosi/ws_dual_arm/build/zed_description
[1.310s] Level 1:colcon.colcon_core.environment:checking '/home/rosi/ws_dual_arm/install/zed_description' for CMake module files
[1.311s] Level 1:colcon.colcon_core.environment:checking '/home/rosi/ws_dual_arm/install/zed_description' for CMake config files
[1.311s] Level 1:colcon.colcon_core.shell:create_environment_hook('zed_description', 'cmake_prefix_path')
[1.311s] INFO:colcon.colcon_core.shell:Creating environment hook '/home/rosi/ws_dual_arm/install/zed_description/share/zed_description/hook/cmake_prefix_path.ps1'
[1.312s] INFO:colcon.colcon_core.shell:Creating environment descriptor '/home/rosi/ws_dual_arm/install/zed_description/share/zed_description/hook/cmake_prefix_path.dsv'
[1.312s] INFO:colcon.colcon_core.shell:Creating environment hook '/home/rosi/ws_dual_arm/install/zed_description/share/zed_description/hook/cmake_prefix_path.sh'
[1.312s] Level 1:colcon.colcon_core.environment:checking '/home/rosi/ws_dual_arm/install/zed_description/bin'
[1.313s] Level 1:colcon.colcon_core.environment:checking '/home/rosi/ws_dual_arm/install/zed_description/lib/pkgconfig/zed_description.pc'
[1.313s] Level 1:colcon.colcon_core.environment:checking '/home/rosi/ws_dual_arm/install/zed_description/lib/python3.10/site-packages'
[1.313s] Level 1:colcon.colcon_core.environment:checking '/home/rosi/ws_dual_arm/install/zed_description/bin'
[1.313s] INFO:colcon.colcon_core.shell:Creating package script '/home/rosi/ws_dual_arm/install/zed_description/share/zed_description/package.ps1'
[1.314s] INFO:colcon.colcon_core.shell:Creating package descriptor '/home/rosi/ws_dual_arm/install/zed_description/share/zed_description/package.dsv'
[1.314s] INFO:colcon.colcon_core.shell:Creating package script '/home/rosi/ws_dual_arm/install/zed_description/share/zed_description/package.sh'
[1.315s] INFO:colcon.colcon_core.shell:Creating package script '/home/rosi/ws_dual_arm/install/zed_description/share/zed_description/package.bash'
[1.315s] INFO:colcon.colcon_core.shell:Creating package script '/home/rosi/ws_dual_arm/install/zed_description/share/zed_description/package.zsh'
[1.315s] Level 1:colcon.colcon_core.environment:create_file_with_runtime_dependencies(/home/rosi/ws_dual_arm/install/zed_description/share/colcon-core/packages/zed_description)
[1.316s] Level 1:colcon.colcon_core.environment:create_environment_scripts_only(zed_description)
[1.316s] Level 1:colcon.colcon_core.environment:checking '/home/rosi/ws_dual_arm/install/zed_description' for CMake module files
[1.317s] Level 1:colcon.colcon_core.environment:checking '/home/rosi/ws_dual_arm/install/zed_description' for CMake config files
[1.317s] Level 1:colcon.colcon_core.shell:create_environment_hook('zed_description', 'cmake_prefix_path')
[1.317s] INFO:colcon.colcon_core.shell:Creating environment hook '/home/rosi/ws_dual_arm/install/zed_description/share/zed_description/hook/cmake_prefix_path.ps1'
[1.318s] INFO:colcon.colcon_core.shell:Creating environment descriptor '/home/rosi/ws_dual_arm/install/zed_description/share/zed_description/hook/cmake_prefix_path.dsv'
[1.318s] INFO:colcon.colcon_core.shell:Creating environment hook '/home/rosi/ws_dual_arm/install/zed_description/share/zed_description/hook/cmake_prefix_path.sh'
[1.318s] Level 1:colcon.colcon_core.environment:checking '/home/rosi/ws_dual_arm/install/zed_description/bin'
[1.318s] Level 1:colcon.colcon_core.environment:checking '/home/rosi/ws_dual_arm/install/zed_description/lib/pkgconfig/zed_description.pc'
[1.319s] Level 1:colcon.colcon_core.environment:checking '/home/rosi/ws_dual_arm/install/zed_description/lib/python3.10/site-packages'
[1.319s] Level 1:colcon.colcon_core.environment:checking '/home/rosi/ws_dual_arm/install/zed_description/bin'
[1.319s] INFO:colcon.colcon_core.shell:Creating package script '/home/rosi/ws_dual_arm/install/zed_description/share/zed_description/package.ps1'
[1.320s] INFO:colcon.colcon_core.shell:Creating package descriptor '/home/rosi/ws_dual_arm/install/zed_description/share/zed_description/package.dsv'
[1.320s] INFO:colcon.colcon_core.shell:Creating package script '/home/rosi/ws_dual_arm/install/zed_description/share/zed_description/package.sh'
[1.320s] INFO:colcon.colcon_core.shell:Creating package script '/home/rosi/ws_dual_arm/install/zed_description/share/zed_description/package.bash'
[1.321s] INFO:colcon.colcon_core.shell:Creating package script '/home/rosi/ws_dual_arm/install/zed_description/share/zed_description/package.zsh'
[1.321s] Level 1:colcon.colcon_core.environment:create_file_with_runtime_dependencies(/home/rosi/ws_dual_arm/install/zed_description/share/colcon-core/packages/zed_description)
[1.829s] DEBUG:colcon.colcon_core.event_handler.log_command:Invoked command in '/home/rosi/ws_dual_arm/build/robotiq_driver' returned '1': CMAKE_PREFIX_PATH=${CMAKE_PREFIX_PATH}:/opt/ros/humble /usr/bin/cmake /home/rosi/ws_dual_arm/src/ros2_robotiq_gripper/robotiq_driver -DCMAKE_INSTALL_PREFIX=/home/rosi/ws_dual_arm/install/robotiq_driver
[1.838s] Level 1:colcon.colcon_core.environment:create_environment_scripts_only(robotiq_driver)
[1.838s] Level 1:colcon.colcon_core.environment:checking '/home/rosi/ws_dual_arm/install/robotiq_driver' for CMake module files
[1.838s] Level 1:colcon.colcon_core.environment:checking '/home/rosi/ws_dual_arm/install/robotiq_driver' for CMake config files
[1.838s] Level 1:colcon.colcon_core.environment:checking '/home/rosi/ws_dual_arm/install/robotiq_driver/bin'
[1.838s] Level 1:colcon.colcon_core.environment:checking '/home/rosi/ws_dual_arm/install/robotiq_driver/lib/pkgconfig/robotiq_driver.pc'
[1.838s] Level 1:colcon.colcon_core.environment:checking '/home/rosi/ws_dual_arm/install/robotiq_driver/lib/python3.10/site-packages'
[1.839s] Level 1:colcon.colcon_core.environment:checking '/home/rosi/ws_dual_arm/install/robotiq_driver/bin'
[1.839s] INFO:colcon.colcon_core.shell:Creating package script '/home/rosi/ws_dual_arm/install/robotiq_driver/share/robotiq_driver/package.ps1'
[1.839s] INFO:colcon.colcon_core.shell:Creating package descriptor '/home/rosi/ws_dual_arm/install/robotiq_driver/share/robotiq_driver/package.dsv'
[1.840s] INFO:colcon.colcon_core.shell:Creating package script '/home/rosi/ws_dual_arm/install/robotiq_driver/share/robotiq_driver/package.sh'
[1.840s] INFO:colcon.colcon_core.shell:Creating package script '/home/rosi/ws_dual_arm/install/robotiq_driver/share/robotiq_driver/package.bash'
[1.840s] INFO:colcon.colcon_core.shell:Creating package script '/home/rosi/ws_dual_arm/install/robotiq_driver/share/robotiq_driver/package.zsh'
[1.840s] Level 1:colcon.colcon_core.environment:create_file_with_runtime_dependencies(/home/rosi/ws_dual_arm/install/robotiq_driver/share/colcon-core/packages/robotiq_driver)
[2.350s] DEBUG:colcon.colcon_parallel_executor.executor.parallel:closing loop
[2.351s] DEBUG:colcon.colcon_parallel_executor.executor.parallel:loop closed
[2.351s] DEBUG:colcon.colcon_parallel_executor.executor.parallel:run_until_complete finished with '1'
[2.351s] DEBUG:colcon.colcon_core.event_reactor:joining thread
[2.359s] INFO:colcon.colcon_core.plugin_system:Skipping extension 'colcon_notification.desktop_notification.terminal_notifier': Not used on non-Darwin systems
[2.359s] INFO:colcon.colcon_core.plugin_system:Skipping extension 'colcon_notification.desktop_notification.win32': Not used on non-Windows systems
[2.359s] INFO:colcon.colcon_notification.desktop_notification:Sending desktop notification using 'notify2'
[2.374s] DEBUG:colcon.colcon_core.event_reactor:joined thread
[2.374s] INFO:colcon.colcon_core.shell:Creating prefix script '/home/rosi/ws_dual_arm/install/local_setup.ps1'
[2.375s] INFO:colcon.colcon_core.shell:Creating prefix util module '/home/rosi/ws_dual_arm/install/_local_setup_util_ps1.py'
[2.376s] INFO:colcon.colcon_core.shell:Creating prefix chain script '/home/rosi/ws_dual_arm/install/setup.ps1'
[2.377s] INFO:colcon.colcon_core.shell:Creating prefix script '/home/rosi/ws_dual_arm/install/local_setup.sh'
[2.378s] INFO:colcon.colcon_core.shell:Creating prefix util module '/home/rosi/ws_dual_arm/install/_local_setup_util_sh.py'
[2.378s] INFO:colcon.colcon_core.shell:Creating prefix chain script '/home/rosi/ws_dual_arm/install/setup.sh'
[2.379s] INFO:colcon.colcon_core.shell:Creating prefix script '/home/rosi/ws_dual_arm/install/local_setup.bash'
[2.380s] INFO:colcon.colcon_core.shell:Creating prefix chain script '/home/rosi/ws_dual_arm/install/setup.bash'
[2.381s] INFO:colcon.colcon_core.shell:Creating prefix script '/home/rosi/ws_dual_arm/install/local_setup.zsh'
[2.381s] INFO:colcon.colcon_core.shell:Creating prefix chain script '/home/rosi/ws_dual_arm/install/setup.zsh'
