[0.027s] Invoking command in '/home/rosi/ws_dual_arm/build/robotiq_controllers': CMAKE_PREFIX_PATH=/opt/ros/humble /usr/bin/cmake /home/rosi/ws_dual_arm/src/ros2_robotiq_gripper/robotiq_controllers -DAMENT_CMAKE_SYMLINK_INSTALL=1 -DCMAKE_INSTALL_PREFIX=/home/rosi/ws_dual_arm/install/robotiq_controllers
[0.057s] -- Found ament_cmake: 1.3.14 (/opt/ros/humble/share/ament_cmake/cmake)
[0.319s] -- Override CMake install command with custom implementation using symlinks instead of copying resources
[0.327s] -- Found controller_interface: 2.53.1 (/opt/ros/humble/share/controller_interface/cmake)
[0.365s] -- Found rosidl_generator_c: 3.1.8 (/opt/ros/humble/share/rosidl_generator_c/cmake)
[0.367s] -- Found rosidl_adapter: 3.1.8 (/opt/ros/humble/share/rosidl_adapter/cmake)
[0.374s] -- Found rosidl_generator_cpp: 3.1.8 (/opt/ros/humble/share/rosidl_generator_cpp/cmake)
[0.385s] -- Using all available rosidl_typesupport_c: rosidl_typesupport_fastrtps_c;rosidl_typesupport_introspection_c
[0.399s] -- Using all available rosidl_typesupport_cpp: rosidl_typesupport_fastrtps_cpp;rosidl_typesupport_introspection_cpp
[0.698s] -- Found rmw_implementation_cmake: 6.1.2 (/opt/ros/humble/share/rmw_implementation_cmake/cmake)
[0.701s] -- Found rmw_fastrtps_cpp: 6.2.10 (/opt/ros/humble/share/rmw_fastrtps_cpp/cmake)
[0.736s] -- Found TinyXML2 via Config file: TinyXML2_DIR-NOTFOUND
[0.750s] -- Found TinyXML2 via Config file: TinyXML2_DIR-NOTFOUND
[0.772s] -- Found TinyXML2 via Config file: TinyXML2_DIR-NOTFOUND
[0.784s] -- Found TinyXML2 via Config file: TinyXML2_DIR-NOTFOUND
[0.800s] -- Using RMW implementation 'rmw_fastrtps_cpp' as default
[0.887s] -- Found std_srvs: 4.9.1 (/opt/ros/humble/share/std_srvs/cmake)
[0.910s] -- Found ament_lint_auto: 0.12.15 (/opt/ros/humble/share/ament_lint_auto/cmake)
[1.068s] -- Added test 'cppcheck' to perform static code analysis on C / C++ code
[1.068s] -- Configured cppcheck include dirs: /home/rosi/ws_dual_arm/src/ros2_robotiq_gripper/robotiq_controllers/include
[1.068s] -- Configured cppcheck exclude dirs and/or files: 
[1.069s] -- Added test 'lint_cmake' to check CMake code style
[1.076s] -- Configuring done
[1.096s] -- Generating done
[1.101s] -- Build files have been written to: /home/rosi/ws_dual_arm/build/robotiq_controllers
