running egg_info
creating ../../build/aruco_moveit_planner/aruco_moveit_planner.egg-info
writing ../../build/aruco_moveit_planner/aruco_moveit_planner.egg-info/PKG-INFO
writing dependency_links to ../../build/aruco_moveit_planner/aruco_moveit_planner.egg-info/dependency_links.txt
writing entry points to ../../build/aruco_moveit_planner/aruco_moveit_planner.egg-info/entry_points.txt
writing requirements to ../../build/aruco_moveit_planner/aruco_moveit_planner.egg-info/requires.txt
writing top-level names to ../../build/aruco_moveit_planner/aruco_moveit_planner.egg-info/top_level.txt
writing manifest file '../../build/aruco_moveit_planner/aruco_moveit_planner.egg-info/SOURCES.txt'
reading manifest file '../../build/aruco_moveit_planner/aruco_moveit_planner.egg-info/SOURCES.txt'
writing manifest file '../../build/aruco_moveit_planner/aruco_moveit_planner.egg-info/SOURCES.txt'
running build
running build_py
creating /home/rosi/ws_dual_arm/build/aruco_moveit_planner/build
creating /home/rosi/ws_dual_arm/build/aruco_moveit_planner/build/lib
creating /home/rosi/ws_dual_arm/build/aruco_moveit_planner/build/lib/aruco_moveit_planner
copying aruco_moveit_planner/frame_transformer.py -> /home/rosi/ws_dual_arm/build/aruco_moveit_planner/build/lib/aruco_moveit_planner
copying aruco_moveit_planner/__init__.py -> /home/rosi/ws_dual_arm/build/aruco_moveit_planner/build/lib/aruco_moveit_planner
copying aruco_moveit_planner/moveit_planner.py -> /home/rosi/ws_dual_arm/build/aruco_moveit_planner/build/lib/aruco_moveit_planner
copying aruco_moveit_planner/main.py -> /home/rosi/ws_dual_arm/build/aruco_moveit_planner/build/lib/aruco_moveit_planner
copying aruco_moveit_planner/pose_reader.py -> /home/rosi/ws_dual_arm/build/aruco_moveit_planner/build/lib/aruco_moveit_planner
running install
running install_lib
creating /home/rosi/ws_dual_arm/install/aruco_moveit_planner/lib/python3.10/site-packages/aruco_moveit_planner
copying /home/rosi/ws_dual_arm/build/aruco_moveit_planner/build/lib/aruco_moveit_planner/frame_transformer.py -> /home/rosi/ws_dual_arm/install/aruco_moveit_planner/lib/python3.10/site-packages/aruco_moveit_planner
copying /home/rosi/ws_dual_arm/build/aruco_moveit_planner/build/lib/aruco_moveit_planner/__init__.py -> /home/rosi/ws_dual_arm/install/aruco_moveit_planner/lib/python3.10/site-packages/aruco_moveit_planner
copying /home/rosi/ws_dual_arm/build/aruco_moveit_planner/build/lib/aruco_moveit_planner/moveit_planner.py -> /home/rosi/ws_dual_arm/install/aruco_moveit_planner/lib/python3.10/site-packages/aruco_moveit_planner
copying /home/rosi/ws_dual_arm/build/aruco_moveit_planner/build/lib/aruco_moveit_planner/main.py -> /home/rosi/ws_dual_arm/install/aruco_moveit_planner/lib/python3.10/site-packages/aruco_moveit_planner
copying /home/rosi/ws_dual_arm/build/aruco_moveit_planner/build/lib/aruco_moveit_planner/pose_reader.py -> /home/rosi/ws_dual_arm/install/aruco_moveit_planner/lib/python3.10/site-packages/aruco_moveit_planner
byte-compiling /home/rosi/ws_dual_arm/install/aruco_moveit_planner/lib/python3.10/site-packages/aruco_moveit_planner/frame_transformer.py to frame_transformer.cpython-310.pyc
byte-compiling /home/rosi/ws_dual_arm/install/aruco_moveit_planner/lib/python3.10/site-packages/aruco_moveit_planner/__init__.py to __init__.cpython-310.pyc
byte-compiling /home/rosi/ws_dual_arm/install/aruco_moveit_planner/lib/python3.10/site-packages/aruco_moveit_planner/moveit_planner.py to moveit_planner.cpython-310.pyc
byte-compiling /home/rosi/ws_dual_arm/install/aruco_moveit_planner/lib/python3.10/site-packages/aruco_moveit_planner/main.py to main.cpython-310.pyc
byte-compiling /home/rosi/ws_dual_arm/install/aruco_moveit_planner/lib/python3.10/site-packages/aruco_moveit_planner/pose_reader.py to pose_reader.cpython-310.pyc
running install_data
creating /home/rosi/ws_dual_arm/install/aruco_moveit_planner/share/ament_index
creating /home/rosi/ws_dual_arm/install/aruco_moveit_planner/share/ament_index/resource_index
creating /home/rosi/ws_dual_arm/install/aruco_moveit_planner/share/ament_index/resource_index/packages
copying resource/aruco_moveit_planner -> /home/rosi/ws_dual_arm/install/aruco_moveit_planner/share/ament_index/resource_index/packages
copying package.xml -> /home/rosi/ws_dual_arm/install/aruco_moveit_planner/share/aruco_moveit_planner
creating /home/rosi/ws_dual_arm/install/aruco_moveit_planner/share/aruco_moveit_planner/launch
copying launch/plan_to_aruco.launch.py -> /home/rosi/ws_dual_arm/install/aruco_moveit_planner/share/aruco_moveit_planner/launch
creating /home/rosi/ws_dual_arm/install/aruco_moveit_planner/share/aruco_moveit_planner/config
copying config/sample_aruco_pose.json -> /home/rosi/ws_dual_arm/install/aruco_moveit_planner/share/aruco_moveit_planner/config
running install_egg_info
Copying ../../build/aruco_moveit_planner/aruco_moveit_planner.egg-info to /home/rosi/ws_dual_arm/install/aruco_moveit_planner/lib/python3.10/site-packages/aruco_moveit_planner-0.1.0-py3.10.egg-info
running install_scripts
Installing plan_to_aruco script to /home/rosi/ws_dual_arm/install/aruco_moveit_planner/lib/aruco_moveit_planner
writing list of installed files to '/home/rosi/ws_dual_arm/build/aruco_moveit_planner/install.log'
