[0.418s] Invoking command in '/home/rosi/ws_dual_arm/src/aruco_moveit_planner': PYTHONPATH=/home/rosi/ws_dual_arm/build/aruco_moveit_planner/prefix_override:/usr/lib/python3/dist-packages/colcon_core/task/python/colcon_distutils_commands:/home/rosi/ws_dual_arm/install/aruco_moveit_planner/lib/python3.10/site-packages:${PYTHONPATH} /usr/bin/python3 -W ignore:setup.py install is deprecated -W ignore:easy_install command is deprecated setup.py egg_info --egg-base ../../build/aruco_moveit_planner build --build-base /home/rosi/ws_dual_arm/build/aruco_moveit_planner/build install --record /home/rosi/ws_dual_arm/build/aruco_moveit_planner/install.log --single-version-externally-managed install_data
[0.554s] running egg_info
[0.554s] creating ../../build/aruco_moveit_planner/aruco_moveit_planner.egg-info
[0.555s] writing ../../build/aruco_moveit_planner/aruco_moveit_planner.egg-info/PKG-INFO
[0.555s] writing dependency_links to ../../build/aruco_moveit_planner/aruco_moveit_planner.egg-info/dependency_links.txt
[0.555s] writing entry points to ../../build/aruco_moveit_planner/aruco_moveit_planner.egg-info/entry_points.txt
[0.555s] writing requirements to ../../build/aruco_moveit_planner/aruco_moveit_planner.egg-info/requires.txt
[0.555s] writing top-level names to ../../build/aruco_moveit_planner/aruco_moveit_planner.egg-info/top_level.txt
[0.558s] writing manifest file '../../build/aruco_moveit_planner/aruco_moveit_planner.egg-info/SOURCES.txt'
[0.559s] reading manifest file '../../build/aruco_moveit_planner/aruco_moveit_planner.egg-info/SOURCES.txt'
[0.559s] writing manifest file '../../build/aruco_moveit_planner/aruco_moveit_planner.egg-info/SOURCES.txt'
[0.559s] running build
[0.559s] running build_py
[0.559s] creating /home/rosi/ws_dual_arm/build/aruco_moveit_planner/build
[0.559s] creating /home/rosi/ws_dual_arm/build/aruco_moveit_planner/build/lib
[0.559s] creating /home/rosi/ws_dual_arm/build/aruco_moveit_planner/build/lib/aruco_moveit_planner
[0.559s] copying aruco_moveit_planner/frame_transformer.py -> /home/rosi/ws_dual_arm/build/aruco_moveit_planner/build/lib/aruco_moveit_planner
[0.559s] copying aruco_moveit_planner/__init__.py -> /home/rosi/ws_dual_arm/build/aruco_moveit_planner/build/lib/aruco_moveit_planner
[0.559s] copying aruco_moveit_planner/moveit_planner.py -> /home/rosi/ws_dual_arm/build/aruco_moveit_planner/build/lib/aruco_moveit_planner
[0.559s] copying aruco_moveit_planner/main.py -> /home/rosi/ws_dual_arm/build/aruco_moveit_planner/build/lib/aruco_moveit_planner
[0.560s] copying aruco_moveit_planner/pose_reader.py -> /home/rosi/ws_dual_arm/build/aruco_moveit_planner/build/lib/aruco_moveit_planner
[0.560s] running install
[0.560s] running install_lib
[0.560s] creating /home/rosi/ws_dual_arm/install/aruco_moveit_planner/lib/python3.10/site-packages/aruco_moveit_planner
[0.560s] copying /home/rosi/ws_dual_arm/build/aruco_moveit_planner/build/lib/aruco_moveit_planner/frame_transformer.py -> /home/rosi/ws_dual_arm/install/aruco_moveit_planner/lib/python3.10/site-packages/aruco_moveit_planner
[0.560s] copying /home/rosi/ws_dual_arm/build/aruco_moveit_planner/build/lib/aruco_moveit_planner/__init__.py -> /home/rosi/ws_dual_arm/install/aruco_moveit_planner/lib/python3.10/site-packages/aruco_moveit_planner
[0.560s] copying /home/rosi/ws_dual_arm/build/aruco_moveit_planner/build/lib/aruco_moveit_planner/moveit_planner.py -> /home/rosi/ws_dual_arm/install/aruco_moveit_planner/lib/python3.10/site-packages/aruco_moveit_planner
[0.560s] copying /home/rosi/ws_dual_arm/build/aruco_moveit_planner/build/lib/aruco_moveit_planner/main.py -> /home/rosi/ws_dual_arm/install/aruco_moveit_planner/lib/python3.10/site-packages/aruco_moveit_planner
[0.560s] copying /home/rosi/ws_dual_arm/build/aruco_moveit_planner/build/lib/aruco_moveit_planner/pose_reader.py -> /home/rosi/ws_dual_arm/install/aruco_moveit_planner/lib/python3.10/site-packages/aruco_moveit_planner
[0.560s] byte-compiling /home/rosi/ws_dual_arm/install/aruco_moveit_planner/lib/python3.10/site-packages/aruco_moveit_planner/frame_transformer.py to frame_transformer.cpython-310.pyc
[0.561s] byte-compiling /home/rosi/ws_dual_arm/install/aruco_moveit_planner/lib/python3.10/site-packages/aruco_moveit_planner/__init__.py to __init__.cpython-310.pyc
[0.561s] byte-compiling /home/rosi/ws_dual_arm/install/aruco_moveit_planner/lib/python3.10/site-packages/aruco_moveit_planner/moveit_planner.py to moveit_planner.cpython-310.pyc
[0.562s] byte-compiling /home/rosi/ws_dual_arm/install/aruco_moveit_planner/lib/python3.10/site-packages/aruco_moveit_planner/main.py to main.cpython-310.pyc
[0.562s] byte-compiling /home/rosi/ws_dual_arm/install/aruco_moveit_planner/lib/python3.10/site-packages/aruco_moveit_planner/pose_reader.py to pose_reader.cpython-310.pyc
[0.563s] running install_data
[0.563s] creating /home/rosi/ws_dual_arm/install/aruco_moveit_planner/share/ament_index
[0.563s] creating /home/rosi/ws_dual_arm/install/aruco_moveit_planner/share/ament_index/resource_index
[0.563s] creating /home/rosi/ws_dual_arm/install/aruco_moveit_planner/share/ament_index/resource_index/packages
[0.563s] copying resource/aruco_moveit_planner -> /home/rosi/ws_dual_arm/install/aruco_moveit_planner/share/ament_index/resource_index/packages
[0.563s] copying package.xml -> /home/rosi/ws_dual_arm/install/aruco_moveit_planner/share/aruco_moveit_planner
[0.563s] creating /home/rosi/ws_dual_arm/install/aruco_moveit_planner/share/aruco_moveit_planner/launch
[0.563s] copying launch/plan_to_aruco.launch.py -> /home/rosi/ws_dual_arm/install/aruco_moveit_planner/share/aruco_moveit_planner/launch
[0.563s] creating /home/rosi/ws_dual_arm/install/aruco_moveit_planner/share/aruco_moveit_planner/config
[0.563s] copying config/sample_aruco_pose.json -> /home/rosi/ws_dual_arm/install/aruco_moveit_planner/share/aruco_moveit_planner/config
[0.563s] running install_egg_info
[0.564s] Copying ../../build/aruco_moveit_planner/aruco_moveit_planner.egg-info to /home/rosi/ws_dual_arm/install/aruco_moveit_planner/lib/python3.10/site-packages/aruco_moveit_planner-0.1.0-py3.10.egg-info
[0.564s] running install_scripts
[0.576s] Installing plan_to_aruco script to /home/rosi/ws_dual_arm/install/aruco_moveit_planner/lib/aruco_moveit_planner
[0.576s] writing list of installed files to '/home/rosi/ws_dual_arm/build/aruco_moveit_planner/install.log'
[0.589s] Invoked command in '/home/rosi/ws_dual_arm/src/aruco_moveit_planner' returned '0': PYTHONPATH=/home/rosi/ws_dual_arm/build/aruco_moveit_planner/prefix_override:/usr/lib/python3/dist-packages/colcon_core/task/python/colcon_distutils_commands:/home/rosi/ws_dual_arm/install/aruco_moveit_planner/lib/python3.10/site-packages:${PYTHONPATH} /usr/bin/python3 -W ignore:setup.py install is deprecated -W ignore:easy_install command is deprecated setup.py egg_info --egg-base ../../build/aruco_moveit_planner build --build-base /home/rosi/ws_dual_arm/build/aruco_moveit_planner/build install --record /home/rosi/ws_dual_arm/build/aruco_moveit_planner/install.log --single-version-externally-managed install_data
