[0.026s] Invoking command in '/home/rosi/ws_dual_arm/build/zed_description': CMAKE_PREFIX_PATH=/opt/ros/humble /usr/bin/cmake /home/rosi/ws_dual_arm/src/zed-ros2-description -DCMAKE_BUILD_TYPE=Release -DCMAKE_INSTALL_PREFIX=/home/rosi/ws_dual_arm/install/zed_description
[0.040s] -- Found ament_cmake_auto: 1.3.14 (/opt/ros/humble/share/ament_cmake_auto/cmake)
[0.336s] -- Found ament_lint_auto: 0.12.15 (/opt/ros/humble/share/ament_lint_auto/cmake)
[0.345s] -- Added test 'copyright' to check source files copyright and LICENSE
[0.348s] -- Added test 'lint_cmake' to check CMake code style
[0.349s] -- Added test 'pep257' to check Python code against some of the docstring style conventions in PEP 257
[0.352s] -- Added test 'xmllint' to check XML markup files
[0.353s] -- Configuring done
[0.357s] -- Generating done
[0.359s] -- Build files have been written to: /home/rosi/ws_dual_arm/build/zed_description
[0.363s] Invoked command in '/home/rosi/ws_dual_arm/build/zed_description' returned '0': CMAKE_PREFIX_PATH=/opt/ros/humble /usr/bin/cmake /home/rosi/ws_dual_arm/src/zed-ros2-description -DCMAKE_BUILD_TYPE=Release -DCMAKE_INSTALL_PREFIX=/home/rosi/ws_dual_arm/install/zed_description
[0.366s] Invoking command in '/home/rosi/ws_dual_arm/build/zed_description': CMAKE_PREFIX_PATH=/opt/ros/humble /usr/bin/cmake --build /home/rosi/ws_dual_arm/build/zed_description -- -j20 -l20
[0.420s] Invoked command in '/home/rosi/ws_dual_arm/build/zed_description' returned '0': CMAKE_PREFIX_PATH=/opt/ros/humble /usr/bin/cmake --build /home/rosi/ws_dual_arm/build/zed_description -- -j20 -l20
[0.422s] Invoking command in '/home/rosi/ws_dual_arm/build/zed_description': CMAKE_PREFIX_PATH=/opt/ros/humble /usr/bin/cmake --install /home/rosi/ws_dual_arm/build/zed_description
[0.432s] -- Install configuration: "Release"
[0.434s] -- Up-to-date: /home/rosi/ws_dual_arm/install/zed_description/share/zed_description/urdf
[0.434s] -- Up-to-date: /home/rosi/ws_dual_arm/install/zed_description/share/zed_description/urdf/zed_descr.urdf.xacro
[0.434s] -- Up-to-date: /home/rosi/ws_dual_arm/install/zed_description/share/zed_description/urdf/zed_macro.urdf.xacro
[0.434s] -- Up-to-date: /home/rosi/ws_dual_arm/install/zed_description/share/zed_description/meshes
[0.434s] -- Up-to-date: /home/rosi/ws_dual_arm/install/zed_description/share/zed_description/meshes/zedxnano.stl
[0.434s] -- Up-to-date: /home/rosi/ws_dual_arm/install/zed_description/share/zed_description/meshes/zedxhdr.stl
[0.434s] -- Up-to-date: /home/rosi/ws_dual_arm/install/zed_description/share/zed_description/meshes/zedxhdrmini.stl
[0.434s] -- Up-to-date: /home/rosi/ws_dual_arm/install/zed_description/share/zed_description/meshes/zedx.stl
[0.434s] -- Up-to-date: /home/rosi/ws_dual_arm/install/zed_description/share/zed_description/meshes/zed.stl
[0.434s] -- Up-to-date: /home/rosi/ws_dual_arm/install/zed_description/share/zed_description/meshes/zedxm.stl
[0.434s] -- Up-to-date: /home/rosi/ws_dual_arm/install/zed_description/share/zed_description/meshes/zed2i.stl
[0.434s] -- Up-to-date: /home/rosi/ws_dual_arm/install/zed_description/share/zed_description/meshes/zedxone4k.stl
[0.434s] -- Up-to-date: /home/rosi/ws_dual_arm/install/zed_description/share/zed_description/meshes/zedxonehdr.stl
[0.435s] -- Up-to-date: /home/rosi/ws_dual_arm/install/zed_description/share/zed_description/meshes/virtual.stl
[0.435s] -- Up-to-date: /home/rosi/ws_dual_arm/install/zed_description/share/zed_description/meshes/zedxhdrmax.stl
[0.435s] -- Up-to-date: /home/rosi/ws_dual_arm/install/zed_description/share/zed_description/meshes/zed2.stl
[0.435s] -- Up-to-date: /home/rosi/ws_dual_arm/install/zed_description/share/zed_description/meshes/zedm.stl
[0.435s] -- Up-to-date: /home/rosi/ws_dual_arm/install/zed_description/share/zed_description/meshes/zedxones.stl
[0.435s] -- Up-to-date: /home/rosi/ws_dual_arm/install/zed_description/share/zed_description/meshes/zedxonegs.stl
[0.435s] -- Up-to-date: /home/rosi/ws_dual_arm/install/zed_description/share/zed_description/rviz2
[0.435s] -- Up-to-date: /home/rosi/ws_dual_arm/install/zed_description/share/zed_description/rviz2/zed_description.rviz
[0.435s] -- Up-to-date: /home/rosi/ws_dual_arm/install/zed_description/share/zed_description/launch
[0.435s] -- Up-to-date: /home/rosi/ws_dual_arm/install/zed_description/share/zed_description/launch/zed_viz.launch.py
[0.435s] -- Up-to-date: /home/rosi/ws_dual_arm/install/zed_description/share/ament_index/resource_index/package_run_dependencies/zed_description
[0.435s] -- Installing: /home/rosi/ws_dual_arm/install/zed_description/share/ament_index/resource_index/parent_prefix_path/zed_description
[0.436s] -- Up-to-date: /home/rosi/ws_dual_arm/install/zed_description/share/zed_description/environment/ament_prefix_path.sh
[0.436s] -- Installing: /home/rosi/ws_dual_arm/install/zed_description/share/zed_description/environment/ament_prefix_path.dsv
[0.436s] -- Up-to-date: /home/rosi/ws_dual_arm/install/zed_description/share/zed_description/environment/path.sh
[0.436s] -- Installing: /home/rosi/ws_dual_arm/install/zed_description/share/zed_description/environment/path.dsv
[0.436s] -- Up-to-date: /home/rosi/ws_dual_arm/install/zed_description/share/zed_description/local_setup.bash
[0.436s] -- Up-to-date: /home/rosi/ws_dual_arm/install/zed_description/share/zed_description/local_setup.sh
[0.436s] -- Up-to-date: /home/rosi/ws_dual_arm/install/zed_description/share/zed_description/local_setup.zsh
[0.436s] -- Installing: /home/rosi/ws_dual_arm/install/zed_description/share/zed_description/local_setup.dsv
[0.436s] -- Installing: /home/rosi/ws_dual_arm/install/zed_description/share/zed_description/package.dsv
[0.436s] -- Up-to-date: /home/rosi/ws_dual_arm/install/zed_description/share/ament_index/resource_index/packages/zed_description
[0.436s] -- Up-to-date: /home/rosi/ws_dual_arm/install/zed_description/share/zed_description/cmake/zed_descriptionConfig.cmake
[0.436s] -- Up-to-date: /home/rosi/ws_dual_arm/install/zed_description/share/zed_description/cmake/zed_descriptionConfig-version.cmake
[0.437s] -- Up-to-date: /home/rosi/ws_dual_arm/install/zed_description/share/zed_description/package.xml
[0.467s] Invoked command in '/home/rosi/ws_dual_arm/build/zed_description' returned '0': CMAKE_PREFIX_PATH=/opt/ros/humble /usr/bin/cmake --install /home/rosi/ws_dual_arm/build/zed_description
