[0.758s] Invoking command in '/home/rosi/ws_dual_arm/build/easy_handeye2': AMENT_PREFIX_PATH=/home/rosi/ws_dual_arm/install/easy_handeye2_msgs:${AMENT_PREFIX_PATH} CMAKE_PREFIX_PATH=/home/rosi/ws_dual_arm/install/easy_handeye2_msgs:${CMAKE_PREFIX_PATH} LD_LIBRARY_PATH=/home/rosi/ws_dual_arm/install/easy_handeye2_msgs/lib:${LD_LIBRARY_PATH} PYTHONPATH=/home/rosi/ws_dual_arm/build/easy_handeye2/prefix_override:/usr/lib/python3/dist-packages/colcon_core/task/python/colcon_distutils_commands:/home/rosi/ws_dual_arm/install/easy_handeye2/lib/python3.10/site-packages:/home/rosi/ws_dual_arm/install/easy_handeye2_msgs/local/lib/python3.10/dist-packages:${PYTHONPATH} /usr/bin/python3 -W ignore:setup.py install is deprecated -W ignore:easy_install command is deprecated setup.py develop --editable --build-directory /home/rosi/ws_dual_arm/build/easy_handeye2/build --no-deps symlink_data
[1.066s] running develop
[1.261s] running egg_info
[1.262s] creating easy_handeye2.egg-info
[1.262s] writing easy_handeye2.egg-info/PKG-INFO
[1.262s] writing dependency_links to easy_handeye2.egg-info/dependency_links.txt
[1.262s] writing entry points to easy_handeye2.egg-info/entry_points.txt
[1.262s] writing requirements to easy_handeye2.egg-info/requires.txt
[1.263s] writing top-level names to easy_handeye2.egg-info/top_level.txt
[1.264s] writing manifest file 'easy_handeye2.egg-info/SOURCES.txt'
[1.266s] reading manifest file 'easy_handeye2.egg-info/SOURCES.txt'
[1.267s] writing manifest file 'easy_handeye2.egg-info/SOURCES.txt'
[1.269s] running build_ext
[1.269s] Creating /home/rosi/ws_dual_arm/install/easy_handeye2/lib/python3.10/site-packages/easy-handeye2.egg-link (link to .)
[1.270s] Installing handeye_calibration_commander script to /home/rosi/ws_dual_arm/install/easy_handeye2/lib/easy_handeye2
[1.270s] Installing handeye_publisher script to /home/rosi/ws_dual_arm/install/easy_handeye2/lib/easy_handeye2
[1.270s] Installing handeye_server script to /home/rosi/ws_dual_arm/install/easy_handeye2/lib/easy_handeye2
[1.270s] Installing handeye_server_robot script to /home/rosi/ws_dual_arm/install/easy_handeye2/lib/easy_handeye2
[1.271s] Installing rqt_calibrator.py script to /home/rosi/ws_dual_arm/install/easy_handeye2/lib/easy_handeye2
[1.272s] Installing rqt_evaluator.py script to /home/rosi/ws_dual_arm/install/easy_handeye2/lib/easy_handeye2
[1.272s] 
[1.272s] Installed /home/rosi/ws_dual_arm/build/easy_handeye2
[1.272s] running symlink_data
[1.273s] creating /home/rosi/ws_dual_arm/install/easy_handeye2/share/ament_index
[1.273s] creating /home/rosi/ws_dual_arm/install/easy_handeye2/share/ament_index/resource_index
[1.273s] creating /home/rosi/ws_dual_arm/install/easy_handeye2/share/ament_index/resource_index/packages
[1.273s] symbolically linking /home/rosi/ws_dual_arm/build/easy_handeye2/resource/easy_handeye2 -> /home/rosi/ws_dual_arm/install/easy_handeye2/share/ament_index/resource_index/packages
[1.273s] creating /home/rosi/ws_dual_arm/install/easy_handeye2/share/easy_handeye2/resource
[1.273s] symbolically linking /home/rosi/ws_dual_arm/build/easy_handeye2/resource/rqt_handeye_info.ui -> /home/rosi/ws_dual_arm/install/easy_handeye2/share/easy_handeye2/resource
[1.273s] symbolically linking /home/rosi/ws_dual_arm/build/easy_handeye2/resource/rqt_handeye_evaluator.ui -> /home/rosi/ws_dual_arm/install/easy_handeye2/share/easy_handeye2/resource
[1.273s] symbolically linking /home/rosi/ws_dual_arm/build/easy_handeye2/resource/rqt_handeye.ui -> /home/rosi/ws_dual_arm/install/easy_handeye2/share/easy_handeye2/resource
[1.273s] symbolically linking /home/rosi/ws_dual_arm/build/easy_handeye2/package.xml -> /home/rosi/ws_dual_arm/install/easy_handeye2/share/easy_handeye2
[1.273s] symbolically linking /home/rosi/ws_dual_arm/build/easy_handeye2/plugin_evaluator.xml -> /home/rosi/ws_dual_arm/install/easy_handeye2/share/easy_handeye2
[1.273s] symbolically linking /home/rosi/ws_dual_arm/build/easy_handeye2/plugin_calibrator.xml -> /home/rosi/ws_dual_arm/install/easy_handeye2/share/easy_handeye2
[1.273s] creating /home/rosi/ws_dual_arm/install/easy_handeye2/share/easy_handeye2/launch
[1.273s] symbolically linking /home/rosi/ws_dual_arm/build/easy_handeye2/launch/calibrate.launch.py -> /home/rosi/ws_dual_arm/install/easy_handeye2/share/easy_handeye2/launch
[1.273s] symbolically linking /home/rosi/ws_dual_arm/build/easy_handeye2/launch/evaluate.launch.py -> /home/rosi/ws_dual_arm/install/easy_handeye2/share/easy_handeye2/launch
[1.273s] symbolically linking /home/rosi/ws_dual_arm/build/easy_handeye2/launch/publish.launch.py -> /home/rosi/ws_dual_arm/install/easy_handeye2/share/easy_handeye2/launch
[1.315s] Invoked command in '/home/rosi/ws_dual_arm/build/easy_handeye2' returned '0': AMENT_PREFIX_PATH=/home/rosi/ws_dual_arm/install/easy_handeye2_msgs:${AMENT_PREFIX_PATH} CMAKE_PREFIX_PATH=/home/rosi/ws_dual_arm/install/easy_handeye2_msgs:${CMAKE_PREFIX_PATH} LD_LIBRARY_PATH=/home/rosi/ws_dual_arm/install/easy_handeye2_msgs/lib:${LD_LIBRARY_PATH} PYTHONPATH=/home/rosi/ws_dual_arm/build/easy_handeye2/prefix_override:/usr/lib/python3/dist-packages/colcon_core/task/python/colcon_distutils_commands:/home/rosi/ws_dual_arm/install/easy_handeye2/lib/python3.10/site-packages:/home/rosi/ws_dual_arm/install/easy_handeye2_msgs/local/lib/python3.10/dist-packages:${PYTHONPATH} /usr/bin/python3 -W ignore:setup.py install is deprecated -W ignore:easy_install command is deprecated setup.py develop --editable --build-directory /home/rosi/ws_dual_arm/build/easy_handeye2/build --no-deps symlink_data
