[0.015s] Invoking command in '/home/rosi/ws_dual_arm/build/robotiq_driver': CMAKE_PREFIX_PATH=${CMAKE_PREFIX_PATH}:/opt/ros/humble /usr/bin/cmake /home/rosi/ws_dual_arm/src/ros2_robotiq_gripper/robotiq_driver -DCMAKE_INSTALL_PREFIX=/home/rosi/ws_dual_arm/install/robotiq_driver
[0.026s] -- Found ament_cmake: 1.3.14 (/opt/ros/humble/share/ament_cmake/cmake)
[0.185s] -- Found hardware_interface: 2.53.1 (/opt/ros/humble/share/hardware_interface/cmake)
[0.207s] -- Found rosidl_generator_c: 3.1.8 (/opt/ros/humble/share/rosidl_generator_c/cmake)
[0.210s] -- Found rosidl_adapter: 3.1.8 (/opt/ros/humble/share/rosidl_adapter/cmake)
[0.219s] -- Found rosidl_generator_cpp: 3.1.8 (/opt/ros/humble/share/rosidl_generator_cpp/cmake)
[0.237s] -- Using all available rosidl_typesupport_c: rosidl_typesupport_fastrtps_c;rosidl_typesupport_introspection_c
[0.251s] -- Using all available rosidl_typesupport_cpp: rosidl_typesupport_fastrtps_cpp;rosidl_typesupport_introspection_cpp
[0.344s] -- Found rmw_implementation_cmake: 6.1.2 (/opt/ros/humble/share/rmw_implementation_cmake/cmake)
[0.344s] -- Found rmw_fastrtps_cpp: 6.2.10 (/opt/ros/humble/share/rmw_fastrtps_cpp/cmake)
[0.354s] -- Found TinyXML2 via Config file: TinyXML2_DIR-NOTFOUND
[0.360s] -- Found TinyXML2 via Config file: TinyXML2_DIR-NOTFOUND
[0.373s] -- Found TinyXML2 via Config file: TinyXML2_DIR-NOTFOUND
[0.380s] -- Found TinyXML2 via Config file: TinyXML2_DIR-NOTFOUND
[0.388s] -- Using RMW implementation 'rmw_fastrtps_cpp' as default
[0.449s] [31mCMake Error at CMakeLists.txt:18 (find_package):
[0.449s]   By not providing "Findserial.cmake" in CMAKE_MODULE_PATH this project has
[0.449s]   asked CMake to find a package configuration file provided by "serial", but
[0.449s]   CMake did not find one.
[0.449s] 
[0.449s]   Could not find a package configuration file provided by "serial" with any
[0.449s]   of the following names:
[0.449s] 
[0.449s]     serialConfig.cmake
[0.449s]     serial-config.cmake
[0.449s] 
[0.449s]   Add the installation prefix of "serial" to CMAKE_PREFIX_PATH or set
[0.449s]   "serial_DIR" to a directory containing one of the above files.  If "serial"
[0.449s]   provides a separate development package or SDK, be sure it has been
[0.449s]   installed.
[0.449s] 
[0.449s] [0m
[0.449s] -- Configuring incomplete, errors occurred!
[0.449s] See also "/home/rosi/ws_dual_arm/build/robotiq_driver/CMakeFiles/CMakeOutput.log".
[0.456s] Invoked command in '/home/rosi/ws_dual_arm/build/robotiq_driver' returned '1': CMAKE_PREFIX_PATH=${CMAKE_PREFIX_PATH}:/opt/ros/humble /usr/bin/cmake /home/rosi/ws_dual_arm/src/ros2_robotiq_gripper/robotiq_driver -DCMAKE_INSTALL_PREFIX=/home/rosi/ws_dual_arm/install/robotiq_driver
