[0.851s] Invoking command in '/home/rosi/ws_dual_arm/build/easy_handeye2': AMENT_PREFIX_PATH=/home/rosi/ws_dual_arm/install/easy_handeye2_msgs:${AMENT_PREFIX_PATH} CMAKE_PREFIX_PATH=/home/rosi/ws_dual_arm/install/easy_handeye2_msgs LD_LIBRARY_PATH=/home/rosi/ws_dual_arm/install/easy_handeye2_msgs/lib:${LD_LIBRARY_PATH} PYTHONPATH=/home/rosi/ws_dual_arm/build/easy_handeye2/prefix_override:/usr/lib/python3/dist-packages/colcon_core/task/python/colcon_distutils_commands:/home/rosi/ws_dual_arm/install/easy_handeye2/lib/python3.10/site-packages:/home/rosi/ws_dual_arm/install/easy_handeye2_msgs/local/lib/python3.10/dist-packages:${PYTHONPATH} /usr/bin/python3 -W ignore:setup.py install is deprecated -W ignore:easy_install command is deprecated setup.py develop --uninstall --editable --build-directory /home/rosi/ws_dual_arm/build/easy_handeye2/build
[1.165s] running develop
[1.358s] Removing /home/rosi/ws_dual_arm/install/easy_handeye2/lib/python3.10/site-packages/easy-handeye2.egg-link (link to .)
[1.358s] Note: you must uninstall or replace scripts manually!
[1.384s] Invoked command in '/home/rosi/ws_dual_arm/build/easy_handeye2' returned '0': AMENT_PREFIX_PATH=/home/rosi/ws_dual_arm/install/easy_handeye2_msgs:${AMENT_PREFIX_PATH} CMAKE_PREFIX_PATH=/home/rosi/ws_dual_arm/install/easy_handeye2_msgs LD_LIBRARY_PATH=/home/rosi/ws_dual_arm/install/easy_handeye2_msgs/lib:${LD_LIBRARY_PATH} PYTHONPATH=/home/rosi/ws_dual_arm/build/easy_handeye2/prefix_override:/usr/lib/python3/dist-packages/colcon_core/task/python/colcon_distutils_commands:/home/rosi/ws_dual_arm/install/easy_handeye2/lib/python3.10/site-packages:/home/rosi/ws_dual_arm/install/easy_handeye2_msgs/local/lib/python3.10/dist-packages:${PYTHONPATH} /usr/bin/python3 -W ignore:setup.py install is deprecated -W ignore:easy_install command is deprecated setup.py develop --uninstall --editable --build-directory /home/rosi/ws_dual_arm/build/easy_handeye2/build
[1.387s] Invoking command in '/home/rosi/ws_dual_arm/src/easy_handeye2/easy_handeye2': AMENT_PREFIX_PATH=/home/rosi/ws_dual_arm/install/easy_handeye2_msgs:${AMENT_PREFIX_PATH} CMAKE_PREFIX_PATH=/home/rosi/ws_dual_arm/install/easy_handeye2_msgs LD_LIBRARY_PATH=/home/rosi/ws_dual_arm/install/easy_handeye2_msgs/lib:${LD_LIBRARY_PATH} PYTHONPATH=/home/rosi/ws_dual_arm/build/easy_handeye2/prefix_override:/usr/lib/python3/dist-packages/colcon_core/task/python/colcon_distutils_commands:/home/rosi/ws_dual_arm/install/easy_handeye2/lib/python3.10/site-packages:/home/rosi/ws_dual_arm/install/easy_handeye2_msgs/local/lib/python3.10/dist-packages:${PYTHONPATH} /usr/bin/python3 -W ignore:setup.py install is deprecated -W ignore:easy_install command is deprecated setup.py egg_info --egg-base ../../../build/easy_handeye2 build --build-base /home/rosi/ws_dual_arm/build/easy_handeye2/build install --record /home/rosi/ws_dual_arm/build/easy_handeye2/install.log --single-version-externally-managed install_data --force
[1.658s] running egg_info
[1.659s] writing ../../../build/easy_handeye2/easy_handeye2.egg-info/PKG-INFO
[1.659s] writing dependency_links to ../../../build/easy_handeye2/easy_handeye2.egg-info/dependency_links.txt
[1.660s] writing entry points to ../../../build/easy_handeye2/easy_handeye2.egg-info/entry_points.txt
[1.660s] writing requirements to ../../../build/easy_handeye2/easy_handeye2.egg-info/requires.txt
[1.660s] writing top-level names to ../../../build/easy_handeye2/easy_handeye2.egg-info/top_level.txt
[1.664s] reading manifest file '../../../build/easy_handeye2/easy_handeye2.egg-info/SOURCES.txt'
[1.665s] writing manifest file '../../../build/easy_handeye2/easy_handeye2.egg-info/SOURCES.txt'
[1.666s] running build
[1.666s] running build_py
[1.666s] creating /home/rosi/ws_dual_arm/build/easy_handeye2/build
[1.666s] creating /home/rosi/ws_dual_arm/build/easy_handeye2/build/lib
[1.666s] creating /home/rosi/ws_dual_arm/build/easy_handeye2/build/lib/easy_handeye2
[1.666s] copying easy_handeye2/common_launch.py -> /home/rosi/ws_dual_arm/build/easy_handeye2/build/lib/easy_handeye2
[1.667s] copying easy_handeye2/handeye_rqt_evaluator.py -> /home/rosi/ws_dual_arm/build/easy_handeye2/build/lib/easy_handeye2
[1.667s] copying easy_handeye2/handeye_rqt_calibrator_widget.py -> /home/rosi/ws_dual_arm/build/easy_handeye2/build/lib/easy_handeye2
[1.667s] copying easy_handeye2/handeye_robot.py -> /home/rosi/ws_dual_arm/build/easy_handeye2/build/lib/easy_handeye2
[1.667s] copying easy_handeye2/__init__.py -> /home/rosi/ws_dual_arm/build/easy_handeye2/build/lib/easy_handeye2
[1.667s] copying easy_handeye2/handeye_rqt_calibrator.py -> /home/rosi/ws_dual_arm/build/easy_handeye2/build/lib/easy_handeye2
[1.667s] copying easy_handeye2/handeye_calibration.py -> /home/rosi/ws_dual_arm/build/easy_handeye2/build/lib/easy_handeye2
[1.668s] copying easy_handeye2/handeye_sampler.py -> /home/rosi/ws_dual_arm/build/easy_handeye2/build/lib/easy_handeye2
[1.668s] copying easy_handeye2/handeye_rqt_evaluator_widget.py -> /home/rosi/ws_dual_arm/build/easy_handeye2/build/lib/easy_handeye2
[1.668s] copying easy_handeye2/handeye_calibration_commander.py -> /home/rosi/ws_dual_arm/build/easy_handeye2/build/lib/easy_handeye2
[1.668s] copying easy_handeye2/handeye_server_robot.py -> /home/rosi/ws_dual_arm/build/easy_handeye2/build/lib/easy_handeye2
[1.668s] copying easy_handeye2/handeye_publisher.py -> /home/rosi/ws_dual_arm/build/easy_handeye2/build/lib/easy_handeye2
[1.669s] copying easy_handeye2/handeye_server.py -> /home/rosi/ws_dual_arm/build/easy_handeye2/build/lib/easy_handeye2
[1.669s] copying easy_handeye2/handeye_client.py -> /home/rosi/ws_dual_arm/build/easy_handeye2/build/lib/easy_handeye2
[1.669s] copying easy_handeye2/handeye_calibration_backend_opencv.py -> /home/rosi/ws_dual_arm/build/easy_handeye2/build/lib/easy_handeye2
[1.669s] running build_scripts
[1.670s] creating /home/rosi/ws_dual_arm/build/easy_handeye2/build/scripts-3.10
[1.670s] copying and adjusting scripts/rqt_calibrator.py -> /home/rosi/ws_dual_arm/build/easy_handeye2/build/scripts-3.10
[1.670s] copying and adjusting scripts/rqt_evaluator.py -> /home/rosi/ws_dual_arm/build/easy_handeye2/build/scripts-3.10
[1.670s] changing mode of /home/rosi/ws_dual_arm/build/easy_handeye2/build/scripts-3.10/rqt_calibrator.py from 664 to 775
[1.670s] changing mode of /home/rosi/ws_dual_arm/build/easy_handeye2/build/scripts-3.10/rqt_evaluator.py from 664 to 775
[1.670s] running install
[1.670s] running install_lib
[1.671s] creating /home/rosi/ws_dual_arm/install/easy_handeye2/lib/python3.10/site-packages/easy_handeye2
[1.672s] copying /home/rosi/ws_dual_arm/build/easy_handeye2/build/lib/easy_handeye2/common_launch.py -> /home/rosi/ws_dual_arm/install/easy_handeye2/lib/python3.10/site-packages/easy_handeye2
[1.672s] copying /home/rosi/ws_dual_arm/build/easy_handeye2/build/lib/easy_handeye2/handeye_rqt_evaluator.py -> /home/rosi/ws_dual_arm/install/easy_handeye2/lib/python3.10/site-packages/easy_handeye2
[1.672s] copying /home/rosi/ws_dual_arm/build/easy_handeye2/build/lib/easy_handeye2/handeye_rqt_calibrator_widget.py -> /home/rosi/ws_dual_arm/install/easy_handeye2/lib/python3.10/site-packages/easy_handeye2
[1.672s] copying /home/rosi/ws_dual_arm/build/easy_handeye2/build/lib/easy_handeye2/handeye_robot.py -> /home/rosi/ws_dual_arm/install/easy_handeye2/lib/python3.10/site-packages/easy_handeye2
[1.672s] copying /home/rosi/ws_dual_arm/build/easy_handeye2/build/lib/easy_handeye2/__init__.py -> /home/rosi/ws_dual_arm/install/easy_handeye2/lib/python3.10/site-packages/easy_handeye2
[1.672s] copying /home/rosi/ws_dual_arm/build/easy_handeye2/build/lib/easy_handeye2/handeye_rqt_calibrator.py -> /home/rosi/ws_dual_arm/install/easy_handeye2/lib/python3.10/site-packages/easy_handeye2
[1.672s] copying /home/rosi/ws_dual_arm/build/easy_handeye2/build/lib/easy_handeye2/handeye_calibration.py -> /home/rosi/ws_dual_arm/install/easy_handeye2/lib/python3.10/site-packages/easy_handeye2
[1.672s] copying /home/rosi/ws_dual_arm/build/easy_handeye2/build/lib/easy_handeye2/handeye_sampler.py -> /home/rosi/ws_dual_arm/install/easy_handeye2/lib/python3.10/site-packages/easy_handeye2
[1.672s] copying /home/rosi/ws_dual_arm/build/easy_handeye2/build/lib/easy_handeye2/handeye_rqt_evaluator_widget.py -> /home/rosi/ws_dual_arm/install/easy_handeye2/lib/python3.10/site-packages/easy_handeye2
[1.672s] copying /home/rosi/ws_dual_arm/build/easy_handeye2/build/lib/easy_handeye2/handeye_calibration_commander.py -> /home/rosi/ws_dual_arm/install/easy_handeye2/lib/python3.10/site-packages/easy_handeye2
[1.672s] copying /home/rosi/ws_dual_arm/build/easy_handeye2/build/lib/easy_handeye2/handeye_server_robot.py -> /home/rosi/ws_dual_arm/install/easy_handeye2/lib/python3.10/site-packages/easy_handeye2
[1.672s] copying /home/rosi/ws_dual_arm/build/easy_handeye2/build/lib/easy_handeye2/handeye_publisher.py -> /home/rosi/ws_dual_arm/install/easy_handeye2/lib/python3.10/site-packages/easy_handeye2
[1.672s] copying /home/rosi/ws_dual_arm/build/easy_handeye2/build/lib/easy_handeye2/handeye_server.py -> /home/rosi/ws_dual_arm/install/easy_handeye2/lib/python3.10/site-packages/easy_handeye2
[1.672s] copying /home/rosi/ws_dual_arm/build/easy_handeye2/build/lib/easy_handeye2/handeye_client.py -> /home/rosi/ws_dual_arm/install/easy_handeye2/lib/python3.10/site-packages/easy_handeye2
[1.673s] copying /home/rosi/ws_dual_arm/build/easy_handeye2/build/lib/easy_handeye2/handeye_calibration_backend_opencv.py -> /home/rosi/ws_dual_arm/install/easy_handeye2/lib/python3.10/site-packages/easy_handeye2
[1.673s] byte-compiling /home/rosi/ws_dual_arm/install/easy_handeye2/lib/python3.10/site-packages/easy_handeye2/common_launch.py to common_launch.cpython-310.pyc
[1.673s] byte-compiling /home/rosi/ws_dual_arm/install/easy_handeye2/lib/python3.10/site-packages/easy_handeye2/handeye_rqt_evaluator.py to handeye_rqt_evaluator.cpython-310.pyc
[1.673s] byte-compiling /home/rosi/ws_dual_arm/install/easy_handeye2/lib/python3.10/site-packages/easy_handeye2/handeye_rqt_calibrator_widget.py to handeye_rqt_calibrator_widget.cpython-310.pyc
[1.675s] byte-compiling /home/rosi/ws_dual_arm/install/easy_handeye2/lib/python3.10/site-packages/easy_handeye2/handeye_robot.py to handeye_robot.cpython-310.pyc
[1.677s] byte-compiling /home/rosi/ws_dual_arm/install/easy_handeye2/lib/python3.10/site-packages/easy_handeye2/__init__.py to __init__.cpython-310.pyc
[1.677s] byte-compiling /home/rosi/ws_dual_arm/install/easy_handeye2/lib/python3.10/site-packages/easy_handeye2/handeye_rqt_calibrator.py to handeye_rqt_calibrator.cpython-310.pyc
[1.678s] byte-compiling /home/rosi/ws_dual_arm/install/easy_handeye2/lib/python3.10/site-packages/easy_handeye2/handeye_calibration.py to handeye_calibration.cpython-310.pyc
[1.678s] byte-compiling /home/rosi/ws_dual_arm/install/easy_handeye2/lib/python3.10/site-packages/easy_handeye2/handeye_sampler.py to handeye_sampler.cpython-310.pyc
[1.679s] byte-compiling /home/rosi/ws_dual_arm/install/easy_handeye2/lib/python3.10/site-packages/easy_handeye2/handeye_rqt_evaluator_widget.py to handeye_rqt_evaluator_widget.cpython-310.pyc
[1.681s] byte-compiling /home/rosi/ws_dual_arm/install/easy_handeye2/lib/python3.10/site-packages/easy_handeye2/handeye_calibration_commander.py to handeye_calibration_commander.cpython-310.pyc
[1.682s] byte-compiling /home/rosi/ws_dual_arm/install/easy_handeye2/lib/python3.10/site-packages/easy_handeye2/handeye_server_robot.py to handeye_server_robot.cpython-310.pyc
[1.682s] byte-compiling /home/rosi/ws_dual_arm/install/easy_handeye2/lib/python3.10/site-packages/easy_handeye2/handeye_publisher.py to handeye_publisher.cpython-310.pyc
[1.683s] byte-compiling /home/rosi/ws_dual_arm/install/easy_handeye2/lib/python3.10/site-packages/easy_handeye2/handeye_server.py to handeye_server.cpython-310.pyc
[1.684s] byte-compiling /home/rosi/ws_dual_arm/install/easy_handeye2/lib/python3.10/site-packages/easy_handeye2/handeye_client.py to handeye_client.cpython-310.pyc
[1.685s] byte-compiling /home/rosi/ws_dual_arm/install/easy_handeye2/lib/python3.10/site-packages/easy_handeye2/handeye_calibration_backend_opencv.py to handeye_calibration_backend_opencv.cpython-310.pyc
[1.686s] running install_data
[1.686s] copying resource/easy_handeye2 -> /home/rosi/ws_dual_arm/install/easy_handeye2/share/ament_index/resource_index/packages
[1.687s] copying resource/rqt_handeye_info.ui -> /home/rosi/ws_dual_arm/install/easy_handeye2/share/easy_handeye2/resource
[1.687s] copying resource/rqt_handeye_evaluator.ui -> /home/rosi/ws_dual_arm/install/easy_handeye2/share/easy_handeye2/resource
[1.687s] copying resource/rqt_handeye.ui -> /home/rosi/ws_dual_arm/install/easy_handeye2/share/easy_handeye2/resource
[1.688s] copying package.xml -> /home/rosi/ws_dual_arm/install/easy_handeye2/share/easy_handeye2
[1.688s] copying plugin_evaluator.xml -> /home/rosi/ws_dual_arm/install/easy_handeye2/share/easy_handeye2
[1.688s] copying plugin_calibrator.xml -> /home/rosi/ws_dual_arm/install/easy_handeye2/share/easy_handeye2
[1.688s] copying launch/calibrate.launch.py -> /home/rosi/ws_dual_arm/install/easy_handeye2/share/easy_handeye2/launch
[1.688s] copying launch/evaluate.launch.py -> /home/rosi/ws_dual_arm/install/easy_handeye2/share/easy_handeye2/launch
[1.689s] copying launch/publish.launch.py -> /home/rosi/ws_dual_arm/install/easy_handeye2/share/easy_handeye2/launch
[1.689s] running install_egg_info
[1.691s] Copying ../../../build/easy_handeye2/easy_handeye2.egg-info to /home/rosi/ws_dual_arm/install/easy_handeye2/lib/python3.10/site-packages/easy_handeye2-0.5.0-py3.10.egg-info
[1.691s] running install_scripts
[1.712s] copying /home/rosi/ws_dual_arm/build/easy_handeye2/build/scripts-3.10/rqt_evaluator.py -> /home/rosi/ws_dual_arm/install/easy_handeye2/lib/easy_handeye2
[1.712s] copying /home/rosi/ws_dual_arm/build/easy_handeye2/build/scripts-3.10/rqt_calibrator.py -> /home/rosi/ws_dual_arm/install/easy_handeye2/lib/easy_handeye2
[1.712s] changing mode of /home/rosi/ws_dual_arm/install/easy_handeye2/lib/easy_handeye2/rqt_evaluator.py to 775
[1.712s] changing mode of /home/rosi/ws_dual_arm/install/easy_handeye2/lib/easy_handeye2/rqt_calibrator.py to 775
[1.714s] Installing handeye_calibration_commander script to /home/rosi/ws_dual_arm/install/easy_handeye2/lib/easy_handeye2
[1.714s] Installing handeye_publisher script to /home/rosi/ws_dual_arm/install/easy_handeye2/lib/easy_handeye2
[1.714s] Installing handeye_server script to /home/rosi/ws_dual_arm/install/easy_handeye2/lib/easy_handeye2
[1.714s] Installing handeye_server_robot script to /home/rosi/ws_dual_arm/install/easy_handeye2/lib/easy_handeye2
[1.714s] writing list of installed files to '/home/rosi/ws_dual_arm/build/easy_handeye2/install.log'
[1.738s] Invoked command in '/home/rosi/ws_dual_arm/src/easy_handeye2/easy_handeye2' returned '0': AMENT_PREFIX_PATH=/home/rosi/ws_dual_arm/install/easy_handeye2_msgs:${AMENT_PREFIX_PATH} CMAKE_PREFIX_PATH=/home/rosi/ws_dual_arm/install/easy_handeye2_msgs LD_LIBRARY_PATH=/home/rosi/ws_dual_arm/install/easy_handeye2_msgs/lib:${LD_LIBRARY_PATH} PYTHONPATH=/home/rosi/ws_dual_arm/build/easy_handeye2/prefix_override:/usr/lib/python3/dist-packages/colcon_core/task/python/colcon_distutils_commands:/home/rosi/ws_dual_arm/install/easy_handeye2/lib/python3.10/site-packages:/home/rosi/ws_dual_arm/install/easy_handeye2_msgs/local/lib/python3.10/dist-packages:${PYTHONPATH} /usr/bin/python3 -W ignore:setup.py install is deprecated -W ignore:easy_install command is deprecated setup.py egg_info --egg-base ../../../build/easy_handeye2 build --build-base /home/rosi/ws_dual_arm/build/easy_handeye2/build install --record /home/rosi/ws_dual_arm/build/easy_handeye2/install.log --single-version-externally-managed install_data --force
