[0.040s] Invoking command in '/home/rosi/ws_dual_arm/build/dual_arm_pkg': CMAKE_PREFIX_PATH=/opt/ros/humble /usr/bin/cmake /home/rosi/ws_dual_arm/src/dual_arm_pkg -DAMENT_CMAKE_SYMLINK_INSTALL=1 -DCMAKE_INSTALL_PREFIX=/home/rosi/ws_dual_arm/install/dual_arm_pkg
[0.080s] -- Found ament_cmake: 1.3.14 (/opt/ros/humble/share/ament_cmake/cmake)
[0.324s] -- Override CMake install command with custom implementation using symlinks instead of copying resources
[0.450s] -- Configuring done
[0.453s] -- Generating done
[0.454s] -- Build files have been written to: /home/rosi/ws_dual_arm/build/dual_arm_pkg
[0.457s] Invoked command in '/home/rosi/ws_dual_arm/build/dual_arm_pkg' returned '0': CMAKE_PREFIX_PATH=/opt/ros/humble /usr/bin/cmake /home/rosi/ws_dual_arm/src/dual_arm_pkg -DAMENT_CMAKE_SYMLINK_INSTALL=1 -DCMAKE_INSTALL_PREFIX=/home/rosi/ws_dual_arm/install/dual_arm_pkg
[0.460s] Invoking command in '/home/rosi/ws_dual_arm/build/dual_arm_pkg': CMAKE_PREFIX_PATH=/opt/ros/humble /usr/bin/cmake --build /home/rosi/ws_dual_arm/build/dual_arm_pkg -- -j20 -l20
[0.507s] Invoked command in '/home/rosi/ws_dual_arm/build/dual_arm_pkg' returned '0': CMAKE_PREFIX_PATH=/opt/ros/humble /usr/bin/cmake --build /home/rosi/ws_dual_arm/build/dual_arm_pkg -- -j20 -l20
[0.519s] Invoking command in '/home/rosi/ws_dual_arm/build/dual_arm_pkg': CMAKE_PREFIX_PATH=/opt/ros/humble /usr/bin/cmake --install /home/rosi/ws_dual_arm/build/dual_arm_pkg
[0.531s] -- Install configuration: "Release"
[0.532s] -- Execute custom install script
[0.532s] -- Symlinking: /home/rosi/ws_dual_arm/install/dual_arm_pkg/share/dual_arm_pkg/urdf/dual_arm.urdf.xacro
[0.550s] -- Symlinking: /home/rosi/ws_dual_arm/install/dual_arm_pkg/share/dual_arm_pkg/launch/display.launch.py
[0.564s] -- Symlinking: /home/rosi/ws_dual_arm/install/dual_arm_pkg/share/dual_arm_pkg/config/initial_positions.yaml
[0.578s] -- Symlinking: /home/rosi/ws_dual_arm/install/dual_arm_pkg/share/dual_arm_pkg/meshes/collision/2f_140/robotiq_2f_140_base_link.stl
[0.588s] -- Symlinking: /home/rosi/ws_dual_arm/install/dual_arm_pkg/share/dual_arm_pkg/meshes/collision/2f_140/robotiq_2f_140_coupling.stl
[0.600s] -- Symlinking: /home/rosi/ws_dual_arm/install/dual_arm_pkg/share/dual_arm_pkg/meshes/collision/2f_140/robotiq_2f_140_inner_finger.stl
[0.610s] -- Symlinking: /home/rosi/ws_dual_arm/install/dual_arm_pkg/share/dual_arm_pkg/meshes/collision/2f_140/robotiq_2f_140_inner_knuckle.stl
[0.622s] -- Symlinking: /home/rosi/ws_dual_arm/install/dual_arm_pkg/share/dual_arm_pkg/meshes/collision/2f_140/robotiq_2f_140_outer_finger.stl
[0.632s] -- Symlinking: /home/rosi/ws_dual_arm/install/dual_arm_pkg/share/dual_arm_pkg/meshes/collision/2f_140/robotiq_2f_140_outer_knuckle.stl
[0.644s] -- Symlinking: /home/rosi/ws_dual_arm/install/dual_arm_pkg/share/dual_arm_pkg/meshes/collision/ur10e/base.stl
[0.653s] -- Symlinking: /home/rosi/ws_dual_arm/install/dual_arm_pkg/share/dual_arm_pkg/meshes/collision/ur10e/forearm.stl
[0.665s] -- Symlinking: /home/rosi/ws_dual_arm/install/dual_arm_pkg/share/dual_arm_pkg/meshes/collision/ur10e/shoulder.stl
[0.678s] -- Symlinking: /home/rosi/ws_dual_arm/install/dual_arm_pkg/share/dual_arm_pkg/meshes/collision/ur10e/upperarm.stl
[0.689s] -- Symlinking: /home/rosi/ws_dual_arm/install/dual_arm_pkg/share/dual_arm_pkg/meshes/collision/ur10e/wrist1.stl
[0.697s] -- Symlinking: /home/rosi/ws_dual_arm/install/dual_arm_pkg/share/dual_arm_pkg/meshes/collision/ur10e/wrist2.stl
[0.708s] -- Symlinking: /home/rosi/ws_dual_arm/install/dual_arm_pkg/share/dual_arm_pkg/meshes/collision/ur10e/wrist3.stl
[0.717s] -- Symlinking: /home/rosi/ws_dual_arm/install/dual_arm_pkg/share/dual_arm_pkg/meshes/visual/2f_140/robotiq_2f_140_base_link.stl
[0.728s] -- Symlinking: /home/rosi/ws_dual_arm/install/dual_arm_pkg/share/dual_arm_pkg/meshes/visual/2f_140/robotiq_2f_140_coupling.stl
[0.741s] -- Symlinking: /home/rosi/ws_dual_arm/install/dual_arm_pkg/share/dual_arm_pkg/meshes/visual/2f_140/robotiq_2f_140_inner_finger.stl
[0.750s] -- Symlinking: /home/rosi/ws_dual_arm/install/dual_arm_pkg/share/dual_arm_pkg/meshes/visual/2f_140/robotiq_2f_140_inner_knuckle.stl
[0.760s] -- Symlinking: /home/rosi/ws_dual_arm/install/dual_arm_pkg/share/dual_arm_pkg/meshes/visual/2f_140/robotiq_2f_140_outer_finger.stl
[0.769s] -- Symlinking: /home/rosi/ws_dual_arm/install/dual_arm_pkg/share/dual_arm_pkg/meshes/visual/2f_140/robotiq_2f_140_outer_knuckle.stl
[0.781s] -- Symlinking: /home/rosi/ws_dual_arm/install/dual_arm_pkg/share/dual_arm_pkg/meshes/visual/cobot_frame.stl
[0.795s] -- Symlinking: /home/rosi/ws_dual_arm/install/dual_arm_pkg/share/dual_arm_pkg/meshes/visual/cobot_frame_simple.stl
[0.808s] -- Symlinking: /home/rosi/ws_dual_arm/install/dual_arm_pkg/share/dual_arm_pkg/meshes/visual/ur10e/base.dae
[0.817s] -- Symlinking: /home/rosi/ws_dual_arm/install/dual_arm_pkg/share/dual_arm_pkg/meshes/visual/ur10e/forearm.dae
[0.826s] -- Symlinking: /home/rosi/ws_dual_arm/install/dual_arm_pkg/share/dual_arm_pkg/meshes/visual/ur10e/shoulder.dae
[0.835s] -- Symlinking: /home/rosi/ws_dual_arm/install/dual_arm_pkg/share/dual_arm_pkg/meshes/visual/ur10e/upperarm.dae
[0.847s] -- Symlinking: /home/rosi/ws_dual_arm/install/dual_arm_pkg/share/dual_arm_pkg/meshes/visual/ur10e/wrist1.dae
[0.856s] -- Symlinking: /home/rosi/ws_dual_arm/install/dual_arm_pkg/share/dual_arm_pkg/meshes/visual/ur10e/wrist2.dae
[0.865s] -- Symlinking: /home/rosi/ws_dual_arm/install/dual_arm_pkg/share/dual_arm_pkg/meshes/visual/ur10e/wrist3.dae
[0.873s] -- Symlinking: /home/rosi/ws_dual_arm/install/dual_arm_pkg/share/ament_index/resource_index/package_run_dependencies/dual_arm_pkg
[0.884s] -- Symlinking: /home/rosi/ws_dual_arm/install/dual_arm_pkg/share/ament_index/resource_index/parent_prefix_path/dual_arm_pkg
[0.895s] -- Symlinking: /home/rosi/ws_dual_arm/install/dual_arm_pkg/share/dual_arm_pkg/environment/ament_prefix_path.sh
[0.903s] -- Symlinking: /home/rosi/ws_dual_arm/install/dual_arm_pkg/share/dual_arm_pkg/environment/ament_prefix_path.dsv
[0.913s] -- Symlinking: /home/rosi/ws_dual_arm/install/dual_arm_pkg/share/dual_arm_pkg/environment/path.sh
[0.923s] -- Symlinking: /home/rosi/ws_dual_arm/install/dual_arm_pkg/share/dual_arm_pkg/environment/path.dsv
[0.935s] -- Symlinking: /home/rosi/ws_dual_arm/install/dual_arm_pkg/share/dual_arm_pkg/local_setup.bash
[0.945s] -- Symlinking: /home/rosi/ws_dual_arm/install/dual_arm_pkg/share/dual_arm_pkg/local_setup.sh
[0.954s] -- Symlinking: /home/rosi/ws_dual_arm/install/dual_arm_pkg/share/dual_arm_pkg/local_setup.zsh
[0.963s] -- Symlinking: /home/rosi/ws_dual_arm/install/dual_arm_pkg/share/dual_arm_pkg/local_setup.dsv
[0.971s] -- Symlinking: /home/rosi/ws_dual_arm/install/dual_arm_pkg/share/dual_arm_pkg/package.dsv
[0.984s] -- Symlinking: /home/rosi/ws_dual_arm/install/dual_arm_pkg/share/ament_index/resource_index/packages/dual_arm_pkg
[0.995s] -- Symlinking: /home/rosi/ws_dual_arm/install/dual_arm_pkg/share/dual_arm_pkg/cmake/dual_arm_pkgConfig.cmake
[1.005s] -- Symlinking: /home/rosi/ws_dual_arm/install/dual_arm_pkg/share/dual_arm_pkg/cmake/dual_arm_pkgConfig-version.cmake
[1.017s] -- Symlinking: /home/rosi/ws_dual_arm/install/dual_arm_pkg/share/dual_arm_pkg/package.xml
