[0.016s] Invoking command in '/home/rosi/ws_dual_arm/build/zed_wrapper': AMENT_PREFIX_PATH=/home/rosi/ws_dual_arm/install/zed_description:/home/rosi/ws_dual_arm/install/zed_components:${AMENT_PREFIX_PATH} CMAKE_PREFIX_PATH=/home/rosi/ws_dual_arm/install/zed_description:/home/rosi/ws_dual_arm/install/zed_components:/opt/ros/humble LD_LIBRARY_PATH=/home/rosi/ws_dual_arm/install/zed_components/lib:${LD_LIBRARY_PATH} /usr/bin/cmake /home/rosi/ws_dual_arm/src/zed-ros2-wrapper/zed_wrapper -DAMENT_CMAKE_SYMLINK_INSTALL=1 -DCMAKE_INSTALL_PREFIX=/home/rosi/ws_dual_arm/install/zed_wrapper
[0.100s] -- The C compiler identification is GNU 11.4.0
[0.181s] -- The CXX compiler identification is GNU 11.4.0
[0.192s] -- Detecting C compiler ABI info
[0.293s] -- Detecting C compiler ABI info - done
[0.305s] -- Check for working C compiler: /usr/bin/cc - skipped
[0.305s] -- Detecting C compile features
[0.306s] -- Detecting C compile features - done
[0.310s] -- Detecting CXX compiler ABI info
[0.431s] -- Detecting CXX compiler ABI info - done
[0.443s] -- Check for working CXX compiler: /usr/bin/c++ - skipped
[0.443s] -- Detecting CXX compile features
[0.444s] -- Detecting CXX compile features - done
[0.447s] -- Found ament_cmake_auto: 1.3.14 (/opt/ros/humble/share/ament_cmake_auto/cmake)
[0.676s] -- Found Python3: /usr/bin/python3 (found version "3.10.12") found components: Interpreter 
[0.760s] -- Override CMake install command with custom implementation using symlinks instead of copying resources
[0.908s] -- Configuring done
[0.910s] -- Generating done
[0.912s] -- Build files have been written to: /home/rosi/ws_dual_arm/build/zed_wrapper
[0.916s] Invoked command in '/home/rosi/ws_dual_arm/build/zed_wrapper' returned '0': AMENT_PREFIX_PATH=/home/rosi/ws_dual_arm/install/zed_description:/home/rosi/ws_dual_arm/install/zed_components:${AMENT_PREFIX_PATH} CMAKE_PREFIX_PATH=/home/rosi/ws_dual_arm/install/zed_description:/home/rosi/ws_dual_arm/install/zed_components:/opt/ros/humble LD_LIBRARY_PATH=/home/rosi/ws_dual_arm/install/zed_components/lib:${LD_LIBRARY_PATH} /usr/bin/cmake /home/rosi/ws_dual_arm/src/zed-ros2-wrapper/zed_wrapper -DAMENT_CMAKE_SYMLINK_INSTALL=1 -DCMAKE_INSTALL_PREFIX=/home/rosi/ws_dual_arm/install/zed_wrapper
[0.918s] Invoking command in '/home/rosi/ws_dual_arm/build/zed_wrapper': AMENT_PREFIX_PATH=/home/rosi/ws_dual_arm/install/zed_description:/home/rosi/ws_dual_arm/install/zed_components:${AMENT_PREFIX_PATH} CMAKE_PREFIX_PATH=/home/rosi/ws_dual_arm/install/zed_description:/home/rosi/ws_dual_arm/install/zed_components:/opt/ros/humble LD_LIBRARY_PATH=/home/rosi/ws_dual_arm/install/zed_components/lib:${LD_LIBRARY_PATH} /usr/bin/cmake --build /home/rosi/ws_dual_arm/build/zed_wrapper -- -j20 -l20
[0.977s] Invoked command in '/home/rosi/ws_dual_arm/build/zed_wrapper' returned '0': AMENT_PREFIX_PATH=/home/rosi/ws_dual_arm/install/zed_description:/home/rosi/ws_dual_arm/install/zed_components:${AMENT_PREFIX_PATH} CMAKE_PREFIX_PATH=/home/rosi/ws_dual_arm/install/zed_description:/home/rosi/ws_dual_arm/install/zed_components:/opt/ros/humble LD_LIBRARY_PATH=/home/rosi/ws_dual_arm/install/zed_components/lib:${LD_LIBRARY_PATH} /usr/bin/cmake --build /home/rosi/ws_dual_arm/build/zed_wrapper -- -j20 -l20
[0.979s] Invoking command in '/home/rosi/ws_dual_arm/build/zed_wrapper': AMENT_PREFIX_PATH=/home/rosi/ws_dual_arm/install/zed_description:/home/rosi/ws_dual_arm/install/zed_components:${AMENT_PREFIX_PATH} CMAKE_PREFIX_PATH=/home/rosi/ws_dual_arm/install/zed_description:/home/rosi/ws_dual_arm/install/zed_components:/opt/ros/humble LD_LIBRARY_PATH=/home/rosi/ws_dual_arm/install/zed_components/lib:${LD_LIBRARY_PATH} /usr/bin/cmake --install /home/rosi/ws_dual_arm/build/zed_wrapper
[0.994s] -- Install configuration: ""
[0.995s] -- Execute custom install script
[0.996s] -- Symlinking: /home/rosi/ws_dual_arm/install/zed_wrapper/share/zed_wrapper/config/common_mono.yaml
[1.012s] -- Symlinking: /home/rosi/ws_dual_arm/install/zed_wrapper/share/zed_wrapper/config/common_stereo.yaml
[1.027s] -- Symlinking: /home/rosi/ws_dual_arm/install/zed_wrapper/share/zed_wrapper/config/custom_object_detection.yaml
[1.040s] -- Symlinking: /home/rosi/ws_dual_arm/install/zed_wrapper/share/zed_wrapper/config/object_detection.yaml
[1.055s] -- Symlinking: /home/rosi/ws_dual_arm/install/zed_wrapper/share/zed_wrapper/config/virtual.yaml
[1.068s] -- Symlinking: /home/rosi/ws_dual_arm/install/zed_wrapper/share/zed_wrapper/config/zed.yaml
[1.079s] -- Symlinking: /home/rosi/ws_dual_arm/install/zed_wrapper/share/zed_wrapper/config/zed2.yaml
[1.094s] -- Symlinking: /home/rosi/ws_dual_arm/install/zed_wrapper/share/zed_wrapper/config/zed2i.yaml
[1.108s] -- Symlinking: /home/rosi/ws_dual_arm/install/zed_wrapper/share/zed_wrapper/config/zedm.yaml
[1.120s] -- Symlinking: /home/rosi/ws_dual_arm/install/zed_wrapper/share/zed_wrapper/config/zedx.yaml
[1.134s] -- Symlinking: /home/rosi/ws_dual_arm/install/zed_wrapper/share/zed_wrapper/config/zedxhdr.yaml
[1.148s] -- Symlinking: /home/rosi/ws_dual_arm/install/zed_wrapper/share/zed_wrapper/config/zedxhdrmax.yaml
[1.159s] -- Symlinking: /home/rosi/ws_dual_arm/install/zed_wrapper/share/zed_wrapper/config/zedxhdrmini.yaml
[1.173s] -- Symlinking: /home/rosi/ws_dual_arm/install/zed_wrapper/share/zed_wrapper/config/zedxm.yaml
[1.185s] -- Symlinking: /home/rosi/ws_dual_arm/install/zed_wrapper/share/zed_wrapper/config/zedxnano.yaml
[1.198s] -- Symlinking: /home/rosi/ws_dual_arm/install/zed_wrapper/share/zed_wrapper/config/zedxone4k.yaml
[1.209s] -- Symlinking: /home/rosi/ws_dual_arm/install/zed_wrapper/share/zed_wrapper/config/zedxonegs.yaml
[1.221s] -- Symlinking: /home/rosi/ws_dual_arm/install/zed_wrapper/share/zed_wrapper/config/zedxonehdr.yaml
[1.235s] -- Symlinking: /home/rosi/ws_dual_arm/install/zed_wrapper/share/zed_wrapper/urdf/zed_descr.urdf.xacro
[1.247s] -- Symlinking: /home/rosi/ws_dual_arm/install/zed_wrapper/share/zed_wrapper/urdf/zed_macro.urdf.xacro
[1.259s] -- Symlinking: /home/rosi/ws_dual_arm/install/zed_wrapper/share/zed_wrapper/launch/zed_camera.launch.py
[1.273s] -- Symlinking: /home/rosi/ws_dual_arm/install/zed_wrapper/share/ament_index/resource_index/package_run_dependencies/zed_wrapper
[1.286s] -- Symlinking: /home/rosi/ws_dual_arm/install/zed_wrapper/share/ament_index/resource_index/parent_prefix_path/zed_wrapper
[1.299s] -- Symlinking: /home/rosi/ws_dual_arm/install/zed_wrapper/share/zed_wrapper/environment/ament_prefix_path.sh
[1.313s] -- Symlinking: /home/rosi/ws_dual_arm/install/zed_wrapper/share/zed_wrapper/environment/ament_prefix_path.dsv
[1.327s] -- Symlinking: /home/rosi/ws_dual_arm/install/zed_wrapper/share/zed_wrapper/environment/path.sh
[1.340s] -- Symlinking: /home/rosi/ws_dual_arm/install/zed_wrapper/share/zed_wrapper/environment/path.dsv
[1.354s] -- Symlinking: /home/rosi/ws_dual_arm/install/zed_wrapper/share/zed_wrapper/local_setup.bash
[1.368s] -- Symlinking: /home/rosi/ws_dual_arm/install/zed_wrapper/share/zed_wrapper/local_setup.sh
[1.380s] -- Symlinking: /home/rosi/ws_dual_arm/install/zed_wrapper/share/zed_wrapper/local_setup.zsh
[1.394s] -- Symlinking: /home/rosi/ws_dual_arm/install/zed_wrapper/share/zed_wrapper/local_setup.dsv
[1.407s] -- Symlinking: /home/rosi/ws_dual_arm/install/zed_wrapper/share/zed_wrapper/package.dsv
[1.421s] -- Symlinking: /home/rosi/ws_dual_arm/install/zed_wrapper/share/ament_index/resource_index/packages/zed_wrapper
[1.435s] -- Symlinking: /home/rosi/ws_dual_arm/install/zed_wrapper/share/zed_wrapper/cmake/zed_wrapperConfig.cmake
[1.446s] -- Symlinking: /home/rosi/ws_dual_arm/install/zed_wrapper/share/zed_wrapper/cmake/zed_wrapperConfig-version.cmake
[1.459s] -- Symlinking: /home/rosi/ws_dual_arm/install/zed_wrapper/share/zed_wrapper/package.xml
[1.475s] Invoked command in '/home/rosi/ws_dual_arm/build/zed_wrapper' returned '0': AMENT_PREFIX_PATH=/home/rosi/ws_dual_arm/install/zed_description:/home/rosi/ws_dual_arm/install/zed_components:${AMENT_PREFIX_PATH} CMAKE_PREFIX_PATH=/home/rosi/ws_dual_arm/install/zed_description:/home/rosi/ws_dual_arm/install/zed_components:/opt/ros/humble LD_LIBRARY_PATH=/home/rosi/ws_dual_arm/install/zed_components/lib:${LD_LIBRARY_PATH} /usr/bin/cmake --install /home/rosi/ws_dual_arm/build/zed_wrapper
