[0.186s] DEBUG:colcon:Command line arguments: ['/usr/bin/colcon', 'build', '--cmake-args', '-DCMAKE_BUILD_TYPE=Release', '--packages-skip', 'robotiq_driver', 'robotiq_hardware_tests']
[0.186s] DEBUG:colcon:Parsed command line arguments: Namespace(log_base=None, log_level=None, verb_name='build', build_base='build', install_base='install', merge_install=False, symlink_install=False, test_result_base=None, continue_on_error=False, executor='parallel', parallel_workers=20, event_handlers=None, ignore_user_meta=False, metas=['./colcon.meta'], base_paths=['.'], packages_ignore=None, packages_ignore_regex=None, paths=None, packages_up_to=None, packages_up_to_regex=None, packages_above=None, packages_above_and_dependencies=None, packages_above_depth=None, packages_select_by_dep=None, packages_skip_by_dep=None, packages_skip_up_to=None, packages_select_build_failed=False, packages_skip_build_finished=False, packages_select_test_failures=False, packages_skip_test_passed=False, packages_select=None, packages_skip=['robotiq_driver', 'robotiq_hardware_tests'], packages_select_regex=None, packages_skip_regex=None, packages_start=None, packages_end=None, allow_overriding=[], cmake_args=['-DCMAKE_BUILD_TYPE=Release'], cmake_target=None, cmake_target_skip_unavailable=False, cmake_clean_cache=False, cmake_clean_first=False, cmake_force_configure=False, ament_cmake_args=None, catkin_cmake_args=None, catkin_skip_building_tests=False, mixin_files=None, mixin=None, verb_parser=<colcon_mixin.mixin.mixin_argument.MixinArgumentDecorator object at 0x75194d040640>, verb_extension=<colcon_core.verb.build.BuildVerb object at 0x75194d0410c0>, main=<bound method BuildVerb.main of <colcon_core.verb.build.BuildVerb object at 0x75194d0410c0>>, mixin_verb=('build',))
[0.400s] Level 1:colcon.colcon_core.package_discovery:discover_packages(colcon_meta) check parameters
[0.401s] Level 1:colcon.colcon_core.package_discovery:discover_packages(recursive) check parameters
[0.401s] Level 1:colcon.colcon_core.package_discovery:discover_packages(ignore) check parameters
[0.401s] Level 1:colcon.colcon_core.package_discovery:discover_packages(path) check parameters
[0.401s] Level 1:colcon.colcon_core.package_discovery:discover_packages(colcon_meta) discover
[0.401s] Level 1:colcon.colcon_core.package_discovery:discover_packages(recursive) discover
[0.401s] INFO:colcon.colcon_core.package_discovery:Crawling recursively for packages in '/home/rosi/ws_dual_arm'
[0.401s] Level 1:colcon.colcon_core.package_identification:_identify(.) by extensions ['ignore', 'ignore_ament_install']
[0.401s] Level 1:colcon.colcon_core.package_identification:_identify(.) by extension 'ignore'
[0.401s] Level 1:colcon.colcon_core.package_identification:_identify(.) by extension 'ignore_ament_install'
[0.401s] Level 1:colcon.colcon_core.package_identification:_identify(.) by extensions ['colcon_pkg']
[0.401s] Level 1:colcon.colcon_core.package_identification:_identify(.) by extension 'colcon_pkg'
[0.401s] Level 1:colcon.colcon_core.package_identification:_identify(.) by extensions ['colcon_meta']
[0.401s] Level 1:colcon.colcon_core.package_identification:_identify(.) by extension 'colcon_meta'
[0.401s] Level 1:colcon.colcon_core.package_identification:_identify(.) by extensions ['ros']
[0.401s] Level 1:colcon.colcon_core.package_identification:_identify(.) by extension 'ros'
[0.444s] Level 1:colcon.colcon_core.package_identification:_identify(.) by extensions ['cmake', 'python']
[0.444s] Level 1:colcon.colcon_core.package_identification:_identify(.) by extension 'cmake'
[0.444s] Level 1:colcon.colcon_core.package_identification:_identify(.) by extension 'python'
[0.444s] Level 1:colcon.colcon_core.package_identification:_identify(.) by extensions ['python_setup_py']
[0.445s] Level 1:colcon.colcon_core.package_identification:_identify(.) by extension 'python_setup_py'
[0.445s] Level 1:colcon.colcon_core.package_identification:_identify(build) by extensions ['ignore', 'ignore_ament_install']
[0.445s] Level 1:colcon.colcon_core.package_identification:_identify(build) by extension 'ignore'
[0.445s] Level 1:colcon.colcon_core.package_identification:_identify(build) ignored
[0.445s] Level 1:colcon.colcon_core.package_identification:_identify(install) by extensions ['ignore', 'ignore_ament_install']
[0.445s] Level 1:colcon.colcon_core.package_identification:_identify(install) by extension 'ignore'
[0.445s] Level 1:colcon.colcon_core.package_identification:_identify(install) ignored
[0.445s] Level 1:colcon.colcon_core.package_identification:_identify(log) by extensions ['ignore', 'ignore_ament_install']
[0.445s] Level 1:colcon.colcon_core.package_identification:_identify(log) by extension 'ignore'
[0.445s] Level 1:colcon.colcon_core.package_identification:_identify(log) ignored
[0.445s] Level 1:colcon.colcon_core.package_identification:_identify(src) by extensions ['ignore', 'ignore_ament_install']
[0.445s] Level 1:colcon.colcon_core.package_identification:_identify(src) by extension 'ignore'
[0.445s] Level 1:colcon.colcon_core.package_identification:_identify(src) by extension 'ignore_ament_install'
[0.446s] Level 1:colcon.colcon_core.package_identification:_identify(src) by extensions ['colcon_pkg']
[0.446s] Level 1:colcon.colcon_core.package_identification:_identify(src) by extension 'colcon_pkg'
[0.446s] Level 1:colcon.colcon_core.package_identification:_identify(src) by extensions ['colcon_meta']
[0.446s] Level 1:colcon.colcon_core.package_identification:_identify(src) by extension 'colcon_meta'
[0.446s] Level 1:colcon.colcon_core.package_identification:_identify(src) by extensions ['ros']
[0.446s] Level 1:colcon.colcon_core.package_identification:_identify(src) by extension 'ros'
[0.446s] Level 1:colcon.colcon_core.package_identification:_identify(src) by extensions ['cmake', 'python']
[0.446s] Level 1:colcon.colcon_core.package_identification:_identify(src) by extension 'cmake'
[0.446s] Level 1:colcon.colcon_core.package_identification:_identify(src) by extension 'python'
[0.446s] Level 1:colcon.colcon_core.package_identification:_identify(src) by extensions ['python_setup_py']
[0.446s] Level 1:colcon.colcon_core.package_identification:_identify(src) by extension 'python_setup_py'
[0.446s] Level 1:colcon.colcon_core.package_identification:_identify(src/dual_arm_control) by extensions ['ignore', 'ignore_ament_install']
[0.446s] Level 1:colcon.colcon_core.package_identification:_identify(src/dual_arm_control) by extension 'ignore'
[0.446s] Level 1:colcon.colcon_core.package_identification:_identify(src/dual_arm_control) by extension 'ignore_ament_install'
[0.446s] Level 1:colcon.colcon_core.package_identification:_identify(src/dual_arm_control) by extensions ['colcon_pkg']
[0.446s] Level 1:colcon.colcon_core.package_identification:_identify(src/dual_arm_control) by extension 'colcon_pkg'
[0.446s] Level 1:colcon.colcon_core.package_identification:_identify(src/dual_arm_control) by extensions ['colcon_meta']
[0.446s] Level 1:colcon.colcon_core.package_identification:_identify(src/dual_arm_control) by extension 'colcon_meta'
[0.446s] Level 1:colcon.colcon_core.package_identification:_identify(src/dual_arm_control) by extensions ['ros']
[0.446s] Level 1:colcon.colcon_core.package_identification:_identify(src/dual_arm_control) by extension 'ros'
[0.450s] DEBUG:colcon.colcon_core.package_identification:Package 'src/dual_arm_control' with type 'ros.ament_cmake' and name 'dual_arm_control'
[0.450s] Level 1:colcon.colcon_core.package_identification:_identify(src/dual_arm_moveit_config) by extensions ['ignore', 'ignore_ament_install']
[0.450s] Level 1:colcon.colcon_core.package_identification:_identify(src/dual_arm_moveit_config) by extension 'ignore'
[0.450s] Level 1:colcon.colcon_core.package_identification:_identify(src/dual_arm_moveit_config) by extension 'ignore_ament_install'
[0.450s] Level 1:colcon.colcon_core.package_identification:_identify(src/dual_arm_moveit_config) by extensions ['colcon_pkg']
[0.450s] Level 1:colcon.colcon_core.package_identification:_identify(src/dual_arm_moveit_config) by extension 'colcon_pkg'
[0.450s] Level 1:colcon.colcon_core.package_identification:_identify(src/dual_arm_moveit_config) by extensions ['colcon_meta']
[0.450s] Level 1:colcon.colcon_core.package_identification:_identify(src/dual_arm_moveit_config) by extension 'colcon_meta'
[0.450s] Level 1:colcon.colcon_core.package_identification:_identify(src/dual_arm_moveit_config) by extensions ['ros']
[0.450s] Level 1:colcon.colcon_core.package_identification:_identify(src/dual_arm_moveit_config) by extension 'ros'
[0.451s] DEBUG:colcon.colcon_core.package_identification:Package 'src/dual_arm_moveit_config' with type 'ros.ament_cmake' and name 'dual_arm_moveit_config'
[0.452s] Level 1:colcon.colcon_core.package_identification:_identify(src/dual_arm_pkg) by extensions ['ignore', 'ignore_ament_install']
[0.452s] Level 1:colcon.colcon_core.package_identification:_identify(src/dual_arm_pkg) by extension 'ignore'
[0.452s] Level 1:colcon.colcon_core.package_identification:_identify(src/dual_arm_pkg) by extension 'ignore_ament_install'
[0.452s] Level 1:colcon.colcon_core.package_identification:_identify(src/dual_arm_pkg) by extensions ['colcon_pkg']
[0.452s] Level 1:colcon.colcon_core.package_identification:_identify(src/dual_arm_pkg) by extension 'colcon_pkg'
[0.452s] Level 1:colcon.colcon_core.package_identification:_identify(src/dual_arm_pkg) by extensions ['colcon_meta']
[0.452s] Level 1:colcon.colcon_core.package_identification:_identify(src/dual_arm_pkg) by extension 'colcon_meta'
[0.452s] Level 1:colcon.colcon_core.package_identification:_identify(src/dual_arm_pkg) by extensions ['ros']
[0.452s] Level 1:colcon.colcon_core.package_identification:_identify(src/dual_arm_pkg) by extension 'ros'
[0.453s] DEBUG:colcon.colcon_core.package_identification:Package 'src/dual_arm_pkg' with type 'ros.ament_cmake' and name 'dual_arm_pkg'
[0.453s] Level 1:colcon.colcon_core.package_identification:_identify(src/ros2_robotiq_gripper) by extensions ['ignore', 'ignore_ament_install']
[0.453s] Level 1:colcon.colcon_core.package_identification:_identify(src/ros2_robotiq_gripper) by extension 'ignore'
[0.453s] Level 1:colcon.colcon_core.package_identification:_identify(src/ros2_robotiq_gripper) by extension 'ignore_ament_install'
[0.453s] Level 1:colcon.colcon_core.package_identification:_identify(src/ros2_robotiq_gripper) by extensions ['colcon_pkg']
[0.453s] Level 1:colcon.colcon_core.package_identification:_identify(src/ros2_robotiq_gripper) by extension 'colcon_pkg'
[0.453s] Level 1:colcon.colcon_core.package_identification:_identify(src/ros2_robotiq_gripper) by extensions ['colcon_meta']
[0.453s] Level 1:colcon.colcon_core.package_identification:_identify(src/ros2_robotiq_gripper) by extension 'colcon_meta'
[0.453s] Level 1:colcon.colcon_core.package_identification:_identify(src/ros2_robotiq_gripper) by extensions ['ros']
[0.453s] Level 1:colcon.colcon_core.package_identification:_identify(src/ros2_robotiq_gripper) by extension 'ros'
[0.453s] Level 1:colcon.colcon_core.package_identification:_identify(src/ros2_robotiq_gripper) by extensions ['cmake', 'python']
[0.454s] Level 1:colcon.colcon_core.package_identification:_identify(src/ros2_robotiq_gripper) by extension 'cmake'
[0.454s] Level 1:colcon.colcon_core.package_identification:_identify(src/ros2_robotiq_gripper) by extension 'python'
[0.454s] Level 1:colcon.colcon_core.package_identification:_identify(src/ros2_robotiq_gripper) by extensions ['python_setup_py']
[0.454s] Level 1:colcon.colcon_core.package_identification:_identify(src/ros2_robotiq_gripper) by extension 'python_setup_py'
[0.454s] Level 1:colcon.colcon_core.package_identification:_identify(src/ros2_robotiq_gripper/robotiq_controllers) by extensions ['ignore', 'ignore_ament_install']
[0.454s] Level 1:colcon.colcon_core.package_identification:_identify(src/ros2_robotiq_gripper/robotiq_controllers) by extension 'ignore'
[0.454s] Level 1:colcon.colcon_core.package_identification:_identify(src/ros2_robotiq_gripper/robotiq_controllers) by extension 'ignore_ament_install'
[0.454s] Level 1:colcon.colcon_core.package_identification:_identify(src/ros2_robotiq_gripper/robotiq_controllers) by extensions ['colcon_pkg']
[0.454s] Level 1:colcon.colcon_core.package_identification:_identify(src/ros2_robotiq_gripper/robotiq_controllers) by extension 'colcon_pkg'
[0.454s] Level 1:colcon.colcon_core.package_identification:_identify(src/ros2_robotiq_gripper/robotiq_controllers) by extensions ['colcon_meta']
[0.454s] Level 1:colcon.colcon_core.package_identification:_identify(src/ros2_robotiq_gripper/robotiq_controllers) by extension 'colcon_meta'
[0.454s] Level 1:colcon.colcon_core.package_identification:_identify(src/ros2_robotiq_gripper/robotiq_controllers) by extensions ['ros']
[0.454s] Level 1:colcon.colcon_core.package_identification:_identify(src/ros2_robotiq_gripper/robotiq_controllers) by extension 'ros'
[0.455s] DEBUG:colcon.colcon_core.package_identification:Package 'src/ros2_robotiq_gripper/robotiq_controllers' with type 'ros.ament_cmake' and name 'robotiq_controllers'
[0.455s] Level 1:colcon.colcon_core.package_identification:_identify(src/ros2_robotiq_gripper/robotiq_description) by extensions ['ignore', 'ignore_ament_install']
[0.455s] Level 1:colcon.colcon_core.package_identification:_identify(src/ros2_robotiq_gripper/robotiq_description) by extension 'ignore'
[0.455s] Level 1:colcon.colcon_core.package_identification:_identify(src/ros2_robotiq_gripper/robotiq_description) by extension 'ignore_ament_install'
[0.455s] Level 1:colcon.colcon_core.package_identification:_identify(src/ros2_robotiq_gripper/robotiq_description) by extensions ['colcon_pkg']
[0.455s] Level 1:colcon.colcon_core.package_identification:_identify(src/ros2_robotiq_gripper/robotiq_description) by extension 'colcon_pkg'
[0.455s] Level 1:colcon.colcon_core.package_identification:_identify(src/ros2_robotiq_gripper/robotiq_description) by extensions ['colcon_meta']
[0.455s] Level 1:colcon.colcon_core.package_identification:_identify(src/ros2_robotiq_gripper/robotiq_description) by extension 'colcon_meta'
[0.455s] Level 1:colcon.colcon_core.package_identification:_identify(src/ros2_robotiq_gripper/robotiq_description) by extensions ['ros']
[0.455s] Level 1:colcon.colcon_core.package_identification:_identify(src/ros2_robotiq_gripper/robotiq_description) by extension 'ros'
[0.456s] DEBUG:colcon.colcon_core.package_identification:Package 'src/ros2_robotiq_gripper/robotiq_description' with type 'ros.ament_cmake' and name 'robotiq_description'
[0.456s] Level 1:colcon.colcon_core.package_identification:_identify(src/ros2_robotiq_gripper/robotiq_driver) by extensions ['ignore', 'ignore_ament_install']
[0.456s] Level 1:colcon.colcon_core.package_identification:_identify(src/ros2_robotiq_gripper/robotiq_driver) by extension 'ignore'
[0.456s] Level 1:colcon.colcon_core.package_identification:_identify(src/ros2_robotiq_gripper/robotiq_driver) by extension 'ignore_ament_install'
[0.456s] Level 1:colcon.colcon_core.package_identification:_identify(src/ros2_robotiq_gripper/robotiq_driver) by extensions ['colcon_pkg']
[0.456s] Level 1:colcon.colcon_core.package_identification:_identify(src/ros2_robotiq_gripper/robotiq_driver) by extension 'colcon_pkg'
[0.456s] Level 1:colcon.colcon_core.package_identification:_identify(src/ros2_robotiq_gripper/robotiq_driver) by extensions ['colcon_meta']
[0.456s] Level 1:colcon.colcon_core.package_identification:_identify(src/ros2_robotiq_gripper/robotiq_driver) by extension 'colcon_meta'
[0.456s] Level 1:colcon.colcon_core.package_identification:_identify(src/ros2_robotiq_gripper/robotiq_driver) by extensions ['ros']
[0.456s] Level 1:colcon.colcon_core.package_identification:_identify(src/ros2_robotiq_gripper/robotiq_driver) by extension 'ros'
[0.458s] DEBUG:colcon.colcon_core.package_identification:Package 'src/ros2_robotiq_gripper/robotiq_driver' with type 'ros.ament_cmake' and name 'robotiq_driver'
[0.458s] Level 1:colcon.colcon_core.package_identification:_identify(src/ros2_robotiq_gripper/robotiq_hardware_tests) by extensions ['ignore', 'ignore_ament_install']
[0.458s] Level 1:colcon.colcon_core.package_identification:_identify(src/ros2_robotiq_gripper/robotiq_hardware_tests) by extension 'ignore'
[0.459s] Level 1:colcon.colcon_core.package_identification:_identify(src/ros2_robotiq_gripper/robotiq_hardware_tests) by extension 'ignore_ament_install'
[0.459s] Level 1:colcon.colcon_core.package_identification:_identify(src/ros2_robotiq_gripper/robotiq_hardware_tests) by extensions ['colcon_pkg']
[0.459s] Level 1:colcon.colcon_core.package_identification:_identify(src/ros2_robotiq_gripper/robotiq_hardware_tests) by extension 'colcon_pkg'
[0.459s] Level 1:colcon.colcon_core.package_identification:_identify(src/ros2_robotiq_gripper/robotiq_hardware_tests) by extensions ['colcon_meta']
[0.459s] Level 1:colcon.colcon_core.package_identification:_identify(src/ros2_robotiq_gripper/robotiq_hardware_tests) by extension 'colcon_meta'
[0.459s] Level 1:colcon.colcon_core.package_identification:_identify(src/ros2_robotiq_gripper/robotiq_hardware_tests) by extensions ['ros']
[0.459s] Level 1:colcon.colcon_core.package_identification:_identify(src/ros2_robotiq_gripper/robotiq_hardware_tests) by extension 'ros'
[0.460s] DEBUG:colcon.colcon_core.package_identification:Package 'src/ros2_robotiq_gripper/robotiq_hardware_tests' with type 'ros.ament_cmake' and name 'robotiq_hardware_tests'
[0.460s] Level 1:colcon.colcon_core.package_identification:_identify(src/zed-ros2-description) by extensions ['ignore', 'ignore_ament_install']
[0.460s] Level 1:colcon.colcon_core.package_identification:_identify(src/zed-ros2-description) by extension 'ignore'
[0.460s] Level 1:colcon.colcon_core.package_identification:_identify(src/zed-ros2-description) by extension 'ignore_ament_install'
[0.460s] Level 1:colcon.colcon_core.package_identification:_identify(src/zed-ros2-description) by extensions ['colcon_pkg']
[0.460s] Level 1:colcon.colcon_core.package_identification:_identify(src/zed-ros2-description) by extension 'colcon_pkg'
[0.460s] Level 1:colcon.colcon_core.package_identification:_identify(src/zed-ros2-description) by extensions ['colcon_meta']
[0.460s] Level 1:colcon.colcon_core.package_identification:_identify(src/zed-ros2-description) by extension 'colcon_meta'
[0.460s] Level 1:colcon.colcon_core.package_identification:_identify(src/zed-ros2-description) by extensions ['ros']
[0.460s] Level 1:colcon.colcon_core.package_identification:_identify(src/zed-ros2-description) by extension 'ros'
[0.461s] DEBUG:colcon.colcon_core.package_identification:Package 'src/zed-ros2-description' with type 'ros.ament_cmake' and name 'zed_description'
[0.461s] Level 1:colcon.colcon_core.package_discovery:discover_packages(recursive) using defaults
[0.461s] Level 1:colcon.colcon_core.package_discovery:discover_packages(ignore) discover
[0.461s] Level 1:colcon.colcon_core.package_discovery:discover_packages(ignore) using defaults
[0.461s] Level 1:colcon.colcon_core.package_discovery:discover_packages(path) discover
[0.461s] Level 1:colcon.colcon_core.package_discovery:discover_packages(path) using defaults
[0.486s] INFO:colcon.colcon_core.package_selection:Skipping package 'robotiq_driver' in 'src/ros2_robotiq_gripper/robotiq_driver'
[0.486s] INFO:colcon.colcon_core.package_selection:Skipping package 'robotiq_hardware_tests' in 'src/ros2_robotiq_gripper/robotiq_hardware_tests'
[0.487s] Level 1:colcon.colcon_core.package_discovery:discover_packages(prefix_path) check parameters
[0.487s] Level 1:colcon.colcon_core.package_discovery:discover_packages(prefix_path) discover
[0.491s] DEBUG:colcon.colcon_installed_package_information.package_discovery:Found 9 installed packages in /home/rosi/ws_dual_arm/install
[0.492s] DEBUG:colcon.colcon_installed_package_information.package_discovery:Found 413 installed packages in /opt/ros/humble
[0.495s] Level 1:colcon.colcon_core.package_discovery:discover_packages(prefix_path) using defaults
[0.545s] Level 5:colcon.colcon_core.verb:set package 'dual_arm_control' build argument 'cmake_args' from command line to '['-DCMAKE_BUILD_TYPE=Release']'
[0.545s] Level 5:colcon.colcon_core.verb:set package 'dual_arm_control' build argument 'cmake_target' from command line to 'None'
[0.545s] Level 5:colcon.colcon_core.verb:set package 'dual_arm_control' build argument 'cmake_target_skip_unavailable' from command line to 'False'
[0.545s] Level 5:colcon.colcon_core.verb:set package 'dual_arm_control' build argument 'cmake_clean_cache' from command line to 'False'
[0.545s] Level 5:colcon.colcon_core.verb:set package 'dual_arm_control' build argument 'cmake_clean_first' from command line to 'False'
[0.545s] Level 5:colcon.colcon_core.verb:set package 'dual_arm_control' build argument 'cmake_force_configure' from command line to 'False'
[0.545s] Level 5:colcon.colcon_core.verb:set package 'dual_arm_control' build argument 'ament_cmake_args' from command line to 'None'
[0.545s] Level 5:colcon.colcon_core.verb:set package 'dual_arm_control' build argument 'catkin_cmake_args' from command line to 'None'
[0.545s] Level 5:colcon.colcon_core.verb:set package 'dual_arm_control' build argument 'catkin_skip_building_tests' from command line to 'False'
[0.545s] DEBUG:colcon.colcon_core.verb:Building package 'dual_arm_control' with the following arguments: {'ament_cmake_args': None, 'build_base': '/home/rosi/ws_dual_arm/build/dual_arm_control', 'catkin_cmake_args': None, 'catkin_skip_building_tests': False, 'cmake_args': ['-DCMAKE_BUILD_TYPE=Release'], 'cmake_clean_cache': False, 'cmake_clean_first': False, 'cmake_force_configure': False, 'cmake_target': None, 'cmake_target_skip_unavailable': False, 'install_base': '/home/rosi/ws_dual_arm/install/dual_arm_control', 'merge_install': False, 'path': '/home/rosi/ws_dual_arm/src/dual_arm_control', 'symlink_install': False, 'test_result_base': None}
[0.546s] Level 5:colcon.colcon_core.verb:set package 'dual_arm_pkg' build argument 'cmake_args' from command line to '['-DCMAKE_BUILD_TYPE=Release']'
[0.546s] Level 5:colcon.colcon_core.verb:set package 'dual_arm_pkg' build argument 'cmake_target' from command line to 'None'
[0.546s] Level 5:colcon.colcon_core.verb:set package 'dual_arm_pkg' build argument 'cmake_target_skip_unavailable' from command line to 'False'
[0.546s] Level 5:colcon.colcon_core.verb:set package 'dual_arm_pkg' build argument 'cmake_clean_cache' from command line to 'False'
[0.546s] Level 5:colcon.colcon_core.verb:set package 'dual_arm_pkg' build argument 'cmake_clean_first' from command line to 'False'
[0.546s] Level 5:colcon.colcon_core.verb:set package 'dual_arm_pkg' build argument 'cmake_force_configure' from command line to 'False'
[0.546s] Level 5:colcon.colcon_core.verb:set package 'dual_arm_pkg' build argument 'ament_cmake_args' from command line to 'None'
[0.546s] Level 5:colcon.colcon_core.verb:set package 'dual_arm_pkg' build argument 'catkin_cmake_args' from command line to 'None'
[0.546s] Level 5:colcon.colcon_core.verb:set package 'dual_arm_pkg' build argument 'catkin_skip_building_tests' from command line to 'False'
[0.546s] DEBUG:colcon.colcon_core.verb:Building package 'dual_arm_pkg' with the following arguments: {'ament_cmake_args': None, 'build_base': '/home/rosi/ws_dual_arm/build/dual_arm_pkg', 'catkin_cmake_args': None, 'catkin_skip_building_tests': False, 'cmake_args': ['-DCMAKE_BUILD_TYPE=Release'], 'cmake_clean_cache': False, 'cmake_clean_first': False, 'cmake_force_configure': False, 'cmake_target': None, 'cmake_target_skip_unavailable': False, 'install_base': '/home/rosi/ws_dual_arm/install/dual_arm_pkg', 'merge_install': False, 'path': '/home/rosi/ws_dual_arm/src/dual_arm_pkg', 'symlink_install': False, 'test_result_base': None}
[0.546s] Level 5:colcon.colcon_core.verb:set package 'robotiq_controllers' build argument 'cmake_args' from command line to '['-DCMAKE_BUILD_TYPE=Release']'
[0.546s] Level 5:colcon.colcon_core.verb:set package 'robotiq_controllers' build argument 'cmake_target' from command line to 'None'
[0.546s] Level 5:colcon.colcon_core.verb:set package 'robotiq_controllers' build argument 'cmake_target_skip_unavailable' from command line to 'False'
[0.546s] Level 5:colcon.colcon_core.verb:set package 'robotiq_controllers' build argument 'cmake_clean_cache' from command line to 'False'
[0.546s] Level 5:colcon.colcon_core.verb:set package 'robotiq_controllers' build argument 'cmake_clean_first' from command line to 'False'
[0.546s] Level 5:colcon.colcon_core.verb:set package 'robotiq_controllers' build argument 'cmake_force_configure' from command line to 'False'
[0.546s] Level 5:colcon.colcon_core.verb:set package 'robotiq_controllers' build argument 'ament_cmake_args' from command line to 'None'
[0.546s] Level 5:colcon.colcon_core.verb:set package 'robotiq_controllers' build argument 'catkin_cmake_args' from command line to 'None'
[0.546s] Level 5:colcon.colcon_core.verb:set package 'robotiq_controllers' build argument 'catkin_skip_building_tests' from command line to 'False'
[0.546s] DEBUG:colcon.colcon_core.verb:Building package 'robotiq_controllers' with the following arguments: {'ament_cmake_args': None, 'build_base': '/home/rosi/ws_dual_arm/build/robotiq_controllers', 'catkin_cmake_args': None, 'catkin_skip_building_tests': False, 'cmake_args': ['-DCMAKE_BUILD_TYPE=Release'], 'cmake_clean_cache': False, 'cmake_clean_first': False, 'cmake_force_configure': False, 'cmake_target': None, 'cmake_target_skip_unavailable': False, 'install_base': '/home/rosi/ws_dual_arm/install/robotiq_controllers', 'merge_install': False, 'path': '/home/rosi/ws_dual_arm/src/ros2_robotiq_gripper/robotiq_controllers', 'symlink_install': False, 'test_result_base': None}
[0.547s] Level 5:colcon.colcon_core.verb:set package 'robotiq_description' build argument 'cmake_args' from command line to '['-DCMAKE_BUILD_TYPE=Release']'
[0.547s] Level 5:colcon.colcon_core.verb:set package 'robotiq_description' build argument 'cmake_target' from command line to 'None'
[0.547s] Level 5:colcon.colcon_core.verb:set package 'robotiq_description' build argument 'cmake_target_skip_unavailable' from command line to 'False'
[0.547s] Level 5:colcon.colcon_core.verb:set package 'robotiq_description' build argument 'cmake_clean_cache' from command line to 'False'
[0.547s] Level 5:colcon.colcon_core.verb:set package 'robotiq_description' build argument 'cmake_clean_first' from command line to 'False'
[0.547s] Level 5:colcon.colcon_core.verb:set package 'robotiq_description' build argument 'cmake_force_configure' from command line to 'False'
[0.547s] Level 5:colcon.colcon_core.verb:set package 'robotiq_description' build argument 'ament_cmake_args' from command line to 'None'
[0.547s] Level 5:colcon.colcon_core.verb:set package 'robotiq_description' build argument 'catkin_cmake_args' from command line to 'None'
[0.547s] Level 5:colcon.colcon_core.verb:set package 'robotiq_description' build argument 'catkin_skip_building_tests' from command line to 'False'
[0.547s] DEBUG:colcon.colcon_core.verb:Building package 'robotiq_description' with the following arguments: {'ament_cmake_args': None, 'build_base': '/home/rosi/ws_dual_arm/build/robotiq_description', 'catkin_cmake_args': None, 'catkin_skip_building_tests': False, 'cmake_args': ['-DCMAKE_BUILD_TYPE=Release'], 'cmake_clean_cache': False, 'cmake_clean_first': False, 'cmake_force_configure': False, 'cmake_target': None, 'cmake_target_skip_unavailable': False, 'install_base': '/home/rosi/ws_dual_arm/install/robotiq_description', 'merge_install': False, 'path': '/home/rosi/ws_dual_arm/src/ros2_robotiq_gripper/robotiq_description', 'symlink_install': False, 'test_result_base': None}
[0.547s] Level 5:colcon.colcon_core.verb:set package 'zed_description' build argument 'cmake_args' from command line to '['-DCMAKE_BUILD_TYPE=Release']'
[0.547s] Level 5:colcon.colcon_core.verb:set package 'zed_description' build argument 'cmake_target' from command line to 'None'
[0.547s] Level 5:colcon.colcon_core.verb:set package 'zed_description' build argument 'cmake_target_skip_unavailable' from command line to 'False'
[0.547s] Level 5:colcon.colcon_core.verb:set package 'zed_description' build argument 'cmake_clean_cache' from command line to 'False'
[0.547s] Level 5:colcon.colcon_core.verb:set package 'zed_description' build argument 'cmake_clean_first' from command line to 'False'
[0.547s] Level 5:colcon.colcon_core.verb:set package 'zed_description' build argument 'cmake_force_configure' from command line to 'False'
[0.547s] Level 5:colcon.colcon_core.verb:set package 'zed_description' build argument 'ament_cmake_args' from command line to 'None'
[0.547s] Level 5:colcon.colcon_core.verb:set package 'zed_description' build argument 'catkin_cmake_args' from command line to 'None'
[0.547s] Level 5:colcon.colcon_core.verb:set package 'zed_description' build argument 'catkin_skip_building_tests' from command line to 'False'
[0.547s] DEBUG:colcon.colcon_core.verb:Building package 'zed_description' with the following arguments: {'ament_cmake_args': None, 'build_base': '/home/rosi/ws_dual_arm/build/zed_description', 'catkin_cmake_args': None, 'catkin_skip_building_tests': False, 'cmake_args': ['-DCMAKE_BUILD_TYPE=Release'], 'cmake_clean_cache': False, 'cmake_clean_first': False, 'cmake_force_configure': False, 'cmake_target': None, 'cmake_target_skip_unavailable': False, 'install_base': '/home/rosi/ws_dual_arm/install/zed_description', 'merge_install': False, 'path': '/home/rosi/ws_dual_arm/src/zed-ros2-description', 'symlink_install': False, 'test_result_base': None}
[0.548s] Level 5:colcon.colcon_core.verb:set package 'dual_arm_moveit_config' build argument 'cmake_args' from command line to '['-DCMAKE_BUILD_TYPE=Release']'
[0.548s] Level 5:colcon.colcon_core.verb:set package 'dual_arm_moveit_config' build argument 'cmake_target' from command line to 'None'
[0.548s] Level 5:colcon.colcon_core.verb:set package 'dual_arm_moveit_config' build argument 'cmake_target_skip_unavailable' from command line to 'False'
[0.548s] Level 5:colcon.colcon_core.verb:set package 'dual_arm_moveit_config' build argument 'cmake_clean_cache' from command line to 'False'
[0.548s] Level 5:colcon.colcon_core.verb:set package 'dual_arm_moveit_config' build argument 'cmake_clean_first' from command line to 'False'
[0.548s] Level 5:colcon.colcon_core.verb:set package 'dual_arm_moveit_config' build argument 'cmake_force_configure' from command line to 'False'
[0.548s] Level 5:colcon.colcon_core.verb:set package 'dual_arm_moveit_config' build argument 'ament_cmake_args' from command line to 'None'
[0.548s] Level 5:colcon.colcon_core.verb:set package 'dual_arm_moveit_config' build argument 'catkin_cmake_args' from command line to 'None'
[0.548s] Level 5:colcon.colcon_core.verb:set package 'dual_arm_moveit_config' build argument 'catkin_skip_building_tests' from command line to 'False'
[0.548s] DEBUG:colcon.colcon_core.verb:Building package 'dual_arm_moveit_config' with the following arguments: {'ament_cmake_args': None, 'build_base': '/home/rosi/ws_dual_arm/build/dual_arm_moveit_config', 'catkin_cmake_args': None, 'catkin_skip_building_tests': False, 'cmake_args': ['-DCMAKE_BUILD_TYPE=Release'], 'cmake_clean_cache': False, 'cmake_clean_first': False, 'cmake_force_configure': False, 'cmake_target': None, 'cmake_target_skip_unavailable': False, 'install_base': '/home/rosi/ws_dual_arm/install/dual_arm_moveit_config', 'merge_install': False, 'path': '/home/rosi/ws_dual_arm/src/dual_arm_moveit_config', 'symlink_install': False, 'test_result_base': None}
[0.548s] INFO:colcon.colcon_core.executor:Executing jobs using 'parallel' executor
[0.549s] DEBUG:colcon.colcon_parallel_executor.executor.parallel:run_until_complete
[0.550s] INFO:colcon.colcon_ros.task.ament_cmake.build:Building ROS package in '/home/rosi/ws_dual_arm/src/dual_arm_pkg' with build type 'ament_cmake'
[0.550s] INFO:colcon.colcon_cmake.task.cmake.build:Building CMake package in '/home/rosi/ws_dual_arm/src/dual_arm_pkg'
[0.556s] INFO:colcon.colcon_core.plugin_system:Skipping extension 'colcon_core.shell.bat': Not used on non-Windows systems
[0.556s] INFO:colcon.colcon_core.shell:Skip shell extension 'powershell' for command environment: Not usable outside of PowerShell
[0.556s] DEBUG:colcon.colcon_core.shell:Skip shell extension 'dsv' for command environment
[0.560s] INFO:colcon.colcon_ros.task.ament_cmake.build:Building ROS package in '/home/rosi/ws_dual_arm/src/dual_arm_control' with build type 'ament_cmake'
[0.560s] INFO:colcon.colcon_cmake.task.cmake.build:Building CMake package in '/home/rosi/ws_dual_arm/src/dual_arm_control'
[0.561s] INFO:colcon.colcon_core.shell:Skip shell extension 'powershell' for command environment: Not usable outside of PowerShell
[0.561s] DEBUG:colcon.colcon_core.shell:Skip shell extension 'dsv' for command environment
[0.565s] INFO:colcon.colcon_ros.task.ament_cmake.build:Building ROS package in '/home/rosi/ws_dual_arm/src/ros2_robotiq_gripper/robotiq_controllers' with build type 'ament_cmake'
[0.565s] INFO:colcon.colcon_cmake.task.cmake.build:Building CMake package in '/home/rosi/ws_dual_arm/src/ros2_robotiq_gripper/robotiq_controllers'
[0.565s] INFO:colcon.colcon_core.shell:Skip shell extension 'powershell' for command environment: Not usable outside of PowerShell
[0.565s] DEBUG:colcon.colcon_core.shell:Skip shell extension 'dsv' for command environment
[0.569s] INFO:colcon.colcon_ros.task.ament_cmake.build:Building ROS package in '/home/rosi/ws_dual_arm/src/ros2_robotiq_gripper/robotiq_description' with build type 'ament_cmake'
[0.569s] INFO:colcon.colcon_cmake.task.cmake.build:Building CMake package in '/home/rosi/ws_dual_arm/src/ros2_robotiq_gripper/robotiq_description'
[0.569s] INFO:colcon.colcon_core.shell:Skip shell extension 'powershell' for command environment: Not usable outside of PowerShell
[0.569s] DEBUG:colcon.colcon_core.shell:Skip shell extension 'dsv' for command environment
[0.574s] INFO:colcon.colcon_ros.task.ament_cmake.build:Building ROS package in '/home/rosi/ws_dual_arm/src/zed-ros2-description' with build type 'ament_cmake'
[0.574s] INFO:colcon.colcon_cmake.task.cmake.build:Building CMake package in '/home/rosi/ws_dual_arm/src/zed-ros2-description'
[0.574s] INFO:colcon.colcon_core.shell:Skip shell extension 'powershell' for command environment: Not usable outside of PowerShell
[0.574s] DEBUG:colcon.colcon_core.shell:Skip shell extension 'dsv' for command environment
[0.585s] DEBUG:colcon.colcon_core.event_handler.log_command:Invoking command in '/home/rosi/ws_dual_arm/build/dual_arm_pkg': CMAKE_PREFIX_PATH=${CMAKE_PREFIX_PATH}:/opt/ros/humble /usr/bin/cmake --build /home/rosi/ws_dual_arm/build/dual_arm_pkg -- -j20 -l20
[0.589s] DEBUG:colcon.colcon_core.event_handler.log_command:Invoking command in '/home/rosi/ws_dual_arm/build/dual_arm_control': CMAKE_PREFIX_PATH=${CMAKE_PREFIX_PATH}:/opt/ros/humble /usr/bin/cmake --build /home/rosi/ws_dual_arm/build/dual_arm_control -- -j20 -l20
[0.595s] DEBUG:colcon.colcon_core.event_handler.log_command:Invoking command in '/home/rosi/ws_dual_arm/build/robotiq_controllers': CMAKE_PREFIX_PATH=${CMAKE_PREFIX_PATH}:/opt/ros/humble /usr/bin/cmake --build /home/rosi/ws_dual_arm/build/robotiq_controllers -- -j20 -l20
[0.598s] DEBUG:colcon.colcon_core.event_handler.log_command:Invoking command in '/home/rosi/ws_dual_arm/build/robotiq_description': CMAKE_PREFIX_PATH=${CMAKE_PREFIX_PATH}:/opt/ros/humble /usr/bin/cmake --build /home/rosi/ws_dual_arm/build/robotiq_description -- -j20 -l20
[0.603s] DEBUG:colcon.colcon_core.event_handler.log_command:Invoking command in '/home/rosi/ws_dual_arm/build/zed_description': CMAKE_PREFIX_PATH=${CMAKE_PREFIX_PATH}:/opt/ros/humble /usr/bin/cmake --build /home/rosi/ws_dual_arm/build/zed_description -- -j20 -l20
[0.652s] DEBUG:colcon.colcon_core.event_handler.log_command:Invoked command in '/home/rosi/ws_dual_arm/build/dual_arm_pkg' returned '0': CMAKE_PREFIX_PATH=${CMAKE_PREFIX_PATH}:/opt/ros/humble /usr/bin/cmake --build /home/rosi/ws_dual_arm/build/dual_arm_pkg -- -j20 -l20
[0.675s] DEBUG:colcon.colcon_core.event_handler.log_command:Invoking command in '/home/rosi/ws_dual_arm/build/dual_arm_pkg': CMAKE_PREFIX_PATH=${CMAKE_PREFIX_PATH}:/opt/ros/humble /usr/bin/cmake --install /home/rosi/ws_dual_arm/build/dual_arm_pkg
[0.678s] DEBUG:colcon.colcon_core.event_handler.log_command:Invoked command in '/home/rosi/ws_dual_arm/build/robotiq_description' returned '0': CMAKE_PREFIX_PATH=${CMAKE_PREFIX_PATH}:/opt/ros/humble /usr/bin/cmake --build /home/rosi/ws_dual_arm/build/robotiq_description -- -j20 -l20
[0.680s] DEBUG:colcon.colcon_core.event_handler.log_command:Invoking command in '/home/rosi/ws_dual_arm/build/robotiq_description': CMAKE_PREFIX_PATH=${CMAKE_PREFIX_PATH}:/opt/ros/humble /usr/bin/cmake --install /home/rosi/ws_dual_arm/build/robotiq_description
[0.680s] DEBUG:colcon.colcon_core.event_handler.log_command:Invoked command in '/home/rosi/ws_dual_arm/build/zed_description' returned '0': CMAKE_PREFIX_PATH=${CMAKE_PREFIX_PATH}:/opt/ros/humble /usr/bin/cmake --build /home/rosi/ws_dual_arm/build/zed_description -- -j20 -l20
[0.682s] DEBUG:colcon.colcon_core.event_handler.log_command:Invoking command in '/home/rosi/ws_dual_arm/build/zed_description': CMAKE_PREFIX_PATH=${CMAKE_PREFIX_PATH}:/opt/ros/humble /usr/bin/cmake --install /home/rosi/ws_dual_arm/build/zed_description
[0.689s] Level 1:colcon.colcon_core.environment:create_environment_scripts_only(dual_arm_pkg)
[0.690s] DEBUG:colcon.colcon_core.event_handler.log_command:Invoked command in '/home/rosi/ws_dual_arm/build/dual_arm_pkg' returned '0': CMAKE_PREFIX_PATH=${CMAKE_PREFIX_PATH}:/opt/ros/humble /usr/bin/cmake --install /home/rosi/ws_dual_arm/build/dual_arm_pkg
[0.706s] Level 1:colcon.colcon_core.environment:checking '/home/rosi/ws_dual_arm/install/dual_arm_pkg' for CMake module files
[0.707s] Level 1:colcon.colcon_core.environment:checking '/home/rosi/ws_dual_arm/install/dual_arm_pkg' for CMake config files
[0.707s] Level 1:colcon.colcon_core.shell:create_environment_hook('dual_arm_pkg', 'cmake_prefix_path')
[0.707s] INFO:colcon.colcon_core.shell:Creating environment hook '/home/rosi/ws_dual_arm/install/dual_arm_pkg/share/dual_arm_pkg/hook/cmake_prefix_path.ps1'
[0.708s] INFO:colcon.colcon_core.shell:Creating environment descriptor '/home/rosi/ws_dual_arm/install/dual_arm_pkg/share/dual_arm_pkg/hook/cmake_prefix_path.dsv'
[0.709s] INFO:colcon.colcon_core.shell:Creating environment hook '/home/rosi/ws_dual_arm/install/dual_arm_pkg/share/dual_arm_pkg/hook/cmake_prefix_path.sh'
[0.710s] Level 1:colcon.colcon_core.environment:checking '/home/rosi/ws_dual_arm/install/dual_arm_pkg/bin'
[0.710s] Level 1:colcon.colcon_core.environment:checking '/home/rosi/ws_dual_arm/install/dual_arm_pkg/lib/pkgconfig/dual_arm_pkg.pc'
[0.710s] Level 1:colcon.colcon_core.environment:checking '/home/rosi/ws_dual_arm/install/dual_arm_pkg/lib/python3.10/site-packages'
[0.710s] Level 1:colcon.colcon_core.environment:checking '/home/rosi/ws_dual_arm/install/dual_arm_pkg/bin'
[0.711s] INFO:colcon.colcon_core.shell:Creating package script '/home/rosi/ws_dual_arm/install/dual_arm_pkg/share/dual_arm_pkg/package.ps1'
[0.712s] INFO:colcon.colcon_core.shell:Creating package descriptor '/home/rosi/ws_dual_arm/install/dual_arm_pkg/share/dual_arm_pkg/package.dsv'
[0.712s] INFO:colcon.colcon_core.shell:Creating package script '/home/rosi/ws_dual_arm/install/dual_arm_pkg/share/dual_arm_pkg/package.sh'
[0.713s] INFO:colcon.colcon_core.shell:Creating package script '/home/rosi/ws_dual_arm/install/dual_arm_pkg/share/dual_arm_pkg/package.bash'
[0.714s] INFO:colcon.colcon_core.shell:Creating package script '/home/rosi/ws_dual_arm/install/dual_arm_pkg/share/dual_arm_pkg/package.zsh'
[0.714s] Level 1:colcon.colcon_core.environment:create_file_with_runtime_dependencies(/home/rosi/ws_dual_arm/install/dual_arm_pkg/share/colcon-core/packages/dual_arm_pkg)
[0.715s] Level 1:colcon.colcon_core.environment:create_environment_scripts_only(dual_arm_pkg)
[0.715s] Level 1:colcon.colcon_core.environment:checking '/home/rosi/ws_dual_arm/install/dual_arm_pkg' for CMake module files
[0.716s] Level 1:colcon.colcon_core.environment:checking '/home/rosi/ws_dual_arm/install/dual_arm_pkg' for CMake config files
[0.716s] Level 1:colcon.colcon_core.shell:create_environment_hook('dual_arm_pkg', 'cmake_prefix_path')
[0.716s] INFO:colcon.colcon_core.shell:Creating environment hook '/home/rosi/ws_dual_arm/install/dual_arm_pkg/share/dual_arm_pkg/hook/cmake_prefix_path.ps1'
[0.717s] INFO:colcon.colcon_core.shell:Creating environment descriptor '/home/rosi/ws_dual_arm/install/dual_arm_pkg/share/dual_arm_pkg/hook/cmake_prefix_path.dsv'
[0.717s] INFO:colcon.colcon_core.shell:Creating environment hook '/home/rosi/ws_dual_arm/install/dual_arm_pkg/share/dual_arm_pkg/hook/cmake_prefix_path.sh'
[0.718s] Level 1:colcon.colcon_core.environment:checking '/home/rosi/ws_dual_arm/install/dual_arm_pkg/bin'
[0.718s] Level 1:colcon.colcon_core.environment:checking '/home/rosi/ws_dual_arm/install/dual_arm_pkg/lib/pkgconfig/dual_arm_pkg.pc'
[0.718s] Level 1:colcon.colcon_core.environment:checking '/home/rosi/ws_dual_arm/install/dual_arm_pkg/lib/python3.10/site-packages'
[0.718s] Level 1:colcon.colcon_core.environment:checking '/home/rosi/ws_dual_arm/install/dual_arm_pkg/bin'
[0.719s] INFO:colcon.colcon_core.shell:Creating package script '/home/rosi/ws_dual_arm/install/dual_arm_pkg/share/dual_arm_pkg/package.ps1'
[0.719s] INFO:colcon.colcon_core.shell:Creating package descriptor '/home/rosi/ws_dual_arm/install/dual_arm_pkg/share/dual_arm_pkg/package.dsv'
[0.720s] INFO:colcon.colcon_core.shell:Creating package script '/home/rosi/ws_dual_arm/install/dual_arm_pkg/share/dual_arm_pkg/package.sh'
[0.720s] INFO:colcon.colcon_core.shell:Creating package script '/home/rosi/ws_dual_arm/install/dual_arm_pkg/share/dual_arm_pkg/package.bash'
[0.721s] INFO:colcon.colcon_core.shell:Creating package script '/home/rosi/ws_dual_arm/install/dual_arm_pkg/share/dual_arm_pkg/package.zsh'
[0.721s] Level 1:colcon.colcon_core.environment:create_file_with_runtime_dependencies(/home/rosi/ws_dual_arm/install/dual_arm_pkg/share/colcon-core/packages/dual_arm_pkg)
[0.722s] INFO:colcon.colcon_ros.task.ament_cmake.build:Building ROS package in '/home/rosi/ws_dual_arm/src/dual_arm_moveit_config' with build type 'ament_cmake'
[0.722s] INFO:colcon.colcon_cmake.task.cmake.build:Building CMake package in '/home/rosi/ws_dual_arm/src/dual_arm_moveit_config'
[0.722s] INFO:colcon.colcon_core.shell:Skip shell extension 'powershell' for command environment: Not usable outside of PowerShell
[0.722s] DEBUG:colcon.colcon_core.shell:Skip shell extension 'dsv' for command environment
[0.729s] Level 1:colcon.colcon_core.environment:create_environment_scripts_only(robotiq_description)
[0.729s] Level 1:colcon.colcon_core.environment:checking '/home/rosi/ws_dual_arm/install/robotiq_description' for CMake module files
[0.730s] DEBUG:colcon.colcon_core.event_handler.log_command:Invoked command in '/home/rosi/ws_dual_arm/build/robotiq_description' returned '0': CMAKE_PREFIX_PATH=${CMAKE_PREFIX_PATH}:/opt/ros/humble /usr/bin/cmake --install /home/rosi/ws_dual_arm/build/robotiq_description
[0.731s] Level 1:colcon.colcon_core.environment:checking '/home/rosi/ws_dual_arm/install/robotiq_description' for CMake config files
[0.731s] Level 1:colcon.colcon_core.shell:create_environment_hook('robotiq_description', 'cmake_prefix_path')
[0.732s] INFO:colcon.colcon_core.shell:Creating environment hook '/home/rosi/ws_dual_arm/install/robotiq_description/share/robotiq_description/hook/cmake_prefix_path.ps1'
[0.732s] INFO:colcon.colcon_core.shell:Creating environment descriptor '/home/rosi/ws_dual_arm/install/robotiq_description/share/robotiq_description/hook/cmake_prefix_path.dsv'
[0.733s] INFO:colcon.colcon_core.shell:Creating environment hook '/home/rosi/ws_dual_arm/install/robotiq_description/share/robotiq_description/hook/cmake_prefix_path.sh'
[0.733s] Level 1:colcon.colcon_core.environment:checking '/home/rosi/ws_dual_arm/install/robotiq_description/bin'
[0.733s] Level 1:colcon.colcon_core.environment:checking '/home/rosi/ws_dual_arm/install/robotiq_description/lib/pkgconfig/robotiq_description.pc'
[0.734s] Level 1:colcon.colcon_core.environment:checking '/home/rosi/ws_dual_arm/install/robotiq_description/lib/python3.10/site-packages'
[0.734s] Level 1:colcon.colcon_core.environment:checking '/home/rosi/ws_dual_arm/install/robotiq_description/bin'
[0.734s] INFO:colcon.colcon_core.shell:Creating package script '/home/rosi/ws_dual_arm/install/robotiq_description/share/robotiq_description/package.ps1'
[0.735s] INFO:colcon.colcon_core.shell:Creating package descriptor '/home/rosi/ws_dual_arm/install/robotiq_description/share/robotiq_description/package.dsv'
[0.736s] INFO:colcon.colcon_core.shell:Creating package script '/home/rosi/ws_dual_arm/install/robotiq_description/share/robotiq_description/package.sh'
[0.736s] INFO:colcon.colcon_core.shell:Creating package script '/home/rosi/ws_dual_arm/install/robotiq_description/share/robotiq_description/package.bash'
[0.736s] INFO:colcon.colcon_core.shell:Creating package script '/home/rosi/ws_dual_arm/install/robotiq_description/share/robotiq_description/package.zsh'
[0.737s] Level 1:colcon.colcon_core.environment:create_file_with_runtime_dependencies(/home/rosi/ws_dual_arm/install/robotiq_description/share/colcon-core/packages/robotiq_description)
[0.737s] Level 1:colcon.colcon_core.environment:create_environment_scripts_only(robotiq_description)
[0.738s] Level 1:colcon.colcon_core.environment:checking '/home/rosi/ws_dual_arm/install/robotiq_description' for CMake module files
[0.738s] Level 1:colcon.colcon_core.environment:checking '/home/rosi/ws_dual_arm/install/robotiq_description' for CMake config files
[0.739s] Level 1:colcon.colcon_core.shell:create_environment_hook('robotiq_description', 'cmake_prefix_path')
[0.739s] INFO:colcon.colcon_core.shell:Creating environment hook '/home/rosi/ws_dual_arm/install/robotiq_description/share/robotiq_description/hook/cmake_prefix_path.ps1'
[0.739s] INFO:colcon.colcon_core.shell:Creating environment descriptor '/home/rosi/ws_dual_arm/install/robotiq_description/share/robotiq_description/hook/cmake_prefix_path.dsv'
[0.740s] INFO:colcon.colcon_core.shell:Creating environment hook '/home/rosi/ws_dual_arm/install/robotiq_description/share/robotiq_description/hook/cmake_prefix_path.sh'
[0.740s] Level 1:colcon.colcon_core.environment:checking '/home/rosi/ws_dual_arm/install/robotiq_description/bin'
[0.740s] Level 1:colcon.colcon_core.environment:checking '/home/rosi/ws_dual_arm/install/robotiq_description/lib/pkgconfig/robotiq_description.pc'
[0.741s] Level 1:colcon.colcon_core.environment:checking '/home/rosi/ws_dual_arm/install/robotiq_description/lib/python3.10/site-packages'
[0.741s] Level 1:colcon.colcon_core.environment:checking '/home/rosi/ws_dual_arm/install/robotiq_description/bin'
[0.741s] INFO:colcon.colcon_core.shell:Creating package script '/home/rosi/ws_dual_arm/install/robotiq_description/share/robotiq_description/package.ps1'
[0.742s] INFO:colcon.colcon_core.shell:Creating package descriptor '/home/rosi/ws_dual_arm/install/robotiq_description/share/robotiq_description/package.dsv'
[0.742s] INFO:colcon.colcon_core.shell:Creating package script '/home/rosi/ws_dual_arm/install/robotiq_description/share/robotiq_description/package.sh'
[0.743s] INFO:colcon.colcon_core.shell:Creating package script '/home/rosi/ws_dual_arm/install/robotiq_description/share/robotiq_description/package.bash'
[0.743s] INFO:colcon.colcon_core.shell:Creating package script '/home/rosi/ws_dual_arm/install/robotiq_description/share/robotiq_description/package.zsh'
[0.744s] Level 1:colcon.colcon_core.environment:create_file_with_runtime_dependencies(/home/rosi/ws_dual_arm/install/robotiq_description/share/colcon-core/packages/robotiq_description)
[0.746s] DEBUG:colcon.colcon_core.event_handler.log_command:Invoked command in '/home/rosi/ws_dual_arm/build/dual_arm_control' returned '0': CMAKE_PREFIX_PATH=${CMAKE_PREFIX_PATH}:/opt/ros/humble /usr/bin/cmake --build /home/rosi/ws_dual_arm/build/dual_arm_control -- -j20 -l20
[0.747s] DEBUG:colcon.colcon_core.event_handler.log_command:Invoking command in '/home/rosi/ws_dual_arm/build/dual_arm_control': CMAKE_PREFIX_PATH=${CMAKE_PREFIX_PATH}:/opt/ros/humble /usr/bin/cmake --install /home/rosi/ws_dual_arm/build/dual_arm_control
[0.747s] DEBUG:colcon.colcon_core.event_handler.log_command:Invoked command in '/home/rosi/ws_dual_arm/build/robotiq_controllers' returned '0': CMAKE_PREFIX_PATH=${CMAKE_PREFIX_PATH}:/opt/ros/humble /usr/bin/cmake --build /home/rosi/ws_dual_arm/build/robotiq_controllers -- -j20 -l20
[0.751s] DEBUG:colcon.colcon_core.event_handler.log_command:Invoking command in '/home/rosi/ws_dual_arm/build/robotiq_controllers': CMAKE_PREFIX_PATH=${CMAKE_PREFIX_PATH}:/opt/ros/humble /usr/bin/cmake --install /home/rosi/ws_dual_arm/build/robotiq_controllers
[0.751s] Level 1:colcon.colcon_core.environment:create_environment_scripts_only(zed_description)
[0.751s] DEBUG:colcon.colcon_core.event_handler.log_command:Invoked command in '/home/rosi/ws_dual_arm/build/zed_description' returned '0': CMAKE_PREFIX_PATH=${CMAKE_PREFIX_PATH}:/opt/ros/humble /usr/bin/cmake --install /home/rosi/ws_dual_arm/build/zed_description
[0.752s] Level 1:colcon.colcon_core.environment:checking '/home/rosi/ws_dual_arm/install/zed_description' for CMake module files
[0.753s] Level 1:colcon.colcon_core.environment:checking '/home/rosi/ws_dual_arm/install/zed_description' for CMake config files
[0.753s] Level 1:colcon.colcon_core.shell:create_environment_hook('zed_description', 'cmake_prefix_path')
[0.754s] INFO:colcon.colcon_core.shell:Creating environment hook '/home/rosi/ws_dual_arm/install/zed_description/share/zed_description/hook/cmake_prefix_path.ps1'
[0.755s] INFO:colcon.colcon_core.shell:Creating environment descriptor '/home/rosi/ws_dual_arm/install/zed_description/share/zed_description/hook/cmake_prefix_path.dsv'
[0.755s] INFO:colcon.colcon_core.shell:Creating environment hook '/home/rosi/ws_dual_arm/install/zed_description/share/zed_description/hook/cmake_prefix_path.sh'
[0.756s] Level 1:colcon.colcon_core.environment:checking '/home/rosi/ws_dual_arm/install/zed_description/bin'
[0.757s] Level 1:colcon.colcon_core.environment:checking '/home/rosi/ws_dual_arm/install/zed_description/lib/pkgconfig/zed_description.pc'
[0.757s] Level 1:colcon.colcon_core.environment:checking '/home/rosi/ws_dual_arm/install/zed_description/lib/python3.10/site-packages'
[0.758s] Level 1:colcon.colcon_core.environment:checking '/home/rosi/ws_dual_arm/install/zed_description/bin'
[0.758s] INFO:colcon.colcon_core.shell:Creating package script '/home/rosi/ws_dual_arm/install/zed_description/share/zed_description/package.ps1'
[0.759s] INFO:colcon.colcon_core.shell:Creating package descriptor '/home/rosi/ws_dual_arm/install/zed_description/share/zed_description/package.dsv'
[0.760s] INFO:colcon.colcon_core.shell:Creating package script '/home/rosi/ws_dual_arm/install/zed_description/share/zed_description/package.sh'
[0.761s] INFO:colcon.colcon_core.shell:Creating package script '/home/rosi/ws_dual_arm/install/zed_description/share/zed_description/package.bash'
[0.761s] INFO:colcon.colcon_core.shell:Creating package script '/home/rosi/ws_dual_arm/install/zed_description/share/zed_description/package.zsh'
[0.762s] Level 1:colcon.colcon_core.environment:create_file_with_runtime_dependencies(/home/rosi/ws_dual_arm/install/zed_description/share/colcon-core/packages/zed_description)
[0.762s] Level 1:colcon.colcon_core.environment:create_environment_scripts_only(zed_description)
[0.762s] Level 1:colcon.colcon_core.environment:checking '/home/rosi/ws_dual_arm/install/zed_description' for CMake module files
[0.763s] Level 1:colcon.colcon_core.environment:checking '/home/rosi/ws_dual_arm/install/zed_description' for CMake config files
[0.763s] Level 1:colcon.colcon_core.shell:create_environment_hook('zed_description', 'cmake_prefix_path')
[0.763s] INFO:colcon.colcon_core.shell:Creating environment hook '/home/rosi/ws_dual_arm/install/zed_description/share/zed_description/hook/cmake_prefix_path.ps1'
[0.764s] INFO:colcon.colcon_core.shell:Creating environment descriptor '/home/rosi/ws_dual_arm/install/zed_description/share/zed_description/hook/cmake_prefix_path.dsv'
[0.764s] INFO:colcon.colcon_core.shell:Creating environment hook '/home/rosi/ws_dual_arm/install/zed_description/share/zed_description/hook/cmake_prefix_path.sh'
[0.765s] Level 1:colcon.colcon_core.environment:checking '/home/rosi/ws_dual_arm/install/zed_description/bin'
[0.765s] Level 1:colcon.colcon_core.environment:checking '/home/rosi/ws_dual_arm/install/zed_description/lib/pkgconfig/zed_description.pc'
[0.765s] Level 1:colcon.colcon_core.environment:checking '/home/rosi/ws_dual_arm/install/zed_description/lib/python3.10/site-packages'
[0.766s] Level 1:colcon.colcon_core.environment:checking '/home/rosi/ws_dual_arm/install/zed_description/bin'
[0.766s] INFO:colcon.colcon_core.shell:Creating package script '/home/rosi/ws_dual_arm/install/zed_description/share/zed_description/package.ps1'
[0.767s] INFO:colcon.colcon_core.shell:Creating package descriptor '/home/rosi/ws_dual_arm/install/zed_description/share/zed_description/package.dsv'
[0.767s] INFO:colcon.colcon_core.shell:Creating package script '/home/rosi/ws_dual_arm/install/zed_description/share/zed_description/package.sh'
[0.767s] INFO:colcon.colcon_core.shell:Creating package script '/home/rosi/ws_dual_arm/install/zed_description/share/zed_description/package.bash'
[0.768s] INFO:colcon.colcon_core.shell:Creating package script '/home/rosi/ws_dual_arm/install/zed_description/share/zed_description/package.zsh'
[0.768s] Level 1:colcon.colcon_core.environment:create_file_with_runtime_dependencies(/home/rosi/ws_dual_arm/install/zed_description/share/colcon-core/packages/zed_description)
[0.775s] Level 1:colcon.colcon_core.environment:create_environment_scripts_only(dual_arm_control)
[0.776s] Level 1:colcon.colcon_core.environment:checking '/home/rosi/ws_dual_arm/install/dual_arm_control' for CMake module files
[0.777s] Level 1:colcon.colcon_core.environment:checking '/home/rosi/ws_dual_arm/install/dual_arm_control' for CMake config files
[0.777s] DEBUG:colcon.colcon_core.event_handler.log_command:Invoking command in '/home/rosi/ws_dual_arm/build/dual_arm_moveit_config': CMAKE_PREFIX_PATH=/home/rosi/ws_dual_arm/install/dual_arm_pkg:/home/rosi/ws_dual_arm/install/zed_description:/home/rosi/ws_dual_arm/install/robotiq_description:/home/rosi/ws_dual_arm/install/robotiq_controllers:/home/rosi/ws_dual_arm/install/dual_arm_moveit_config:/home/rosi/ws_dual_arm/install/dual_arm_control:/opt/ros/humble /usr/bin/cmake --build /home/rosi/ws_dual_arm/build/dual_arm_moveit_config -- -j20 -l20
[0.778s] DEBUG:colcon.colcon_core.event_handler.log_command:Invoked command in '/home/rosi/ws_dual_arm/build/dual_arm_control' returned '0': CMAKE_PREFIX_PATH=${CMAKE_PREFIX_PATH}:/opt/ros/humble /usr/bin/cmake --install /home/rosi/ws_dual_arm/build/dual_arm_control
[0.778s] Level 1:colcon.colcon_core.shell:create_environment_hook('dual_arm_control', 'cmake_prefix_path')
[0.778s] INFO:colcon.colcon_core.shell:Creating environment hook '/home/rosi/ws_dual_arm/install/dual_arm_control/share/dual_arm_control/hook/cmake_prefix_path.ps1'
[0.779s] INFO:colcon.colcon_core.shell:Creating environment descriptor '/home/rosi/ws_dual_arm/install/dual_arm_control/share/dual_arm_control/hook/cmake_prefix_path.dsv'
[0.779s] INFO:colcon.colcon_core.shell:Creating environment hook '/home/rosi/ws_dual_arm/install/dual_arm_control/share/dual_arm_control/hook/cmake_prefix_path.sh'
[0.779s] Level 1:colcon.colcon_core.environment:checking '/home/rosi/ws_dual_arm/install/dual_arm_control/lib'
[0.780s] Level 1:colcon.colcon_core.environment:checking '/home/rosi/ws_dual_arm/install/dual_arm_control/bin'
[0.780s] Level 1:colcon.colcon_core.environment:checking '/home/rosi/ws_dual_arm/install/dual_arm_control/lib/pkgconfig/dual_arm_control.pc'
[0.780s] Level 1:colcon.colcon_core.environment:checking '/home/rosi/ws_dual_arm/install/dual_arm_control/lib/python3.10/site-packages'
[0.780s] Level 1:colcon.colcon_core.environment:checking '/home/rosi/ws_dual_arm/install/dual_arm_control/bin'
[0.781s] INFO:colcon.colcon_core.shell:Creating package script '/home/rosi/ws_dual_arm/install/dual_arm_control/share/dual_arm_control/package.ps1'
[0.781s] INFO:colcon.colcon_core.shell:Creating package descriptor '/home/rosi/ws_dual_arm/install/dual_arm_control/share/dual_arm_control/package.dsv'
[0.782s] INFO:colcon.colcon_core.shell:Creating package script '/home/rosi/ws_dual_arm/install/dual_arm_control/share/dual_arm_control/package.sh'
[0.782s] INFO:colcon.colcon_core.shell:Creating package script '/home/rosi/ws_dual_arm/install/dual_arm_control/share/dual_arm_control/package.bash'
[0.782s] INFO:colcon.colcon_core.shell:Creating package script '/home/rosi/ws_dual_arm/install/dual_arm_control/share/dual_arm_control/package.zsh'
[0.783s] Level 1:colcon.colcon_core.environment:create_file_with_runtime_dependencies(/home/rosi/ws_dual_arm/install/dual_arm_control/share/colcon-core/packages/dual_arm_control)
[0.783s] Level 1:colcon.colcon_core.environment:create_environment_scripts_only(dual_arm_control)
[0.783s] Level 1:colcon.colcon_core.environment:checking '/home/rosi/ws_dual_arm/install/dual_arm_control' for CMake module files
[0.784s] Level 1:colcon.colcon_core.environment:checking '/home/rosi/ws_dual_arm/install/dual_arm_control' for CMake config files
[0.784s] Level 1:colcon.colcon_core.shell:create_environment_hook('dual_arm_control', 'cmake_prefix_path')
[0.784s] INFO:colcon.colcon_core.shell:Creating environment hook '/home/rosi/ws_dual_arm/install/dual_arm_control/share/dual_arm_control/hook/cmake_prefix_path.ps1'
[0.785s] INFO:colcon.colcon_core.shell:Creating environment descriptor '/home/rosi/ws_dual_arm/install/dual_arm_control/share/dual_arm_control/hook/cmake_prefix_path.dsv'
[0.785s] INFO:colcon.colcon_core.shell:Creating environment hook '/home/rosi/ws_dual_arm/install/dual_arm_control/share/dual_arm_control/hook/cmake_prefix_path.sh'
[0.786s] Level 1:colcon.colcon_core.environment:checking '/home/rosi/ws_dual_arm/install/dual_arm_control/lib'
[0.786s] Level 1:colcon.colcon_core.environment:checking '/home/rosi/ws_dual_arm/install/dual_arm_control/bin'
[0.786s] Level 1:colcon.colcon_core.environment:checking '/home/rosi/ws_dual_arm/install/dual_arm_control/lib/pkgconfig/dual_arm_control.pc'
[0.787s] Level 1:colcon.colcon_core.environment:checking '/home/rosi/ws_dual_arm/install/dual_arm_control/lib/python3.10/site-packages'
[0.787s] Level 1:colcon.colcon_core.environment:checking '/home/rosi/ws_dual_arm/install/dual_arm_control/bin'
[0.788s] INFO:colcon.colcon_core.shell:Creating package script '/home/rosi/ws_dual_arm/install/dual_arm_control/share/dual_arm_control/package.ps1'
[0.789s] INFO:colcon.colcon_core.shell:Creating package descriptor '/home/rosi/ws_dual_arm/install/dual_arm_control/share/dual_arm_control/package.dsv'
[0.790s] INFO:colcon.colcon_core.shell:Creating package script '/home/rosi/ws_dual_arm/install/dual_arm_control/share/dual_arm_control/package.sh'
[0.791s] INFO:colcon.colcon_core.shell:Creating package script '/home/rosi/ws_dual_arm/install/dual_arm_control/share/dual_arm_control/package.bash'
[0.791s] INFO:colcon.colcon_core.shell:Creating package script '/home/rosi/ws_dual_arm/install/dual_arm_control/share/dual_arm_control/package.zsh'
[0.792s] Level 1:colcon.colcon_core.environment:create_file_with_runtime_dependencies(/home/rosi/ws_dual_arm/install/dual_arm_control/share/colcon-core/packages/dual_arm_control)
[0.792s] Level 1:colcon.colcon_core.environment:create_environment_scripts_only(robotiq_controllers)
[0.793s] Level 1:colcon.colcon_core.environment:checking '/home/rosi/ws_dual_arm/install/robotiq_controllers' for CMake module files
[0.794s] Level 1:colcon.colcon_core.environment:checking '/home/rosi/ws_dual_arm/install/robotiq_controllers' for CMake config files
[0.794s] DEBUG:colcon.colcon_core.event_handler.log_command:Invoked command in '/home/rosi/ws_dual_arm/build/robotiq_controllers' returned '0': CMAKE_PREFIX_PATH=${CMAKE_PREFIX_PATH}:/opt/ros/humble /usr/bin/cmake --install /home/rosi/ws_dual_arm/build/robotiq_controllers
[0.795s] Level 1:colcon.colcon_core.shell:create_environment_hook('robotiq_controllers', 'cmake_prefix_path')
[0.795s] INFO:colcon.colcon_core.shell:Creating environment hook '/home/rosi/ws_dual_arm/install/robotiq_controllers/share/robotiq_controllers/hook/cmake_prefix_path.ps1'
[0.796s] INFO:colcon.colcon_core.shell:Creating environment descriptor '/home/rosi/ws_dual_arm/install/robotiq_controllers/share/robotiq_controllers/hook/cmake_prefix_path.dsv'
[0.796s] INFO:colcon.colcon_core.shell:Creating environment hook '/home/rosi/ws_dual_arm/install/robotiq_controllers/share/robotiq_controllers/hook/cmake_prefix_path.sh'
[0.797s] Level 1:colcon.colcon_core.environment:checking '/home/rosi/ws_dual_arm/install/robotiq_controllers/lib'
[0.798s] Level 1:colcon.colcon_core.shell:create_environment_hook('robotiq_controllers', 'ld_library_path_lib')
[0.798s] INFO:colcon.colcon_core.shell:Creating environment hook '/home/rosi/ws_dual_arm/install/robotiq_controllers/share/robotiq_controllers/hook/ld_library_path_lib.ps1'
[0.799s] INFO:colcon.colcon_core.shell:Creating environment descriptor '/home/rosi/ws_dual_arm/install/robotiq_controllers/share/robotiq_controllers/hook/ld_library_path_lib.dsv'
[0.799s] INFO:colcon.colcon_core.shell:Creating environment hook '/home/rosi/ws_dual_arm/install/robotiq_controllers/share/robotiq_controllers/hook/ld_library_path_lib.sh'
[0.799s] Level 1:colcon.colcon_core.environment:checking '/home/rosi/ws_dual_arm/install/robotiq_controllers/bin'
[0.800s] Level 1:colcon.colcon_core.environment:checking '/home/rosi/ws_dual_arm/install/robotiq_controllers/lib/pkgconfig/robotiq_controllers.pc'
[0.800s] Level 1:colcon.colcon_core.environment:checking '/home/rosi/ws_dual_arm/install/robotiq_controllers/lib/python3.10/site-packages'
[0.801s] Level 1:colcon.colcon_core.environment:checking '/home/rosi/ws_dual_arm/install/robotiq_controllers/bin'
[0.801s] INFO:colcon.colcon_core.shell:Creating package script '/home/rosi/ws_dual_arm/install/robotiq_controllers/share/robotiq_controllers/package.ps1'
[0.802s] INFO:colcon.colcon_core.shell:Creating package descriptor '/home/rosi/ws_dual_arm/install/robotiq_controllers/share/robotiq_controllers/package.dsv'
[0.803s] INFO:colcon.colcon_core.shell:Creating package script '/home/rosi/ws_dual_arm/install/robotiq_controllers/share/robotiq_controllers/package.sh'
[0.803s] INFO:colcon.colcon_core.shell:Creating package script '/home/rosi/ws_dual_arm/install/robotiq_controllers/share/robotiq_controllers/package.bash'
[0.804s] INFO:colcon.colcon_core.shell:Creating package script '/home/rosi/ws_dual_arm/install/robotiq_controllers/share/robotiq_controllers/package.zsh'
[0.804s] Level 1:colcon.colcon_core.environment:create_file_with_runtime_dependencies(/home/rosi/ws_dual_arm/install/robotiq_controllers/share/colcon-core/packages/robotiq_controllers)
[0.805s] Level 1:colcon.colcon_core.environment:create_environment_scripts_only(robotiq_controllers)
[0.806s] Level 1:colcon.colcon_core.environment:checking '/home/rosi/ws_dual_arm/install/robotiq_controllers' for CMake module files
[0.806s] Level 1:colcon.colcon_core.environment:checking '/home/rosi/ws_dual_arm/install/robotiq_controllers' for CMake config files
[0.807s] Level 1:colcon.colcon_core.shell:create_environment_hook('robotiq_controllers', 'cmake_prefix_path')
[0.807s] INFO:colcon.colcon_core.shell:Creating environment hook '/home/rosi/ws_dual_arm/install/robotiq_controllers/share/robotiq_controllers/hook/cmake_prefix_path.ps1'
[0.808s] INFO:colcon.colcon_core.shell:Creating environment descriptor '/home/rosi/ws_dual_arm/install/robotiq_controllers/share/robotiq_controllers/hook/cmake_prefix_path.dsv'
[0.808s] INFO:colcon.colcon_core.shell:Creating environment hook '/home/rosi/ws_dual_arm/install/robotiq_controllers/share/robotiq_controllers/hook/cmake_prefix_path.sh'
[0.809s] Level 1:colcon.colcon_core.environment:checking '/home/rosi/ws_dual_arm/install/robotiq_controllers/lib'
[0.810s] Level 1:colcon.colcon_core.shell:create_environment_hook('robotiq_controllers', 'ld_library_path_lib')
[0.810s] INFO:colcon.colcon_core.shell:Creating environment hook '/home/rosi/ws_dual_arm/install/robotiq_controllers/share/robotiq_controllers/hook/ld_library_path_lib.ps1'
[0.811s] INFO:colcon.colcon_core.shell:Creating environment descriptor '/home/rosi/ws_dual_arm/install/robotiq_controllers/share/robotiq_controllers/hook/ld_library_path_lib.dsv'
[0.811s] INFO:colcon.colcon_core.shell:Creating environment hook '/home/rosi/ws_dual_arm/install/robotiq_controllers/share/robotiq_controllers/hook/ld_library_path_lib.sh'
[0.812s] Level 1:colcon.colcon_core.environment:checking '/home/rosi/ws_dual_arm/install/robotiq_controllers/bin'
[0.812s] Level 1:colcon.colcon_core.environment:checking '/home/rosi/ws_dual_arm/install/robotiq_controllers/lib/pkgconfig/robotiq_controllers.pc'
[0.812s] Level 1:colcon.colcon_core.environment:checking '/home/rosi/ws_dual_arm/install/robotiq_controllers/lib/python3.10/site-packages'
[0.813s] Level 1:colcon.colcon_core.environment:checking '/home/rosi/ws_dual_arm/install/robotiq_controllers/bin'
[0.813s] INFO:colcon.colcon_core.shell:Creating package script '/home/rosi/ws_dual_arm/install/robotiq_controllers/share/robotiq_controllers/package.ps1'
[0.815s] INFO:colcon.colcon_core.shell:Creating package descriptor '/home/rosi/ws_dual_arm/install/robotiq_controllers/share/robotiq_controllers/package.dsv'
[0.815s] INFO:colcon.colcon_core.shell:Creating package script '/home/rosi/ws_dual_arm/install/robotiq_controllers/share/robotiq_controllers/package.sh'
[0.816s] INFO:colcon.colcon_core.shell:Creating package script '/home/rosi/ws_dual_arm/install/robotiq_controllers/share/robotiq_controllers/package.bash'
[0.817s] INFO:colcon.colcon_core.shell:Creating package script '/home/rosi/ws_dual_arm/install/robotiq_controllers/share/robotiq_controllers/package.zsh'
[0.817s] Level 1:colcon.colcon_core.environment:create_file_with_runtime_dependencies(/home/rosi/ws_dual_arm/install/robotiq_controllers/share/colcon-core/packages/robotiq_controllers)
[0.843s] DEBUG:colcon.colcon_core.event_handler.log_command:Invoked command in '/home/rosi/ws_dual_arm/build/dual_arm_moveit_config' returned '0': CMAKE_PREFIX_PATH=/home/rosi/ws_dual_arm/install/dual_arm_pkg:/home/rosi/ws_dual_arm/install/zed_description:/home/rosi/ws_dual_arm/install/robotiq_description:/home/rosi/ws_dual_arm/install/robotiq_controllers:/home/rosi/ws_dual_arm/install/dual_arm_moveit_config:/home/rosi/ws_dual_arm/install/dual_arm_control:/opt/ros/humble /usr/bin/cmake --build /home/rosi/ws_dual_arm/build/dual_arm_moveit_config -- -j20 -l20
[0.848s] DEBUG:colcon.colcon_core.event_handler.log_command:Invoking command in '/home/rosi/ws_dual_arm/build/dual_arm_moveit_config': CMAKE_PREFIX_PATH=/home/rosi/ws_dual_arm/install/dual_arm_pkg:/home/rosi/ws_dual_arm/install/zed_description:/home/rosi/ws_dual_arm/install/robotiq_description:/home/rosi/ws_dual_arm/install/robotiq_controllers:/home/rosi/ws_dual_arm/install/dual_arm_moveit_config:/home/rosi/ws_dual_arm/install/dual_arm_control:/opt/ros/humble /usr/bin/cmake --install /home/rosi/ws_dual_arm/build/dual_arm_moveit_config
[0.864s] Level 1:colcon.colcon_core.environment:create_environment_scripts_only(dual_arm_moveit_config)
[0.865s] DEBUG:colcon.colcon_core.event_handler.log_command:Invoked command in '/home/rosi/ws_dual_arm/build/dual_arm_moveit_config' returned '0': CMAKE_PREFIX_PATH=/home/rosi/ws_dual_arm/install/dual_arm_pkg:/home/rosi/ws_dual_arm/install/zed_description:/home/rosi/ws_dual_arm/install/robotiq_description:/home/rosi/ws_dual_arm/install/robotiq_controllers:/home/rosi/ws_dual_arm/install/dual_arm_moveit_config:/home/rosi/ws_dual_arm/install/dual_arm_control:/opt/ros/humble /usr/bin/cmake --install /home/rosi/ws_dual_arm/build/dual_arm_moveit_config
[0.866s] Level 1:colcon.colcon_core.environment:checking '/home/rosi/ws_dual_arm/install/dual_arm_moveit_config' for CMake module files
[0.867s] Level 1:colcon.colcon_core.environment:checking '/home/rosi/ws_dual_arm/install/dual_arm_moveit_config' for CMake config files
[0.867s] Level 1:colcon.colcon_core.shell:create_environment_hook('dual_arm_moveit_config', 'cmake_prefix_path')
[0.868s] INFO:colcon.colcon_core.shell:Creating environment hook '/home/rosi/ws_dual_arm/install/dual_arm_moveit_config/share/dual_arm_moveit_config/hook/cmake_prefix_path.ps1'
[0.868s] INFO:colcon.colcon_core.shell:Creating environment descriptor '/home/rosi/ws_dual_arm/install/dual_arm_moveit_config/share/dual_arm_moveit_config/hook/cmake_prefix_path.dsv'
[0.869s] INFO:colcon.colcon_core.shell:Creating environment hook '/home/rosi/ws_dual_arm/install/dual_arm_moveit_config/share/dual_arm_moveit_config/hook/cmake_prefix_path.sh'
[0.870s] Level 1:colcon.colcon_core.environment:checking '/home/rosi/ws_dual_arm/install/dual_arm_moveit_config/bin'
[0.870s] Level 1:colcon.colcon_core.environment:checking '/home/rosi/ws_dual_arm/install/dual_arm_moveit_config/lib/pkgconfig/dual_arm_moveit_config.pc'
[0.870s] Level 1:colcon.colcon_core.environment:checking '/home/rosi/ws_dual_arm/install/dual_arm_moveit_config/lib/python3.10/site-packages'
[0.871s] Level 1:colcon.colcon_core.environment:checking '/home/rosi/ws_dual_arm/install/dual_arm_moveit_config/bin'
[0.871s] INFO:colcon.colcon_core.shell:Creating package script '/home/rosi/ws_dual_arm/install/dual_arm_moveit_config/share/dual_arm_moveit_config/package.ps1'
[0.872s] INFO:colcon.colcon_core.shell:Creating package descriptor '/home/rosi/ws_dual_arm/install/dual_arm_moveit_config/share/dual_arm_moveit_config/package.dsv'
[0.872s] INFO:colcon.colcon_core.shell:Creating package script '/home/rosi/ws_dual_arm/install/dual_arm_moveit_config/share/dual_arm_moveit_config/package.sh'
[0.873s] INFO:colcon.colcon_core.shell:Creating package script '/home/rosi/ws_dual_arm/install/dual_arm_moveit_config/share/dual_arm_moveit_config/package.bash'
[0.873s] INFO:colcon.colcon_core.shell:Creating package script '/home/rosi/ws_dual_arm/install/dual_arm_moveit_config/share/dual_arm_moveit_config/package.zsh'
[0.874s] Level 1:colcon.colcon_core.environment:create_file_with_runtime_dependencies(/home/rosi/ws_dual_arm/install/dual_arm_moveit_config/share/colcon-core/packages/dual_arm_moveit_config)
[0.875s] Level 1:colcon.colcon_core.environment:create_environment_scripts_only(dual_arm_moveit_config)
[0.875s] Level 1:colcon.colcon_core.environment:checking '/home/rosi/ws_dual_arm/install/dual_arm_moveit_config' for CMake module files
[0.876s] Level 1:colcon.colcon_core.environment:checking '/home/rosi/ws_dual_arm/install/dual_arm_moveit_config' for CMake config files
[0.876s] Level 1:colcon.colcon_core.shell:create_environment_hook('dual_arm_moveit_config', 'cmake_prefix_path')
[0.876s] INFO:colcon.colcon_core.shell:Creating environment hook '/home/rosi/ws_dual_arm/install/dual_arm_moveit_config/share/dual_arm_moveit_config/hook/cmake_prefix_path.ps1'
[0.877s] INFO:colcon.colcon_core.shell:Creating environment descriptor '/home/rosi/ws_dual_arm/install/dual_arm_moveit_config/share/dual_arm_moveit_config/hook/cmake_prefix_path.dsv'
[0.877s] INFO:colcon.colcon_core.shell:Creating environment hook '/home/rosi/ws_dual_arm/install/dual_arm_moveit_config/share/dual_arm_moveit_config/hook/cmake_prefix_path.sh'
[0.878s] Level 1:colcon.colcon_core.environment:checking '/home/rosi/ws_dual_arm/install/dual_arm_moveit_config/bin'
[0.878s] Level 1:colcon.colcon_core.environment:checking '/home/rosi/ws_dual_arm/install/dual_arm_moveit_config/lib/pkgconfig/dual_arm_moveit_config.pc'
[0.879s] Level 1:colcon.colcon_core.environment:checking '/home/rosi/ws_dual_arm/install/dual_arm_moveit_config/lib/python3.10/site-packages'
[0.879s] Level 1:colcon.colcon_core.environment:checking '/home/rosi/ws_dual_arm/install/dual_arm_moveit_config/bin'
[0.879s] INFO:colcon.colcon_core.shell:Creating package script '/home/rosi/ws_dual_arm/install/dual_arm_moveit_config/share/dual_arm_moveit_config/package.ps1'
[0.880s] INFO:colcon.colcon_core.shell:Creating package descriptor '/home/rosi/ws_dual_arm/install/dual_arm_moveit_config/share/dual_arm_moveit_config/package.dsv'
[0.881s] INFO:colcon.colcon_core.shell:Creating package script '/home/rosi/ws_dual_arm/install/dual_arm_moveit_config/share/dual_arm_moveit_config/package.sh'
[0.882s] INFO:colcon.colcon_core.shell:Creating package script '/home/rosi/ws_dual_arm/install/dual_arm_moveit_config/share/dual_arm_moveit_config/package.bash'
[0.882s] INFO:colcon.colcon_core.shell:Creating package script '/home/rosi/ws_dual_arm/install/dual_arm_moveit_config/share/dual_arm_moveit_config/package.zsh'
[0.883s] Level 1:colcon.colcon_core.environment:create_file_with_runtime_dependencies(/home/rosi/ws_dual_arm/install/dual_arm_moveit_config/share/colcon-core/packages/dual_arm_moveit_config)
[0.883s] DEBUG:colcon.colcon_parallel_executor.executor.parallel:closing loop
[0.883s] DEBUG:colcon.colcon_parallel_executor.executor.parallel:loop closed
[0.883s] DEBUG:colcon.colcon_parallel_executor.executor.parallel:run_until_complete finished with '0'
[0.884s] DEBUG:colcon.colcon_core.event_reactor:joining thread
[0.897s] INFO:colcon.colcon_core.plugin_system:Skipping extension 'colcon_notification.desktop_notification.terminal_notifier': Not used on non-Darwin systems
[0.898s] INFO:colcon.colcon_core.plugin_system:Skipping extension 'colcon_notification.desktop_notification.win32': Not used on non-Windows systems
[0.898s] INFO:colcon.colcon_notification.desktop_notification:Sending desktop notification using 'notify2'
[0.914s] DEBUG:colcon.colcon_core.event_reactor:joined thread
[0.915s] INFO:colcon.colcon_core.shell:Creating prefix script '/home/rosi/ws_dual_arm/install/local_setup.ps1'
[0.916s] INFO:colcon.colcon_core.shell:Creating prefix util module '/home/rosi/ws_dual_arm/install/_local_setup_util_ps1.py'
[0.918s] INFO:colcon.colcon_core.shell:Creating prefix chain script '/home/rosi/ws_dual_arm/install/setup.ps1'
[0.920s] INFO:colcon.colcon_core.shell:Creating prefix script '/home/rosi/ws_dual_arm/install/local_setup.sh'
[0.920s] INFO:colcon.colcon_core.shell:Creating prefix util module '/home/rosi/ws_dual_arm/install/_local_setup_util_sh.py'
[0.921s] INFO:colcon.colcon_core.shell:Creating prefix chain script '/home/rosi/ws_dual_arm/install/setup.sh'
[0.923s] INFO:colcon.colcon_core.shell:Creating prefix script '/home/rosi/ws_dual_arm/install/local_setup.bash'
[0.924s] INFO:colcon.colcon_core.shell:Creating prefix chain script '/home/rosi/ws_dual_arm/install/setup.bash'
[0.926s] INFO:colcon.colcon_core.shell:Creating prefix script '/home/rosi/ws_dual_arm/install/local_setup.zsh'
[0.926s] INFO:colcon.colcon_core.shell:Creating prefix chain script '/home/rosi/ws_dual_arm/install/setup.zsh'
