[0.013s] Invoking command in '/home/rosi/ws_dual_arm/build/zed_description': CMAKE_PREFIX_PATH=${CMAKE_PREFIX_PATH}:/opt/ros/humble /usr/bin/cmake /home/rosi/ws_dual_arm/src/zed-ros2-description -DCMAKE_INSTALL_PREFIX=/home/rosi/ws_dual_arm/install/zed_description
[0.114s] -- The C compiler identification is GNU 11.4.0
[0.206s] -- The CXX compiler identification is GNU 11.4.0
[0.216s] -- Detecting C compiler ABI info
[0.347s] -- Detecting C compiler ABI info - done
[0.363s] -- Check for working C compiler: /usr/bin/cc - skipped
[0.363s] -- Detecting C compile features
[0.364s] -- Detecting C compile features - done
[0.369s] -- Detecting CXX compiler ABI info
[0.450s] -- Detecting CXX compiler ABI info - done
[0.455s] -- Check for working CXX compiler: /usr/bin/c++ - skipped
[0.456s] -- Detecting CXX compile features
[0.456s] -- Detecting CXX compile features - done
[0.459s] -- Found ament_cmake_auto: 1.3.14 (/opt/ros/humble/share/ament_cmake_auto/cmake)
[0.607s] -- Found Python3: /usr/bin/python3 (found version "3.10.12") found components: Interpreter 
[0.709s] -- Found ament_lint_auto: 0.12.15 (/opt/ros/humble/share/ament_lint_auto/cmake)
[0.723s] -- Added test 'copyright' to check source files copyright and LICENSE
[0.728s] -- Added test 'lint_cmake' to check CMake code style
[0.728s] -- Added test 'pep257' to check Python code against some of the docstring style conventions in PEP 257
[0.731s] -- Added test 'xmllint' to check XML markup files
[0.732s] -- Configuring done
[0.734s] -- Generating done
[0.735s] -- Build files have been written to: /home/rosi/ws_dual_arm/build/zed_description
[0.752s] Invoked command in '/home/rosi/ws_dual_arm/build/zed_description' returned '0': CMAKE_PREFIX_PATH=${CMAKE_PREFIX_PATH}:/opt/ros/humble /usr/bin/cmake /home/rosi/ws_dual_arm/src/zed-ros2-description -DCMAKE_INSTALL_PREFIX=/home/rosi/ws_dual_arm/install/zed_description
[0.753s] Invoking command in '/home/rosi/ws_dual_arm/build/zed_description': CMAKE_PREFIX_PATH=${CMAKE_PREFIX_PATH}:/opt/ros/humble /usr/bin/cmake --build /home/rosi/ws_dual_arm/build/zed_description -- -j20 -l20
[0.782s] Invoked command in '/home/rosi/ws_dual_arm/build/zed_description' returned '0': CMAKE_PREFIX_PATH=${CMAKE_PREFIX_PATH}:/opt/ros/humble /usr/bin/cmake --build /home/rosi/ws_dual_arm/build/zed_description -- -j20 -l20
[0.784s] Invoking command in '/home/rosi/ws_dual_arm/build/zed_description': CMAKE_PREFIX_PATH=${CMAKE_PREFIX_PATH}:/opt/ros/humble /usr/bin/cmake --install /home/rosi/ws_dual_arm/build/zed_description
[0.789s] -- Install configuration: ""
[0.789s] -- Installing: /home/rosi/ws_dual_arm/install/zed_description/share/zed_description/urdf
[0.789s] -- Installing: /home/rosi/ws_dual_arm/install/zed_description/share/zed_description/urdf/zed_descr.urdf.xacro
[0.789s] -- Installing: /home/rosi/ws_dual_arm/install/zed_description/share/zed_description/urdf/zed_macro.urdf.xacro
[0.789s] -- Installing: /home/rosi/ws_dual_arm/install/zed_description/share/zed_description/meshes
[0.789s] -- Installing: /home/rosi/ws_dual_arm/install/zed_description/share/zed_description/meshes/zedxnano.stl
[0.791s] -- Installing: /home/rosi/ws_dual_arm/install/zed_description/share/zed_description/meshes/zedxhdr.stl
[0.793s] -- Installing: /home/rosi/ws_dual_arm/install/zed_description/share/zed_description/meshes/zedxhdrmini.stl
[0.794s] -- Installing: /home/rosi/ws_dual_arm/install/zed_description/share/zed_description/meshes/zedx.stl
[0.795s] -- Installing: /home/rosi/ws_dual_arm/install/zed_description/share/zed_description/meshes/zed.stl
[0.796s] -- Installing: /home/rosi/ws_dual_arm/install/zed_description/share/zed_description/meshes/zedxm.stl
[0.797s] -- Installing: /home/rosi/ws_dual_arm/install/zed_description/share/zed_description/meshes/zed2i.stl
[0.798s] -- Installing: /home/rosi/ws_dual_arm/install/zed_description/share/zed_description/meshes/zedxone4k.stl
[0.799s] -- Installing: /home/rosi/ws_dual_arm/install/zed_description/share/zed_description/meshes/zedxonehdr.stl
[0.800s] -- Installing: /home/rosi/ws_dual_arm/install/zed_description/share/zed_description/meshes/virtual.stl
[0.802s] -- Installing: /home/rosi/ws_dual_arm/install/zed_description/share/zed_description/meshes/zedxhdrmax.stl
[0.803s] -- Installing: /home/rosi/ws_dual_arm/install/zed_description/share/zed_description/meshes/zed2.stl
[0.803s] -- Installing: /home/rosi/ws_dual_arm/install/zed_description/share/zed_description/meshes/zedm.stl
[0.804s] -- Installing: /home/rosi/ws_dual_arm/install/zed_description/share/zed_description/meshes/zedxones.stl
[0.805s] -- Installing: /home/rosi/ws_dual_arm/install/zed_description/share/zed_description/meshes/zedxonegs.stl
[0.806s] -- Installing: /home/rosi/ws_dual_arm/install/zed_description/share/zed_description/rviz2
[0.806s] -- Installing: /home/rosi/ws_dual_arm/install/zed_description/share/zed_description/rviz2/zed_description.rviz
[0.806s] -- Installing: /home/rosi/ws_dual_arm/install/zed_description/share/zed_description/launch
[0.807s] -- Installing: /home/rosi/ws_dual_arm/install/zed_description/share/zed_description/launch/zed_viz.launch.py
[0.807s] -- Installing: /home/rosi/ws_dual_arm/install/zed_description/share/ament_index/resource_index/package_run_dependencies/zed_description
[0.807s] -- Installing: /home/rosi/ws_dual_arm/install/zed_description/share/ament_index/resource_index/parent_prefix_path/zed_description
[0.807s] -- Installing: /home/rosi/ws_dual_arm/install/zed_description/share/zed_description/environment/ament_prefix_path.sh
[0.807s] -- Installing: /home/rosi/ws_dual_arm/install/zed_description/share/zed_description/environment/ament_prefix_path.dsv
[0.807s] -- Installing: /home/rosi/ws_dual_arm/install/zed_description/share/zed_description/environment/path.sh
[0.807s] -- Installing: /home/rosi/ws_dual_arm/install/zed_description/share/zed_description/environment/path.dsv
[0.807s] -- Installing: /home/rosi/ws_dual_arm/install/zed_description/share/zed_description/local_setup.bash
[0.807s] -- Installing: /home/rosi/ws_dual_arm/install/zed_description/share/zed_description/local_setup.sh
[0.808s] -- Installing: /home/rosi/ws_dual_arm/install/zed_description/share/zed_description/local_setup.zsh
[0.808s] -- Installing: /home/rosi/ws_dual_arm/install/zed_description/share/zed_description/local_setup.dsv
[0.808s] -- Installing: /home/rosi/ws_dual_arm/install/zed_description/share/zed_description/package.dsv
[0.808s] -- Installing: /home/rosi/ws_dual_arm/install/zed_description/share/ament_index/resource_index/packages/zed_description
[0.808s] -- Installing: /home/rosi/ws_dual_arm/install/zed_description/share/zed_description/cmake/zed_descriptionConfig.cmake
[0.808s] -- Installing: /home/rosi/ws_dual_arm/install/zed_description/share/zed_description/cmake/zed_descriptionConfig-version.cmake
[0.808s] -- Installing: /home/rosi/ws_dual_arm/install/zed_description/share/zed_description/package.xml
[0.810s] Invoked command in '/home/rosi/ws_dual_arm/build/zed_description' returned '0': CMAKE_PREFIX_PATH=${CMAKE_PREFIX_PATH}:/opt/ros/humble /usr/bin/cmake --install /home/rosi/ws_dual_arm/build/zed_description
