[0.043s] Invoking command in '/home/rosi/ws_dual_arm/build/robotiq_controllers': CMAKE_PREFIX_PATH=${CMAKE_PREFIX_PATH}:/opt/ros/humble /usr/bin/cmake --build /home/rosi/ws_dual_arm/build/robotiq_controllers -- -j20 -l20
[0.162s] [100%] Built target robotiq_controllers
[0.231s] Invoked command in '/home/rosi/ws_dual_arm/build/robotiq_controllers' returned '0': CMAKE_PREFIX_PATH=${CMAKE_PREFIX_PATH}:/opt/ros/humble /usr/bin/cmake --build /home/rosi/ws_dual_arm/build/robotiq_controllers -- -j20 -l20
[0.233s] Invoking command in '/home/rosi/ws_dual_arm/build/robotiq_controllers': CMAKE_PREFIX_PATH=${CMAKE_PREFIX_PATH}:/opt/ros/humble /usr/bin/cmake --install /home/rosi/ws_dual_arm/build/robotiq_controllers
[0.242s] -- Install configuration: "Release"
[0.243s] -- Up-to-date: /home/rosi/ws_dual_arm/install/robotiq_controllers/share/robotiq_controllers/controller_plugins.xml
[0.248s] -- Up-to-date: /home/rosi/ws_dual_arm/install/robotiq_controllers/lib/librobotiq_controllers.so
[0.251s] -- Up-to-date: /home/rosi/ws_dual_arm/install/robotiq_controllers/include
[0.251s] -- Up-to-date: /home/rosi/ws_dual_arm/install/robotiq_controllers/include/robotiq_controllers
[0.251s] -- Up-to-date: /home/rosi/ws_dual_arm/install/robotiq_controllers/include/robotiq_controllers/robotiq_activation_controller.hpp
[0.251s] -- Up-to-date: /home/rosi/ws_dual_arm/install/robotiq_controllers/share/robotiq_controllers/environment/library_path.sh
[0.251s] -- Up-to-date: /home/rosi/ws_dual_arm/install/robotiq_controllers/share/robotiq_controllers/environment/library_path.dsv
[0.252s] -- Up-to-date: /home/rosi/ws_dual_arm/install/robotiq_controllers/share/ament_index/resource_index/package_run_dependencies/robotiq_controllers
[0.252s] -- Up-to-date: /home/rosi/ws_dual_arm/install/robotiq_controllers/share/ament_index/resource_index/parent_prefix_path/robotiq_controllers
[0.254s] -- Up-to-date: /home/rosi/ws_dual_arm/install/robotiq_controllers/share/robotiq_controllers/environment/ament_prefix_path.sh
[0.255s] -- Up-to-date: /home/rosi/ws_dual_arm/install/robotiq_controllers/share/robotiq_controllers/environment/ament_prefix_path.dsv
[0.255s] -- Up-to-date: /home/rosi/ws_dual_arm/install/robotiq_controllers/share/robotiq_controllers/environment/path.sh
[0.255s] -- Up-to-date: /home/rosi/ws_dual_arm/install/robotiq_controllers/share/robotiq_controllers/environment/path.dsv
[0.255s] -- Up-to-date: /home/rosi/ws_dual_arm/install/robotiq_controllers/share/robotiq_controllers/local_setup.bash
[0.255s] -- Up-to-date: /home/rosi/ws_dual_arm/install/robotiq_controllers/share/robotiq_controllers/local_setup.sh
[0.255s] -- Up-to-date: /home/rosi/ws_dual_arm/install/robotiq_controllers/share/robotiq_controllers/local_setup.zsh
[0.256s] -- Up-to-date: /home/rosi/ws_dual_arm/install/robotiq_controllers/share/robotiq_controllers/local_setup.dsv
[0.256s] -- Installing: /home/rosi/ws_dual_arm/install/robotiq_controllers/share/robotiq_controllers/package.dsv
[0.256s] -- Up-to-date: /home/rosi/ws_dual_arm/install/robotiq_controllers/share/ament_index/resource_index/packages/robotiq_controllers
[0.256s] -- Up-to-date: /home/rosi/ws_dual_arm/install/robotiq_controllers/share/ament_index/resource_index/controller_interface__pluginlib__plugin/robotiq_controllers
[0.256s] -- Up-to-date: /home/rosi/ws_dual_arm/install/robotiq_controllers/share/robotiq_controllers/cmake/export_robotiq_controllersExport.cmake
[0.256s] -- Up-to-date: /home/rosi/ws_dual_arm/install/robotiq_controllers/share/robotiq_controllers/cmake/export_robotiq_controllersExport-release.cmake
[0.256s] -- Up-to-date: /home/rosi/ws_dual_arm/install/robotiq_controllers/share/robotiq_controllers/cmake/ament_cmake_export_include_directories-extras.cmake
[0.256s] -- Up-to-date: /home/rosi/ws_dual_arm/install/robotiq_controllers/share/robotiq_controllers/cmake/ament_cmake_export_libraries-extras.cmake
[0.258s] -- Up-to-date: /home/rosi/ws_dual_arm/install/robotiq_controllers/share/robotiq_controllers/cmake/ament_cmake_export_targets-extras.cmake
[0.258s] -- Up-to-date: /home/rosi/ws_dual_arm/install/robotiq_controllers/share/robotiq_controllers/cmake/ament_cmake_export_dependencies-extras.cmake
[0.258s] -- Up-to-date: /home/rosi/ws_dual_arm/install/robotiq_controllers/share/robotiq_controllers/cmake/robotiq_controllersConfig.cmake
[0.258s] -- Up-to-date: /home/rosi/ws_dual_arm/install/robotiq_controllers/share/robotiq_controllers/cmake/robotiq_controllersConfig-version.cmake
[0.258s] -- Up-to-date: /home/rosi/ws_dual_arm/install/robotiq_controllers/share/robotiq_controllers/package.xml
[0.273s] Invoked command in '/home/rosi/ws_dual_arm/build/robotiq_controllers' returned '0': CMAKE_PREFIX_PATH=${CMAKE_PREFIX_PATH}:/opt/ros/humble /usr/bin/cmake --install /home/rosi/ws_dual_arm/build/robotiq_controllers
