-- Install configuration: ""
-- Installing: /home/rosi/ws_dual_arm/install/dual_arm_moveit_config/share/ament_index/resource_index/package_run_dependencies/dual_arm_moveit_config
-- Installing: /home/rosi/ws_dual_arm/install/dual_arm_moveit_config/share/ament_index/resource_index/parent_prefix_path/dual_arm_moveit_config
-- Installing: /home/rosi/ws_dual_arm/install/dual_arm_moveit_config/share/dual_arm_moveit_config/environment/ament_prefix_path.sh
-- Installing: /home/rosi/ws_dual_arm/install/dual_arm_moveit_config/share/dual_arm_moveit_config/environment/ament_prefix_path.dsv
-- Installing: /home/rosi/ws_dual_arm/install/dual_arm_moveit_config/share/dual_arm_moveit_config/environment/path.sh
-- Installing: /home/rosi/ws_dual_arm/install/dual_arm_moveit_config/share/dual_arm_moveit_config/environment/path.dsv
-- Installing: /home/rosi/ws_dual_arm/install/dual_arm_moveit_config/share/dual_arm_moveit_config/local_setup.bash
-- Installing: /home/rosi/ws_dual_arm/install/dual_arm_moveit_config/share/dual_arm_moveit_config/local_setup.sh
-- Installing: /home/rosi/ws_dual_arm/install/dual_arm_moveit_config/share/dual_arm_moveit_config/local_setup.zsh
-- Installing: /home/rosi/ws_dual_arm/install/dual_arm_moveit_config/share/dual_arm_moveit_config/local_setup.dsv
-- Installing: /home/rosi/ws_dual_arm/install/dual_arm_moveit_config/share/dual_arm_moveit_config/package.dsv
-- Installing: /home/rosi/ws_dual_arm/install/dual_arm_moveit_config/share/ament_index/resource_index/packages/dual_arm_moveit_config
-- Installing: /home/rosi/ws_dual_arm/install/dual_arm_moveit_config/share/dual_arm_moveit_config/cmake/dual_arm_moveit_configConfig.cmake
-- Installing: /home/rosi/ws_dual_arm/install/dual_arm_moveit_config/share/dual_arm_moveit_config/cmake/dual_arm_moveit_configConfig-version.cmake
-- Installing: /home/rosi/ws_dual_arm/install/dual_arm_moveit_config/share/dual_arm_moveit_config/package.xml
-- Installing: /home/rosi/ws_dual_arm/install/dual_arm_moveit_config/share/dual_arm_moveit_config/launch
-- Installing: /home/rosi/ws_dual_arm/install/dual_arm_moveit_config/share/dual_arm_moveit_config/launch/rsp.launch.py
-- Installing: /home/rosi/ws_dual_arm/install/dual_arm_moveit_config/share/dual_arm_moveit_config/launch/static_virtual_joint_tfs.launch.py
-- Installing: /home/rosi/ws_dual_arm/install/dual_arm_moveit_config/share/dual_arm_moveit_config/launch/moveit_rviz.launch.py
-- Installing: /home/rosi/ws_dual_arm/install/dual_arm_moveit_config/share/dual_arm_moveit_config/launch/spawn_controllers.launch.py
-- Installing: /home/rosi/ws_dual_arm/install/dual_arm_moveit_config/share/dual_arm_moveit_config/launch/warehouse_db.launch.py
-- Installing: /home/rosi/ws_dual_arm/install/dual_arm_moveit_config/share/dual_arm_moveit_config/launch/setup_assistant.launch.py
-- Installing: /home/rosi/ws_dual_arm/install/dual_arm_moveit_config/share/dual_arm_moveit_config/launch/move_group.launch.py
-- Installing: /home/rosi/ws_dual_arm/install/dual_arm_moveit_config/share/dual_arm_moveit_config/launch/demo.launch.py
-- Installing: /home/rosi/ws_dual_arm/install/dual_arm_moveit_config/share/dual_arm_moveit_config/config
-- Installing: /home/rosi/ws_dual_arm/install/dual_arm_moveit_config/share/dual_arm_moveit_config/config/kinematics.yaml
-- Installing: /home/rosi/ws_dual_arm/install/dual_arm_moveit_config/share/dual_arm_moveit_config/config/joint_limits.yaml
-- Installing: /home/rosi/ws_dual_arm/install/dual_arm_moveit_config/share/dual_arm_moveit_config/config/moveit_controllers.yaml
-- Installing: /home/rosi/ws_dual_arm/install/dual_arm_moveit_config/share/dual_arm_moveit_config/config/initial_positions.yaml
-- Installing: /home/rosi/ws_dual_arm/install/dual_arm_moveit_config/share/dual_arm_moveit_config/config/dual_arm.srdf
-- Installing: /home/rosi/ws_dual_arm/install/dual_arm_moveit_config/share/dual_arm_moveit_config/config/dual_arm.ros2_control.xacro
-- Installing: /home/rosi/ws_dual_arm/install/dual_arm_moveit_config/share/dual_arm_moveit_config/config/ros2_controllers.yaml
-- Installing: /home/rosi/ws_dual_arm/install/dual_arm_moveit_config/share/dual_arm_moveit_config/config/pilz_cartesian_limits.yaml
-- Installing: /home/rosi/ws_dual_arm/install/dual_arm_moveit_config/share/dual_arm_moveit_config/config/trajectory_execution.yaml
-- Installing: /home/rosi/ws_dual_arm/install/dual_arm_moveit_config/share/dual_arm_moveit_config/config/moveit.rviz
-- Installing: /home/rosi/ws_dual_arm/install/dual_arm_moveit_config/share/dual_arm_moveit_config/config/dual_arm.urdf.xacro
-- Installing: /home/rosi/ws_dual_arm/install/dual_arm_moveit_config/share/dual_arm_moveit_config/.setup_assistant
