[0.050s] Invoking command in '/home/rosi/ws_dual_arm/build/dual_arm_moveit_config': CMAKE_PREFIX_PATH=/home/rosi/ws_dual_arm/install/dual_arm_pkg:/home/rosi/ws_dual_arm/install/robotiq_controllers:/home/rosi/ws_dual_arm/install/dual_arm_moveit_config:/home/rosi/ws_dual_arm/install/dual_arm_control:/home/rosi/ws_dual_arm/install/zed_description:/home/rosi/ws_dual_arm/install/robotiq_description:/opt/ros/humble /usr/bin/cmake /home/rosi/ws_dual_arm/src/dual_arm_moveit_config -DAMENT_CMAKE_SYMLINK_INSTALL=1 -DCMAKE_INSTALL_PREFIX=/home/rosi/ws_dual_arm/install/dual_arm_moveit_config
[0.063s] -- Found ament_cmake: 1.3.14 (/opt/ros/humble/share/ament_cmake/cmake)
[0.203s] -- Override CMake install command with custom implementation using symlinks instead of copying resources
[0.322s] -- Configuring done
[0.325s] -- Generating done
[0.326s] -- Build files have been written to: /home/rosi/ws_dual_arm/build/dual_arm_moveit_config
[0.329s] Invoked command in '/home/rosi/ws_dual_arm/build/dual_arm_moveit_config' returned '0': CMAKE_PREFIX_PATH=/home/rosi/ws_dual_arm/install/dual_arm_pkg:/home/rosi/ws_dual_arm/install/robotiq_controllers:/home/rosi/ws_dual_arm/install/dual_arm_moveit_config:/home/rosi/ws_dual_arm/install/dual_arm_control:/home/rosi/ws_dual_arm/install/zed_description:/home/rosi/ws_dual_arm/install/robotiq_description:/opt/ros/humble /usr/bin/cmake /home/rosi/ws_dual_arm/src/dual_arm_moveit_config -DAMENT_CMAKE_SYMLINK_INSTALL=1 -DCMAKE_INSTALL_PREFIX=/home/rosi/ws_dual_arm/install/dual_arm_moveit_config
[0.331s] Invoking command in '/home/rosi/ws_dual_arm/build/dual_arm_moveit_config': CMAKE_PREFIX_PATH=/home/rosi/ws_dual_arm/install/dual_arm_pkg:/home/rosi/ws_dual_arm/install/robotiq_controllers:/home/rosi/ws_dual_arm/install/dual_arm_moveit_config:/home/rosi/ws_dual_arm/install/dual_arm_control:/home/rosi/ws_dual_arm/install/zed_description:/home/rosi/ws_dual_arm/install/robotiq_description:/opt/ros/humble /usr/bin/cmake --build /home/rosi/ws_dual_arm/build/dual_arm_moveit_config -- -j20 -l20
[0.376s] Invoked command in '/home/rosi/ws_dual_arm/build/dual_arm_moveit_config' returned '0': CMAKE_PREFIX_PATH=/home/rosi/ws_dual_arm/install/dual_arm_pkg:/home/rosi/ws_dual_arm/install/robotiq_controllers:/home/rosi/ws_dual_arm/install/dual_arm_moveit_config:/home/rosi/ws_dual_arm/install/dual_arm_control:/home/rosi/ws_dual_arm/install/zed_description:/home/rosi/ws_dual_arm/install/robotiq_description:/opt/ros/humble /usr/bin/cmake --build /home/rosi/ws_dual_arm/build/dual_arm_moveit_config -- -j20 -l20
[0.378s] Invoking command in '/home/rosi/ws_dual_arm/build/dual_arm_moveit_config': CMAKE_PREFIX_PATH=/home/rosi/ws_dual_arm/install/dual_arm_pkg:/home/rosi/ws_dual_arm/install/robotiq_controllers:/home/rosi/ws_dual_arm/install/dual_arm_moveit_config:/home/rosi/ws_dual_arm/install/dual_arm_control:/home/rosi/ws_dual_arm/install/zed_description:/home/rosi/ws_dual_arm/install/robotiq_description:/opt/ros/humble /usr/bin/cmake --install /home/rosi/ws_dual_arm/build/dual_arm_moveit_config
[0.386s] -- Install configuration: "Release"
[0.386s] -- Execute custom install script
[0.386s] -- Symlinking: /home/rosi/ws_dual_arm/install/dual_arm_moveit_config/share/ament_index/resource_index/package_run_dependencies/dual_arm_moveit_config
[0.399s] -- Symlinking: /home/rosi/ws_dual_arm/install/dual_arm_moveit_config/share/ament_index/resource_index/parent_prefix_path/dual_arm_moveit_config
[0.408s] -- Symlinking: /home/rosi/ws_dual_arm/install/dual_arm_moveit_config/share/dual_arm_moveit_config/environment/ament_prefix_path.sh
[0.422s] -- Symlinking: /home/rosi/ws_dual_arm/install/dual_arm_moveit_config/share/dual_arm_moveit_config/environment/ament_prefix_path.dsv
[0.434s] -- Symlinking: /home/rosi/ws_dual_arm/install/dual_arm_moveit_config/share/dual_arm_moveit_config/environment/path.sh
[0.444s] -- Symlinking: /home/rosi/ws_dual_arm/install/dual_arm_moveit_config/share/dual_arm_moveit_config/environment/path.dsv
[0.456s] -- Symlinking: /home/rosi/ws_dual_arm/install/dual_arm_moveit_config/share/dual_arm_moveit_config/local_setup.bash
[0.468s] -- Symlinking: /home/rosi/ws_dual_arm/install/dual_arm_moveit_config/share/dual_arm_moveit_config/local_setup.sh
[0.479s] -- Symlinking: /home/rosi/ws_dual_arm/install/dual_arm_moveit_config/share/dual_arm_moveit_config/local_setup.zsh
[0.489s] -- Symlinking: /home/rosi/ws_dual_arm/install/dual_arm_moveit_config/share/dual_arm_moveit_config/local_setup.dsv
[0.502s] -- Symlinking: /home/rosi/ws_dual_arm/install/dual_arm_moveit_config/share/dual_arm_moveit_config/package.dsv
[0.513s] -- Symlinking: /home/rosi/ws_dual_arm/install/dual_arm_moveit_config/share/ament_index/resource_index/packages/dual_arm_moveit_config
[0.524s] -- Symlinking: /home/rosi/ws_dual_arm/install/dual_arm_moveit_config/share/dual_arm_moveit_config/cmake/dual_arm_moveit_configConfig.cmake
[0.535s] -- Symlinking: /home/rosi/ws_dual_arm/install/dual_arm_moveit_config/share/dual_arm_moveit_config/cmake/dual_arm_moveit_configConfig-version.cmake
[0.545s] -- Symlinking: /home/rosi/ws_dual_arm/install/dual_arm_moveit_config/share/dual_arm_moveit_config/package.xml
[0.554s] -- Symlinking: /home/rosi/ws_dual_arm/install/dual_arm_moveit_config/share/dual_arm_moveit_config/launch/demo.launch.py
[0.570s] -- Symlinking: /home/rosi/ws_dual_arm/install/dual_arm_moveit_config/share/dual_arm_moveit_config/launch/dual_arm_real.launch.py
[0.583s] -- Symlinking: /home/rosi/ws_dual_arm/install/dual_arm_moveit_config/share/dual_arm_moveit_config/launch/dual_arm_real_v2.launch.py
[0.592s] -- Symlinking: /home/rosi/ws_dual_arm/install/dual_arm_moveit_config/share/dual_arm_moveit_config/launch/joint_state_relay.launch.py
[0.604s] -- Symlinking: /home/rosi/ws_dual_arm/install/dual_arm_moveit_config/share/dual_arm_moveit_config/launch/move_group.launch.py
[0.616s] -- Symlinking: /home/rosi/ws_dual_arm/install/dual_arm_moveit_config/share/dual_arm_moveit_config/launch/moveit_rviz.launch.py
[0.625s] -- Symlinking: /home/rosi/ws_dual_arm/install/dual_arm_moveit_config/share/dual_arm_moveit_config/launch/rsp.launch.py
[0.639s] -- Symlinking: /home/rosi/ws_dual_arm/install/dual_arm_moveit_config/share/dual_arm_moveit_config/launch/setup_assistant.launch.py
[0.652s] -- Symlinking: /home/rosi/ws_dual_arm/install/dual_arm_moveit_config/share/dual_arm_moveit_config/launch/spawn_controllers.launch.py
[0.662s] -- Symlinking: /home/rosi/ws_dual_arm/install/dual_arm_moveit_config/share/dual_arm_moveit_config/launch/static_virtual_joint_tfs.launch.py
[0.676s] -- Symlinking: /home/rosi/ws_dual_arm/install/dual_arm_moveit_config/share/dual_arm_moveit_config/launch/ur_control_namespaced.launch.py
[0.690s] -- Symlinking: /home/rosi/ws_dual_arm/install/dual_arm_moveit_config/share/dual_arm_moveit_config/launch/warehouse_db.launch.py
[0.702s] -- Symlinking: /home/rosi/ws_dual_arm/install/dual_arm_moveit_config/share/dual_arm_moveit_config/config/dual_arm.ros2_control.xacro
[0.713s] -- Symlinking: /home/rosi/ws_dual_arm/install/dual_arm_moveit_config/share/dual_arm_moveit_config/config/dual_arm.srdf
[0.729s] -- Symlinking: /home/rosi/ws_dual_arm/install/dual_arm_moveit_config/share/dual_arm_moveit_config/config/dual_arm.srdf.backup
[0.741s] -- Symlinking: /home/rosi/ws_dual_arm/install/dual_arm_moveit_config/share/dual_arm_moveit_config/config/dual_arm.urdf.xacro
[0.754s] -- Symlinking: /home/rosi/ws_dual_arm/install/dual_arm_moveit_config/share/dual_arm_moveit_config/config/dual_arm_real.ros2_control.xacro
[0.766s] -- Symlinking: /home/rosi/ws_dual_arm/install/dual_arm_moveit_config/share/dual_arm_moveit_config/config/dual_arm_real.urdf.xacro
[0.779s] -- Symlinking: /home/rosi/ws_dual_arm/install/dual_arm_moveit_config/share/dual_arm_moveit_config/config/dual_arm_real_v2.urdf.xacro
[0.791s] -- Symlinking: /home/rosi/ws_dual_arm/install/dual_arm_moveit_config/share/dual_arm_moveit_config/config/dual_arm_v2.srdf
[0.803s] -- Symlinking: /home/rosi/ws_dual_arm/install/dual_arm_moveit_config/share/dual_arm_moveit_config/config/initial_positions.yaml
[0.816s] -- Symlinking: /home/rosi/ws_dual_arm/install/dual_arm_moveit_config/share/dual_arm_moveit_config/config/joint_limits.yaml
[0.829s] -- Symlinking: /home/rosi/ws_dual_arm/install/dual_arm_moveit_config/share/dual_arm_moveit_config/config/kinematics.yaml
[0.841s] -- Symlinking: /home/rosi/ws_dual_arm/install/dual_arm_moveit_config/share/dual_arm_moveit_config/config/left_ur10e_calibration.yaml
[0.855s] -- Symlinking: /home/rosi/ws_dual_arm/install/dual_arm_moveit_config/share/dual_arm_moveit_config/config/moveit_controllers.yaml
[0.869s] -- Symlinking: /home/rosi/ws_dual_arm/install/dual_arm_moveit_config/share/dual_arm_moveit_config/config/ompl_planning.yaml
[0.880s] -- Symlinking: /home/rosi/ws_dual_arm/install/dual_arm_moveit_config/share/dual_arm_moveit_config/config/pilz_cartesian_limits.yaml
[0.891s] -- Symlinking: /home/rosi/ws_dual_arm/install/dual_arm_moveit_config/share/dual_arm_moveit_config/config/right_ur10e_calibration.yaml
[0.903s] -- Symlinking: /home/rosi/ws_dual_arm/install/dual_arm_moveit_config/share/dual_arm_moveit_config/config/right_ur_controllers.yaml
[0.914s] -- Symlinking: /home/rosi/ws_dual_arm/install/dual_arm_moveit_config/share/dual_arm_moveit_config/config/ros2_controllers.yaml
[0.924s] -- Symlinking: /home/rosi/ws_dual_arm/install/dual_arm_moveit_config/share/dual_arm_moveit_config/config/trajectory_execution.yaml
[0.936s] -- Symlinking: /home/rosi/ws_dual_arm/install/dual_arm_moveit_config/share/dual_arm_moveit_config/.setup_assistant
