[0.028s] Invoking command in '/home/rosi/ws_dual_arm/build/robotiq_description': CMAKE_PREFIX_PATH=/opt/ros/humble /usr/bin/cmake /home/rosi/ws_dual_arm/src/ros2_robotiq_gripper/robotiq_description -DAMENT_CMAKE_SYMLINK_INSTALL=1 -DCMAKE_INSTALL_PREFIX=/home/rosi/ws_dual_arm/install/robotiq_description
[0.060s] -- Found ament_cmake: 1.3.14 (/opt/ros/humble/share/ament_cmake/cmake)
[0.295s] -- Override CMake install command with custom implementation using symlinks instead of copying resources
[0.479s] -- Configuring done
[0.483s] -- Generating done
[0.485s] -- Build files have been written to: /home/rosi/ws_dual_arm/build/robotiq_description
[0.496s] Invoked command in '/home/rosi/ws_dual_arm/build/robotiq_description' returned '0': CMAKE_PREFIX_PATH=/opt/ros/humble /usr/bin/cmake /home/rosi/ws_dual_arm/src/ros2_robotiq_gripper/robotiq_description -DAMENT_CMAKE_SYMLINK_INSTALL=1 -DCMAKE_INSTALL_PREFIX=/home/rosi/ws_dual_arm/install/robotiq_description
[0.498s] Invoking command in '/home/rosi/ws_dual_arm/build/robotiq_description': CMAKE_PREFIX_PATH=/opt/ros/humble /usr/bin/cmake --build /home/rosi/ws_dual_arm/build/robotiq_description -- -j20 -l20
[0.543s] Invoked command in '/home/rosi/ws_dual_arm/build/robotiq_description' returned '0': CMAKE_PREFIX_PATH=/opt/ros/humble /usr/bin/cmake --build /home/rosi/ws_dual_arm/build/robotiq_description -- -j20 -l20
[0.545s] Invoking command in '/home/rosi/ws_dual_arm/build/robotiq_description': CMAKE_PREFIX_PATH=/opt/ros/humble /usr/bin/cmake --install /home/rosi/ws_dual_arm/build/robotiq_description
[0.555s] -- Install configuration: "Release"
[0.556s] -- Execute custom install script
[0.557s] -- Symlinking: /home/rosi/ws_dual_arm/install/robotiq_description/share/robotiq_description/config/robotiq_controllers.yaml
[0.565s] -- Symlinking: /home/rosi/ws_dual_arm/install/robotiq_description/share/robotiq_description/config/robotiq_hand_e_controllers.yaml
[0.574s] -- Symlinking: /home/rosi/ws_dual_arm/install/robotiq_description/share/robotiq_description/launch/hand-e_control.launch.xml
[0.584s] -- Symlinking: /home/rosi/ws_dual_arm/install/robotiq_description/share/robotiq_description/launch/robotiq_control.launch.py
[0.596s] -- Symlinking: /home/rosi/ws_dual_arm/install/robotiq_description/share/robotiq_description/launch/view_gripper.launch.py
[0.607s] -- Symlinking: /home/rosi/ws_dual_arm/install/robotiq_description/share/robotiq_description/launch/view_hand-e.launch.xml
[0.620s] -- Symlinking: /home/rosi/ws_dual_arm/install/robotiq_description/share/robotiq_description/meshes/collision/2f_140/robotiq_2f_140_base_link.stl
[0.628s] -- Symlinking: /home/rosi/ws_dual_arm/install/robotiq_description/share/robotiq_description/meshes/collision/2f_140/robotiq_2f_140_coupling.stl
[0.638s] -- Symlinking: /home/rosi/ws_dual_arm/install/robotiq_description/share/robotiq_description/meshes/collision/2f_140/robotiq_2f_140_inner_finger.stl
[0.651s] -- Symlinking: /home/rosi/ws_dual_arm/install/robotiq_description/share/robotiq_description/meshes/collision/2f_140/robotiq_2f_140_inner_knuckle.stl
[0.659s] -- Symlinking: /home/rosi/ws_dual_arm/install/robotiq_description/share/robotiq_description/meshes/collision/2f_140/robotiq_2f_140_outer_finger.stl
[0.672s] -- Symlinking: /home/rosi/ws_dual_arm/install/robotiq_description/share/robotiq_description/meshes/collision/2f_140/robotiq_2f_140_outer_knuckle.stl
[0.680s] -- Symlinking: /home/rosi/ws_dual_arm/install/robotiq_description/share/robotiq_description/meshes/collision/2f_85/left_finger.stl
[0.692s] -- Symlinking: /home/rosi/ws_dual_arm/install/robotiq_description/share/robotiq_description/meshes/collision/2f_85/left_finger_tip.stl
[0.701s] -- Symlinking: /home/rosi/ws_dual_arm/install/robotiq_description/share/robotiq_description/meshes/collision/2f_85/left_inner_knuckle.stl
[0.714s] -- Symlinking: /home/rosi/ws_dual_arm/install/robotiq_description/share/robotiq_description/meshes/collision/2f_85/left_knuckle.stl
[0.724s] -- Symlinking: /home/rosi/ws_dual_arm/install/robotiq_description/share/robotiq_description/meshes/collision/2f_85/right_finger.stl
[0.733s] -- Symlinking: /home/rosi/ws_dual_arm/install/robotiq_description/share/robotiq_description/meshes/collision/2f_85/right_finger_tip.stl
[0.742s] -- Symlinking: /home/rosi/ws_dual_arm/install/robotiq_description/share/robotiq_description/meshes/collision/2f_85/right_inner_knuckle.stl
[0.750s] -- Symlinking: /home/rosi/ws_dual_arm/install/robotiq_description/share/robotiq_description/meshes/collision/2f_85/right_knuckle.stl
[0.759s] -- Symlinking: /home/rosi/ws_dual_arm/install/robotiq_description/share/robotiq_description/meshes/collision/2f_85/robotiq_base.stl
[0.768s] -- Symlinking: /home/rosi/ws_dual_arm/install/robotiq_description/share/robotiq_description/meshes/collision/2f_85/ur_to_robotiq_adapter.stl
[0.778s] -- Symlinking: /home/rosi/ws_dual_arm/install/robotiq_description/share/robotiq_description/meshes/collision/hande/hand-e.stl
[0.791s] -- Symlinking: /home/rosi/ws_dual_arm/install/robotiq_description/share/robotiq_description/meshes/collision/hande/hand-e_convex_hull.stl
[0.800s] -- Symlinking: /home/rosi/ws_dual_arm/install/robotiq_description/share/robotiq_description/meshes/collision/hande/left_finger.stl
[0.812s] -- Symlinking: /home/rosi/ws_dual_arm/install/robotiq_description/share/robotiq_description/meshes/collision/hande/right_finger.stl
[0.821s] -- Symlinking: /home/rosi/ws_dual_arm/install/robotiq_description/share/robotiq_description/meshes/visual/2f_140/robotiq_2f_140_base_link.stl
[0.833s] -- Symlinking: /home/rosi/ws_dual_arm/install/robotiq_description/share/robotiq_description/meshes/visual/2f_140/robotiq_2f_140_coupling.stl
[0.841s] -- Symlinking: /home/rosi/ws_dual_arm/install/robotiq_description/share/robotiq_description/meshes/visual/2f_140/robotiq_2f_140_inner_finger.stl
[0.850s] -- Symlinking: /home/rosi/ws_dual_arm/install/robotiq_description/share/robotiq_description/meshes/visual/2f_140/robotiq_2f_140_inner_knuckle.stl
[0.864s] -- Symlinking: /home/rosi/ws_dual_arm/install/robotiq_description/share/robotiq_description/meshes/visual/2f_140/robotiq_2f_140_outer_finger.stl
[0.874s] -- Symlinking: /home/rosi/ws_dual_arm/install/robotiq_description/share/robotiq_description/meshes/visual/2f_140/robotiq_2f_140_outer_knuckle.stl
[0.887s] -- Symlinking: /home/rosi/ws_dual_arm/install/robotiq_description/share/robotiq_description/meshes/visual/2f_85/left_finger.dae
[0.896s] -- Symlinking: /home/rosi/ws_dual_arm/install/robotiq_description/share/robotiq_description/meshes/visual/2f_85/left_finger_tip.dae
[0.907s] -- Symlinking: /home/rosi/ws_dual_arm/install/robotiq_description/share/robotiq_description/meshes/visual/2f_85/left_inner_knuckle.dae
[0.919s] -- Symlinking: /home/rosi/ws_dual_arm/install/robotiq_description/share/robotiq_description/meshes/visual/2f_85/left_knuckle.dae
[0.932s] -- Symlinking: /home/rosi/ws_dual_arm/install/robotiq_description/share/robotiq_description/meshes/visual/2f_85/right_finger.dae
[0.943s] -- Symlinking: /home/rosi/ws_dual_arm/install/robotiq_description/share/robotiq_description/meshes/visual/2f_85/right_finger_tip.dae
[0.954s] -- Symlinking: /home/rosi/ws_dual_arm/install/robotiq_description/share/robotiq_description/meshes/visual/2f_85/right_inner_knuckle.dae
[0.965s] -- Symlinking: /home/rosi/ws_dual_arm/install/robotiq_description/share/robotiq_description/meshes/visual/2f_85/right_knuckle.dae
[0.978s] -- Symlinking: /home/rosi/ws_dual_arm/install/robotiq_description/share/robotiq_description/meshes/visual/2f_85/robotiq_base.dae
[0.988s] -- Symlinking: /home/rosi/ws_dual_arm/install/robotiq_description/share/robotiq_description/meshes/visual/2f_85/ur_to_robotiq_adapter.dae
[1.001s] -- Symlinking: /home/rosi/ws_dual_arm/install/robotiq_description/share/robotiq_description/meshes/visual/hande/hand-e.dae
[1.011s] -- Symlinking: /home/rosi/ws_dual_arm/install/robotiq_description/share/robotiq_description/meshes/visual/hande/left_finger.dae
[1.024s] -- Symlinking: /home/rosi/ws_dual_arm/install/robotiq_description/share/robotiq_description/meshes/visual/hande/right_finger.dae
[1.037s] -- Symlinking: /home/rosi/ws_dual_arm/install/robotiq_description/share/robotiq_description/rviz/view_urdf.rviz
[1.047s] -- Symlinking: /home/rosi/ws_dual_arm/install/robotiq_description/share/robotiq_description/urdf/2f_140.ros2_control.xacro
[1.058s] -- Symlinking: /home/rosi/ws_dual_arm/install/robotiq_description/share/robotiq_description/urdf/2f_85.ros2_control.xacro
[1.069s] -- Symlinking: /home/rosi/ws_dual_arm/install/robotiq_description/share/robotiq_description/urdf/hand_e.ros2_control.xacro
[1.079s] -- Symlinking: /home/rosi/ws_dual_arm/install/robotiq_description/share/robotiq_description/urdf/robotiq_2f_140.xacro
[1.092s] -- Symlinking: /home/rosi/ws_dual_arm/install/robotiq_description/share/robotiq_description/urdf/robotiq_2f_140_gripper.urdf.xacro
[1.101s] -- Symlinking: /home/rosi/ws_dual_arm/install/robotiq_description/share/robotiq_description/urdf/robotiq_2f_140_macro.urdf.xacro
[1.112s] -- Symlinking: /home/rosi/ws_dual_arm/install/robotiq_description/share/robotiq_description/urdf/robotiq_2f_85_gripper.urdf.xacro
[1.121s] -- Symlinking: /home/rosi/ws_dual_arm/install/robotiq_description/share/robotiq_description/urdf/robotiq_2f_85_macro.urdf.xacro
[1.134s] -- Symlinking: /home/rosi/ws_dual_arm/install/robotiq_description/share/robotiq_description/urdf/robotiq_hand_e_gripper.urdf.xacro
[1.145s] -- Symlinking: /home/rosi/ws_dual_arm/install/robotiq_description/share/robotiq_description/urdf/robotiq_hand_e_macro.urdf.xacro
[1.155s] -- Symlinking: /home/rosi/ws_dual_arm/install/robotiq_description/share/robotiq_description/urdf/ur_to_robotiq_adapter.urdf.xacro
[1.164s] -- Symlinking: /home/rosi/ws_dual_arm/install/robotiq_description/share/ament_index/resource_index/package_run_dependencies/robotiq_description
[1.178s] -- Symlinking: /home/rosi/ws_dual_arm/install/robotiq_description/share/ament_index/resource_index/parent_prefix_path/robotiq_description
[1.195s] -- Symlinking: /home/rosi/ws_dual_arm/install/robotiq_description/share/robotiq_description/environment/ament_prefix_path.sh
[1.209s] -- Symlinking: /home/rosi/ws_dual_arm/install/robotiq_description/share/robotiq_description/environment/ament_prefix_path.dsv
[1.218s] -- Symlinking: /home/rosi/ws_dual_arm/install/robotiq_description/share/robotiq_description/environment/path.sh
[1.227s] -- Symlinking: /home/rosi/ws_dual_arm/install/robotiq_description/share/robotiq_description/environment/path.dsv
[1.241s] -- Symlinking: /home/rosi/ws_dual_arm/install/robotiq_description/share/robotiq_description/local_setup.bash
[1.253s] -- Symlinking: /home/rosi/ws_dual_arm/install/robotiq_description/share/robotiq_description/local_setup.sh
[1.263s] -- Symlinking: /home/rosi/ws_dual_arm/install/robotiq_description/share/robotiq_description/local_setup.zsh
[1.277s] -- Symlinking: /home/rosi/ws_dual_arm/install/robotiq_description/share/robotiq_description/local_setup.dsv
[1.288s] -- Symlinking: /home/rosi/ws_dual_arm/install/robotiq_description/share/robotiq_description/package.dsv
[1.303s] -- Symlinking: /home/rosi/ws_dual_arm/install/robotiq_description/share/ament_index/resource_index/packages/robotiq_description
[1.314s] -- Symlinking: /home/rosi/ws_dual_arm/install/robotiq_description/share/robotiq_description/cmake/robotiq_descriptionConfig.cmake
[1.324s] -- Symlinking: /home/rosi/ws_dual_arm/install/robotiq_description/share/robotiq_description/cmake/robotiq_descriptionConfig-version.cmake
[1.334s] -- Symlinking: /home/rosi/ws_dual_arm/install/robotiq_description/share/robotiq_description/package.xml
