[0.450s] Invoking command in '/home/rosi/ws_dual_arm/src/aruco_moveit_planner': PYTHONPATH=/home/rosi/ws_dual_arm/build/aruco_moveit_planner/prefix_override:/usr/lib/python3/dist-packages/colcon_core/task/python/colcon_distutils_commands:/home/rosi/ws_dual_arm/install/aruco_moveit_planner/lib/python3.10/site-packages:${PYTHONPATH} /usr/bin/python3 -W ignore:setup.py install is deprecated -W ignore:easy_install command is deprecated setup.py egg_info --egg-base ../../build/aruco_moveit_planner build --build-base /home/rosi/ws_dual_arm/build/aruco_moveit_planner/build install --record /home/rosi/ws_dual_arm/build/aruco_moveit_planner/install.log --single-version-externally-managed install_data
[0.587s] running egg_info
[0.588s] writing ../../build/aruco_moveit_planner/aruco_moveit_planner.egg-info/PKG-INFO
[0.588s] writing dependency_links to ../../build/aruco_moveit_planner/aruco_moveit_planner.egg-info/dependency_links.txt
[0.588s] writing entry points to ../../build/aruco_moveit_planner/aruco_moveit_planner.egg-info/entry_points.txt
[0.588s] writing requirements to ../../build/aruco_moveit_planner/aruco_moveit_planner.egg-info/requires.txt
[0.588s] writing top-level names to ../../build/aruco_moveit_planner/aruco_moveit_planner.egg-info/top_level.txt
[0.589s] reading manifest file '../../build/aruco_moveit_planner/aruco_moveit_planner.egg-info/SOURCES.txt'
[0.590s] writing manifest file '../../build/aruco_moveit_planner/aruco_moveit_planner.egg-info/SOURCES.txt'
[0.590s] running build
[0.590s] running build_py
[0.590s] copying aruco_moveit_planner/moveit_planner.py -> /home/rosi/ws_dual_arm/build/aruco_moveit_planner/build/lib/aruco_moveit_planner
[0.590s] copying aruco_moveit_planner/main.py -> /home/rosi/ws_dual_arm/build/aruco_moveit_planner/build/lib/aruco_moveit_planner
[0.590s] running install
[0.590s] running install_lib
[0.591s] copying /home/rosi/ws_dual_arm/build/aruco_moveit_planner/build/lib/aruco_moveit_planner/moveit_planner.py -> /home/rosi/ws_dual_arm/install/aruco_moveit_planner/lib/python3.10/site-packages/aruco_moveit_planner
[0.591s] copying /home/rosi/ws_dual_arm/build/aruco_moveit_planner/build/lib/aruco_moveit_planner/main.py -> /home/rosi/ws_dual_arm/install/aruco_moveit_planner/lib/python3.10/site-packages/aruco_moveit_planner
[0.591s] byte-compiling /home/rosi/ws_dual_arm/install/aruco_moveit_planner/lib/python3.10/site-packages/aruco_moveit_planner/moveit_planner.py to moveit_planner.cpython-310.pyc
[0.592s] byte-compiling /home/rosi/ws_dual_arm/install/aruco_moveit_planner/lib/python3.10/site-packages/aruco_moveit_planner/main.py to main.cpython-310.pyc
[0.593s] running install_data
[0.593s] running install_egg_info
[0.594s] removing '/home/rosi/ws_dual_arm/install/aruco_moveit_planner/lib/python3.10/site-packages/aruco_moveit_planner-0.1.0-py3.10.egg-info' (and everything under it)
[0.594s] Copying ../../build/aruco_moveit_planner/aruco_moveit_planner.egg-info to /home/rosi/ws_dual_arm/install/aruco_moveit_planner/lib/python3.10/site-packages/aruco_moveit_planner-0.1.0-py3.10.egg-info
[0.595s] running install_scripts
[0.611s] Installing arm_joint_state_publisher script to /home/rosi/ws_dual_arm/install/aruco_moveit_planner/lib/aruco_moveit_planner
[0.611s] Installing plan_to_aruco script to /home/rosi/ws_dual_arm/install/aruco_moveit_planner/lib/aruco_moveit_planner
[0.611s] writing list of installed files to '/home/rosi/ws_dual_arm/build/aruco_moveit_planner/install.log'
[0.624s] Invoked command in '/home/rosi/ws_dual_arm/src/aruco_moveit_planner' returned '0': PYTHONPATH=/home/rosi/ws_dual_arm/build/aruco_moveit_planner/prefix_override:/usr/lib/python3/dist-packages/colcon_core/task/python/colcon_distutils_commands:/home/rosi/ws_dual_arm/install/aruco_moveit_planner/lib/python3.10/site-packages:${PYTHONPATH} /usr/bin/python3 -W ignore:setup.py install is deprecated -W ignore:easy_install command is deprecated setup.py egg_info --egg-base ../../build/aruco_moveit_planner build --build-base /home/rosi/ws_dual_arm/build/aruco_moveit_planner/build install --record /home/rosi/ws_dual_arm/build/aruco_moveit_planner/install.log --single-version-externally-managed install_data
