[0.025s] Invoking command in '/home/rosi/ws_dual_arm/build/robotiq_controllers': CMAKE_PREFIX_PATH=/opt/ros/humble /usr/bin/cmake /home/rosi/ws_dual_arm/src/ros2_robotiq_gripper/robotiq_controllers -DCMAKE_BUILD_TYPE=Release -DCMAKE_INSTALL_PREFIX=/home/rosi/ws_dual_arm/install/robotiq_controllers
[0.046s] -- Found ament_cmake: 1.3.14 (/opt/ros/humble/share/ament_cmake/cmake)
[0.231s] -- Found controller_interface: 2.53.1 (/opt/ros/humble/share/controller_interface/cmake)
[0.269s] -- Found rosidl_generator_c: 3.1.8 (/opt/ros/humble/share/rosidl_generator_c/cmake)
[0.272s] -- Found rosidl_adapter: 3.1.8 (/opt/ros/humble/share/rosidl_adapter/cmake)
[0.285s] -- Found rosidl_generator_cpp: 3.1.8 (/opt/ros/humble/share/rosidl_generator_cpp/cmake)
[0.299s] -- Using all available rosidl_typesupport_c: rosidl_typesupport_fastrtps_c;rosidl_typesupport_introspection_c
[0.315s] -- Using all available rosidl_typesupport_cpp: rosidl_typesupport_fastrtps_cpp;rosidl_typesupport_introspection_cpp
[0.532s] -- Found rmw_implementation_cmake: 6.1.2 (/opt/ros/humble/share/rmw_implementation_cmake/cmake)
[0.533s] -- Found rmw_fastrtps_cpp: 6.2.10 (/opt/ros/humble/share/rmw_fastrtps_cpp/cmake)
[0.556s] -- Found TinyXML2 via Config file: TinyXML2_DIR-NOTFOUND
[0.570s] -- Found TinyXML2 via Config file: TinyXML2_DIR-NOTFOUND
[0.596s] -- Found TinyXML2 via Config file: TinyXML2_DIR-NOTFOUND
[0.607s] -- Found TinyXML2 via Config file: TinyXML2_DIR-NOTFOUND
[0.621s] -- Using RMW implementation 'rmw_fastrtps_cpp' as default
[0.673s] -- Found std_srvs: 4.9.1 (/opt/ros/humble/share/std_srvs/cmake)
[0.687s] -- Found ament_lint_auto: 0.12.15 (/opt/ros/humble/share/ament_lint_auto/cmake)
[0.807s] -- Added test 'cppcheck' to perform static code analysis on C / C++ code
[0.807s] -- Configured cppcheck include dirs: /home/rosi/ws_dual_arm/src/ros2_robotiq_gripper/robotiq_controllers/include
[0.807s] -- Configured cppcheck exclude dirs and/or files: 
[0.808s] -- Added test 'lint_cmake' to check CMake code style
[0.811s] -- Configuring done
[0.827s] -- Generating done
[0.833s] -- Build files have been written to: /home/rosi/ws_dual_arm/build/robotiq_controllers
