[0.019s] Invoking command in '/home/rosi/ws_dual_arm/build/dual_arm_pkg': CMAKE_PREFIX_PATH=${CMAKE_PREFIX_PATH}:/opt/ros/humble /usr/bin/cmake /home/rosi/ws_dual_arm/src/dual_arm_pkg -DCMAKE_INSTALL_PREFIX=/home/rosi/ws_dual_arm/install/dual_arm_pkg
[0.122s] -- The C compiler identification is GNU 11.4.0
[0.216s] -- The CXX compiler identification is GNU 11.4.0
[0.226s] -- Detecting C compiler ABI info
[0.356s] -- Detecting C compiler ABI info - done
[0.370s] -- Check for working C compiler: /usr/bin/cc - skipped
[0.371s] -- Detecting C compile features
[0.372s] -- Detecting C compile features - done
[0.378s] -- Detecting CXX compiler ABI info
[0.460s] -- Detecting CXX compiler ABI info - done
[0.465s] -- Check for working CXX compiler: /usr/bin/c++ - skipped
[0.465s] -- Detecting CXX compile features
[0.465s] -- Detecting CXX compile features - done
[0.467s] -- Found ament_cmake: 1.3.14 (/opt/ros/humble/share/ament_cmake/cmake)
[0.578s] -- Found Python3: /usr/bin/python3 (found version "3.10.12") found components: Interpreter 
[0.677s] -- Configuring done
[0.678s] -- Generating done
[0.679s] -- Build files have been written to: /home/rosi/ws_dual_arm/build/dual_arm_pkg
[0.681s] Invoked command in '/home/rosi/ws_dual_arm/build/dual_arm_pkg' returned '0': CMAKE_PREFIX_PATH=${CMAKE_PREFIX_PATH}:/opt/ros/humble /usr/bin/cmake /home/rosi/ws_dual_arm/src/dual_arm_pkg -DCMAKE_INSTALL_PREFIX=/home/rosi/ws_dual_arm/install/dual_arm_pkg
[0.683s] Invoking command in '/home/rosi/ws_dual_arm/build/dual_arm_pkg': CMAKE_PREFIX_PATH=${CMAKE_PREFIX_PATH}:/opt/ros/humble /usr/bin/cmake --build /home/rosi/ws_dual_arm/build/dual_arm_pkg -- -j20 -l20
[0.710s] Invoked command in '/home/rosi/ws_dual_arm/build/dual_arm_pkg' returned '0': CMAKE_PREFIX_PATH=${CMAKE_PREFIX_PATH}:/opt/ros/humble /usr/bin/cmake --build /home/rosi/ws_dual_arm/build/dual_arm_pkg -- -j20 -l20
[0.717s] Invoking command in '/home/rosi/ws_dual_arm/build/dual_arm_pkg': CMAKE_PREFIX_PATH=${CMAKE_PREFIX_PATH}:/opt/ros/humble /usr/bin/cmake --install /home/rosi/ws_dual_arm/build/dual_arm_pkg
[0.722s] -- Install configuration: ""
[0.723s] -- Installing: /home/rosi/ws_dual_arm/install/dual_arm_pkg/share/dual_arm_pkg/urdf
[0.723s] -- Installing: /home/rosi/ws_dual_arm/install/dual_arm_pkg/share/dual_arm_pkg/urdf/dual_arm.urdf.xacro
[0.723s] -- Installing: /home/rosi/ws_dual_arm/install/dual_arm_pkg/share/dual_arm_pkg/launch
[0.723s] -- Installing: /home/rosi/ws_dual_arm/install/dual_arm_pkg/share/dual_arm_pkg/launch/display.launch.py
[0.724s] -- Installing: /home/rosi/ws_dual_arm/install/dual_arm_pkg/share/dual_arm_pkg/config
[0.724s] -- Installing: /home/rosi/ws_dual_arm/install/dual_arm_pkg/share/dual_arm_pkg/config/initial_positions.yaml
[0.724s] -- Installing: /home/rosi/ws_dual_arm/install/dual_arm_pkg/share/dual_arm_pkg/meshes
[0.724s] -- Installing: /home/rosi/ws_dual_arm/install/dual_arm_pkg/share/dual_arm_pkg/meshes/collision
[0.724s] -- Installing: /home/rosi/ws_dual_arm/install/dual_arm_pkg/share/dual_arm_pkg/meshes/collision/2f_140
[0.725s] -- Installing: /home/rosi/ws_dual_arm/install/dual_arm_pkg/share/dual_arm_pkg/meshes/collision/2f_140/robotiq_2f_140_outer_knuckle.stl
[0.725s] -- Installing: /home/rosi/ws_dual_arm/install/dual_arm_pkg/share/dual_arm_pkg/meshes/collision/2f_140/robotiq_2f_140_inner_knuckle.stl
[0.725s] -- Installing: /home/rosi/ws_dual_arm/install/dual_arm_pkg/share/dual_arm_pkg/meshes/collision/2f_140/robotiq_2f_140_outer_finger.stl
[0.725s] -- Installing: /home/rosi/ws_dual_arm/install/dual_arm_pkg/share/dual_arm_pkg/meshes/collision/2f_140/robotiq_2f_140_coupling.stl
[0.725s] -- Installing: /home/rosi/ws_dual_arm/install/dual_arm_pkg/share/dual_arm_pkg/meshes/collision/2f_140/robotiq_2f_140_inner_finger.stl
[0.725s] -- Installing: /home/rosi/ws_dual_arm/install/dual_arm_pkg/share/dual_arm_pkg/meshes/collision/2f_140/robotiq_2f_140_base_link.stl
[0.726s] -- Installing: /home/rosi/ws_dual_arm/install/dual_arm_pkg/share/dual_arm_pkg/meshes/collision/ur10e
[0.726s] -- Installing: /home/rosi/ws_dual_arm/install/dual_arm_pkg/share/dual_arm_pkg/meshes/collision/ur10e/forearm.stl
[0.726s] -- Installing: /home/rosi/ws_dual_arm/install/dual_arm_pkg/share/dual_arm_pkg/meshes/collision/ur10e/shoulder.stl
[0.726s] -- Installing: /home/rosi/ws_dual_arm/install/dual_arm_pkg/share/dual_arm_pkg/meshes/collision/ur10e/wrist3.stl
[0.726s] -- Installing: /home/rosi/ws_dual_arm/install/dual_arm_pkg/share/dual_arm_pkg/meshes/collision/ur10e/wrist2.stl
[0.727s] -- Installing: /home/rosi/ws_dual_arm/install/dual_arm_pkg/share/dual_arm_pkg/meshes/collision/ur10e/base.stl
[0.727s] -- Installing: /home/rosi/ws_dual_arm/install/dual_arm_pkg/share/dual_arm_pkg/meshes/collision/ur10e/upperarm.stl
[0.727s] -- Installing: /home/rosi/ws_dual_arm/install/dual_arm_pkg/share/dual_arm_pkg/meshes/collision/ur10e/wrist1.stl
[0.728s] -- Installing: /home/rosi/ws_dual_arm/install/dual_arm_pkg/share/dual_arm_pkg/meshes/visual
[0.728s] -- Installing: /home/rosi/ws_dual_arm/install/dual_arm_pkg/share/dual_arm_pkg/meshes/visual/2f_140
[0.728s] -- Installing: /home/rosi/ws_dual_arm/install/dual_arm_pkg/share/dual_arm_pkg/meshes/visual/2f_140/robotiq_2f_140_outer_knuckle.stl
[0.728s] -- Installing: /home/rosi/ws_dual_arm/install/dual_arm_pkg/share/dual_arm_pkg/meshes/visual/2f_140/robotiq_2f_140_inner_knuckle.stl
[0.728s] -- Installing: /home/rosi/ws_dual_arm/install/dual_arm_pkg/share/dual_arm_pkg/meshes/visual/2f_140/robotiq_2f_140_outer_finger.stl
[0.729s] -- Installing: /home/rosi/ws_dual_arm/install/dual_arm_pkg/share/dual_arm_pkg/meshes/visual/2f_140/robotiq_2f_140_coupling.stl
[0.729s] -- Installing: /home/rosi/ws_dual_arm/install/dual_arm_pkg/share/dual_arm_pkg/meshes/visual/2f_140/robotiq_2f_140_inner_finger.stl
[0.729s] -- Installing: /home/rosi/ws_dual_arm/install/dual_arm_pkg/share/dual_arm_pkg/meshes/visual/2f_140/robotiq_2f_140_base_link.stl
[0.731s] -- Installing: /home/rosi/ws_dual_arm/install/dual_arm_pkg/share/dual_arm_pkg/meshes/visual/ur10e
[0.731s] -- Installing: /home/rosi/ws_dual_arm/install/dual_arm_pkg/share/dual_arm_pkg/meshes/visual/ur10e/forearm.dae
[0.733s] -- Installing: /home/rosi/ws_dual_arm/install/dual_arm_pkg/share/dual_arm_pkg/meshes/visual/ur10e/wrist3.dae
[0.733s] -- Installing: /home/rosi/ws_dual_arm/install/dual_arm_pkg/share/dual_arm_pkg/meshes/visual/ur10e/wrist1.dae
[0.735s] -- Installing: /home/rosi/ws_dual_arm/install/dual_arm_pkg/share/dual_arm_pkg/meshes/visual/ur10e/shoulder.dae
[0.737s] -- Installing: /home/rosi/ws_dual_arm/install/dual_arm_pkg/share/dual_arm_pkg/meshes/visual/ur10e/base.dae
[0.738s] -- Installing: /home/rosi/ws_dual_arm/install/dual_arm_pkg/share/dual_arm_pkg/meshes/visual/ur10e/wrist2.dae
[0.740s] -- Installing: /home/rosi/ws_dual_arm/install/dual_arm_pkg/share/dual_arm_pkg/meshes/visual/ur10e/upperarm.dae
[0.744s] -- Installing: /home/rosi/ws_dual_arm/install/dual_arm_pkg/share/ament_index/resource_index/package_run_dependencies/dual_arm_pkg
[0.744s] -- Installing: /home/rosi/ws_dual_arm/install/dual_arm_pkg/share/ament_index/resource_index/parent_prefix_path/dual_arm_pkg
[0.744s] -- Installing: /home/rosi/ws_dual_arm/install/dual_arm_pkg/share/dual_arm_pkg/environment/ament_prefix_path.sh
[0.744s] -- Installing: /home/rosi/ws_dual_arm/install/dual_arm_pkg/share/dual_arm_pkg/environment/ament_prefix_path.dsv
[0.744s] -- Installing: /home/rosi/ws_dual_arm/install/dual_arm_pkg/share/dual_arm_pkg/environment/path.sh
[0.745s] -- Installing: /home/rosi/ws_dual_arm/install/dual_arm_pkg/share/dual_arm_pkg/environment/path.dsv
[0.745s] -- Installing: /home/rosi/ws_dual_arm/install/dual_arm_pkg/share/dual_arm_pkg/local_setup.bash
[0.745s] -- Installing: /home/rosi/ws_dual_arm/install/dual_arm_pkg/share/dual_arm_pkg/local_setup.sh
[0.745s] -- Installing: /home/rosi/ws_dual_arm/install/dual_arm_pkg/share/dual_arm_pkg/local_setup.zsh
[0.745s] -- Installing: /home/rosi/ws_dual_arm/install/dual_arm_pkg/share/dual_arm_pkg/local_setup.dsv
[0.745s] -- Installing: /home/rosi/ws_dual_arm/install/dual_arm_pkg/share/dual_arm_pkg/package.dsv
[0.745s] -- Installing: /home/rosi/ws_dual_arm/install/dual_arm_pkg/share/ament_index/resource_index/packages/dual_arm_pkg
[0.745s] -- Installing: /home/rosi/ws_dual_arm/install/dual_arm_pkg/share/dual_arm_pkg/cmake/dual_arm_pkgConfig.cmake
[0.745s] -- Installing: /home/rosi/ws_dual_arm/install/dual_arm_pkg/share/dual_arm_pkg/cmake/dual_arm_pkgConfig-version.cmake
[0.745s] -- Installing: /home/rosi/ws_dual_arm/install/dual_arm_pkg/share/dual_arm_pkg/package.xml
[0.747s] Invoked command in '/home/rosi/ws_dual_arm/build/dual_arm_pkg' returned '0': CMAKE_PREFIX_PATH=${CMAKE_PREFIX_PATH}:/opt/ros/humble /usr/bin/cmake --install /home/rosi/ws_dual_arm/build/dual_arm_pkg
