[0.045s] Invoking command in '/home/rosi/ws_dual_arm/build/robotiq_driver': CMAKE_PREFIX_PATH=${CMAKE_PREFIX_PATH}:/opt/ros/humble /usr/bin/cmake /home/rosi/ws_dual_arm/src/ros2_robotiq_gripper/robotiq_driver -DCMAKE_BUILD_TYPE=Release -DCMAKE_INSTALL_PREFIX=/home/rosi/ws_dual_arm/install/robotiq_driver
[0.067s] -- Found ament_cmake: 1.3.14 (/opt/ros/humble/share/ament_cmake/cmake)
[0.285s] -- Found hardware_interface: 2.53.1 (/opt/ros/humble/share/hardware_interface/cmake)
[0.321s] -- Found rosidl_generator_c: 3.1.8 (/opt/ros/humble/share/rosidl_generator_c/cmake)
[0.322s] -- Found rosidl_adapter: 3.1.8 (/opt/ros/humble/share/rosidl_adapter/cmake)
[0.329s] -- Found rosidl_generator_cpp: 3.1.8 (/opt/ros/humble/share/rosidl_generator_cpp/cmake)
[0.340s] -- Using all available rosidl_typesupport_c: rosidl_typesupport_fastrtps_c;rosidl_typesupport_introspection_c
[0.353s] -- Using all available rosidl_typesupport_cpp: rosidl_typesupport_fastrtps_cpp;rosidl_typesupport_introspection_cpp
[0.540s] -- Found rmw_implementation_cmake: 6.1.2 (/opt/ros/humble/share/rmw_implementation_cmake/cmake)
[0.541s] -- Found rmw_fastrtps_cpp: 6.2.10 (/opt/ros/humble/share/rmw_fastrtps_cpp/cmake)
[0.562s] -- Found TinyXML2 via Config file: TinyXML2_DIR-NOTFOUND
[0.573s] -- Found TinyXML2 via Config file: TinyXML2_DIR-NOTFOUND
[0.596s] -- Found TinyXML2 via Config file: TinyXML2_DIR-NOTFOUND
[0.608s] -- Found TinyXML2 via Config file: TinyXML2_DIR-NOTFOUND
[0.623s] -- Using RMW implementation 'rmw_fastrtps_cpp' as default
[0.690s] -- Configuring incomplete, errors occurred!
[0.690s] See also "/home/rosi/ws_dual_arm/build/robotiq_driver/CMakeFiles/CMakeOutput.log".
[0.690s] [31mCMake Error at CMakeLists.txt:18 (find_package):
[0.690s]   By not providing "Findserial.cmake" in CMAKE_MODULE_PATH this project has
[0.690s]   asked CMake to find a package configuration file provided by "serial", but
[0.690s]   CMake did not find one.
[0.690s] 
[0.690s]   Could not find a package configuration file provided by "serial" with any
[0.691s]   of the following names:
[0.691s] 
[0.691s]     serialConfig.cmake
[0.691s]     serial-config.cmake
[0.691s] 
[0.691s]   Add the installation prefix of "serial" to CMAKE_PREFIX_PATH or set
[0.691s]   "serial_DIR" to a directory containing one of the above files.  If "serial"
[0.691s]   provides a separate development package or SDK, be sure it has been
[0.691s]   installed.
[0.691s] 
[0.691s] [0m
[0.699s] Invoked command in '/home/rosi/ws_dual_arm/build/robotiq_driver' returned '1': CMAKE_PREFIX_PATH=${CMAKE_PREFIX_PATH}:/opt/ros/humble /usr/bin/cmake /home/rosi/ws_dual_arm/src/ros2_robotiq_gripper/robotiq_driver -DCMAKE_BUILD_TYPE=Release -DCMAKE_INSTALL_PREFIX=/home/rosi/ws_dual_arm/install/robotiq_driver
