-- Found ament_cmake: 1.3.14 (/opt/ros/humble/share/ament_cmake/cmake)
-- Override CMake install command with custom implementation using symlinks instead of copying resources
-- Configuring done
-- Generating done
-- Build files have been written to: /home/rosi/ws_dual_arm/build/dual_arm_pkg
-- Install configuration: "Release"
-- Execute custom install script
-- Up-to-date symlink: /home/rosi/ws_dual_arm/install/dual_arm_pkg/share/dual_arm_pkg/urdf/dual_arm.urdf.xacro
-- Up-to-date symlink: /home/rosi/ws_dual_arm/install/dual_arm_pkg/share/dual_arm_pkg/urdf/robotiq_2f140.xacro
-- Up-to-date symlink: /home/rosi/ws_dual_arm/install/dual_arm_pkg/share/dual_arm_pkg/launch/display.launch.py
-- Up-to-date symlink: /home/rosi/ws_dual_arm/install/dual_arm_pkg/share/dual_arm_pkg/launch/handeye_calibrate.launch.py
-- Up-to-date symlink: /home/rosi/ws_dual_arm/install/dual_arm_pkg/share/dual_arm_pkg/config/initial_positions.yaml
-- Up-to-date symlink: /home/rosi/ws_dual_arm/install/dual_arm_pkg/share/dual_arm_pkg/meshes/collision/2f_140/robotiq_2f_140_base_link.stl
-- Up-to-date symlink: /home/rosi/ws_dual_arm/install/dual_arm_pkg/share/dual_arm_pkg/meshes/collision/2f_140/robotiq_2f_140_coupling.stl
-- Up-to-date symlink: /home/rosi/ws_dual_arm/install/dual_arm_pkg/share/dual_arm_pkg/meshes/collision/2f_140/robotiq_2f_140_inner_finger.stl
-- Up-to-date symlink: /home/rosi/ws_dual_arm/install/dual_arm_pkg/share/dual_arm_pkg/meshes/collision/2f_140/robotiq_2f_140_inner_knuckle.stl
-- Up-to-date symlink: /home/rosi/ws_dual_arm/install/dual_arm_pkg/share/dual_arm_pkg/meshes/collision/2f_140/robotiq_2f_140_outer_finger.stl
-- Up-to-date symlink: /home/rosi/ws_dual_arm/install/dual_arm_pkg/share/dual_arm_pkg/meshes/collision/2f_140/robotiq_2f_140_outer_knuckle.stl
-- Up-to-date symlink: /home/rosi/ws_dual_arm/install/dual_arm_pkg/share/dual_arm_pkg/meshes/collision/ur10e/base.stl
-- Up-to-date symlink: /home/rosi/ws_dual_arm/install/dual_arm_pkg/share/dual_arm_pkg/meshes/collision/ur10e/forearm.stl
-- Up-to-date symlink: /home/rosi/ws_dual_arm/install/dual_arm_pkg/share/dual_arm_pkg/meshes/collision/ur10e/shoulder.stl
-- Up-to-date symlink: /home/rosi/ws_dual_arm/install/dual_arm_pkg/share/dual_arm_pkg/meshes/collision/ur10e/upperarm.stl
-- Up-to-date symlink: /home/rosi/ws_dual_arm/install/dual_arm_pkg/share/dual_arm_pkg/meshes/collision/ur10e/wrist1.stl
-- Up-to-date symlink: /home/rosi/ws_dual_arm/install/dual_arm_pkg/share/dual_arm_pkg/meshes/collision/ur10e/wrist2.stl
-- Up-to-date symlink: /home/rosi/ws_dual_arm/install/dual_arm_pkg/share/dual_arm_pkg/meshes/collision/ur10e/wrist3.stl
-- Up-to-date symlink: /home/rosi/ws_dual_arm/install/dual_arm_pkg/share/dual_arm_pkg/meshes/visual/2f_140/robotiq_2f_140_base_link.stl
-- Up-to-date symlink: /home/rosi/ws_dual_arm/install/dual_arm_pkg/share/dual_arm_pkg/meshes/visual/2f_140/robotiq_2f_140_coupling.stl
-- Up-to-date symlink: /home/rosi/ws_dual_arm/install/dual_arm_pkg/share/dual_arm_pkg/meshes/visual/2f_140/robotiq_2f_140_inner_finger.stl
-- Up-to-date symlink: /home/rosi/ws_dual_arm/install/dual_arm_pkg/share/dual_arm_pkg/meshes/visual/2f_140/robotiq_2f_140_inner_knuckle.stl
-- Up-to-date symlink: /home/rosi/ws_dual_arm/install/dual_arm_pkg/share/dual_arm_pkg/meshes/visual/2f_140/robotiq_2f_140_outer_finger.stl
-- Up-to-date symlink: /home/rosi/ws_dual_arm/install/dual_arm_pkg/share/dual_arm_pkg/meshes/visual/2f_140/robotiq_2f_140_outer_knuckle.stl
-- Up-to-date symlink: /home/rosi/ws_dual_arm/install/dual_arm_pkg/share/dual_arm_pkg/meshes/visual/cobot_frame.stl
-- Up-to-date symlink: /home/rosi/ws_dual_arm/install/dual_arm_pkg/share/dual_arm_pkg/meshes/visual/cobot_frame_simple.stl
-- Up-to-date symlink: /home/rosi/ws_dual_arm/install/dual_arm_pkg/share/dual_arm_pkg/meshes/visual/ur10e/base.dae
-- Up-to-date symlink: /home/rosi/ws_dual_arm/install/dual_arm_pkg/share/dual_arm_pkg/meshes/visual/ur10e/forearm.dae
-- Up-to-date symlink: /home/rosi/ws_dual_arm/install/dual_arm_pkg/share/dual_arm_pkg/meshes/visual/ur10e/shoulder.dae
-- Up-to-date symlink: /home/rosi/ws_dual_arm/install/dual_arm_pkg/share/dual_arm_pkg/meshes/visual/ur10e/upperarm.dae
-- Up-to-date symlink: /home/rosi/ws_dual_arm/install/dual_arm_pkg/share/dual_arm_pkg/meshes/visual/ur10e/wrist1.dae
-- Up-to-date symlink: /home/rosi/ws_dual_arm/install/dual_arm_pkg/share/dual_arm_pkg/meshes/visual/ur10e/wrist2.dae
-- Up-to-date symlink: /home/rosi/ws_dual_arm/install/dual_arm_pkg/share/dual_arm_pkg/meshes/visual/ur10e/wrist3.dae
-- Symlinking: /home/rosi/ws_dual_arm/install/dual_arm_pkg/share/dual_arm_pkg/scripts/joint_state_merger.py
-- Symlinking: /home/rosi/ws_dual_arm/install/dual_arm_pkg/share/dual_arm_pkg/scripts/move_until_collision.py
-- Symlinking: /home/rosi/ws_dual_arm/install/dual_arm_pkg/share/dual_arm_pkg/scripts/right_arm_joint_publisher.py
-- Up-to-date symlink: /home/rosi/ws_dual_arm/install/dual_arm_pkg/share/ament_index/resource_index/package_run_dependencies/dual_arm_pkg
-- Up-to-date symlink: /home/rosi/ws_dual_arm/install/dual_arm_pkg/share/ament_index/resource_index/parent_prefix_path/dual_arm_pkg
-- Up-to-date symlink: /home/rosi/ws_dual_arm/install/dual_arm_pkg/share/dual_arm_pkg/environment/ament_prefix_path.sh
-- Up-to-date symlink: /home/rosi/ws_dual_arm/install/dual_arm_pkg/share/dual_arm_pkg/environment/ament_prefix_path.dsv
-- Up-to-date symlink: /home/rosi/ws_dual_arm/install/dual_arm_pkg/share/dual_arm_pkg/environment/path.sh
-- Up-to-date symlink: /home/rosi/ws_dual_arm/install/dual_arm_pkg/share/dual_arm_pkg/environment/path.dsv
-- Up-to-date symlink: /home/rosi/ws_dual_arm/install/dual_arm_pkg/share/dual_arm_pkg/local_setup.bash
-- Up-to-date symlink: /home/rosi/ws_dual_arm/install/dual_arm_pkg/share/dual_arm_pkg/local_setup.sh
-- Up-to-date symlink: /home/rosi/ws_dual_arm/install/dual_arm_pkg/share/dual_arm_pkg/local_setup.zsh
-- Up-to-date symlink: /home/rosi/ws_dual_arm/install/dual_arm_pkg/share/dual_arm_pkg/local_setup.dsv
-- Symlinking: /home/rosi/ws_dual_arm/install/dual_arm_pkg/share/dual_arm_pkg/package.dsv
-- Up-to-date symlink: /home/rosi/ws_dual_arm/install/dual_arm_pkg/share/ament_index/resource_index/packages/dual_arm_pkg
-- Up-to-date symlink: /home/rosi/ws_dual_arm/install/dual_arm_pkg/share/dual_arm_pkg/cmake/dual_arm_pkgConfig.cmake
-- Up-to-date symlink: /home/rosi/ws_dual_arm/install/dual_arm_pkg/share/dual_arm_pkg/cmake/dual_arm_pkgConfig-version.cmake
-- Up-to-date symlink: /home/rosi/ws_dual_arm/install/dual_arm_pkg/share/dual_arm_pkg/package.xml
-- Installing: /home/rosi/ws_dual_arm/install/dual_arm_pkg/lib/dual_arm_pkg/move_until_collision
