[35m[1mConsolidate compiler generated dependencies of target easy_handeye2_msgs__rosidl_generator_c[0m
[  1%] Built target easy_handeye2_msgs__rs
[  1%] Built target easy_handeye2_msgs__cpp
[ 13%] Built target easy_handeye2_msgs__rosidl_generator_c
[ 13%] Built target ament_cmake_python_symlink_easy_handeye2_msgs
[35m[1mConsolidate compiler generated dependencies of target easy_handeye2_msgs__rosidl_typesupport_fastrtps_cpp[0m
[35m[1mConsolidate compiler generated dependencies of target easy_handeye2_msgs__rosidl_typesupport_introspection_cpp[0m
[35m[1mConsolidate compiler generated dependencies of target easy_handeye2_msgs__rosidl_typesupport_cpp[0m
[35m[1mConsolidate compiler generated dependencies of target easy_handeye2_msgs__rosidl_typesupport_c[0m
[35m[1mConsolidate compiler generated dependencies of target easy_handeye2_msgs__rosidl_typesupport_introspection_c[0m
[35m[1mConsolidate compiler generated dependencies of target easy_handeye2_msgs__rosidl_typesupport_fastrtps_c[0m
[ 25%] Built target easy_handeye2_msgs__rosidl_typesupport_c
[ 37%] Built target easy_handeye2_msgs__rosidl_typesupport_introspection_c
[ 49%] Built target easy_handeye2_msgs__rosidl_typesupport_introspection_cpp
[ 61%] Built target easy_handeye2_msgs__rosidl_typesupport_fastrtps_cpp
[ 73%] Built target easy_handeye2_msgs__rosidl_typesupport_cpp
[ 85%] Built target easy_handeye2_msgs__rosidl_typesupport_fastrtps_c
[ 85%] Built target easy_handeye2_msgs
[ 86%] Built target easy_handeye2_msgs__py
[35m[1mConsolidate compiler generated dependencies of target easy_handeye2_msgs__rosidl_generator_py[0m
[ 97%] Built target easy_handeye2_msgs__rosidl_generator_py
[35m[1mConsolidate compiler generated dependencies of target easy_handeye2_msgs__rosidl_typesupport_introspection_c__pyext[0m
[35m[1mConsolidate compiler generated dependencies of target easy_handeye2_msgs__rosidl_typesupport_c__pyext[0m
[35m[1mConsolidate compiler generated dependencies of target easy_handeye2_msgs__rosidl_typesupport_fastrtps_c__pyext[0m
[ 98%] Built target easy_handeye2_msgs__rosidl_typesupport_introspection_c__pyext
[ 99%] Built target easy_handeye2_msgs__rosidl_typesupport_c__pyext
[100%] Built target easy_handeye2_msgs__rosidl_typesupport_fastrtps_c__pyext
running egg_info
writing easy_handeye2_msgs.egg-info/PKG-INFO
writing dependency_links to easy_handeye2_msgs.egg-info/dependency_links.txt
writing top-level names to easy_handeye2_msgs.egg-info/top_level.txt
reading manifest file 'easy_handeye2_msgs.egg-info/SOURCES.txt'
writing manifest file 'easy_handeye2_msgs.egg-info/SOURCES.txt'
[100%] Built target ament_cmake_python_build_easy_handeye2_msgs_egg
-- Install configuration: ""
-- Execute custom install script
-- Symlinking: /home/rosi/ws_dual_arm/install/easy_handeye2_msgs/share/ament_index/resource_index/rosidl_interfaces/easy_handeye2_msgs
-- Symlinking: /home/rosi/ws_dual_arm/install/easy_handeye2_msgs/include/easy_handeye2_msgs/easy_handeye2_msgs/msg/detail/handeye_calibration__functions.h
-- Symlinking: /home/rosi/ws_dual_arm/install/easy_handeye2_msgs/include/easy_handeye2_msgs/easy_handeye2_msgs/msg/detail/handeye_calibration__struct.h
-- Symlinking: /home/rosi/ws_dual_arm/install/easy_handeye2_msgs/include/easy_handeye2_msgs/easy_handeye2_msgs/msg/detail/handeye_calibration__type_support.h
-- Symlinking: /home/rosi/ws_dual_arm/install/easy_handeye2_msgs/include/easy_handeye2_msgs/easy_handeye2_msgs/msg/detail/handeye_calibration_parameters__functions.h
-- Symlinking: /home/rosi/ws_dual_arm/install/easy_handeye2_msgs/include/easy_handeye2_msgs/easy_handeye2_msgs/msg/detail/handeye_calibration_parameters__struct.h
-- Symlinking: /home/rosi/ws_dual_arm/install/easy_handeye2_msgs/include/easy_handeye2_msgs/easy_handeye2_msgs/msg/detail/handeye_calibration_parameters__type_support.h
-- Symlinking: /home/rosi/ws_dual_arm/install/easy_handeye2_msgs/include/easy_handeye2_msgs/easy_handeye2_msgs/msg/detail/sample__functions.h
-- Symlinking: /home/rosi/ws_dual_arm/install/easy_handeye2_msgs/include/easy_handeye2_msgs/easy_handeye2_msgs/msg/detail/sample__struct.h
-- Symlinking: /home/rosi/ws_dual_arm/install/easy_handeye2_msgs/include/easy_handeye2_msgs/easy_handeye2_msgs/msg/detail/sample__type_support.h
-- Symlinking: /home/rosi/ws_dual_arm/install/easy_handeye2_msgs/include/easy_handeye2_msgs/easy_handeye2_msgs/msg/detail/sample_list__functions.h
-- Symlinking: /home/rosi/ws_dual_arm/install/easy_handeye2_msgs/include/easy_handeye2_msgs/easy_handeye2_msgs/msg/detail/sample_list__struct.h
-- Symlinking: /home/rosi/ws_dual_arm/install/easy_handeye2_msgs/include/easy_handeye2_msgs/easy_handeye2_msgs/msg/detail/sample_list__type_support.h
-- Symlinking: /home/rosi/ws_dual_arm/install/easy_handeye2_msgs/include/easy_handeye2_msgs/easy_handeye2_msgs/msg/detail/target_pose_list__functions.h
-- Symlinking: /home/rosi/ws_dual_arm/install/easy_handeye2_msgs/include/easy_handeye2_msgs/easy_handeye2_msgs/msg/detail/target_pose_list__struct.h
-- Symlinking: /home/rosi/ws_dual_arm/install/easy_handeye2_msgs/include/easy_handeye2_msgs/easy_handeye2_msgs/msg/detail/target_pose_list__type_support.h
-- Symlinking: /home/rosi/ws_dual_arm/install/easy_handeye2_msgs/include/easy_handeye2_msgs/easy_handeye2_msgs/msg/handeye_calibration.h
-- Symlinking: /home/rosi/ws_dual_arm/install/easy_handeye2_msgs/include/easy_handeye2_msgs/easy_handeye2_msgs/msg/handeye_calibration_parameters.h
-- Symlinking: /home/rosi/ws_dual_arm/install/easy_handeye2_msgs/include/easy_handeye2_msgs/easy_handeye2_msgs/msg/rosidl_generator_c__visibility_control.h
-- Symlinking: /home/rosi/ws_dual_arm/install/easy_handeye2_msgs/include/easy_handeye2_msgs/easy_handeye2_msgs/msg/sample.h
-- Symlinking: /home/rosi/ws_dual_arm/install/easy_handeye2_msgs/include/easy_handeye2_msgs/easy_handeye2_msgs/msg/sample_list.h
-- Symlinking: /home/rosi/ws_dual_arm/install/easy_handeye2_msgs/include/easy_handeye2_msgs/easy_handeye2_msgs/msg/target_pose_list.h
-- Symlinking: /home/rosi/ws_dual_arm/install/easy_handeye2_msgs/include/easy_handeye2_msgs/easy_handeye2_msgs/srv/check_starting_pose.h
-- Symlinking: /home/rosi/ws_dual_arm/install/easy_handeye2_msgs/include/easy_handeye2_msgs/easy_handeye2_msgs/srv/compute_calibration.h
-- Symlinking: /home/rosi/ws_dual_arm/install/easy_handeye2_msgs/include/easy_handeye2_msgs/easy_handeye2_msgs/srv/detail/check_starting_pose__functions.h
-- Symlinking: /home/rosi/ws_dual_arm/install/easy_handeye2_msgs/include/easy_handeye2_msgs/easy_handeye2_msgs/srv/detail/check_starting_pose__struct.h
-- Symlinking: /home/rosi/ws_dual_arm/install/easy_handeye2_msgs/include/easy_handeye2_msgs/easy_handeye2_msgs/srv/detail/check_starting_pose__type_support.h
-- Symlinking: /home/rosi/ws_dual_arm/install/easy_handeye2_msgs/include/easy_handeye2_msgs/easy_handeye2_msgs/srv/detail/compute_calibration__functions.h
-- Symlinking: /home/rosi/ws_dual_arm/install/easy_handeye2_msgs/include/easy_handeye2_msgs/easy_handeye2_msgs/srv/detail/compute_calibration__struct.h
-- Symlinking: /home/rosi/ws_dual_arm/install/easy_handeye2_msgs/include/easy_handeye2_msgs/easy_handeye2_msgs/srv/detail/compute_calibration__type_support.h
-- Symlinking: /home/rosi/ws_dual_arm/install/easy_handeye2_msgs/include/easy_handeye2_msgs/easy_handeye2_msgs/srv/detail/enumerate_target_poses__functions.h
-- Symlinking: /home/rosi/ws_dual_arm/install/easy_handeye2_msgs/include/easy_handeye2_msgs/easy_handeye2_msgs/srv/detail/enumerate_target_poses__struct.h
-- Symlinking: /home/rosi/ws_dual_arm/install/easy_handeye2_msgs/include/easy_handeye2_msgs/easy_handeye2_msgs/srv/detail/enumerate_target_poses__type_support.h
-- Symlinking: /home/rosi/ws_dual_arm/install/easy_handeye2_msgs/include/easy_handeye2_msgs/easy_handeye2_msgs/srv/detail/execute_plan__functions.h
-- Symlinking: /home/rosi/ws_dual_arm/install/easy_handeye2_msgs/include/easy_handeye2_msgs/easy_handeye2_msgs/srv/detail/execute_plan__struct.h
-- Symlinking: /home/rosi/ws_dual_arm/install/easy_handeye2_msgs/include/easy_handeye2_msgs/easy_handeye2_msgs/srv/detail/execute_plan__type_support.h
-- Symlinking: /home/rosi/ws_dual_arm/install/easy_handeye2_msgs/include/easy_handeye2_msgs/easy_handeye2_msgs/srv/detail/list_algorithms__functions.h
-- Symlinking: /home/rosi/ws_dual_arm/install/easy_handeye2_msgs/include/easy_handeye2_msgs/easy_handeye2_msgs/srv/detail/list_algorithms__struct.h
-- Symlinking: /home/rosi/ws_dual_arm/install/easy_handeye2_msgs/include/easy_handeye2_msgs/easy_handeye2_msgs/srv/detail/list_algorithms__type_support.h
-- Symlinking: /home/rosi/ws_dual_arm/install/easy_handeye2_msgs/include/easy_handeye2_msgs/easy_handeye2_msgs/srv/detail/load_samples__functions.h
-- Symlinking: /home/rosi/ws_dual_arm/install/easy_handeye2_msgs/include/easy_handeye2_msgs/easy_handeye2_msgs/srv/detail/load_samples__struct.h
-- Symlinking: /home/rosi/ws_dual_arm/install/easy_handeye2_msgs/include/easy_handeye2_msgs/easy_handeye2_msgs/srv/detail/load_samples__type_support.h
-- Symlinking: /home/rosi/ws_dual_arm/install/easy_handeye2_msgs/include/easy_handeye2_msgs/easy_handeye2_msgs/srv/detail/plan_to_selected_target_pose__functions.h
-- Symlinking: /home/rosi/ws_dual_arm/install/easy_handeye2_msgs/include/easy_handeye2_msgs/easy_handeye2_msgs/srv/detail/plan_to_selected_target_pose__struct.h
-- Symlinking: /home/rosi/ws_dual_arm/install/easy_handeye2_msgs/include/easy_handeye2_msgs/easy_handeye2_msgs/srv/detail/plan_to_selected_target_pose__type_support.h
-- Symlinking: /home/rosi/ws_dual_arm/install/easy_handeye2_msgs/include/easy_handeye2_msgs/easy_handeye2_msgs/srv/detail/remove_sample__functions.h
-- Symlinking: /home/rosi/ws_dual_arm/install/easy_handeye2_msgs/include/easy_handeye2_msgs/easy_handeye2_msgs/srv/detail/remove_sample__struct.h
-- Symlinking: /home/rosi/ws_dual_arm/install/easy_handeye2_msgs/include/easy_handeye2_msgs/easy_handeye2_msgs/srv/detail/remove_sample__type_support.h
-- Symlinking: /home/rosi/ws_dual_arm/install/easy_handeye2_msgs/include/easy_handeye2_msgs/easy_handeye2_msgs/srv/detail/save_calibration__functions.h
-- Symlinking: /home/rosi/ws_dual_arm/install/easy_handeye2_msgs/include/easy_handeye2_msgs/easy_handeye2_msgs/srv/detail/save_calibration__struct.h
-- Symlinking: /home/rosi/ws_dual_arm/install/easy_handeye2_msgs/include/easy_handeye2_msgs/easy_handeye2_msgs/srv/detail/save_calibration__type_support.h
-- Symlinking: /home/rosi/ws_dual_arm/install/easy_handeye2_msgs/include/easy_handeye2_msgs/easy_handeye2_msgs/srv/detail/save_samples__functions.h
-- Symlinking: /home/rosi/ws_dual_arm/install/easy_handeye2_msgs/include/easy_handeye2_msgs/easy_handeye2_msgs/srv/detail/save_samples__struct.h
-- Symlinking: /home/rosi/ws_dual_arm/install/easy_handeye2_msgs/include/easy_handeye2_msgs/easy_handeye2_msgs/srv/detail/save_samples__type_support.h
-- Symlinking: /home/rosi/ws_dual_arm/install/easy_handeye2_msgs/include/easy_handeye2_msgs/easy_handeye2_msgs/srv/detail/select_target_pose__functions.h
-- Symlinking: /home/rosi/ws_dual_arm/install/easy_handeye2_msgs/include/easy_handeye2_msgs/easy_handeye2_msgs/srv/detail/select_target_pose__struct.h
-- Symlinking: /home/rosi/ws_dual_arm/install/easy_handeye2_msgs/include/easy_handeye2_msgs/easy_handeye2_msgs/srv/detail/select_target_pose__type_support.h
-- Symlinking: /home/rosi/ws_dual_arm/install/easy_handeye2_msgs/include/easy_handeye2_msgs/easy_handeye2_msgs/srv/detail/set_algorithm__functions.h
-- Symlinking: /home/rosi/ws_dual_arm/install/easy_handeye2_msgs/include/easy_handeye2_msgs/easy_handeye2_msgs/srv/detail/set_algorithm__struct.h
-- Symlinking: /home/rosi/ws_dual_arm/install/easy_handeye2_msgs/include/easy_handeye2_msgs/easy_handeye2_msgs/srv/detail/set_algorithm__type_support.h
-- Symlinking: /home/rosi/ws_dual_arm/install/easy_handeye2_msgs/include/easy_handeye2_msgs/easy_handeye2_msgs/srv/detail/take_sample__functions.h
-- Symlinking: /home/rosi/ws_dual_arm/install/easy_handeye2_msgs/include/easy_handeye2_msgs/easy_handeye2_msgs/srv/detail/take_sample__struct.h
-- Symlinking: /home/rosi/ws_dual_arm/install/easy_handeye2_msgs/include/easy_handeye2_msgs/easy_handeye2_msgs/srv/detail/take_sample__type_support.h
-- Symlinking: /home/rosi/ws_dual_arm/install/easy_handeye2_msgs/include/easy_handeye2_msgs/easy_handeye2_msgs/srv/enumerate_target_poses.h
-- Symlinking: /home/rosi/ws_dual_arm/install/easy_handeye2_msgs/include/easy_handeye2_msgs/easy_handeye2_msgs/srv/execute_plan.h
-- Symlinking: /home/rosi/ws_dual_arm/install/easy_handeye2_msgs/include/easy_handeye2_msgs/easy_handeye2_msgs/srv/list_algorithms.h
-- Symlinking: /home/rosi/ws_dual_arm/install/easy_handeye2_msgs/include/easy_handeye2_msgs/easy_handeye2_msgs/srv/load_samples.h
-- Symlinking: /home/rosi/ws_dual_arm/install/easy_handeye2_msgs/include/easy_handeye2_msgs/easy_handeye2_msgs/srv/plan_to_selected_target_pose.h
-- Symlinking: /home/rosi/ws_dual_arm/install/easy_handeye2_msgs/include/easy_handeye2_msgs/easy_handeye2_msgs/srv/remove_sample.h
-- Symlinking: /home/rosi/ws_dual_arm/install/easy_handeye2_msgs/include/easy_handeye2_msgs/easy_handeye2_msgs/srv/save_calibration.h
-- Symlinking: /home/rosi/ws_dual_arm/install/easy_handeye2_msgs/include/easy_handeye2_msgs/easy_handeye2_msgs/srv/save_samples.h
-- Symlinking: /home/rosi/ws_dual_arm/install/easy_handeye2_msgs/include/easy_handeye2_msgs/easy_handeye2_msgs/srv/select_target_pose.h
-- Symlinking: /home/rosi/ws_dual_arm/install/easy_handeye2_msgs/include/easy_handeye2_msgs/easy_handeye2_msgs/srv/set_algorithm.h
-- Symlinking: /home/rosi/ws_dual_arm/install/easy_handeye2_msgs/include/easy_handeye2_msgs/easy_handeye2_msgs/srv/take_sample.h
-- Symlinking: /home/rosi/ws_dual_arm/install/easy_handeye2_msgs/share/easy_handeye2_msgs/environment/library_path.sh
-- Symlinking: /home/rosi/ws_dual_arm/install/easy_handeye2_msgs/share/easy_handeye2_msgs/environment/library_path.dsv
-- Symlinking: /home/rosi/ws_dual_arm/install/easy_handeye2_msgs/include/easy_handeye2_msgs/easy_handeye2_msgs/msg/detail/handeye_calibration__rosidl_typesupport_fastrtps_c.h
-- Symlinking: /home/rosi/ws_dual_arm/install/easy_handeye2_msgs/include/easy_handeye2_msgs/easy_handeye2_msgs/msg/detail/handeye_calibration_parameters__rosidl_typesupport_fastrtps_c.h
-- Symlinking: /home/rosi/ws_dual_arm/install/easy_handeye2_msgs/include/easy_handeye2_msgs/easy_handeye2_msgs/msg/detail/sample__rosidl_typesupport_fastrtps_c.h
-- Symlinking: /home/rosi/ws_dual_arm/install/easy_handeye2_msgs/include/easy_handeye2_msgs/easy_handeye2_msgs/msg/detail/sample_list__rosidl_typesupport_fastrtps_c.h
-- Symlinking: /home/rosi/ws_dual_arm/install/easy_handeye2_msgs/include/easy_handeye2_msgs/easy_handeye2_msgs/msg/detail/target_pose_list__rosidl_typesupport_fastrtps_c.h
-- Symlinking: /home/rosi/ws_dual_arm/install/easy_handeye2_msgs/include/easy_handeye2_msgs/easy_handeye2_msgs/msg/rosidl_typesupport_fastrtps_c__visibility_control.h
-- Symlinking: /home/rosi/ws_dual_arm/install/easy_handeye2_msgs/include/easy_handeye2_msgs/easy_handeye2_msgs/srv/detail/check_starting_pose__rosidl_typesupport_fastrtps_c.h
-- Symlinking: /home/rosi/ws_dual_arm/install/easy_handeye2_msgs/include/easy_handeye2_msgs/easy_handeye2_msgs/srv/detail/compute_calibration__rosidl_typesupport_fastrtps_c.h
-- Symlinking: /home/rosi/ws_dual_arm/install/easy_handeye2_msgs/include/easy_handeye2_msgs/easy_handeye2_msgs/srv/detail/enumerate_target_poses__rosidl_typesupport_fastrtps_c.h
-- Symlinking: /home/rosi/ws_dual_arm/install/easy_handeye2_msgs/include/easy_handeye2_msgs/easy_handeye2_msgs/srv/detail/execute_plan__rosidl_typesupport_fastrtps_c.h
-- Symlinking: /home/rosi/ws_dual_arm/install/easy_handeye2_msgs/include/easy_handeye2_msgs/easy_handeye2_msgs/srv/detail/list_algorithms__rosidl_typesupport_fastrtps_c.h
-- Symlinking: /home/rosi/ws_dual_arm/install/easy_handeye2_msgs/include/easy_handeye2_msgs/easy_handeye2_msgs/srv/detail/load_samples__rosidl_typesupport_fastrtps_c.h
-- Symlinking: /home/rosi/ws_dual_arm/install/easy_handeye2_msgs/include/easy_handeye2_msgs/easy_handeye2_msgs/srv/detail/plan_to_selected_target_pose__rosidl_typesupport_fastrtps_c.h
-- Symlinking: /home/rosi/ws_dual_arm/install/easy_handeye2_msgs/include/easy_handeye2_msgs/easy_handeye2_msgs/srv/detail/remove_sample__rosidl_typesupport_fastrtps_c.h
-- Symlinking: /home/rosi/ws_dual_arm/install/easy_handeye2_msgs/include/easy_handeye2_msgs/easy_handeye2_msgs/srv/detail/save_calibration__rosidl_typesupport_fastrtps_c.h
-- Symlinking: /home/rosi/ws_dual_arm/install/easy_handeye2_msgs/include/easy_handeye2_msgs/easy_handeye2_msgs/srv/detail/save_samples__rosidl_typesupport_fastrtps_c.h
-- Symlinking: /home/rosi/ws_dual_arm/install/easy_handeye2_msgs/include/easy_handeye2_msgs/easy_handeye2_msgs/srv/detail/select_target_pose__rosidl_typesupport_fastrtps_c.h
-- Symlinking: /home/rosi/ws_dual_arm/install/easy_handeye2_msgs/include/easy_handeye2_msgs/easy_handeye2_msgs/srv/detail/set_algorithm__rosidl_typesupport_fastrtps_c.h
-- Symlinking: /home/rosi/ws_dual_arm/install/easy_handeye2_msgs/include/easy_handeye2_msgs/easy_handeye2_msgs/srv/detail/take_sample__rosidl_typesupport_fastrtps_c.h
-- Symlinking: /home/rosi/ws_dual_arm/install/easy_handeye2_msgs/include/easy_handeye2_msgs/easy_handeye2_msgs/msg/detail/handeye_calibration__rosidl_typesupport_introspection_c.h
-- Symlinking: /home/rosi/ws_dual_arm/install/easy_handeye2_msgs/include/easy_handeye2_msgs/easy_handeye2_msgs/msg/detail/handeye_calibration_parameters__rosidl_typesupport_introspection_c.h
-- Symlinking: /home/rosi/ws_dual_arm/install/easy_handeye2_msgs/include/easy_handeye2_msgs/easy_handeye2_msgs/msg/detail/sample__rosidl_typesupport_introspection_c.h
-- Symlinking: /home/rosi/ws_dual_arm/install/easy_handeye2_msgs/include/easy_handeye2_msgs/easy_handeye2_msgs/msg/detail/sample_list__rosidl_typesupport_introspection_c.h
-- Symlinking: /home/rosi/ws_dual_arm/install/easy_handeye2_msgs/include/easy_handeye2_msgs/easy_handeye2_msgs/msg/detail/target_pose_list__rosidl_typesupport_introspection_c.h
-- Symlinking: /home/rosi/ws_dual_arm/install/easy_handeye2_msgs/include/easy_handeye2_msgs/easy_handeye2_msgs/msg/rosidl_typesupport_introspection_c__visibility_control.h
-- Symlinking: /home/rosi/ws_dual_arm/install/easy_handeye2_msgs/include/easy_handeye2_msgs/easy_handeye2_msgs/srv/detail/check_starting_pose__rosidl_typesupport_introspection_c.h
-- Symlinking: /home/rosi/ws_dual_arm/install/easy_handeye2_msgs/include/easy_handeye2_msgs/easy_handeye2_msgs/srv/detail/compute_calibration__rosidl_typesupport_introspection_c.h
-- Symlinking: /home/rosi/ws_dual_arm/install/easy_handeye2_msgs/include/easy_handeye2_msgs/easy_handeye2_msgs/srv/detail/enumerate_target_poses__rosidl_typesupport_introspection_c.h
-- Symlinking: /home/rosi/ws_dual_arm/install/easy_handeye2_msgs/include/easy_handeye2_msgs/easy_handeye2_msgs/srv/detail/execute_plan__rosidl_typesupport_introspection_c.h
-- Symlinking: /home/rosi/ws_dual_arm/install/easy_handeye2_msgs/include/easy_handeye2_msgs/easy_handeye2_msgs/srv/detail/list_algorithms__rosidl_typesupport_introspection_c.h
-- Symlinking: /home/rosi/ws_dual_arm/install/easy_handeye2_msgs/include/easy_handeye2_msgs/easy_handeye2_msgs/srv/detail/load_samples__rosidl_typesupport_introspection_c.h
-- Symlinking: /home/rosi/ws_dual_arm/install/easy_handeye2_msgs/include/easy_handeye2_msgs/easy_handeye2_msgs/srv/detail/plan_to_selected_target_pose__rosidl_typesupport_introspection_c.h
-- Symlinking: /home/rosi/ws_dual_arm/install/easy_handeye2_msgs/include/easy_handeye2_msgs/easy_handeye2_msgs/srv/detail/remove_sample__rosidl_typesupport_introspection_c.h
-- Symlinking: /home/rosi/ws_dual_arm/install/easy_handeye2_msgs/include/easy_handeye2_msgs/easy_handeye2_msgs/srv/detail/save_calibration__rosidl_typesupport_introspection_c.h
-- Symlinking: /home/rosi/ws_dual_arm/install/easy_handeye2_msgs/include/easy_handeye2_msgs/easy_handeye2_msgs/srv/detail/save_samples__rosidl_typesupport_introspection_c.h
-- Symlinking: /home/rosi/ws_dual_arm/install/easy_handeye2_msgs/include/easy_handeye2_msgs/easy_handeye2_msgs/srv/detail/select_target_pose__rosidl_typesupport_introspection_c.h
-- Symlinking: /home/rosi/ws_dual_arm/install/easy_handeye2_msgs/include/easy_handeye2_msgs/easy_handeye2_msgs/srv/detail/set_algorithm__rosidl_typesupport_introspection_c.h
-- Symlinking: /home/rosi/ws_dual_arm/install/easy_handeye2_msgs/include/easy_handeye2_msgs/easy_handeye2_msgs/srv/detail/take_sample__rosidl_typesupport_introspection_c.h
-- Symlinking: /home/rosi/ws_dual_arm/install/easy_handeye2_msgs/include/easy_handeye2_msgs/easy_handeye2_msgs/msg/detail/handeye_calibration__builder.hpp
-- Symlinking: /home/rosi/ws_dual_arm/install/easy_handeye2_msgs/include/easy_handeye2_msgs/easy_handeye2_msgs/msg/detail/handeye_calibration__struct.hpp
-- Symlinking: /home/rosi/ws_dual_arm/install/easy_handeye2_msgs/include/easy_handeye2_msgs/easy_handeye2_msgs/msg/detail/handeye_calibration__traits.hpp
-- Symlinking: /home/rosi/ws_dual_arm/install/easy_handeye2_msgs/include/easy_handeye2_msgs/easy_handeye2_msgs/msg/detail/handeye_calibration__type_support.hpp
-- Symlinking: /home/rosi/ws_dual_arm/install/easy_handeye2_msgs/include/easy_handeye2_msgs/easy_handeye2_msgs/msg/detail/handeye_calibration_parameters__builder.hpp
-- Symlinking: /home/rosi/ws_dual_arm/install/easy_handeye2_msgs/include/easy_handeye2_msgs/easy_handeye2_msgs/msg/detail/handeye_calibration_parameters__struct.hpp
-- Symlinking: /home/rosi/ws_dual_arm/install/easy_handeye2_msgs/include/easy_handeye2_msgs/easy_handeye2_msgs/msg/detail/handeye_calibration_parameters__traits.hpp
-- Symlinking: /home/rosi/ws_dual_arm/install/easy_handeye2_msgs/include/easy_handeye2_msgs/easy_handeye2_msgs/msg/detail/handeye_calibration_parameters__type_support.hpp
-- Symlinking: /home/rosi/ws_dual_arm/install/easy_handeye2_msgs/include/easy_handeye2_msgs/easy_handeye2_msgs/msg/detail/sample__builder.hpp
-- Symlinking: /home/rosi/ws_dual_arm/install/easy_handeye2_msgs/include/easy_handeye2_msgs/easy_handeye2_msgs/msg/detail/sample__struct.hpp
-- Symlinking: /home/rosi/ws_dual_arm/install/easy_handeye2_msgs/include/easy_handeye2_msgs/easy_handeye2_msgs/msg/detail/sample__traits.hpp
-- Symlinking: /home/rosi/ws_dual_arm/install/easy_handeye2_msgs/include/easy_handeye2_msgs/easy_handeye2_msgs/msg/detail/sample__type_support.hpp
-- Symlinking: /home/rosi/ws_dual_arm/install/easy_handeye2_msgs/include/easy_handeye2_msgs/easy_handeye2_msgs/msg/detail/sample_list__builder.hpp
-- Symlinking: /home/rosi/ws_dual_arm/install/easy_handeye2_msgs/include/easy_handeye2_msgs/easy_handeye2_msgs/msg/detail/sample_list__struct.hpp
-- Symlinking: /home/rosi/ws_dual_arm/install/easy_handeye2_msgs/include/easy_handeye2_msgs/easy_handeye2_msgs/msg/detail/sample_list__traits.hpp
-- Symlinking: /home/rosi/ws_dual_arm/install/easy_handeye2_msgs/include/easy_handeye2_msgs/easy_handeye2_msgs/msg/detail/sample_list__type_support.hpp
-- Symlinking: /home/rosi/ws_dual_arm/install/easy_handeye2_msgs/include/easy_handeye2_msgs/easy_handeye2_msgs/msg/detail/target_pose_list__builder.hpp
-- Symlinking: /home/rosi/ws_dual_arm/install/easy_handeye2_msgs/include/easy_handeye2_msgs/easy_handeye2_msgs/msg/detail/target_pose_list__struct.hpp
-- Symlinking: /home/rosi/ws_dual_arm/install/easy_handeye2_msgs/include/easy_handeye2_msgs/easy_handeye2_msgs/msg/detail/target_pose_list__traits.hpp
-- Symlinking: /home/rosi/ws_dual_arm/install/easy_handeye2_msgs/include/easy_handeye2_msgs/easy_handeye2_msgs/msg/detail/target_pose_list__type_support.hpp
-- Symlinking: /home/rosi/ws_dual_arm/install/easy_handeye2_msgs/include/easy_handeye2_msgs/easy_handeye2_msgs/msg/handeye_calibration.hpp
-- Symlinking: /home/rosi/ws_dual_arm/install/easy_handeye2_msgs/include/easy_handeye2_msgs/easy_handeye2_msgs/msg/handeye_calibration_parameters.hpp
-- Symlinking: /home/rosi/ws_dual_arm/install/easy_handeye2_msgs/include/easy_handeye2_msgs/easy_handeye2_msgs/msg/rosidl_generator_cpp__visibility_control.hpp
-- Symlinking: /home/rosi/ws_dual_arm/install/easy_handeye2_msgs/include/easy_handeye2_msgs/easy_handeye2_msgs/msg/sample.hpp
-- Symlinking: /home/rosi/ws_dual_arm/install/easy_handeye2_msgs/include/easy_handeye2_msgs/easy_handeye2_msgs/msg/sample_list.hpp
-- Symlinking: /home/rosi/ws_dual_arm/install/easy_handeye2_msgs/include/easy_handeye2_msgs/easy_handeye2_msgs/msg/target_pose_list.hpp
-- Symlinking: /home/rosi/ws_dual_arm/install/easy_handeye2_msgs/include/easy_handeye2_msgs/easy_handeye2_msgs/srv/check_starting_pose.hpp
-- Symlinking: /home/rosi/ws_dual_arm/install/easy_handeye2_msgs/include/easy_handeye2_msgs/easy_handeye2_msgs/srv/compute_calibration.hpp
-- Symlinking: /home/rosi/ws_dual_arm/install/easy_handeye2_msgs/include/easy_handeye2_msgs/easy_handeye2_msgs/srv/detail/check_starting_pose__builder.hpp
-- Symlinking: /home/rosi/ws_dual_arm/install/easy_handeye2_msgs/include/easy_handeye2_msgs/easy_handeye2_msgs/srv/detail/check_starting_pose__struct.hpp
-- Symlinking: /home/rosi/ws_dual_arm/install/easy_handeye2_msgs/include/easy_handeye2_msgs/easy_handeye2_msgs/srv/detail/check_starting_pose__traits.hpp
-- Symlinking: /home/rosi/ws_dual_arm/install/easy_handeye2_msgs/include/easy_handeye2_msgs/easy_handeye2_msgs/srv/detail/check_starting_pose__type_support.hpp
-- Symlinking: /home/rosi/ws_dual_arm/install/easy_handeye2_msgs/include/easy_handeye2_msgs/easy_handeye2_msgs/srv/detail/compute_calibration__builder.hpp
-- Symlinking: /home/rosi/ws_dual_arm/install/easy_handeye2_msgs/include/easy_handeye2_msgs/easy_handeye2_msgs/srv/detail/compute_calibration__struct.hpp
-- Symlinking: /home/rosi/ws_dual_arm/install/easy_handeye2_msgs/include/easy_handeye2_msgs/easy_handeye2_msgs/srv/detail/compute_calibration__traits.hpp
-- Symlinking: /home/rosi/ws_dual_arm/install/easy_handeye2_msgs/include/easy_handeye2_msgs/easy_handeye2_msgs/srv/detail/compute_calibration__type_support.hpp
-- Symlinking: /home/rosi/ws_dual_arm/install/easy_handeye2_msgs/include/easy_handeye2_msgs/easy_handeye2_msgs/srv/detail/enumerate_target_poses__builder.hpp
-- Symlinking: /home/rosi/ws_dual_arm/install/easy_handeye2_msgs/include/easy_handeye2_msgs/easy_handeye2_msgs/srv/detail/enumerate_target_poses__struct.hpp
-- Symlinking: /home/rosi/ws_dual_arm/install/easy_handeye2_msgs/include/easy_handeye2_msgs/easy_handeye2_msgs/srv/detail/enumerate_target_poses__traits.hpp
-- Symlinking: /home/rosi/ws_dual_arm/install/easy_handeye2_msgs/include/easy_handeye2_msgs/easy_handeye2_msgs/srv/detail/enumerate_target_poses__type_support.hpp
-- Symlinking: /home/rosi/ws_dual_arm/install/easy_handeye2_msgs/include/easy_handeye2_msgs/easy_handeye2_msgs/srv/detail/execute_plan__builder.hpp
-- Symlinking: /home/rosi/ws_dual_arm/install/easy_handeye2_msgs/include/easy_handeye2_msgs/easy_handeye2_msgs/srv/detail/execute_plan__struct.hpp
-- Symlinking: /home/rosi/ws_dual_arm/install/easy_handeye2_msgs/include/easy_handeye2_msgs/easy_handeye2_msgs/srv/detail/execute_plan__traits.hpp
-- Symlinking: /home/rosi/ws_dual_arm/install/easy_handeye2_msgs/include/easy_handeye2_msgs/easy_handeye2_msgs/srv/detail/execute_plan__type_support.hpp
-- Symlinking: /home/rosi/ws_dual_arm/install/easy_handeye2_msgs/include/easy_handeye2_msgs/easy_handeye2_msgs/srv/detail/list_algorithms__builder.hpp
-- Symlinking: /home/rosi/ws_dual_arm/install/easy_handeye2_msgs/include/easy_handeye2_msgs/easy_handeye2_msgs/srv/detail/list_algorithms__struct.hpp
-- Symlinking: /home/rosi/ws_dual_arm/install/easy_handeye2_msgs/include/easy_handeye2_msgs/easy_handeye2_msgs/srv/detail/list_algorithms__traits.hpp
-- Symlinking: /home/rosi/ws_dual_arm/install/easy_handeye2_msgs/include/easy_handeye2_msgs/easy_handeye2_msgs/srv/detail/list_algorithms__type_support.hpp
-- Symlinking: /home/rosi/ws_dual_arm/install/easy_handeye2_msgs/include/easy_handeye2_msgs/easy_handeye2_msgs/srv/detail/load_samples__builder.hpp
-- Symlinking: /home/rosi/ws_dual_arm/install/easy_handeye2_msgs/include/easy_handeye2_msgs/easy_handeye2_msgs/srv/detail/load_samples__struct.hpp
-- Symlinking: /home/rosi/ws_dual_arm/install/easy_handeye2_msgs/include/easy_handeye2_msgs/easy_handeye2_msgs/srv/detail/load_samples__traits.hpp
-- Symlinking: /home/rosi/ws_dual_arm/install/easy_handeye2_msgs/include/easy_handeye2_msgs/easy_handeye2_msgs/srv/detail/load_samples__type_support.hpp
-- Symlinking: /home/rosi/ws_dual_arm/install/easy_handeye2_msgs/include/easy_handeye2_msgs/easy_handeye2_msgs/srv/detail/plan_to_selected_target_pose__builder.hpp
-- Symlinking: /home/rosi/ws_dual_arm/install/easy_handeye2_msgs/include/easy_handeye2_msgs/easy_handeye2_msgs/srv/detail/plan_to_selected_target_pose__struct.hpp
-- Symlinking: /home/rosi/ws_dual_arm/install/easy_handeye2_msgs/include/easy_handeye2_msgs/easy_handeye2_msgs/srv/detail/plan_to_selected_target_pose__traits.hpp
-- Symlinking: /home/rosi/ws_dual_arm/install/easy_handeye2_msgs/include/easy_handeye2_msgs/easy_handeye2_msgs/srv/detail/plan_to_selected_target_pose__type_support.hpp
-- Symlinking: /home/rosi/ws_dual_arm/install/easy_handeye2_msgs/include/easy_handeye2_msgs/easy_handeye2_msgs/srv/detail/remove_sample__builder.hpp
-- Symlinking: /home/rosi/ws_dual_arm/install/easy_handeye2_msgs/include/easy_handeye2_msgs/easy_handeye2_msgs/srv/detail/remove_sample__struct.hpp
-- Symlinking: /home/rosi/ws_dual_arm/install/easy_handeye2_msgs/include/easy_handeye2_msgs/easy_handeye2_msgs/srv/detail/remove_sample__traits.hpp
-- Symlinking: /home/rosi/ws_dual_arm/install/easy_handeye2_msgs/include/easy_handeye2_msgs/easy_handeye2_msgs/srv/detail/remove_sample__type_support.hpp
-- Symlinking: /home/rosi/ws_dual_arm/install/easy_handeye2_msgs/include/easy_handeye2_msgs/easy_handeye2_msgs/srv/detail/save_calibration__builder.hpp
-- Symlinking: /home/rosi/ws_dual_arm/install/easy_handeye2_msgs/include/easy_handeye2_msgs/easy_handeye2_msgs/srv/detail/save_calibration__struct.hpp
-- Symlinking: /home/rosi/ws_dual_arm/install/easy_handeye2_msgs/include/easy_handeye2_msgs/easy_handeye2_msgs/srv/detail/save_calibration__traits.hpp
-- Symlinking: /home/rosi/ws_dual_arm/install/easy_handeye2_msgs/include/easy_handeye2_msgs/easy_handeye2_msgs/srv/detail/save_calibration__type_support.hpp
-- Symlinking: /home/rosi/ws_dual_arm/install/easy_handeye2_msgs/include/easy_handeye2_msgs/easy_handeye2_msgs/srv/detail/save_samples__builder.hpp
-- Symlinking: /home/rosi/ws_dual_arm/install/easy_handeye2_msgs/include/easy_handeye2_msgs/easy_handeye2_msgs/srv/detail/save_samples__struct.hpp
-- Symlinking: /home/rosi/ws_dual_arm/install/easy_handeye2_msgs/include/easy_handeye2_msgs/easy_handeye2_msgs/srv/detail/save_samples__traits.hpp
-- Symlinking: /home/rosi/ws_dual_arm/install/easy_handeye2_msgs/include/easy_handeye2_msgs/easy_handeye2_msgs/srv/detail/save_samples__type_support.hpp
-- Symlinking: /home/rosi/ws_dual_arm/install/easy_handeye2_msgs/include/easy_handeye2_msgs/easy_handeye2_msgs/srv/detail/select_target_pose__builder.hpp
-- Symlinking: /home/rosi/ws_dual_arm/install/easy_handeye2_msgs/include/easy_handeye2_msgs/easy_handeye2_msgs/srv/detail/select_target_pose__struct.hpp
-- Symlinking: /home/rosi/ws_dual_arm/install/easy_handeye2_msgs/include/easy_handeye2_msgs/easy_handeye2_msgs/srv/detail/select_target_pose__traits.hpp
-- Symlinking: /home/rosi/ws_dual_arm/install/easy_handeye2_msgs/include/easy_handeye2_msgs/easy_handeye2_msgs/srv/detail/select_target_pose__type_support.hpp
-- Symlinking: /home/rosi/ws_dual_arm/install/easy_handeye2_msgs/include/easy_handeye2_msgs/easy_handeye2_msgs/srv/detail/set_algorithm__builder.hpp
-- Symlinking: /home/rosi/ws_dual_arm/install/easy_handeye2_msgs/include/easy_handeye2_msgs/easy_handeye2_msgs/srv/detail/set_algorithm__struct.hpp
-- Symlinking: /home/rosi/ws_dual_arm/install/easy_handeye2_msgs/include/easy_handeye2_msgs/easy_handeye2_msgs/srv/detail/set_algorithm__traits.hpp
-- Symlinking: /home/rosi/ws_dual_arm/install/easy_handeye2_msgs/include/easy_handeye2_msgs/easy_handeye2_msgs/srv/detail/set_algorithm__type_support.hpp
-- Symlinking: /home/rosi/ws_dual_arm/install/easy_handeye2_msgs/include/easy_handeye2_msgs/easy_handeye2_msgs/srv/detail/take_sample__builder.hpp
-- Symlinking: /home/rosi/ws_dual_arm/install/easy_handeye2_msgs/include/easy_handeye2_msgs/easy_handeye2_msgs/srv/detail/take_sample__struct.hpp
-- Symlinking: /home/rosi/ws_dual_arm/install/easy_handeye2_msgs/include/easy_handeye2_msgs/easy_handeye2_msgs/srv/detail/take_sample__traits.hpp
-- Symlinking: /home/rosi/ws_dual_arm/install/easy_handeye2_msgs/include/easy_handeye2_msgs/easy_handeye2_msgs/srv/detail/take_sample__type_support.hpp
-- Symlinking: /home/rosi/ws_dual_arm/install/easy_handeye2_msgs/include/easy_handeye2_msgs/easy_handeye2_msgs/srv/enumerate_target_poses.hpp
-- Symlinking: /home/rosi/ws_dual_arm/install/easy_handeye2_msgs/include/easy_handeye2_msgs/easy_handeye2_msgs/srv/execute_plan.hpp
-- Symlinking: /home/rosi/ws_dual_arm/install/easy_handeye2_msgs/include/easy_handeye2_msgs/easy_handeye2_msgs/srv/list_algorithms.hpp
-- Symlinking: /home/rosi/ws_dual_arm/install/easy_handeye2_msgs/include/easy_handeye2_msgs/easy_handeye2_msgs/srv/load_samples.hpp
-- Symlinking: /home/rosi/ws_dual_arm/install/easy_handeye2_msgs/include/easy_handeye2_msgs/easy_handeye2_msgs/srv/plan_to_selected_target_pose.hpp
-- Symlinking: /home/rosi/ws_dual_arm/install/easy_handeye2_msgs/include/easy_handeye2_msgs/easy_handeye2_msgs/srv/remove_sample.hpp
-- Symlinking: /home/rosi/ws_dual_arm/install/easy_handeye2_msgs/include/easy_handeye2_msgs/easy_handeye2_msgs/srv/save_calibration.hpp
-- Symlinking: /home/rosi/ws_dual_arm/install/easy_handeye2_msgs/include/easy_handeye2_msgs/easy_handeye2_msgs/srv/save_samples.hpp
-- Symlinking: /home/rosi/ws_dual_arm/install/easy_handeye2_msgs/include/easy_handeye2_msgs/easy_handeye2_msgs/srv/select_target_pose.hpp
-- Symlinking: /home/rosi/ws_dual_arm/install/easy_handeye2_msgs/include/easy_handeye2_msgs/easy_handeye2_msgs/srv/set_algorithm.hpp
-- Symlinking: /home/rosi/ws_dual_arm/install/easy_handeye2_msgs/include/easy_handeye2_msgs/easy_handeye2_msgs/srv/take_sample.hpp
-- Symlinking: /home/rosi/ws_dual_arm/install/easy_handeye2_msgs/include/easy_handeye2_msgs/easy_handeye2_msgs/msg/detail/handeye_calibration__rosidl_typesupport_fastrtps_cpp.hpp
-- Symlinking: /home/rosi/ws_dual_arm/install/easy_handeye2_msgs/include/easy_handeye2_msgs/easy_handeye2_msgs/msg/detail/handeye_calibration_parameters__rosidl_typesupport_fastrtps_cpp.hpp
-- Symlinking: /home/rosi/ws_dual_arm/install/easy_handeye2_msgs/include/easy_handeye2_msgs/easy_handeye2_msgs/msg/detail/sample__rosidl_typesupport_fastrtps_cpp.hpp
-- Symlinking: /home/rosi/ws_dual_arm/install/easy_handeye2_msgs/include/easy_handeye2_msgs/easy_handeye2_msgs/msg/detail/sample_list__rosidl_typesupport_fastrtps_cpp.hpp
-- Symlinking: /home/rosi/ws_dual_arm/install/easy_handeye2_msgs/include/easy_handeye2_msgs/easy_handeye2_msgs/msg/detail/target_pose_list__rosidl_typesupport_fastrtps_cpp.hpp
-- Symlinking: /home/rosi/ws_dual_arm/install/easy_handeye2_msgs/include/easy_handeye2_msgs/easy_handeye2_msgs/msg/rosidl_typesupport_fastrtps_cpp__visibility_control.h
-- Symlinking: /home/rosi/ws_dual_arm/install/easy_handeye2_msgs/include/easy_handeye2_msgs/easy_handeye2_msgs/srv/detail/check_starting_pose__rosidl_typesupport_fastrtps_cpp.hpp
-- Symlinking: /home/rosi/ws_dual_arm/install/easy_handeye2_msgs/include/easy_handeye2_msgs/easy_handeye2_msgs/srv/detail/compute_calibration__rosidl_typesupport_fastrtps_cpp.hpp
-- Symlinking: /home/rosi/ws_dual_arm/install/easy_handeye2_msgs/include/easy_handeye2_msgs/easy_handeye2_msgs/srv/detail/enumerate_target_poses__rosidl_typesupport_fastrtps_cpp.hpp
-- Symlinking: /home/rosi/ws_dual_arm/install/easy_handeye2_msgs/include/easy_handeye2_msgs/easy_handeye2_msgs/srv/detail/execute_plan__rosidl_typesupport_fastrtps_cpp.hpp
-- Symlinking: /home/rosi/ws_dual_arm/install/easy_handeye2_msgs/include/easy_handeye2_msgs/easy_handeye2_msgs/srv/detail/list_algorithms__rosidl_typesupport_fastrtps_cpp.hpp
-- Symlinking: /home/rosi/ws_dual_arm/install/easy_handeye2_msgs/include/easy_handeye2_msgs/easy_handeye2_msgs/srv/detail/load_samples__rosidl_typesupport_fastrtps_cpp.hpp
-- Symlinking: /home/rosi/ws_dual_arm/install/easy_handeye2_msgs/include/easy_handeye2_msgs/easy_handeye2_msgs/srv/detail/plan_to_selected_target_pose__rosidl_typesupport_fastrtps_cpp.hpp
-- Symlinking: /home/rosi/ws_dual_arm/install/easy_handeye2_msgs/include/easy_handeye2_msgs/easy_handeye2_msgs/srv/detail/remove_sample__rosidl_typesupport_fastrtps_cpp.hpp
-- Symlinking: /home/rosi/ws_dual_arm/install/easy_handeye2_msgs/include/easy_handeye2_msgs/easy_handeye2_msgs/srv/detail/save_calibration__rosidl_typesupport_fastrtps_cpp.hpp
-- Symlinking: /home/rosi/ws_dual_arm/install/easy_handeye2_msgs/include/easy_handeye2_msgs/easy_handeye2_msgs/srv/detail/save_samples__rosidl_typesupport_fastrtps_cpp.hpp
-- Symlinking: /home/rosi/ws_dual_arm/install/easy_handeye2_msgs/include/easy_handeye2_msgs/easy_handeye2_msgs/srv/detail/select_target_pose__rosidl_typesupport_fastrtps_cpp.hpp
-- Symlinking: /home/rosi/ws_dual_arm/install/easy_handeye2_msgs/include/easy_handeye2_msgs/easy_handeye2_msgs/srv/detail/set_algorithm__rosidl_typesupport_fastrtps_cpp.hpp
-- Symlinking: /home/rosi/ws_dual_arm/install/easy_handeye2_msgs/include/easy_handeye2_msgs/easy_handeye2_msgs/srv/detail/take_sample__rosidl_typesupport_fastrtps_cpp.hpp
-- Symlinking: /home/rosi/ws_dual_arm/install/easy_handeye2_msgs/include/easy_handeye2_msgs/easy_handeye2_msgs/msg/detail/handeye_calibration__rosidl_typesupport_introspection_cpp.hpp
-- Symlinking: /home/rosi/ws_dual_arm/install/easy_handeye2_msgs/include/easy_handeye2_msgs/easy_handeye2_msgs/msg/detail/handeye_calibration_parameters__rosidl_typesupport_introspection_cpp.hpp
-- Symlinking: /home/rosi/ws_dual_arm/install/easy_handeye2_msgs/include/easy_handeye2_msgs/easy_handeye2_msgs/msg/detail/sample__rosidl_typesupport_introspection_cpp.hpp
-- Symlinking: /home/rosi/ws_dual_arm/install/easy_handeye2_msgs/include/easy_handeye2_msgs/easy_handeye2_msgs/msg/detail/sample_list__rosidl_typesupport_introspection_cpp.hpp
-- Symlinking: /home/rosi/ws_dual_arm/install/easy_handeye2_msgs/include/easy_handeye2_msgs/easy_handeye2_msgs/msg/detail/target_pose_list__rosidl_typesupport_introspection_cpp.hpp
-- Symlinking: /home/rosi/ws_dual_arm/install/easy_handeye2_msgs/include/easy_handeye2_msgs/easy_handeye2_msgs/srv/detail/check_starting_pose__rosidl_typesupport_introspection_cpp.hpp
-- Symlinking: /home/rosi/ws_dual_arm/install/easy_handeye2_msgs/include/easy_handeye2_msgs/easy_handeye2_msgs/srv/detail/compute_calibration__rosidl_typesupport_introspection_cpp.hpp
-- Symlinking: /home/rosi/ws_dual_arm/install/easy_handeye2_msgs/include/easy_handeye2_msgs/easy_handeye2_msgs/srv/detail/enumerate_target_poses__rosidl_typesupport_introspection_cpp.hpp
-- Symlinking: /home/rosi/ws_dual_arm/install/easy_handeye2_msgs/include/easy_handeye2_msgs/easy_handeye2_msgs/srv/detail/execute_plan__rosidl_typesupport_introspection_cpp.hpp
-- Symlinking: /home/rosi/ws_dual_arm/install/easy_handeye2_msgs/include/easy_handeye2_msgs/easy_handeye2_msgs/srv/detail/list_algorithms__rosidl_typesupport_introspection_cpp.hpp
-- Symlinking: /home/rosi/ws_dual_arm/install/easy_handeye2_msgs/include/easy_handeye2_msgs/easy_handeye2_msgs/srv/detail/load_samples__rosidl_typesupport_introspection_cpp.hpp
-- Symlinking: /home/rosi/ws_dual_arm/install/easy_handeye2_msgs/include/easy_handeye2_msgs/easy_handeye2_msgs/srv/detail/plan_to_selected_target_pose__rosidl_typesupport_introspection_cpp.hpp
-- Symlinking: /home/rosi/ws_dual_arm/install/easy_handeye2_msgs/include/easy_handeye2_msgs/easy_handeye2_msgs/srv/detail/remove_sample__rosidl_typesupport_introspection_cpp.hpp
-- Symlinking: /home/rosi/ws_dual_arm/install/easy_handeye2_msgs/include/easy_handeye2_msgs/easy_handeye2_msgs/srv/detail/save_calibration__rosidl_typesupport_introspection_cpp.hpp
-- Symlinking: /home/rosi/ws_dual_arm/install/easy_handeye2_msgs/include/easy_handeye2_msgs/easy_handeye2_msgs/srv/detail/save_samples__rosidl_typesupport_introspection_cpp.hpp
-- Symlinking: /home/rosi/ws_dual_arm/install/easy_handeye2_msgs/include/easy_handeye2_msgs/easy_handeye2_msgs/srv/detail/select_target_pose__rosidl_typesupport_introspection_cpp.hpp
-- Symlinking: /home/rosi/ws_dual_arm/install/easy_handeye2_msgs/include/easy_handeye2_msgs/easy_handeye2_msgs/srv/detail/set_algorithm__rosidl_typesupport_introspection_cpp.hpp
-- Symlinking: /home/rosi/ws_dual_arm/install/easy_handeye2_msgs/include/easy_handeye2_msgs/easy_handeye2_msgs/srv/detail/take_sample__rosidl_typesupport_introspection_cpp.hpp
-- Symlinking: /home/rosi/ws_dual_arm/install/easy_handeye2_msgs/share/easy_handeye2_msgs/environment/pythonpath.sh
-- Symlinking: /home/rosi/ws_dual_arm/install/easy_handeye2_msgs/share/easy_handeye2_msgs/environment/pythonpath.dsv
-- Symlinking: /home/rosi/ws_dual_arm/install/easy_handeye2_msgs/local/lib/python3.10/dist-packages/easy_handeye2_msgs-0.5.0-py3.10.egg-info/PKG-INFO
-- Symlinking: /home/rosi/ws_dual_arm/install/easy_handeye2_msgs/local/lib/python3.10/dist-packages/easy_handeye2_msgs-0.5.0-py3.10.egg-info/SOURCES.txt
-- Symlinking: /home/rosi/ws_dual_arm/install/easy_handeye2_msgs/local/lib/python3.10/dist-packages/easy_handeye2_msgs-0.5.0-py3.10.egg-info/dependency_links.txt
-- Symlinking: /home/rosi/ws_dual_arm/install/easy_handeye2_msgs/local/lib/python3.10/dist-packages/easy_handeye2_msgs-0.5.0-py3.10.egg-info/top_level.txt
-- Symlinking: /home/rosi/ws_dual_arm/install/easy_handeye2_msgs/local/lib/python3.10/dist-packages/easy_handeye2_msgs/__init__.py
-- Symlinking: /home/rosi/ws_dual_arm/install/easy_handeye2_msgs/local/lib/python3.10/dist-packages/easy_handeye2_msgs/_easy_handeye2_msgs_s.ep.rosidl_typesupport_c.c
-- Symlinking: /home/rosi/ws_dual_arm/install/easy_handeye2_msgs/local/lib/python3.10/dist-packages/easy_handeye2_msgs/_easy_handeye2_msgs_s.ep.rosidl_typesupport_fastrtps_c.c
-- Symlinking: /home/rosi/ws_dual_arm/install/easy_handeye2_msgs/local/lib/python3.10/dist-packages/easy_handeye2_msgs/_easy_handeye2_msgs_s.ep.rosidl_typesupport_introspection_c.c
-- Symlinking: /home/rosi/ws_dual_arm/install/easy_handeye2_msgs/local/lib/python3.10/dist-packages/easy_handeye2_msgs/easy_handeye2_msgs_s__rosidl_typesupport_c.cpython-310-x86_64-linux-gnu.so
-- Symlinking: /home/rosi/ws_dual_arm/install/easy_handeye2_msgs/local/lib/python3.10/dist-packages/easy_handeye2_msgs/easy_handeye2_msgs_s__rosidl_typesupport_fastrtps_c.cpython-310-x86_64-linux-gnu.so
-- Symlinking: /home/rosi/ws_dual_arm/install/easy_handeye2_msgs/local/lib/python3.10/dist-packages/easy_handeye2_msgs/easy_handeye2_msgs_s__rosidl_typesupport_introspection_c.cpython-310-x86_64-linux-gnu.so
-- Symlinking: /home/rosi/ws_dual_arm/install/easy_handeye2_msgs/local/lib/python3.10/dist-packages/easy_handeye2_msgs/libeasy_handeye2_msgs__rosidl_generator_py.so
-- Symlinking: /home/rosi/ws_dual_arm/install/easy_handeye2_msgs/local/lib/python3.10/dist-packages/easy_handeye2_msgs/msg/__init__.py
-- Symlinking: /home/rosi/ws_dual_arm/install/easy_handeye2_msgs/local/lib/python3.10/dist-packages/easy_handeye2_msgs/msg/_handeye_calibration.py
-- Symlinking: /home/rosi/ws_dual_arm/install/easy_handeye2_msgs/local/lib/python3.10/dist-packages/easy_handeye2_msgs/msg/_handeye_calibration_parameters.py
-- Symlinking: /home/rosi/ws_dual_arm/install/easy_handeye2_msgs/local/lib/python3.10/dist-packages/easy_handeye2_msgs/msg/_handeye_calibration_parameters_s.c
-- Symlinking: /home/rosi/ws_dual_arm/install/easy_handeye2_msgs/local/lib/python3.10/dist-packages/easy_handeye2_msgs/msg/_handeye_calibration_s.c
-- Symlinking: /home/rosi/ws_dual_arm/install/easy_handeye2_msgs/local/lib/python3.10/dist-packages/easy_handeye2_msgs/msg/_sample.py
-- Symlinking: /home/rosi/ws_dual_arm/install/easy_handeye2_msgs/local/lib/python3.10/dist-packages/easy_handeye2_msgs/msg/_sample_list.py
-- Symlinking: /home/rosi/ws_dual_arm/install/easy_handeye2_msgs/local/lib/python3.10/dist-packages/easy_handeye2_msgs/msg/_sample_list_s.c
-- Symlinking: /home/rosi/ws_dual_arm/install/easy_handeye2_msgs/local/lib/python3.10/dist-packages/easy_handeye2_msgs/msg/_sample_s.c
-- Symlinking: /home/rosi/ws_dual_arm/install/easy_handeye2_msgs/local/lib/python3.10/dist-packages/easy_handeye2_msgs/msg/_target_pose_list.py
-- Symlinking: /home/rosi/ws_dual_arm/install/easy_handeye2_msgs/local/lib/python3.10/dist-packages/easy_handeye2_msgs/msg/_target_pose_list_s.c
-- Symlinking: /home/rosi/ws_dual_arm/install/easy_handeye2_msgs/local/lib/python3.10/dist-packages/easy_handeye2_msgs/srv/__init__.py
-- Symlinking: /home/rosi/ws_dual_arm/install/easy_handeye2_msgs/local/lib/python3.10/dist-packages/easy_handeye2_msgs/srv/_check_starting_pose.py
-- Symlinking: /home/rosi/ws_dual_arm/install/easy_handeye2_msgs/local/lib/python3.10/dist-packages/easy_handeye2_msgs/srv/_check_starting_pose_s.c
-- Symlinking: /home/rosi/ws_dual_arm/install/easy_handeye2_msgs/local/lib/python3.10/dist-packages/easy_handeye2_msgs/srv/_compute_calibration.py
-- Symlinking: /home/rosi/ws_dual_arm/install/easy_handeye2_msgs/local/lib/python3.10/dist-packages/easy_handeye2_msgs/srv/_compute_calibration_s.c
-- Symlinking: /home/rosi/ws_dual_arm/install/easy_handeye2_msgs/local/lib/python3.10/dist-packages/easy_handeye2_msgs/srv/_enumerate_target_poses.py
-- Symlinking: /home/rosi/ws_dual_arm/install/easy_handeye2_msgs/local/lib/python3.10/dist-packages/easy_handeye2_msgs/srv/_enumerate_target_poses_s.c
-- Symlinking: /home/rosi/ws_dual_arm/install/easy_handeye2_msgs/local/lib/python3.10/dist-packages/easy_handeye2_msgs/srv/_execute_plan.py
-- Symlinking: /home/rosi/ws_dual_arm/install/easy_handeye2_msgs/local/lib/python3.10/dist-packages/easy_handeye2_msgs/srv/_execute_plan_s.c
-- Symlinking: /home/rosi/ws_dual_arm/install/easy_handeye2_msgs/local/lib/python3.10/dist-packages/easy_handeye2_msgs/srv/_list_algorithms.py
-- Symlinking: /home/rosi/ws_dual_arm/install/easy_handeye2_msgs/local/lib/python3.10/dist-packages/easy_handeye2_msgs/srv/_list_algorithms_s.c
-- Symlinking: /home/rosi/ws_dual_arm/install/easy_handeye2_msgs/local/lib/python3.10/dist-packages/easy_handeye2_msgs/srv/_load_samples.py
-- Symlinking: /home/rosi/ws_dual_arm/install/easy_handeye2_msgs/local/lib/python3.10/dist-packages/easy_handeye2_msgs/srv/_load_samples_s.c
-- Symlinking: /home/rosi/ws_dual_arm/install/easy_handeye2_msgs/local/lib/python3.10/dist-packages/easy_handeye2_msgs/srv/_plan_to_selected_target_pose.py
-- Symlinking: /home/rosi/ws_dual_arm/install/easy_handeye2_msgs/local/lib/python3.10/dist-packages/easy_handeye2_msgs/srv/_plan_to_selected_target_pose_s.c
-- Symlinking: /home/rosi/ws_dual_arm/install/easy_handeye2_msgs/local/lib/python3.10/dist-packages/easy_handeye2_msgs/srv/_remove_sample.py
-- Symlinking: /home/rosi/ws_dual_arm/install/easy_handeye2_msgs/local/lib/python3.10/dist-packages/easy_handeye2_msgs/srv/_remove_sample_s.c
-- Symlinking: /home/rosi/ws_dual_arm/install/easy_handeye2_msgs/local/lib/python3.10/dist-packages/easy_handeye2_msgs/srv/_save_calibration.py
-- Symlinking: /home/rosi/ws_dual_arm/install/easy_handeye2_msgs/local/lib/python3.10/dist-packages/easy_handeye2_msgs/srv/_save_calibration_s.c
-- Symlinking: /home/rosi/ws_dual_arm/install/easy_handeye2_msgs/local/lib/python3.10/dist-packages/easy_handeye2_msgs/srv/_save_samples.py
-- Symlinking: /home/rosi/ws_dual_arm/install/easy_handeye2_msgs/local/lib/python3.10/dist-packages/easy_handeye2_msgs/srv/_save_samples_s.c
-- Symlinking: /home/rosi/ws_dual_arm/install/easy_handeye2_msgs/local/lib/python3.10/dist-packages/easy_handeye2_msgs/srv/_select_target_pose.py
-- Symlinking: /home/rosi/ws_dual_arm/install/easy_handeye2_msgs/local/lib/python3.10/dist-packages/easy_handeye2_msgs/srv/_select_target_pose_s.c
-- Symlinking: /home/rosi/ws_dual_arm/install/easy_handeye2_msgs/local/lib/python3.10/dist-packages/easy_handeye2_msgs/srv/_set_algorithm.py
-- Symlinking: /home/rosi/ws_dual_arm/install/easy_handeye2_msgs/local/lib/python3.10/dist-packages/easy_handeye2_msgs/srv/_set_algorithm_s.c
-- Symlinking: /home/rosi/ws_dual_arm/install/easy_handeye2_msgs/local/lib/python3.10/dist-packages/easy_handeye2_msgs/srv/_take_sample.py
-- Symlinking: /home/rosi/ws_dual_arm/install/easy_handeye2_msgs/local/lib/python3.10/dist-packages/easy_handeye2_msgs/srv/_take_sample_s.c
-- Up-to-date symlink: /home/rosi/ws_dual_arm/install/easy_handeye2_msgs/local/lib/python3.10/dist-packages/easy_handeye2_msgs/easy_handeye2_msgs_s__rosidl_typesupport_fastrtps_c.cpython-310-x86_64-linux-gnu.so
-- Up-to-date symlink: /home/rosi/ws_dual_arm/install/easy_handeye2_msgs/local/lib/python3.10/dist-packages/easy_handeye2_msgs/easy_handeye2_msgs_s__rosidl_typesupport_introspection_c.cpython-310-x86_64-linux-gnu.so
-- Up-to-date symlink: /home/rosi/ws_dual_arm/install/easy_handeye2_msgs/local/lib/python3.10/dist-packages/easy_handeye2_msgs/easy_handeye2_msgs_s__rosidl_typesupport_c.cpython-310-x86_64-linux-gnu.so
-- Symlinking: /home/rosi/ws_dual_arm/install/easy_handeye2_msgs/share/ament_index/resource_index/rust_packages/easy_handeye2_msgs
-- Symlinking: /home/rosi/ws_dual_arm/install/easy_handeye2_msgs/share/easy_handeye2_msgs/rust/Cargo.toml
-- Symlinking: /home/rosi/ws_dual_arm/install/easy_handeye2_msgs/share/easy_handeye2_msgs/rust/build.rs
-- Symlinking: /home/rosi/ws_dual_arm/install/easy_handeye2_msgs/share/easy_handeye2_msgs/rust/src/lib.rs
-- Symlinking: /home/rosi/ws_dual_arm/install/easy_handeye2_msgs/share/easy_handeye2_msgs/rust/src/msg.rs
-- Symlinking: /home/rosi/ws_dual_arm/install/easy_handeye2_msgs/share/easy_handeye2_msgs/rust/src/msg/rmw.rs
-- Symlinking: /home/rosi/ws_dual_arm/install/easy_handeye2_msgs/share/easy_handeye2_msgs/rust/src/srv.rs
-- Symlinking: /home/rosi/ws_dual_arm/install/easy_handeye2_msgs/share/easy_handeye2_msgs/rust/src/srv/rmw.rs
-- Symlinking: /home/rosi/ws_dual_arm/install/easy_handeye2_msgs/share/easy_handeye2_msgs/msg/HandeyeCalibration.idl
-- Symlinking: /home/rosi/ws_dual_arm/install/easy_handeye2_msgs/share/easy_handeye2_msgs/msg/HandeyeCalibrationParameters.idl
-- Symlinking: /home/rosi/ws_dual_arm/install/easy_handeye2_msgs/share/easy_handeye2_msgs/msg/Sample.idl
-- Symlinking: /home/rosi/ws_dual_arm/install/easy_handeye2_msgs/share/easy_handeye2_msgs/msg/SampleList.idl
-- Symlinking: /home/rosi/ws_dual_arm/install/easy_handeye2_msgs/share/easy_handeye2_msgs/msg/TargetPoseList.idl
-- Symlinking: /home/rosi/ws_dual_arm/install/easy_handeye2_msgs/share/easy_handeye2_msgs/srv/ListAlgorithms.idl
-- Symlinking: /home/rosi/ws_dual_arm/install/easy_handeye2_msgs/share/easy_handeye2_msgs/srv/SetAlgorithm.idl
-- Symlinking: /home/rosi/ws_dual_arm/install/easy_handeye2_msgs/share/easy_handeye2_msgs/srv/ComputeCalibration.idl
-- Symlinking: /home/rosi/ws_dual_arm/install/easy_handeye2_msgs/share/easy_handeye2_msgs/srv/SaveCalibration.idl
-- Symlinking: /home/rosi/ws_dual_arm/install/easy_handeye2_msgs/share/easy_handeye2_msgs/srv/RemoveSample.idl
-- Symlinking: /home/rosi/ws_dual_arm/install/easy_handeye2_msgs/share/easy_handeye2_msgs/srv/TakeSample.idl
-- Symlinking: /home/rosi/ws_dual_arm/install/easy_handeye2_msgs/share/easy_handeye2_msgs/srv/SaveSamples.idl
-- Symlinking: /home/rosi/ws_dual_arm/install/easy_handeye2_msgs/share/easy_handeye2_msgs/srv/LoadSamples.idl
-- Symlinking: /home/rosi/ws_dual_arm/install/easy_handeye2_msgs/share/easy_handeye2_msgs/srv/CheckStartingPose.idl
-- Symlinking: /home/rosi/ws_dual_arm/install/easy_handeye2_msgs/share/easy_handeye2_msgs/srv/EnumerateTargetPoses.idl
-- Symlinking: /home/rosi/ws_dual_arm/install/easy_handeye2_msgs/share/easy_handeye2_msgs/srv/SelectTargetPose.idl
-- Symlinking: /home/rosi/ws_dual_arm/install/easy_handeye2_msgs/share/easy_handeye2_msgs/srv/PlanToSelectedTargetPose.idl
-- Symlinking: /home/rosi/ws_dual_arm/install/easy_handeye2_msgs/share/easy_handeye2_msgs/srv/ExecutePlan.idl
-- Symlinking: /home/rosi/ws_dual_arm/install/easy_handeye2_msgs/share/easy_handeye2_msgs/msg/HandeyeCalibration.msg
-- Symlinking: /home/rosi/ws_dual_arm/install/easy_handeye2_msgs/share/easy_handeye2_msgs/msg/HandeyeCalibrationParameters.msg
-- Symlinking: /home/rosi/ws_dual_arm/install/easy_handeye2_msgs/share/easy_handeye2_msgs/msg/Sample.msg
-- Symlinking: /home/rosi/ws_dual_arm/install/easy_handeye2_msgs/share/easy_handeye2_msgs/msg/SampleList.msg
-- Symlinking: /home/rosi/ws_dual_arm/install/easy_handeye2_msgs/share/easy_handeye2_msgs/msg/TargetPoseList.msg
-- Symlinking: /home/rosi/ws_dual_arm/install/easy_handeye2_msgs/share/easy_handeye2_msgs/calibration/ListAlgorithms.srv
-- Symlinking: /home/rosi/ws_dual_arm/install/easy_handeye2_msgs/share/easy_handeye2_msgs/calibration/ListAlgorithms_Request.msg
-- Symlinking: /home/rosi/ws_dual_arm/install/easy_handeye2_msgs/share/easy_handeye2_msgs/calibration/ListAlgorithms_Response.msg
-- Symlinking: /home/rosi/ws_dual_arm/install/easy_handeye2_msgs/share/easy_handeye2_msgs/calibration/SetAlgorithm.srv
-- Symlinking: /home/rosi/ws_dual_arm/install/easy_handeye2_msgs/share/easy_handeye2_msgs/calibration/SetAlgorithm_Request.msg
-- Symlinking: /home/rosi/ws_dual_arm/install/easy_handeye2_msgs/share/easy_handeye2_msgs/calibration/SetAlgorithm_Response.msg
-- Symlinking: /home/rosi/ws_dual_arm/install/easy_handeye2_msgs/share/easy_handeye2_msgs/calibration/ComputeCalibration.srv
-- Symlinking: /home/rosi/ws_dual_arm/install/easy_handeye2_msgs/share/easy_handeye2_msgs/calibration/ComputeCalibration_Request.msg
-- Symlinking: /home/rosi/ws_dual_arm/install/easy_handeye2_msgs/share/easy_handeye2_msgs/calibration/ComputeCalibration_Response.msg
-- Symlinking: /home/rosi/ws_dual_arm/install/easy_handeye2_msgs/share/easy_handeye2_msgs/calibration/SaveCalibration.srv
-- Symlinking: /home/rosi/ws_dual_arm/install/easy_handeye2_msgs/share/easy_handeye2_msgs/calibration/SaveCalibration_Request.msg
-- Symlinking: /home/rosi/ws_dual_arm/install/easy_handeye2_msgs/share/easy_handeye2_msgs/calibration/SaveCalibration_Response.msg
-- Symlinking: /home/rosi/ws_dual_arm/install/easy_handeye2_msgs/share/easy_handeye2_msgs/calibration/RemoveSample.srv
-- Symlinking: /home/rosi/ws_dual_arm/install/easy_handeye2_msgs/share/easy_handeye2_msgs/calibration/RemoveSample_Request.msg
-- Symlinking: /home/rosi/ws_dual_arm/install/easy_handeye2_msgs/share/easy_handeye2_msgs/calibration/RemoveSample_Response.msg
-- Symlinking: /home/rosi/ws_dual_arm/install/easy_handeye2_msgs/share/easy_handeye2_msgs/calibration/TakeSample.srv
-- Symlinking: /home/rosi/ws_dual_arm/install/easy_handeye2_msgs/share/easy_handeye2_msgs/calibration/TakeSample_Request.msg
-- Symlinking: /home/rosi/ws_dual_arm/install/easy_handeye2_msgs/share/easy_handeye2_msgs/calibration/TakeSample_Response.msg
-- Symlinking: /home/rosi/ws_dual_arm/install/easy_handeye2_msgs/share/easy_handeye2_msgs/calibration/SaveSamples.srv
-- Symlinking: /home/rosi/ws_dual_arm/install/easy_handeye2_msgs/share/easy_handeye2_msgs/calibration/SaveSamples_Request.msg
-- Symlinking: /home/rosi/ws_dual_arm/install/easy_handeye2_msgs/share/easy_handeye2_msgs/calibration/SaveSamples_Response.msg
-- Symlinking: /home/rosi/ws_dual_arm/install/easy_handeye2_msgs/share/easy_handeye2_msgs/calibration/LoadSamples.srv
-- Symlinking: /home/rosi/ws_dual_arm/install/easy_handeye2_msgs/share/easy_handeye2_msgs/calibration/LoadSamples_Request.msg
-- Symlinking: /home/rosi/ws_dual_arm/install/easy_handeye2_msgs/share/easy_handeye2_msgs/calibration/LoadSamples_Response.msg
-- Symlinking: /home/rosi/ws_dual_arm/install/easy_handeye2_msgs/share/easy_handeye2_msgs/robot_movements/CheckStartingPose.srv
-- Symlinking: /home/rosi/ws_dual_arm/install/easy_handeye2_msgs/share/easy_handeye2_msgs/robot_movements/CheckStartingPose_Request.msg
-- Symlinking: /home/rosi/ws_dual_arm/install/easy_handeye2_msgs/share/easy_handeye2_msgs/robot_movements/CheckStartingPose_Response.msg
-- Symlinking: /home/rosi/ws_dual_arm/install/easy_handeye2_msgs/share/easy_handeye2_msgs/robot_movements/EnumerateTargetPoses.srv
-- Symlinking: /home/rosi/ws_dual_arm/install/easy_handeye2_msgs/share/easy_handeye2_msgs/robot_movements/EnumerateTargetPoses_Request.msg
-- Symlinking: /home/rosi/ws_dual_arm/install/easy_handeye2_msgs/share/easy_handeye2_msgs/robot_movements/EnumerateTargetPoses_Response.msg
-- Symlinking: /home/rosi/ws_dual_arm/install/easy_handeye2_msgs/share/easy_handeye2_msgs/robot_movements/SelectTargetPose.srv
-- Symlinking: /home/rosi/ws_dual_arm/install/easy_handeye2_msgs/share/easy_handeye2_msgs/robot_movements/SelectTargetPose_Request.msg
-- Symlinking: /home/rosi/ws_dual_arm/install/easy_handeye2_msgs/share/easy_handeye2_msgs/robot_movements/SelectTargetPose_Response.msg
-- Symlinking: /home/rosi/ws_dual_arm/install/easy_handeye2_msgs/share/easy_handeye2_msgs/robot_movements/PlanToSelectedTargetPose.srv
-- Symlinking: /home/rosi/ws_dual_arm/install/easy_handeye2_msgs/share/easy_handeye2_msgs/robot_movements/PlanToSelectedTargetPose_Request.msg
-- Symlinking: /home/rosi/ws_dual_arm/install/easy_handeye2_msgs/share/easy_handeye2_msgs/robot_movements/PlanToSelectedTargetPose_Response.msg
-- Symlinking: /home/rosi/ws_dual_arm/install/easy_handeye2_msgs/share/easy_handeye2_msgs/robot_movements/ExecutePlan.srv
-- Symlinking: /home/rosi/ws_dual_arm/install/easy_handeye2_msgs/share/easy_handeye2_msgs/robot_movements/ExecutePlan_Request.msg
-- Symlinking: /home/rosi/ws_dual_arm/install/easy_handeye2_msgs/share/easy_handeye2_msgs/robot_movements/ExecutePlan_Response.msg
-- Symlinking: /home/rosi/ws_dual_arm/install/easy_handeye2_msgs/share/ament_index/resource_index/package_run_dependencies/easy_handeye2_msgs
-- Symlinking: /home/rosi/ws_dual_arm/install/easy_handeye2_msgs/share/ament_index/resource_index/parent_prefix_path/easy_handeye2_msgs
-- Symlinking: /home/rosi/ws_dual_arm/install/easy_handeye2_msgs/share/easy_handeye2_msgs/environment/ament_prefix_path.sh
-- Symlinking: /home/rosi/ws_dual_arm/install/easy_handeye2_msgs/share/easy_handeye2_msgs/environment/ament_prefix_path.dsv
-- Symlinking: /home/rosi/ws_dual_arm/install/easy_handeye2_msgs/share/easy_handeye2_msgs/environment/path.sh
-- Symlinking: /home/rosi/ws_dual_arm/install/easy_handeye2_msgs/share/easy_handeye2_msgs/environment/path.dsv
-- Symlinking: /home/rosi/ws_dual_arm/install/easy_handeye2_msgs/share/easy_handeye2_msgs/local_setup.bash
-- Symlinking: /home/rosi/ws_dual_arm/install/easy_handeye2_msgs/share/easy_handeye2_msgs/local_setup.sh
-- Symlinking: /home/rosi/ws_dual_arm/install/easy_handeye2_msgs/share/easy_handeye2_msgs/local_setup.zsh
-- Symlinking: /home/rosi/ws_dual_arm/install/easy_handeye2_msgs/share/easy_handeye2_msgs/local_setup.dsv
-- Symlinking: /home/rosi/ws_dual_arm/install/easy_handeye2_msgs/share/easy_handeye2_msgs/package.dsv
-- Symlinking: /home/rosi/ws_dual_arm/install/easy_handeye2_msgs/share/ament_index/resource_index/packages/easy_handeye2_msgs
-- Symlinking: /home/rosi/ws_dual_arm/install/easy_handeye2_msgs/share/easy_handeye2_msgs/cmake/rosidl_cmake-extras.cmake
-- Symlinking: /home/rosi/ws_dual_arm/install/easy_handeye2_msgs/share/easy_handeye2_msgs/cmake/ament_cmake_export_dependencies-extras.cmake
-- Symlinking: /home/rosi/ws_dual_arm/install/easy_handeye2_msgs/share/easy_handeye2_msgs/cmake/ament_cmake_export_include_directories-extras.cmake
-- Symlinking: /home/rosi/ws_dual_arm/install/easy_handeye2_msgs/share/easy_handeye2_msgs/cmake/ament_cmake_export_libraries-extras.cmake
-- Symlinking: /home/rosi/ws_dual_arm/install/easy_handeye2_msgs/share/easy_handeye2_msgs/cmake/ament_cmake_export_targets-extras.cmake
-- Symlinking: /home/rosi/ws_dual_arm/install/easy_handeye2_msgs/share/easy_handeye2_msgs/cmake/rosidl_cmake_export_typesupport_targets-extras.cmake
-- Symlinking: /home/rosi/ws_dual_arm/install/easy_handeye2_msgs/share/easy_handeye2_msgs/cmake/rosidl_cmake_export_typesupport_libraries-extras.cmake
-- Symlinking: /home/rosi/ws_dual_arm/install/easy_handeye2_msgs/share/easy_handeye2_msgs/cmake/easy_handeye2_msgsConfig.cmake
-- Symlinking: /home/rosi/ws_dual_arm/install/easy_handeye2_msgs/share/easy_handeye2_msgs/cmake/easy_handeye2_msgsConfig-version.cmake
-- Symlinking: /home/rosi/ws_dual_arm/install/easy_handeye2_msgs/share/easy_handeye2_msgs/package.xml
-- Installing: /home/rosi/ws_dual_arm/install/easy_handeye2_msgs/lib/libeasy_handeye2_msgs__rosidl_generator_c.so
-- Set runtime path of "/home/rosi/ws_dual_arm/install/easy_handeye2_msgs/lib/libeasy_handeye2_msgs__rosidl_generator_c.so" to ""
-- Installing: /home/rosi/ws_dual_arm/install/easy_handeye2_msgs/lib/libeasy_handeye2_msgs__rosidl_typesupport_fastrtps_c.so
-- Set runtime path of "/home/rosi/ws_dual_arm/install/easy_handeye2_msgs/lib/libeasy_handeye2_msgs__rosidl_typesupport_fastrtps_c.so" to ""
-- Installing: /home/rosi/ws_dual_arm/install/easy_handeye2_msgs/lib/libeasy_handeye2_msgs__rosidl_typesupport_introspection_c.so
-- Set runtime path of "/home/rosi/ws_dual_arm/install/easy_handeye2_msgs/lib/libeasy_handeye2_msgs__rosidl_typesupport_introspection_c.so" to ""
-- Installing: /home/rosi/ws_dual_arm/install/easy_handeye2_msgs/lib/libeasy_handeye2_msgs__rosidl_typesupport_c.so
-- Set runtime path of "/home/rosi/ws_dual_arm/install/easy_handeye2_msgs/lib/libeasy_handeye2_msgs__rosidl_typesupport_c.so" to ""
-- Installing: /home/rosi/ws_dual_arm/install/easy_handeye2_msgs/lib/libeasy_handeye2_msgs__rosidl_typesupport_fastrtps_cpp.so
-- Set runtime path of "/home/rosi/ws_dual_arm/install/easy_handeye2_msgs/lib/libeasy_handeye2_msgs__rosidl_typesupport_fastrtps_cpp.so" to ""
-- Installing: /home/rosi/ws_dual_arm/install/easy_handeye2_msgs/lib/libeasy_handeye2_msgs__rosidl_typesupport_introspection_cpp.so
-- Set runtime path of "/home/rosi/ws_dual_arm/install/easy_handeye2_msgs/lib/libeasy_handeye2_msgs__rosidl_typesupport_introspection_cpp.so" to ""
-- Installing: /home/rosi/ws_dual_arm/install/easy_handeye2_msgs/lib/libeasy_handeye2_msgs__rosidl_typesupport_cpp.so
-- Set runtime path of "/home/rosi/ws_dual_arm/install/easy_handeye2_msgs/lib/libeasy_handeye2_msgs__rosidl_typesupport_cpp.so" to ""
Listing '/home/rosi/ws_dual_arm/install/easy_handeye2_msgs/local/lib/python3.10/dist-packages/easy_handeye2_msgs'...
Compiling '/home/rosi/ws_dual_arm/install/easy_handeye2_msgs/local/lib/python3.10/dist-packages/easy_handeye2_msgs/__init__.py'...
Listing '/home/rosi/ws_dual_arm/install/easy_handeye2_msgs/local/lib/python3.10/dist-packages/easy_handeye2_msgs/msg'...
Compiling '/home/rosi/ws_dual_arm/install/easy_handeye2_msgs/local/lib/python3.10/dist-packages/easy_handeye2_msgs/msg/__init__.py'...
Compiling '/home/rosi/ws_dual_arm/install/easy_handeye2_msgs/local/lib/python3.10/dist-packages/easy_handeye2_msgs/msg/_handeye_calibration.py'...
Compiling '/home/rosi/ws_dual_arm/install/easy_handeye2_msgs/local/lib/python3.10/dist-packages/easy_handeye2_msgs/msg/_handeye_calibration_parameters.py'...
Compiling '/home/rosi/ws_dual_arm/install/easy_handeye2_msgs/local/lib/python3.10/dist-packages/easy_handeye2_msgs/msg/_sample.py'...
Compiling '/home/rosi/ws_dual_arm/install/easy_handeye2_msgs/local/lib/python3.10/dist-packages/easy_handeye2_msgs/msg/_sample_list.py'...
Compiling '/home/rosi/ws_dual_arm/install/easy_handeye2_msgs/local/lib/python3.10/dist-packages/easy_handeye2_msgs/msg/_target_pose_list.py'...
Listing '/home/rosi/ws_dual_arm/install/easy_handeye2_msgs/local/lib/python3.10/dist-packages/easy_handeye2_msgs/srv'...
Compiling '/home/rosi/ws_dual_arm/install/easy_handeye2_msgs/local/lib/python3.10/dist-packages/easy_handeye2_msgs/srv/__init__.py'...
Compiling '/home/rosi/ws_dual_arm/install/easy_handeye2_msgs/local/lib/python3.10/dist-packages/easy_handeye2_msgs/srv/_check_starting_pose.py'...
Compiling '/home/rosi/ws_dual_arm/install/easy_handeye2_msgs/local/lib/python3.10/dist-packages/easy_handeye2_msgs/srv/_compute_calibration.py'...
Compiling '/home/rosi/ws_dual_arm/install/easy_handeye2_msgs/local/lib/python3.10/dist-packages/easy_handeye2_msgs/srv/_enumerate_target_poses.py'...
Compiling '/home/rosi/ws_dual_arm/install/easy_handeye2_msgs/local/lib/python3.10/dist-packages/easy_handeye2_msgs/srv/_execute_plan.py'...
Compiling '/home/rosi/ws_dual_arm/install/easy_handeye2_msgs/local/lib/python3.10/dist-packages/easy_handeye2_msgs/srv/_list_algorithms.py'...
Compiling '/home/rosi/ws_dual_arm/install/easy_handeye2_msgs/local/lib/python3.10/dist-packages/easy_handeye2_msgs/srv/_load_samples.py'...
Compiling '/home/rosi/ws_dual_arm/install/easy_handeye2_msgs/local/lib/python3.10/dist-packages/easy_handeye2_msgs/srv/_plan_to_selected_target_pose.py'...
Compiling '/home/rosi/ws_dual_arm/install/easy_handeye2_msgs/local/lib/python3.10/dist-packages/easy_handeye2_msgs/srv/_remove_sample.py'...
Compiling '/home/rosi/ws_dual_arm/install/easy_handeye2_msgs/local/lib/python3.10/dist-packages/easy_handeye2_msgs/srv/_save_calibration.py'...
Compiling '/home/rosi/ws_dual_arm/install/easy_handeye2_msgs/local/lib/python3.10/dist-packages/easy_handeye2_msgs/srv/_save_samples.py'...
Compiling '/home/rosi/ws_dual_arm/install/easy_handeye2_msgs/local/lib/python3.10/dist-packages/easy_handeye2_msgs/srv/_select_target_pose.py'...
Compiling '/home/rosi/ws_dual_arm/install/easy_handeye2_msgs/local/lib/python3.10/dist-packages/easy_handeye2_msgs/srv/_set_algorithm.py'...
Compiling '/home/rosi/ws_dual_arm/install/easy_handeye2_msgs/local/lib/python3.10/dist-packages/easy_handeye2_msgs/srv/_take_sample.py'...
-- Installing: /home/rosi/ws_dual_arm/install/easy_handeye2_msgs/lib/libeasy_handeye2_msgs__rosidl_generator_py.so
-- Set runtime path of "/home/rosi/ws_dual_arm/install/easy_handeye2_msgs/lib/libeasy_handeye2_msgs__rosidl_generator_py.so" to ""
-- Installing: /home/rosi/ws_dual_arm/install/easy_handeye2_msgs/share/easy_handeye2_msgs/cmake/export_easy_handeye2_msgs__rosidl_generator_cExport.cmake
-- Installing: /home/rosi/ws_dual_arm/install/easy_handeye2_msgs/share/easy_handeye2_msgs/cmake/export_easy_handeye2_msgs__rosidl_generator_cExport-noconfig.cmake
-- Installing: /home/rosi/ws_dual_arm/install/easy_handeye2_msgs/share/easy_handeye2_msgs/cmake/export_easy_handeye2_msgs__rosidl_typesupport_fastrtps_cExport.cmake
-- Installing: /home/rosi/ws_dual_arm/install/easy_handeye2_msgs/share/easy_handeye2_msgs/cmake/export_easy_handeye2_msgs__rosidl_typesupport_fastrtps_cExport-noconfig.cmake
-- Installing: /home/rosi/ws_dual_arm/install/easy_handeye2_msgs/share/easy_handeye2_msgs/cmake/easy_handeye2_msgs__rosidl_typesupport_introspection_cExport.cmake
-- Installing: /home/rosi/ws_dual_arm/install/easy_handeye2_msgs/share/easy_handeye2_msgs/cmake/easy_handeye2_msgs__rosidl_typesupport_introspection_cExport-noconfig.cmake
-- Installing: /home/rosi/ws_dual_arm/install/easy_handeye2_msgs/share/easy_handeye2_msgs/cmake/easy_handeye2_msgs__rosidl_typesupport_cExport.cmake
-- Installing: /home/rosi/ws_dual_arm/install/easy_handeye2_msgs/share/easy_handeye2_msgs/cmake/easy_handeye2_msgs__rosidl_typesupport_cExport-noconfig.cmake
-- Installing: /home/rosi/ws_dual_arm/install/easy_handeye2_msgs/share/easy_handeye2_msgs/cmake/export_easy_handeye2_msgs__rosidl_generator_cppExport.cmake
-- Installing: /home/rosi/ws_dual_arm/install/easy_handeye2_msgs/share/easy_handeye2_msgs/cmake/export_easy_handeye2_msgs__rosidl_typesupport_fastrtps_cppExport.cmake
-- Installing: /home/rosi/ws_dual_arm/install/easy_handeye2_msgs/share/easy_handeye2_msgs/cmake/export_easy_handeye2_msgs__rosidl_typesupport_fastrtps_cppExport-noconfig.cmake
-- Installing: /home/rosi/ws_dual_arm/install/easy_handeye2_msgs/share/easy_handeye2_msgs/cmake/easy_handeye2_msgs__rosidl_typesupport_introspection_cppExport.cmake
-- Installing: /home/rosi/ws_dual_arm/install/easy_handeye2_msgs/share/easy_handeye2_msgs/cmake/easy_handeye2_msgs__rosidl_typesupport_introspection_cppExport-noconfig.cmake
-- Installing: /home/rosi/ws_dual_arm/install/easy_handeye2_msgs/share/easy_handeye2_msgs/cmake/easy_handeye2_msgs__rosidl_typesupport_cppExport.cmake
-- Installing: /home/rosi/ws_dual_arm/install/easy_handeye2_msgs/share/easy_handeye2_msgs/cmake/easy_handeye2_msgs__rosidl_typesupport_cppExport-noconfig.cmake
-- Installing: /home/rosi/ws_dual_arm/install/easy_handeye2_msgs/share/easy_handeye2_msgs/cmake/export_easy_handeye2_msgs__rosidl_generator_pyExport.cmake
-- Installing: /home/rosi/ws_dual_arm/install/easy_handeye2_msgs/share/easy_handeye2_msgs/cmake/export_easy_handeye2_msgs__rosidl_generator_pyExport-noconfig.cmake
