[0.046s] Invoking command in '/home/rosi/ws_dual_arm/build/easy_handeye2_msgs': CMAKE_PREFIX_PATH=${CMAKE_PREFIX_PATH}:/home/rosi/ws_dual_arm/install/zed_description:/home/rosi/ws_dual_arm/install/robotiq_description:/home/rosi/ws_dual_arm/install/dual_arm_pkg:/opt/ros/humble /usr/bin/cmake --build /home/rosi/ws_dual_arm/build/easy_handeye2_msgs -- -j20 -l20
[0.164s] [35m[1mConsolidate compiler generated dependencies of target easy_handeye2_msgs__rosidl_generator_c[0m
[0.179s] [  1%] Built target easy_handeye2_msgs__rs
[0.200s] [  1%] Built target easy_handeye2_msgs__cpp
[0.228s] [ 13%] Built target easy_handeye2_msgs__rosidl_generator_c
[0.228s] [ 13%] Built target ament_cmake_python_symlink_easy_handeye2_msgs
[0.232s] [35m[1mConsolidate compiler generated dependencies of target easy_handeye2_msgs__rosidl_typesupport_fastrtps_cpp[0m
[0.232s] [35m[1mConsolidate compiler generated dependencies of target easy_handeye2_msgs__rosidl_typesupport_introspection_cpp[0m
[0.233s] [35m[1mConsolidate compiler generated dependencies of target easy_handeye2_msgs__rosidl_typesupport_cpp[0m
[0.233s] [35m[1mConsolidate compiler generated dependencies of target easy_handeye2_msgs__rosidl_typesupport_c[0m
[0.233s] [35m[1mConsolidate compiler generated dependencies of target easy_handeye2_msgs__rosidl_typesupport_introspection_c[0m
[0.240s] [35m[1mConsolidate compiler generated dependencies of target easy_handeye2_msgs__rosidl_typesupport_fastrtps_c[0m
[0.247s] [ 25%] Built target easy_handeye2_msgs__rosidl_typesupport_c
[0.255s] [ 37%] Built target easy_handeye2_msgs__rosidl_typesupport_introspection_c
[0.255s] [ 49%] Built target easy_handeye2_msgs__rosidl_typesupport_introspection_cpp
[0.258s] [ 61%] Built target easy_handeye2_msgs__rosidl_typesupport_fastrtps_cpp
[0.260s] [ 73%] Built target easy_handeye2_msgs__rosidl_typesupport_cpp
[0.282s] [ 85%] Built target easy_handeye2_msgs__rosidl_typesupport_fastrtps_c
[0.311s] [ 85%] Built target easy_handeye2_msgs
[0.342s] [ 86%] Built target easy_handeye2_msgs__py
[0.360s] [35m[1mConsolidate compiler generated dependencies of target easy_handeye2_msgs__rosidl_generator_py[0m
[0.391s] [ 97%] Built target easy_handeye2_msgs__rosidl_generator_py
[0.406s] [35m[1mConsolidate compiler generated dependencies of target easy_handeye2_msgs__rosidl_typesupport_introspection_c__pyext[0m
[0.406s] [35m[1mConsolidate compiler generated dependencies of target easy_handeye2_msgs__rosidl_typesupport_c__pyext[0m
[0.407s] [35m[1mConsolidate compiler generated dependencies of target easy_handeye2_msgs__rosidl_typesupport_fastrtps_c__pyext[0m
[0.421s] [ 98%] Built target easy_handeye2_msgs__rosidl_typesupport_introspection_c__pyext
[0.424s] [ 99%] Built target easy_handeye2_msgs__rosidl_typesupport_c__pyext
[0.426s] [100%] Built target easy_handeye2_msgs__rosidl_typesupport_fastrtps_c__pyext
[0.491s] running egg_info
[0.492s] writing easy_handeye2_msgs.egg-info/PKG-INFO
[0.492s] writing dependency_links to easy_handeye2_msgs.egg-info/dependency_links.txt
[0.492s] writing top-level names to easy_handeye2_msgs.egg-info/top_level.txt
[0.497s] reading manifest file 'easy_handeye2_msgs.egg-info/SOURCES.txt'
[0.498s] writing manifest file 'easy_handeye2_msgs.egg-info/SOURCES.txt'
[0.534s] [100%] Built target ament_cmake_python_build_easy_handeye2_msgs_egg
[0.563s] Invoked command in '/home/rosi/ws_dual_arm/build/easy_handeye2_msgs' returned '0': CMAKE_PREFIX_PATH=${CMAKE_PREFIX_PATH}:/home/rosi/ws_dual_arm/install/zed_description:/home/rosi/ws_dual_arm/install/robotiq_description:/home/rosi/ws_dual_arm/install/dual_arm_pkg:/opt/ros/humble /usr/bin/cmake --build /home/rosi/ws_dual_arm/build/easy_handeye2_msgs -- -j20 -l20
[0.567s] Invoking command in '/home/rosi/ws_dual_arm/build/easy_handeye2_msgs': CMAKE_PREFIX_PATH=${CMAKE_PREFIX_PATH}:/home/rosi/ws_dual_arm/install/zed_description:/home/rosi/ws_dual_arm/install/robotiq_description:/home/rosi/ws_dual_arm/install/dual_arm_pkg:/opt/ros/humble /usr/bin/cmake --install /home/rosi/ws_dual_arm/build/easy_handeye2_msgs
[0.582s] -- Install configuration: ""
[0.583s] -- Execute custom install script
[0.584s] -- Symlinking: /home/rosi/ws_dual_arm/install/easy_handeye2_msgs/share/ament_index/resource_index/rosidl_interfaces/easy_handeye2_msgs
[0.604s] -- Symlinking: /home/rosi/ws_dual_arm/install/easy_handeye2_msgs/include/easy_handeye2_msgs/easy_handeye2_msgs/msg/detail/handeye_calibration__functions.h
[0.621s] -- Symlinking: /home/rosi/ws_dual_arm/install/easy_handeye2_msgs/include/easy_handeye2_msgs/easy_handeye2_msgs/msg/detail/handeye_calibration__struct.h
[0.639s] -- Symlinking: /home/rosi/ws_dual_arm/install/easy_handeye2_msgs/include/easy_handeye2_msgs/easy_handeye2_msgs/msg/detail/handeye_calibration__type_support.h
[0.656s] -- Symlinking: /home/rosi/ws_dual_arm/install/easy_handeye2_msgs/include/easy_handeye2_msgs/easy_handeye2_msgs/msg/detail/handeye_calibration_parameters__functions.h
[0.671s] -- Symlinking: /home/rosi/ws_dual_arm/install/easy_handeye2_msgs/include/easy_handeye2_msgs/easy_handeye2_msgs/msg/detail/handeye_calibration_parameters__struct.h
[0.687s] -- Symlinking: /home/rosi/ws_dual_arm/install/easy_handeye2_msgs/include/easy_handeye2_msgs/easy_handeye2_msgs/msg/detail/handeye_calibration_parameters__type_support.h
[0.703s] -- Symlinking: /home/rosi/ws_dual_arm/install/easy_handeye2_msgs/include/easy_handeye2_msgs/easy_handeye2_msgs/msg/detail/sample__functions.h
[0.721s] -- Symlinking: /home/rosi/ws_dual_arm/install/easy_handeye2_msgs/include/easy_handeye2_msgs/easy_handeye2_msgs/msg/detail/sample__struct.h
[0.739s] -- Symlinking: /home/rosi/ws_dual_arm/install/easy_handeye2_msgs/include/easy_handeye2_msgs/easy_handeye2_msgs/msg/detail/sample__type_support.h
[0.758s] -- Symlinking: /home/rosi/ws_dual_arm/install/easy_handeye2_msgs/include/easy_handeye2_msgs/easy_handeye2_msgs/msg/detail/sample_list__functions.h
[0.772s] -- Symlinking: /home/rosi/ws_dual_arm/install/easy_handeye2_msgs/include/easy_handeye2_msgs/easy_handeye2_msgs/msg/detail/sample_list__struct.h
[0.787s] -- Symlinking: /home/rosi/ws_dual_arm/install/easy_handeye2_msgs/include/easy_handeye2_msgs/easy_handeye2_msgs/msg/detail/sample_list__type_support.h
[0.803s] -- Symlinking: /home/rosi/ws_dual_arm/install/easy_handeye2_msgs/include/easy_handeye2_msgs/easy_handeye2_msgs/msg/detail/target_pose_list__functions.h
[0.820s] -- Symlinking: /home/rosi/ws_dual_arm/install/easy_handeye2_msgs/include/easy_handeye2_msgs/easy_handeye2_msgs/msg/detail/target_pose_list__struct.h
[0.837s] -- Symlinking: /home/rosi/ws_dual_arm/install/easy_handeye2_msgs/include/easy_handeye2_msgs/easy_handeye2_msgs/msg/detail/target_pose_list__type_support.h
[0.854s] -- Symlinking: /home/rosi/ws_dual_arm/install/easy_handeye2_msgs/include/easy_handeye2_msgs/easy_handeye2_msgs/msg/handeye_calibration.h
[0.870s] -- Symlinking: /home/rosi/ws_dual_arm/install/easy_handeye2_msgs/include/easy_handeye2_msgs/easy_handeye2_msgs/msg/handeye_calibration_parameters.h
[0.886s] -- Symlinking: /home/rosi/ws_dual_arm/install/easy_handeye2_msgs/include/easy_handeye2_msgs/easy_handeye2_msgs/msg/rosidl_generator_c__visibility_control.h
[0.902s] -- Symlinking: /home/rosi/ws_dual_arm/install/easy_handeye2_msgs/include/easy_handeye2_msgs/easy_handeye2_msgs/msg/sample.h
[0.920s] -- Symlinking: /home/rosi/ws_dual_arm/install/easy_handeye2_msgs/include/easy_handeye2_msgs/easy_handeye2_msgs/msg/sample_list.h
[0.936s] -- Symlinking: /home/rosi/ws_dual_arm/install/easy_handeye2_msgs/include/easy_handeye2_msgs/easy_handeye2_msgs/msg/target_pose_list.h
[0.952s] -- Symlinking: /home/rosi/ws_dual_arm/install/easy_handeye2_msgs/include/easy_handeye2_msgs/easy_handeye2_msgs/srv/check_starting_pose.h
[0.970s] -- Symlinking: /home/rosi/ws_dual_arm/install/easy_handeye2_msgs/include/easy_handeye2_msgs/easy_handeye2_msgs/srv/compute_calibration.h
[0.987s] -- Symlinking: /home/rosi/ws_dual_arm/install/easy_handeye2_msgs/include/easy_handeye2_msgs/easy_handeye2_msgs/srv/detail/check_starting_pose__functions.h
[1.003s] -- Symlinking: /home/rosi/ws_dual_arm/install/easy_handeye2_msgs/include/easy_handeye2_msgs/easy_handeye2_msgs/srv/detail/check_starting_pose__struct.h
[1.020s] -- Symlinking: /home/rosi/ws_dual_arm/install/easy_handeye2_msgs/include/easy_handeye2_msgs/easy_handeye2_msgs/srv/detail/check_starting_pose__type_support.h
[1.037s] -- Symlinking: /home/rosi/ws_dual_arm/install/easy_handeye2_msgs/include/easy_handeye2_msgs/easy_handeye2_msgs/srv/detail/compute_calibration__functions.h
[1.052s] -- Symlinking: /home/rosi/ws_dual_arm/install/easy_handeye2_msgs/include/easy_handeye2_msgs/easy_handeye2_msgs/srv/detail/compute_calibration__struct.h
[1.068s] -- Symlinking: /home/rosi/ws_dual_arm/install/easy_handeye2_msgs/include/easy_handeye2_msgs/easy_handeye2_msgs/srv/detail/compute_calibration__type_support.h
[1.083s] -- Symlinking: /home/rosi/ws_dual_arm/install/easy_handeye2_msgs/include/easy_handeye2_msgs/easy_handeye2_msgs/srv/detail/enumerate_target_poses__functions.h
[1.100s] -- Symlinking: /home/rosi/ws_dual_arm/install/easy_handeye2_msgs/include/easy_handeye2_msgs/easy_handeye2_msgs/srv/detail/enumerate_target_poses__struct.h
[1.119s] -- Symlinking: /home/rosi/ws_dual_arm/install/easy_handeye2_msgs/include/easy_handeye2_msgs/easy_handeye2_msgs/srv/detail/enumerate_target_poses__type_support.h
[1.134s] -- Symlinking: /home/rosi/ws_dual_arm/install/easy_handeye2_msgs/include/easy_handeye2_msgs/easy_handeye2_msgs/srv/detail/execute_plan__functions.h
[1.151s] -- Symlinking: /home/rosi/ws_dual_arm/install/easy_handeye2_msgs/include/easy_handeye2_msgs/easy_handeye2_msgs/srv/detail/execute_plan__struct.h
[1.168s] -- Symlinking: /home/rosi/ws_dual_arm/install/easy_handeye2_msgs/include/easy_handeye2_msgs/easy_handeye2_msgs/srv/detail/execute_plan__type_support.h
[1.186s] -- Symlinking: /home/rosi/ws_dual_arm/install/easy_handeye2_msgs/include/easy_handeye2_msgs/easy_handeye2_msgs/srv/detail/list_algorithms__functions.h
[1.203s] -- Symlinking: /home/rosi/ws_dual_arm/install/easy_handeye2_msgs/include/easy_handeye2_msgs/easy_handeye2_msgs/srv/detail/list_algorithms__struct.h
[1.220s] -- Symlinking: /home/rosi/ws_dual_arm/install/easy_handeye2_msgs/include/easy_handeye2_msgs/easy_handeye2_msgs/srv/detail/list_algorithms__type_support.h
[1.236s] -- Symlinking: /home/rosi/ws_dual_arm/install/easy_handeye2_msgs/include/easy_handeye2_msgs/easy_handeye2_msgs/srv/detail/load_samples__functions.h
[1.251s] -- Symlinking: /home/rosi/ws_dual_arm/install/easy_handeye2_msgs/include/easy_handeye2_msgs/easy_handeye2_msgs/srv/detail/load_samples__struct.h
[1.264s] -- Symlinking: /home/rosi/ws_dual_arm/install/easy_handeye2_msgs/include/easy_handeye2_msgs/easy_handeye2_msgs/srv/detail/load_samples__type_support.h
[1.276s] -- Symlinking: /home/rosi/ws_dual_arm/install/easy_handeye2_msgs/include/easy_handeye2_msgs/easy_handeye2_msgs/srv/detail/plan_to_selected_target_pose__functions.h
[1.286s] -- Symlinking: /home/rosi/ws_dual_arm/install/easy_handeye2_msgs/include/easy_handeye2_msgs/easy_handeye2_msgs/srv/detail/plan_to_selected_target_pose__struct.h
[1.297s] -- Symlinking: /home/rosi/ws_dual_arm/install/easy_handeye2_msgs/include/easy_handeye2_msgs/easy_handeye2_msgs/srv/detail/plan_to_selected_target_pose__type_support.h
[1.308s] -- Symlinking: /home/rosi/ws_dual_arm/install/easy_handeye2_msgs/include/easy_handeye2_msgs/easy_handeye2_msgs/srv/detail/remove_sample__functions.h
[1.319s] -- Symlinking: /home/rosi/ws_dual_arm/install/easy_handeye2_msgs/include/easy_handeye2_msgs/easy_handeye2_msgs/srv/detail/remove_sample__struct.h
[1.330s] -- Symlinking: /home/rosi/ws_dual_arm/install/easy_handeye2_msgs/include/easy_handeye2_msgs/easy_handeye2_msgs/srv/detail/remove_sample__type_support.h
[1.341s] -- Symlinking: /home/rosi/ws_dual_arm/install/easy_handeye2_msgs/include/easy_handeye2_msgs/easy_handeye2_msgs/srv/detail/save_calibration__functions.h
[1.353s] -- Symlinking: /home/rosi/ws_dual_arm/install/easy_handeye2_msgs/include/easy_handeye2_msgs/easy_handeye2_msgs/srv/detail/save_calibration__struct.h
[1.364s] -- Symlinking: /home/rosi/ws_dual_arm/install/easy_handeye2_msgs/include/easy_handeye2_msgs/easy_handeye2_msgs/srv/detail/save_calibration__type_support.h
[1.375s] -- Symlinking: /home/rosi/ws_dual_arm/install/easy_handeye2_msgs/include/easy_handeye2_msgs/easy_handeye2_msgs/srv/detail/save_samples__functions.h
[1.385s] -- Symlinking: /home/rosi/ws_dual_arm/install/easy_handeye2_msgs/include/easy_handeye2_msgs/easy_handeye2_msgs/srv/detail/save_samples__struct.h
[1.396s] -- Symlinking: /home/rosi/ws_dual_arm/install/easy_handeye2_msgs/include/easy_handeye2_msgs/easy_handeye2_msgs/srv/detail/save_samples__type_support.h
[1.407s] -- Symlinking: /home/rosi/ws_dual_arm/install/easy_handeye2_msgs/include/easy_handeye2_msgs/easy_handeye2_msgs/srv/detail/select_target_pose__functions.h
[1.418s] -- Symlinking: /home/rosi/ws_dual_arm/install/easy_handeye2_msgs/include/easy_handeye2_msgs/easy_handeye2_msgs/srv/detail/select_target_pose__struct.h
[1.429s] -- Symlinking: /home/rosi/ws_dual_arm/install/easy_handeye2_msgs/include/easy_handeye2_msgs/easy_handeye2_msgs/srv/detail/select_target_pose__type_support.h
[1.441s] -- Symlinking: /home/rosi/ws_dual_arm/install/easy_handeye2_msgs/include/easy_handeye2_msgs/easy_handeye2_msgs/srv/detail/set_algorithm__functions.h
[1.452s] -- Symlinking: /home/rosi/ws_dual_arm/install/easy_handeye2_msgs/include/easy_handeye2_msgs/easy_handeye2_msgs/srv/detail/set_algorithm__struct.h
[1.462s] -- Symlinking: /home/rosi/ws_dual_arm/install/easy_handeye2_msgs/include/easy_handeye2_msgs/easy_handeye2_msgs/srv/detail/set_algorithm__type_support.h
[1.472s] -- Symlinking: /home/rosi/ws_dual_arm/install/easy_handeye2_msgs/include/easy_handeye2_msgs/easy_handeye2_msgs/srv/detail/take_sample__functions.h
[1.484s] -- Symlinking: /home/rosi/ws_dual_arm/install/easy_handeye2_msgs/include/easy_handeye2_msgs/easy_handeye2_msgs/srv/detail/take_sample__struct.h
[1.499s] -- Symlinking: /home/rosi/ws_dual_arm/install/easy_handeye2_msgs/include/easy_handeye2_msgs/easy_handeye2_msgs/srv/detail/take_sample__type_support.h
[1.517s] -- Symlinking: /home/rosi/ws_dual_arm/install/easy_handeye2_msgs/include/easy_handeye2_msgs/easy_handeye2_msgs/srv/enumerate_target_poses.h
[1.534s] -- Symlinking: /home/rosi/ws_dual_arm/install/easy_handeye2_msgs/include/easy_handeye2_msgs/easy_handeye2_msgs/srv/execute_plan.h
[1.551s] -- Symlinking: /home/rosi/ws_dual_arm/install/easy_handeye2_msgs/include/easy_handeye2_msgs/easy_handeye2_msgs/srv/list_algorithms.h
[1.569s] -- Symlinking: /home/rosi/ws_dual_arm/install/easy_handeye2_msgs/include/easy_handeye2_msgs/easy_handeye2_msgs/srv/load_samples.h
[1.587s] -- Symlinking: /home/rosi/ws_dual_arm/install/easy_handeye2_msgs/include/easy_handeye2_msgs/easy_handeye2_msgs/srv/plan_to_selected_target_pose.h
[1.604s] -- Symlinking: /home/rosi/ws_dual_arm/install/easy_handeye2_msgs/include/easy_handeye2_msgs/easy_handeye2_msgs/srv/remove_sample.h
[1.619s] -- Symlinking: /home/rosi/ws_dual_arm/install/easy_handeye2_msgs/include/easy_handeye2_msgs/easy_handeye2_msgs/srv/save_calibration.h
[1.635s] -- Symlinking: /home/rosi/ws_dual_arm/install/easy_handeye2_msgs/include/easy_handeye2_msgs/easy_handeye2_msgs/srv/save_samples.h
[1.651s] -- Symlinking: /home/rosi/ws_dual_arm/install/easy_handeye2_msgs/include/easy_handeye2_msgs/easy_handeye2_msgs/srv/select_target_pose.h
[1.668s] -- Symlinking: /home/rosi/ws_dual_arm/install/easy_handeye2_msgs/include/easy_handeye2_msgs/easy_handeye2_msgs/srv/set_algorithm.h
[1.687s] -- Symlinking: /home/rosi/ws_dual_arm/install/easy_handeye2_msgs/include/easy_handeye2_msgs/easy_handeye2_msgs/srv/take_sample.h
[1.705s] -- Symlinking: /home/rosi/ws_dual_arm/install/easy_handeye2_msgs/share/easy_handeye2_msgs/environment/library_path.sh
[1.721s] -- Symlinking: /home/rosi/ws_dual_arm/install/easy_handeye2_msgs/share/easy_handeye2_msgs/environment/library_path.dsv
[1.739s] -- Symlinking: /home/rosi/ws_dual_arm/install/easy_handeye2_msgs/include/easy_handeye2_msgs/easy_handeye2_msgs/msg/detail/handeye_calibration__rosidl_typesupport_fastrtps_c.h
[1.755s] -- Symlinking: /home/rosi/ws_dual_arm/install/easy_handeye2_msgs/include/easy_handeye2_msgs/easy_handeye2_msgs/msg/detail/handeye_calibration_parameters__rosidl_typesupport_fastrtps_c.h
[1.772s] -- Symlinking: /home/rosi/ws_dual_arm/install/easy_handeye2_msgs/include/easy_handeye2_msgs/easy_handeye2_msgs/msg/detail/sample__rosidl_typesupport_fastrtps_c.h
[1.789s] -- Symlinking: /home/rosi/ws_dual_arm/install/easy_handeye2_msgs/include/easy_handeye2_msgs/easy_handeye2_msgs/msg/detail/sample_list__rosidl_typesupport_fastrtps_c.h
[1.808s] -- Symlinking: /home/rosi/ws_dual_arm/install/easy_handeye2_msgs/include/easy_handeye2_msgs/easy_handeye2_msgs/msg/detail/target_pose_list__rosidl_typesupport_fastrtps_c.h
[1.825s] -- Symlinking: /home/rosi/ws_dual_arm/install/easy_handeye2_msgs/include/easy_handeye2_msgs/easy_handeye2_msgs/msg/rosidl_typesupport_fastrtps_c__visibility_control.h
[1.842s] -- Symlinking: /home/rosi/ws_dual_arm/install/easy_handeye2_msgs/include/easy_handeye2_msgs/easy_handeye2_msgs/srv/detail/check_starting_pose__rosidl_typesupport_fastrtps_c.h
[1.857s] -- Symlinking: /home/rosi/ws_dual_arm/install/easy_handeye2_msgs/include/easy_handeye2_msgs/easy_handeye2_msgs/srv/detail/compute_calibration__rosidl_typesupport_fastrtps_c.h
[1.873s] -- Symlinking: /home/rosi/ws_dual_arm/install/easy_handeye2_msgs/include/easy_handeye2_msgs/easy_handeye2_msgs/srv/detail/enumerate_target_poses__rosidl_typesupport_fastrtps_c.h
[1.889s] -- Symlinking: /home/rosi/ws_dual_arm/install/easy_handeye2_msgs/include/easy_handeye2_msgs/easy_handeye2_msgs/srv/detail/execute_plan__rosidl_typesupport_fastrtps_c.h
[1.907s] -- Symlinking: /home/rosi/ws_dual_arm/install/easy_handeye2_msgs/include/easy_handeye2_msgs/easy_handeye2_msgs/srv/detail/list_algorithms__rosidl_typesupport_fastrtps_c.h
[1.924s] -- Symlinking: /home/rosi/ws_dual_arm/install/easy_handeye2_msgs/include/easy_handeye2_msgs/easy_handeye2_msgs/srv/detail/load_samples__rosidl_typesupport_fastrtps_c.h
[1.941s] -- Symlinking: /home/rosi/ws_dual_arm/install/easy_handeye2_msgs/include/easy_handeye2_msgs/easy_handeye2_msgs/srv/detail/plan_to_selected_target_pose__rosidl_typesupport_fastrtps_c.h
[1.957s] -- Symlinking: /home/rosi/ws_dual_arm/install/easy_handeye2_msgs/include/easy_handeye2_msgs/easy_handeye2_msgs/srv/detail/remove_sample__rosidl_typesupport_fastrtps_c.h
[1.973s] -- Symlinking: /home/rosi/ws_dual_arm/install/easy_handeye2_msgs/include/easy_handeye2_msgs/easy_handeye2_msgs/srv/detail/save_calibration__rosidl_typesupport_fastrtps_c.h
[1.990s] -- Symlinking: /home/rosi/ws_dual_arm/install/easy_handeye2_msgs/include/easy_handeye2_msgs/easy_handeye2_msgs/srv/detail/save_samples__rosidl_typesupport_fastrtps_c.h
[2.007s] -- Symlinking: /home/rosi/ws_dual_arm/install/easy_handeye2_msgs/include/easy_handeye2_msgs/easy_handeye2_msgs/srv/detail/select_target_pose__rosidl_typesupport_fastrtps_c.h
[2.025s] -- Symlinking: /home/rosi/ws_dual_arm/install/easy_handeye2_msgs/include/easy_handeye2_msgs/easy_handeye2_msgs/srv/detail/set_algorithm__rosidl_typesupport_fastrtps_c.h
[2.041s] -- Symlinking: /home/rosi/ws_dual_arm/install/easy_handeye2_msgs/include/easy_handeye2_msgs/easy_handeye2_msgs/srv/detail/take_sample__rosidl_typesupport_fastrtps_c.h
[2.058s] -- Symlinking: /home/rosi/ws_dual_arm/install/easy_handeye2_msgs/include/easy_handeye2_msgs/easy_handeye2_msgs/msg/detail/handeye_calibration__rosidl_typesupport_introspection_c.h
[2.073s] -- Symlinking: /home/rosi/ws_dual_arm/install/easy_handeye2_msgs/include/easy_handeye2_msgs/easy_handeye2_msgs/msg/detail/handeye_calibration_parameters__rosidl_typesupport_introspection_c.h
[2.090s] -- Symlinking: /home/rosi/ws_dual_arm/install/easy_handeye2_msgs/include/easy_handeye2_msgs/easy_handeye2_msgs/msg/detail/sample__rosidl_typesupport_introspection_c.h
[2.108s] -- Symlinking: /home/rosi/ws_dual_arm/install/easy_handeye2_msgs/include/easy_handeye2_msgs/easy_handeye2_msgs/msg/detail/sample_list__rosidl_typesupport_introspection_c.h
[2.124s] -- Symlinking: /home/rosi/ws_dual_arm/install/easy_handeye2_msgs/include/easy_handeye2_msgs/easy_handeye2_msgs/msg/detail/target_pose_list__rosidl_typesupport_introspection_c.h
[2.139s] -- Symlinking: /home/rosi/ws_dual_arm/install/easy_handeye2_msgs/include/easy_handeye2_msgs/easy_handeye2_msgs/msg/rosidl_typesupport_introspection_c__visibility_control.h
[2.156s] -- Symlinking: /home/rosi/ws_dual_arm/install/easy_handeye2_msgs/include/easy_handeye2_msgs/easy_handeye2_msgs/srv/detail/check_starting_pose__rosidl_typesupport_introspection_c.h
[2.172s] -- Symlinking: /home/rosi/ws_dual_arm/install/easy_handeye2_msgs/include/easy_handeye2_msgs/easy_handeye2_msgs/srv/detail/compute_calibration__rosidl_typesupport_introspection_c.h
[2.188s] -- Symlinking: /home/rosi/ws_dual_arm/install/easy_handeye2_msgs/include/easy_handeye2_msgs/easy_handeye2_msgs/srv/detail/enumerate_target_poses__rosidl_typesupport_introspection_c.h
[2.203s] -- Symlinking: /home/rosi/ws_dual_arm/install/easy_handeye2_msgs/include/easy_handeye2_msgs/easy_handeye2_msgs/srv/detail/execute_plan__rosidl_typesupport_introspection_c.h
[2.219s] -- Symlinking: /home/rosi/ws_dual_arm/install/easy_handeye2_msgs/include/easy_handeye2_msgs/easy_handeye2_msgs/srv/detail/list_algorithms__rosidl_typesupport_introspection_c.h
[2.236s] -- Symlinking: /home/rosi/ws_dual_arm/install/easy_handeye2_msgs/include/easy_handeye2_msgs/easy_handeye2_msgs/srv/detail/load_samples__rosidl_typesupport_introspection_c.h
[2.250s] -- Symlinking: /home/rosi/ws_dual_arm/install/easy_handeye2_msgs/include/easy_handeye2_msgs/easy_handeye2_msgs/srv/detail/plan_to_selected_target_pose__rosidl_typesupport_introspection_c.h
[2.263s] -- Symlinking: /home/rosi/ws_dual_arm/install/easy_handeye2_msgs/include/easy_handeye2_msgs/easy_handeye2_msgs/srv/detail/remove_sample__rosidl_typesupport_introspection_c.h
[2.274s] -- Symlinking: /home/rosi/ws_dual_arm/install/easy_handeye2_msgs/include/easy_handeye2_msgs/easy_handeye2_msgs/srv/detail/save_calibration__rosidl_typesupport_introspection_c.h
[2.285s] -- Symlinking: /home/rosi/ws_dual_arm/install/easy_handeye2_msgs/include/easy_handeye2_msgs/easy_handeye2_msgs/srv/detail/save_samples__rosidl_typesupport_introspection_c.h
[2.295s] -- Symlinking: /home/rosi/ws_dual_arm/install/easy_handeye2_msgs/include/easy_handeye2_msgs/easy_handeye2_msgs/srv/detail/select_target_pose__rosidl_typesupport_introspection_c.h
[2.306s] -- Symlinking: /home/rosi/ws_dual_arm/install/easy_handeye2_msgs/include/easy_handeye2_msgs/easy_handeye2_msgs/srv/detail/set_algorithm__rosidl_typesupport_introspection_c.h
[2.316s] -- Symlinking: /home/rosi/ws_dual_arm/install/easy_handeye2_msgs/include/easy_handeye2_msgs/easy_handeye2_msgs/srv/detail/take_sample__rosidl_typesupport_introspection_c.h
[2.328s] -- Symlinking: /home/rosi/ws_dual_arm/install/easy_handeye2_msgs/include/easy_handeye2_msgs/easy_handeye2_msgs/msg/detail/handeye_calibration__builder.hpp
[2.339s] -- Symlinking: /home/rosi/ws_dual_arm/install/easy_handeye2_msgs/include/easy_handeye2_msgs/easy_handeye2_msgs/msg/detail/handeye_calibration__struct.hpp
[2.350s] -- Symlinking: /home/rosi/ws_dual_arm/install/easy_handeye2_msgs/include/easy_handeye2_msgs/easy_handeye2_msgs/msg/detail/handeye_calibration__traits.hpp
[2.361s] -- Symlinking: /home/rosi/ws_dual_arm/install/easy_handeye2_msgs/include/easy_handeye2_msgs/easy_handeye2_msgs/msg/detail/handeye_calibration__type_support.hpp
[2.373s] -- Symlinking: /home/rosi/ws_dual_arm/install/easy_handeye2_msgs/include/easy_handeye2_msgs/easy_handeye2_msgs/msg/detail/handeye_calibration_parameters__builder.hpp
[2.384s] -- Symlinking: /home/rosi/ws_dual_arm/install/easy_handeye2_msgs/include/easy_handeye2_msgs/easy_handeye2_msgs/msg/detail/handeye_calibration_parameters__struct.hpp
[2.394s] -- Symlinking: /home/rosi/ws_dual_arm/install/easy_handeye2_msgs/include/easy_handeye2_msgs/easy_handeye2_msgs/msg/detail/handeye_calibration_parameters__traits.hpp
[2.405s] -- Symlinking: /home/rosi/ws_dual_arm/install/easy_handeye2_msgs/include/easy_handeye2_msgs/easy_handeye2_msgs/msg/detail/handeye_calibration_parameters__type_support.hpp
[2.415s] -- Symlinking: /home/rosi/ws_dual_arm/install/easy_handeye2_msgs/include/easy_handeye2_msgs/easy_handeye2_msgs/msg/detail/sample__builder.hpp
[2.426s] -- Symlinking: /home/rosi/ws_dual_arm/install/easy_handeye2_msgs/include/easy_handeye2_msgs/easy_handeye2_msgs/msg/detail/sample__struct.hpp
[2.438s] -- Symlinking: /home/rosi/ws_dual_arm/install/easy_handeye2_msgs/include/easy_handeye2_msgs/easy_handeye2_msgs/msg/detail/sample__traits.hpp
[2.452s] -- Symlinking: /home/rosi/ws_dual_arm/install/easy_handeye2_msgs/include/easy_handeye2_msgs/easy_handeye2_msgs/msg/detail/sample__type_support.hpp
[2.464s] -- Symlinking: /home/rosi/ws_dual_arm/install/easy_handeye2_msgs/include/easy_handeye2_msgs/easy_handeye2_msgs/msg/detail/sample_list__builder.hpp
[2.474s] -- Symlinking: /home/rosi/ws_dual_arm/install/easy_handeye2_msgs/include/easy_handeye2_msgs/easy_handeye2_msgs/msg/detail/sample_list__struct.hpp
[2.487s] -- Symlinking: /home/rosi/ws_dual_arm/install/easy_handeye2_msgs/include/easy_handeye2_msgs/easy_handeye2_msgs/msg/detail/sample_list__traits.hpp
[2.504s] -- Symlinking: /home/rosi/ws_dual_arm/install/easy_handeye2_msgs/include/easy_handeye2_msgs/easy_handeye2_msgs/msg/detail/sample_list__type_support.hpp
[2.521s] -- Symlinking: /home/rosi/ws_dual_arm/install/easy_handeye2_msgs/include/easy_handeye2_msgs/easy_handeye2_msgs/msg/detail/target_pose_list__builder.hpp
[2.538s] -- Symlinking: /home/rosi/ws_dual_arm/install/easy_handeye2_msgs/include/easy_handeye2_msgs/easy_handeye2_msgs/msg/detail/target_pose_list__struct.hpp
[2.554s] -- Symlinking: /home/rosi/ws_dual_arm/install/easy_handeye2_msgs/include/easy_handeye2_msgs/easy_handeye2_msgs/msg/detail/target_pose_list__traits.hpp
[2.569s] -- Symlinking: /home/rosi/ws_dual_arm/install/easy_handeye2_msgs/include/easy_handeye2_msgs/easy_handeye2_msgs/msg/detail/target_pose_list__type_support.hpp
[2.585s] -- Symlinking: /home/rosi/ws_dual_arm/install/easy_handeye2_msgs/include/easy_handeye2_msgs/easy_handeye2_msgs/msg/handeye_calibration.hpp
[2.601s] -- Symlinking: /home/rosi/ws_dual_arm/install/easy_handeye2_msgs/include/easy_handeye2_msgs/easy_handeye2_msgs/msg/handeye_calibration_parameters.hpp
[2.617s] -- Symlinking: /home/rosi/ws_dual_arm/install/easy_handeye2_msgs/include/easy_handeye2_msgs/easy_handeye2_msgs/msg/rosidl_generator_cpp__visibility_control.hpp
[2.635s] -- Symlinking: /home/rosi/ws_dual_arm/install/easy_handeye2_msgs/include/easy_handeye2_msgs/easy_handeye2_msgs/msg/sample.hpp
[2.652s] -- Symlinking: /home/rosi/ws_dual_arm/install/easy_handeye2_msgs/include/easy_handeye2_msgs/easy_handeye2_msgs/msg/sample_list.hpp
[2.669s] -- Symlinking: /home/rosi/ws_dual_arm/install/easy_handeye2_msgs/include/easy_handeye2_msgs/easy_handeye2_msgs/msg/target_pose_list.hpp
[2.685s] -- Symlinking: /home/rosi/ws_dual_arm/install/easy_handeye2_msgs/include/easy_handeye2_msgs/easy_handeye2_msgs/srv/check_starting_pose.hpp
[2.701s] -- Symlinking: /home/rosi/ws_dual_arm/install/easy_handeye2_msgs/include/easy_handeye2_msgs/easy_handeye2_msgs/srv/compute_calibration.hpp
[2.716s] -- Symlinking: /home/rosi/ws_dual_arm/install/easy_handeye2_msgs/include/easy_handeye2_msgs/easy_handeye2_msgs/srv/detail/check_starting_pose__builder.hpp
[2.731s] -- Symlinking: /home/rosi/ws_dual_arm/install/easy_handeye2_msgs/include/easy_handeye2_msgs/easy_handeye2_msgs/srv/detail/check_starting_pose__struct.hpp
[2.745s] -- Symlinking: /home/rosi/ws_dual_arm/install/easy_handeye2_msgs/include/easy_handeye2_msgs/easy_handeye2_msgs/srv/detail/check_starting_pose__traits.hpp
[2.758s] -- Symlinking: /home/rosi/ws_dual_arm/install/easy_handeye2_msgs/include/easy_handeye2_msgs/easy_handeye2_msgs/srv/detail/check_starting_pose__type_support.hpp
[2.771s] -- Symlinking: /home/rosi/ws_dual_arm/install/easy_handeye2_msgs/include/easy_handeye2_msgs/easy_handeye2_msgs/srv/detail/compute_calibration__builder.hpp
[2.784s] -- Symlinking: /home/rosi/ws_dual_arm/install/easy_handeye2_msgs/include/easy_handeye2_msgs/easy_handeye2_msgs/srv/detail/compute_calibration__struct.hpp
[2.797s] -- Symlinking: /home/rosi/ws_dual_arm/install/easy_handeye2_msgs/include/easy_handeye2_msgs/easy_handeye2_msgs/srv/detail/compute_calibration__traits.hpp
[2.811s] -- Symlinking: /home/rosi/ws_dual_arm/install/easy_handeye2_msgs/include/easy_handeye2_msgs/easy_handeye2_msgs/srv/detail/compute_calibration__type_support.hpp
[2.823s] -- Symlinking: /home/rosi/ws_dual_arm/install/easy_handeye2_msgs/include/easy_handeye2_msgs/easy_handeye2_msgs/srv/detail/enumerate_target_poses__builder.hpp
[2.837s] -- Symlinking: /home/rosi/ws_dual_arm/install/easy_handeye2_msgs/include/easy_handeye2_msgs/easy_handeye2_msgs/srv/detail/enumerate_target_poses__struct.hpp
[2.852s] -- Symlinking: /home/rosi/ws_dual_arm/install/easy_handeye2_msgs/include/easy_handeye2_msgs/easy_handeye2_msgs/srv/detail/enumerate_target_poses__traits.hpp
[2.865s] -- Symlinking: /home/rosi/ws_dual_arm/install/easy_handeye2_msgs/include/easy_handeye2_msgs/easy_handeye2_msgs/srv/detail/enumerate_target_poses__type_support.hpp
[2.880s] -- Symlinking: /home/rosi/ws_dual_arm/install/easy_handeye2_msgs/include/easy_handeye2_msgs/easy_handeye2_msgs/srv/detail/execute_plan__builder.hpp
[2.893s] -- Symlinking: /home/rosi/ws_dual_arm/install/easy_handeye2_msgs/include/easy_handeye2_msgs/easy_handeye2_msgs/srv/detail/execute_plan__struct.hpp
[2.905s] -- Symlinking: /home/rosi/ws_dual_arm/install/easy_handeye2_msgs/include/easy_handeye2_msgs/easy_handeye2_msgs/srv/detail/execute_plan__traits.hpp
[2.918s] -- Symlinking: /home/rosi/ws_dual_arm/install/easy_handeye2_msgs/include/easy_handeye2_msgs/easy_handeye2_msgs/srv/detail/execute_plan__type_support.hpp
[2.933s] -- Symlinking: /home/rosi/ws_dual_arm/install/easy_handeye2_msgs/include/easy_handeye2_msgs/easy_handeye2_msgs/srv/detail/list_algorithms__builder.hpp
[2.945s] -- Symlinking: /home/rosi/ws_dual_arm/install/easy_handeye2_msgs/include/easy_handeye2_msgs/easy_handeye2_msgs/srv/detail/list_algorithms__struct.hpp
[2.958s] -- Symlinking: /home/rosi/ws_dual_arm/install/easy_handeye2_msgs/include/easy_handeye2_msgs/easy_handeye2_msgs/srv/detail/list_algorithms__traits.hpp
[2.972s] -- Symlinking: /home/rosi/ws_dual_arm/install/easy_handeye2_msgs/include/easy_handeye2_msgs/easy_handeye2_msgs/srv/detail/list_algorithms__type_support.hpp
[2.985s] -- Symlinking: /home/rosi/ws_dual_arm/install/easy_handeye2_msgs/include/easy_handeye2_msgs/easy_handeye2_msgs/srv/detail/load_samples__builder.hpp
[2.998s] -- Symlinking: /home/rosi/ws_dual_arm/install/easy_handeye2_msgs/include/easy_handeye2_msgs/easy_handeye2_msgs/srv/detail/load_samples__struct.hpp
[3.012s] -- Symlinking: /home/rosi/ws_dual_arm/install/easy_handeye2_msgs/include/easy_handeye2_msgs/easy_handeye2_msgs/srv/detail/load_samples__traits.hpp
[3.024s] -- Symlinking: /home/rosi/ws_dual_arm/install/easy_handeye2_msgs/include/easy_handeye2_msgs/easy_handeye2_msgs/srv/detail/load_samples__type_support.hpp
[3.037s] -- Symlinking: /home/rosi/ws_dual_arm/install/easy_handeye2_msgs/include/easy_handeye2_msgs/easy_handeye2_msgs/srv/detail/plan_to_selected_target_pose__builder.hpp
[3.052s] -- Symlinking: /home/rosi/ws_dual_arm/install/easy_handeye2_msgs/include/easy_handeye2_msgs/easy_handeye2_msgs/srv/detail/plan_to_selected_target_pose__struct.hpp
[3.066s] -- Symlinking: /home/rosi/ws_dual_arm/install/easy_handeye2_msgs/include/easy_handeye2_msgs/easy_handeye2_msgs/srv/detail/plan_to_selected_target_pose__traits.hpp
[3.077s] -- Symlinking: /home/rosi/ws_dual_arm/install/easy_handeye2_msgs/include/easy_handeye2_msgs/easy_handeye2_msgs/srv/detail/plan_to_selected_target_pose__type_support.hpp
[3.089s] -- Symlinking: /home/rosi/ws_dual_arm/install/easy_handeye2_msgs/include/easy_handeye2_msgs/easy_handeye2_msgs/srv/detail/remove_sample__builder.hpp
[3.102s] -- Symlinking: /home/rosi/ws_dual_arm/install/easy_handeye2_msgs/include/easy_handeye2_msgs/easy_handeye2_msgs/srv/detail/remove_sample__struct.hpp
[3.115s] -- Symlinking: /home/rosi/ws_dual_arm/install/easy_handeye2_msgs/include/easy_handeye2_msgs/easy_handeye2_msgs/srv/detail/remove_sample__traits.hpp
[3.128s] -- Symlinking: /home/rosi/ws_dual_arm/install/easy_handeye2_msgs/include/easy_handeye2_msgs/easy_handeye2_msgs/srv/detail/remove_sample__type_support.hpp
[3.142s] -- Symlinking: /home/rosi/ws_dual_arm/install/easy_handeye2_msgs/include/easy_handeye2_msgs/easy_handeye2_msgs/srv/detail/save_calibration__builder.hpp
[3.156s] -- Symlinking: /home/rosi/ws_dual_arm/install/easy_handeye2_msgs/include/easy_handeye2_msgs/easy_handeye2_msgs/srv/detail/save_calibration__struct.hpp
[3.170s] -- Symlinking: /home/rosi/ws_dual_arm/install/easy_handeye2_msgs/include/easy_handeye2_msgs/easy_handeye2_msgs/srv/detail/save_calibration__traits.hpp
[3.184s] -- Symlinking: /home/rosi/ws_dual_arm/install/easy_handeye2_msgs/include/easy_handeye2_msgs/easy_handeye2_msgs/srv/detail/save_calibration__type_support.hpp
[3.197s] -- Symlinking: /home/rosi/ws_dual_arm/install/easy_handeye2_msgs/include/easy_handeye2_msgs/easy_handeye2_msgs/srv/detail/save_samples__builder.hpp
[3.210s] -- Symlinking: /home/rosi/ws_dual_arm/install/easy_handeye2_msgs/include/easy_handeye2_msgs/easy_handeye2_msgs/srv/detail/save_samples__struct.hpp
[3.223s] -- Symlinking: /home/rosi/ws_dual_arm/install/easy_handeye2_msgs/include/easy_handeye2_msgs/easy_handeye2_msgs/srv/detail/save_samples__traits.hpp
[3.236s] -- Symlinking: /home/rosi/ws_dual_arm/install/easy_handeye2_msgs/include/easy_handeye2_msgs/easy_handeye2_msgs/srv/detail/save_samples__type_support.hpp
[3.249s] -- Symlinking: /home/rosi/ws_dual_arm/install/easy_handeye2_msgs/include/easy_handeye2_msgs/easy_handeye2_msgs/srv/detail/select_target_pose__builder.hpp
[3.262s] -- Symlinking: /home/rosi/ws_dual_arm/install/easy_handeye2_msgs/include/easy_handeye2_msgs/easy_handeye2_msgs/srv/detail/select_target_pose__struct.hpp
[3.273s] -- Symlinking: /home/rosi/ws_dual_arm/install/easy_handeye2_msgs/include/easy_handeye2_msgs/easy_handeye2_msgs/srv/detail/select_target_pose__traits.hpp
[3.283s] -- Symlinking: /home/rosi/ws_dual_arm/install/easy_handeye2_msgs/include/easy_handeye2_msgs/easy_handeye2_msgs/srv/detail/select_target_pose__type_support.hpp
[3.294s] -- Symlinking: /home/rosi/ws_dual_arm/install/easy_handeye2_msgs/include/easy_handeye2_msgs/easy_handeye2_msgs/srv/detail/set_algorithm__builder.hpp
[3.303s] -- Symlinking: /home/rosi/ws_dual_arm/install/easy_handeye2_msgs/include/easy_handeye2_msgs/easy_handeye2_msgs/srv/detail/set_algorithm__struct.hpp
[3.313s] -- Symlinking: /home/rosi/ws_dual_arm/install/easy_handeye2_msgs/include/easy_handeye2_msgs/easy_handeye2_msgs/srv/detail/set_algorithm__traits.hpp
[3.324s] -- Symlinking: /home/rosi/ws_dual_arm/install/easy_handeye2_msgs/include/easy_handeye2_msgs/easy_handeye2_msgs/srv/detail/set_algorithm__type_support.hpp
[3.334s] -- Symlinking: /home/rosi/ws_dual_arm/install/easy_handeye2_msgs/include/easy_handeye2_msgs/easy_handeye2_msgs/srv/detail/take_sample__builder.hpp
[3.346s] -- Symlinking: /home/rosi/ws_dual_arm/install/easy_handeye2_msgs/include/easy_handeye2_msgs/easy_handeye2_msgs/srv/detail/take_sample__struct.hpp
[3.355s] -- Symlinking: /home/rosi/ws_dual_arm/install/easy_handeye2_msgs/include/easy_handeye2_msgs/easy_handeye2_msgs/srv/detail/take_sample__traits.hpp
[3.365s] -- Symlinking: /home/rosi/ws_dual_arm/install/easy_handeye2_msgs/include/easy_handeye2_msgs/easy_handeye2_msgs/srv/detail/take_sample__type_support.hpp
[3.375s] -- Symlinking: /home/rosi/ws_dual_arm/install/easy_handeye2_msgs/include/easy_handeye2_msgs/easy_handeye2_msgs/srv/enumerate_target_poses.hpp
[3.384s] -- Symlinking: /home/rosi/ws_dual_arm/install/easy_handeye2_msgs/include/easy_handeye2_msgs/easy_handeye2_msgs/srv/execute_plan.hpp
[3.394s] -- Symlinking: /home/rosi/ws_dual_arm/install/easy_handeye2_msgs/include/easy_handeye2_msgs/easy_handeye2_msgs/srv/list_algorithms.hpp
[3.404s] -- Symlinking: /home/rosi/ws_dual_arm/install/easy_handeye2_msgs/include/easy_handeye2_msgs/easy_handeye2_msgs/srv/load_samples.hpp
[3.414s] -- Symlinking: /home/rosi/ws_dual_arm/install/easy_handeye2_msgs/include/easy_handeye2_msgs/easy_handeye2_msgs/srv/plan_to_selected_target_pose.hpp
[3.424s] -- Symlinking: /home/rosi/ws_dual_arm/install/easy_handeye2_msgs/include/easy_handeye2_msgs/easy_handeye2_msgs/srv/remove_sample.hpp
[3.435s] -- Symlinking: /home/rosi/ws_dual_arm/install/easy_handeye2_msgs/include/easy_handeye2_msgs/easy_handeye2_msgs/srv/save_calibration.hpp
[3.446s] -- Symlinking: /home/rosi/ws_dual_arm/install/easy_handeye2_msgs/include/easy_handeye2_msgs/easy_handeye2_msgs/srv/save_samples.hpp
[3.456s] -- Symlinking: /home/rosi/ws_dual_arm/install/easy_handeye2_msgs/include/easy_handeye2_msgs/easy_handeye2_msgs/srv/select_target_pose.hpp
[3.466s] -- Symlinking: /home/rosi/ws_dual_arm/install/easy_handeye2_msgs/include/easy_handeye2_msgs/easy_handeye2_msgs/srv/set_algorithm.hpp
[3.476s] -- Symlinking: /home/rosi/ws_dual_arm/install/easy_handeye2_msgs/include/easy_handeye2_msgs/easy_handeye2_msgs/srv/take_sample.hpp
[3.488s] -- Symlinking: /home/rosi/ws_dual_arm/install/easy_handeye2_msgs/include/easy_handeye2_msgs/easy_handeye2_msgs/msg/detail/handeye_calibration__rosidl_typesupport_fastrtps_cpp.hpp
[3.501s] -- Symlinking: /home/rosi/ws_dual_arm/install/easy_handeye2_msgs/include/easy_handeye2_msgs/easy_handeye2_msgs/msg/detail/handeye_calibration_parameters__rosidl_typesupport_fastrtps_cpp.hpp
[3.513s] -- Symlinking: /home/rosi/ws_dual_arm/install/easy_handeye2_msgs/include/easy_handeye2_msgs/easy_handeye2_msgs/msg/detail/sample__rosidl_typesupport_fastrtps_cpp.hpp
[3.526s] -- Symlinking: /home/rosi/ws_dual_arm/install/easy_handeye2_msgs/include/easy_handeye2_msgs/easy_handeye2_msgs/msg/detail/sample_list__rosidl_typesupport_fastrtps_cpp.hpp
[3.538s] -- Symlinking: /home/rosi/ws_dual_arm/install/easy_handeye2_msgs/include/easy_handeye2_msgs/easy_handeye2_msgs/msg/detail/target_pose_list__rosidl_typesupport_fastrtps_cpp.hpp
[3.553s] -- Symlinking: /home/rosi/ws_dual_arm/install/easy_handeye2_msgs/include/easy_handeye2_msgs/easy_handeye2_msgs/msg/rosidl_typesupport_fastrtps_cpp__visibility_control.h
[3.567s] -- Symlinking: /home/rosi/ws_dual_arm/install/easy_handeye2_msgs/include/easy_handeye2_msgs/easy_handeye2_msgs/srv/detail/check_starting_pose__rosidl_typesupport_fastrtps_cpp.hpp
[3.580s] -- Symlinking: /home/rosi/ws_dual_arm/install/easy_handeye2_msgs/include/easy_handeye2_msgs/easy_handeye2_msgs/srv/detail/compute_calibration__rosidl_typesupport_fastrtps_cpp.hpp
[3.592s] -- Symlinking: /home/rosi/ws_dual_arm/install/easy_handeye2_msgs/include/easy_handeye2_msgs/easy_handeye2_msgs/srv/detail/enumerate_target_poses__rosidl_typesupport_fastrtps_cpp.hpp
[3.606s] -- Symlinking: /home/rosi/ws_dual_arm/install/easy_handeye2_msgs/include/easy_handeye2_msgs/easy_handeye2_msgs/srv/detail/execute_plan__rosidl_typesupport_fastrtps_cpp.hpp
[3.619s] -- Symlinking: /home/rosi/ws_dual_arm/install/easy_handeye2_msgs/include/easy_handeye2_msgs/easy_handeye2_msgs/srv/detail/list_algorithms__rosidl_typesupport_fastrtps_cpp.hpp
[3.632s] -- Symlinking: /home/rosi/ws_dual_arm/install/easy_handeye2_msgs/include/easy_handeye2_msgs/easy_handeye2_msgs/srv/detail/load_samples__rosidl_typesupport_fastrtps_cpp.hpp
[3.647s] -- Symlinking: /home/rosi/ws_dual_arm/install/easy_handeye2_msgs/include/easy_handeye2_msgs/easy_handeye2_msgs/srv/detail/plan_to_selected_target_pose__rosidl_typesupport_fastrtps_cpp.hpp
[3.659s] -- Symlinking: /home/rosi/ws_dual_arm/install/easy_handeye2_msgs/include/easy_handeye2_msgs/easy_handeye2_msgs/srv/detail/remove_sample__rosidl_typesupport_fastrtps_cpp.hpp
[3.672s] -- Symlinking: /home/rosi/ws_dual_arm/install/easy_handeye2_msgs/include/easy_handeye2_msgs/easy_handeye2_msgs/srv/detail/save_calibration__rosidl_typesupport_fastrtps_cpp.hpp
[3.685s] -- Symlinking: /home/rosi/ws_dual_arm/install/easy_handeye2_msgs/include/easy_handeye2_msgs/easy_handeye2_msgs/srv/detail/save_samples__rosidl_typesupport_fastrtps_cpp.hpp
[3.699s] -- Symlinking: /home/rosi/ws_dual_arm/install/easy_handeye2_msgs/include/easy_handeye2_msgs/easy_handeye2_msgs/srv/detail/select_target_pose__rosidl_typesupport_fastrtps_cpp.hpp
[3.711s] -- Symlinking: /home/rosi/ws_dual_arm/install/easy_handeye2_msgs/include/easy_handeye2_msgs/easy_handeye2_msgs/srv/detail/set_algorithm__rosidl_typesupport_fastrtps_cpp.hpp
[3.724s] -- Symlinking: /home/rosi/ws_dual_arm/install/easy_handeye2_msgs/include/easy_handeye2_msgs/easy_handeye2_msgs/srv/detail/take_sample__rosidl_typesupport_fastrtps_cpp.hpp
[3.737s] -- Symlinking: /home/rosi/ws_dual_arm/install/easy_handeye2_msgs/include/easy_handeye2_msgs/easy_handeye2_msgs/msg/detail/handeye_calibration__rosidl_typesupport_introspection_cpp.hpp
[3.750s] -- Symlinking: /home/rosi/ws_dual_arm/install/easy_handeye2_msgs/include/easy_handeye2_msgs/easy_handeye2_msgs/msg/detail/handeye_calibration_parameters__rosidl_typesupport_introspection_cpp.hpp
[3.761s] -- Symlinking: /home/rosi/ws_dual_arm/install/easy_handeye2_msgs/include/easy_handeye2_msgs/easy_handeye2_msgs/msg/detail/sample__rosidl_typesupport_introspection_cpp.hpp
[3.772s] -- Symlinking: /home/rosi/ws_dual_arm/install/easy_handeye2_msgs/include/easy_handeye2_msgs/easy_handeye2_msgs/msg/detail/sample_list__rosidl_typesupport_introspection_cpp.hpp
[3.787s] -- Symlinking: /home/rosi/ws_dual_arm/install/easy_handeye2_msgs/include/easy_handeye2_msgs/easy_handeye2_msgs/msg/detail/target_pose_list__rosidl_typesupport_introspection_cpp.hpp
[3.800s] -- Symlinking: /home/rosi/ws_dual_arm/install/easy_handeye2_msgs/include/easy_handeye2_msgs/easy_handeye2_msgs/srv/detail/check_starting_pose__rosidl_typesupport_introspection_cpp.hpp
[3.812s] -- Symlinking: /home/rosi/ws_dual_arm/install/easy_handeye2_msgs/include/easy_handeye2_msgs/easy_handeye2_msgs/srv/detail/compute_calibration__rosidl_typesupport_introspection_cpp.hpp
[3.827s] -- Symlinking: /home/rosi/ws_dual_arm/install/easy_handeye2_msgs/include/easy_handeye2_msgs/easy_handeye2_msgs/srv/detail/enumerate_target_poses__rosidl_typesupport_introspection_cpp.hpp
[3.840s] -- Symlinking: /home/rosi/ws_dual_arm/install/easy_handeye2_msgs/include/easy_handeye2_msgs/easy_handeye2_msgs/srv/detail/execute_plan__rosidl_typesupport_introspection_cpp.hpp
[3.852s] -- Symlinking: /home/rosi/ws_dual_arm/install/easy_handeye2_msgs/include/easy_handeye2_msgs/easy_handeye2_msgs/srv/detail/list_algorithms__rosidl_typesupport_introspection_cpp.hpp
[3.866s] -- Symlinking: /home/rosi/ws_dual_arm/install/easy_handeye2_msgs/include/easy_handeye2_msgs/easy_handeye2_msgs/srv/detail/load_samples__rosidl_typesupport_introspection_cpp.hpp
[3.882s] -- Symlinking: /home/rosi/ws_dual_arm/install/easy_handeye2_msgs/include/easy_handeye2_msgs/easy_handeye2_msgs/srv/detail/plan_to_selected_target_pose__rosidl_typesupport_introspection_cpp.hpp
[3.894s] -- Symlinking: /home/rosi/ws_dual_arm/install/easy_handeye2_msgs/include/easy_handeye2_msgs/easy_handeye2_msgs/srv/detail/remove_sample__rosidl_typesupport_introspection_cpp.hpp
[3.907s] -- Symlinking: /home/rosi/ws_dual_arm/install/easy_handeye2_msgs/include/easy_handeye2_msgs/easy_handeye2_msgs/srv/detail/save_calibration__rosidl_typesupport_introspection_cpp.hpp
[3.919s] -- Symlinking: /home/rosi/ws_dual_arm/install/easy_handeye2_msgs/include/easy_handeye2_msgs/easy_handeye2_msgs/srv/detail/save_samples__rosidl_typesupport_introspection_cpp.hpp
[3.932s] -- Symlinking: /home/rosi/ws_dual_arm/install/easy_handeye2_msgs/include/easy_handeye2_msgs/easy_handeye2_msgs/srv/detail/select_target_pose__rosidl_typesupport_introspection_cpp.hpp
[3.947s] -- Symlinking: /home/rosi/ws_dual_arm/install/easy_handeye2_msgs/include/easy_handeye2_msgs/easy_handeye2_msgs/srv/detail/set_algorithm__rosidl_typesupport_introspection_cpp.hpp
[3.959s] -- Symlinking: /home/rosi/ws_dual_arm/install/easy_handeye2_msgs/include/easy_handeye2_msgs/easy_handeye2_msgs/srv/detail/take_sample__rosidl_typesupport_introspection_cpp.hpp
[3.972s] -- Symlinking: /home/rosi/ws_dual_arm/install/easy_handeye2_msgs/share/easy_handeye2_msgs/environment/pythonpath.sh
[3.985s] -- Symlinking: /home/rosi/ws_dual_arm/install/easy_handeye2_msgs/share/easy_handeye2_msgs/environment/pythonpath.dsv
[4.000s] -- Symlinking: /home/rosi/ws_dual_arm/install/easy_handeye2_msgs/local/lib/python3.10/dist-packages/easy_handeye2_msgs-0.5.0-py3.10.egg-info/PKG-INFO
[4.014s] -- Symlinking: /home/rosi/ws_dual_arm/install/easy_handeye2_msgs/local/lib/python3.10/dist-packages/easy_handeye2_msgs-0.5.0-py3.10.egg-info/SOURCES.txt
[4.028s] -- Symlinking: /home/rosi/ws_dual_arm/install/easy_handeye2_msgs/local/lib/python3.10/dist-packages/easy_handeye2_msgs-0.5.0-py3.10.egg-info/dependency_links.txt
[4.040s] -- Symlinking: /home/rosi/ws_dual_arm/install/easy_handeye2_msgs/local/lib/python3.10/dist-packages/easy_handeye2_msgs-0.5.0-py3.10.egg-info/top_level.txt
[4.054s] -- Symlinking: /home/rosi/ws_dual_arm/install/easy_handeye2_msgs/local/lib/python3.10/dist-packages/easy_handeye2_msgs/__init__.py
[4.068s] -- Symlinking: /home/rosi/ws_dual_arm/install/easy_handeye2_msgs/local/lib/python3.10/dist-packages/easy_handeye2_msgs/_easy_handeye2_msgs_s.ep.rosidl_typesupport_c.c
[4.081s] -- Symlinking: /home/rosi/ws_dual_arm/install/easy_handeye2_msgs/local/lib/python3.10/dist-packages/easy_handeye2_msgs/_easy_handeye2_msgs_s.ep.rosidl_typesupport_fastrtps_c.c
[4.092s] -- Symlinking: /home/rosi/ws_dual_arm/install/easy_handeye2_msgs/local/lib/python3.10/dist-packages/easy_handeye2_msgs/_easy_handeye2_msgs_s.ep.rosidl_typesupport_introspection_c.c
[4.104s] -- Symlinking: /home/rosi/ws_dual_arm/install/easy_handeye2_msgs/local/lib/python3.10/dist-packages/easy_handeye2_msgs/easy_handeye2_msgs_s__rosidl_typesupport_c.cpython-310-x86_64-linux-gnu.so
[4.118s] -- Symlinking: /home/rosi/ws_dual_arm/install/easy_handeye2_msgs/local/lib/python3.10/dist-packages/easy_handeye2_msgs/easy_handeye2_msgs_s__rosidl_typesupport_fastrtps_c.cpython-310-x86_64-linux-gnu.so
[4.131s] -- Symlinking: /home/rosi/ws_dual_arm/install/easy_handeye2_msgs/local/lib/python3.10/dist-packages/easy_handeye2_msgs/easy_handeye2_msgs_s__rosidl_typesupport_introspection_c.cpython-310-x86_64-linux-gnu.so
[4.144s] -- Symlinking: /home/rosi/ws_dual_arm/install/easy_handeye2_msgs/local/lib/python3.10/dist-packages/easy_handeye2_msgs/libeasy_handeye2_msgs__rosidl_generator_py.so
[4.158s] -- Symlinking: /home/rosi/ws_dual_arm/install/easy_handeye2_msgs/local/lib/python3.10/dist-packages/easy_handeye2_msgs/msg/__init__.py
[4.172s] -- Symlinking: /home/rosi/ws_dual_arm/install/easy_handeye2_msgs/local/lib/python3.10/dist-packages/easy_handeye2_msgs/msg/_handeye_calibration.py
[4.185s] -- Symlinking: /home/rosi/ws_dual_arm/install/easy_handeye2_msgs/local/lib/python3.10/dist-packages/easy_handeye2_msgs/msg/_handeye_calibration_parameters.py
[4.198s] -- Symlinking: /home/rosi/ws_dual_arm/install/easy_handeye2_msgs/local/lib/python3.10/dist-packages/easy_handeye2_msgs/msg/_handeye_calibration_parameters_s.c
[4.211s] -- Symlinking: /home/rosi/ws_dual_arm/install/easy_handeye2_msgs/local/lib/python3.10/dist-packages/easy_handeye2_msgs/msg/_handeye_calibration_s.c
[4.223s] -- Symlinking: /home/rosi/ws_dual_arm/install/easy_handeye2_msgs/local/lib/python3.10/dist-packages/easy_handeye2_msgs/msg/_sample.py
[4.238s] -- Symlinking: /home/rosi/ws_dual_arm/install/easy_handeye2_msgs/local/lib/python3.10/dist-packages/easy_handeye2_msgs/msg/_sample_list.py
[4.250s] -- Symlinking: /home/rosi/ws_dual_arm/install/easy_handeye2_msgs/local/lib/python3.10/dist-packages/easy_handeye2_msgs/msg/_sample_list_s.c
[4.261s] -- Symlinking: /home/rosi/ws_dual_arm/install/easy_handeye2_msgs/local/lib/python3.10/dist-packages/easy_handeye2_msgs/msg/_sample_s.c
[4.271s] -- Symlinking: /home/rosi/ws_dual_arm/install/easy_handeye2_msgs/local/lib/python3.10/dist-packages/easy_handeye2_msgs/msg/_target_pose_list.py
[4.281s] -- Symlinking: /home/rosi/ws_dual_arm/install/easy_handeye2_msgs/local/lib/python3.10/dist-packages/easy_handeye2_msgs/msg/_target_pose_list_s.c
[4.290s] -- Symlinking: /home/rosi/ws_dual_arm/install/easy_handeye2_msgs/local/lib/python3.10/dist-packages/easy_handeye2_msgs/srv/__init__.py
[4.300s] -- Symlinking: /home/rosi/ws_dual_arm/install/easy_handeye2_msgs/local/lib/python3.10/dist-packages/easy_handeye2_msgs/srv/_check_starting_pose.py
[4.309s] -- Symlinking: /home/rosi/ws_dual_arm/install/easy_handeye2_msgs/local/lib/python3.10/dist-packages/easy_handeye2_msgs/srv/_check_starting_pose_s.c
[4.319s] -- Symlinking: /home/rosi/ws_dual_arm/install/easy_handeye2_msgs/local/lib/python3.10/dist-packages/easy_handeye2_msgs/srv/_compute_calibration.py
[4.330s] -- Symlinking: /home/rosi/ws_dual_arm/install/easy_handeye2_msgs/local/lib/python3.10/dist-packages/easy_handeye2_msgs/srv/_compute_calibration_s.c
[4.340s] -- Symlinking: /home/rosi/ws_dual_arm/install/easy_handeye2_msgs/local/lib/python3.10/dist-packages/easy_handeye2_msgs/srv/_enumerate_target_poses.py
[4.350s] -- Symlinking: /home/rosi/ws_dual_arm/install/easy_handeye2_msgs/local/lib/python3.10/dist-packages/easy_handeye2_msgs/srv/_enumerate_target_poses_s.c
[4.359s] -- Symlinking: /home/rosi/ws_dual_arm/install/easy_handeye2_msgs/local/lib/python3.10/dist-packages/easy_handeye2_msgs/srv/_execute_plan.py
[4.369s] -- Symlinking: /home/rosi/ws_dual_arm/install/easy_handeye2_msgs/local/lib/python3.10/dist-packages/easy_handeye2_msgs/srv/_execute_plan_s.c
[4.378s] -- Symlinking: /home/rosi/ws_dual_arm/install/easy_handeye2_msgs/local/lib/python3.10/dist-packages/easy_handeye2_msgs/srv/_list_algorithms.py
[4.388s] -- Symlinking: /home/rosi/ws_dual_arm/install/easy_handeye2_msgs/local/lib/python3.10/dist-packages/easy_handeye2_msgs/srv/_list_algorithms_s.c
[4.398s] -- Symlinking: /home/rosi/ws_dual_arm/install/easy_handeye2_msgs/local/lib/python3.10/dist-packages/easy_handeye2_msgs/srv/_load_samples.py
[4.408s] -- Symlinking: /home/rosi/ws_dual_arm/install/easy_handeye2_msgs/local/lib/python3.10/dist-packages/easy_handeye2_msgs/srv/_load_samples_s.c
[4.417s] -- Symlinking: /home/rosi/ws_dual_arm/install/easy_handeye2_msgs/local/lib/python3.10/dist-packages/easy_handeye2_msgs/srv/_plan_to_selected_target_pose.py
[4.429s] -- Symlinking: /home/rosi/ws_dual_arm/install/easy_handeye2_msgs/local/lib/python3.10/dist-packages/easy_handeye2_msgs/srv/_plan_to_selected_target_pose_s.c
[4.439s] -- Symlinking: /home/rosi/ws_dual_arm/install/easy_handeye2_msgs/local/lib/python3.10/dist-packages/easy_handeye2_msgs/srv/_remove_sample.py
[4.451s] -- Symlinking: /home/rosi/ws_dual_arm/install/easy_handeye2_msgs/local/lib/python3.10/dist-packages/easy_handeye2_msgs/srv/_remove_sample_s.c
[4.462s] -- Symlinking: /home/rosi/ws_dual_arm/install/easy_handeye2_msgs/local/lib/python3.10/dist-packages/easy_handeye2_msgs/srv/_save_calibration.py
[4.472s] -- Symlinking: /home/rosi/ws_dual_arm/install/easy_handeye2_msgs/local/lib/python3.10/dist-packages/easy_handeye2_msgs/srv/_save_calibration_s.c
[4.484s] -- Symlinking: /home/rosi/ws_dual_arm/install/easy_handeye2_msgs/local/lib/python3.10/dist-packages/easy_handeye2_msgs/srv/_save_samples.py
[4.498s] -- Symlinking: /home/rosi/ws_dual_arm/install/easy_handeye2_msgs/local/lib/python3.10/dist-packages/easy_handeye2_msgs/srv/_save_samples_s.c
[4.513s] -- Symlinking: /home/rosi/ws_dual_arm/install/easy_handeye2_msgs/local/lib/python3.10/dist-packages/easy_handeye2_msgs/srv/_select_target_pose.py
[4.527s] -- Symlinking: /home/rosi/ws_dual_arm/install/easy_handeye2_msgs/local/lib/python3.10/dist-packages/easy_handeye2_msgs/srv/_select_target_pose_s.c
[4.541s] -- Symlinking: /home/rosi/ws_dual_arm/install/easy_handeye2_msgs/local/lib/python3.10/dist-packages/easy_handeye2_msgs/srv/_set_algorithm.py
[4.554s] -- Symlinking: /home/rosi/ws_dual_arm/install/easy_handeye2_msgs/local/lib/python3.10/dist-packages/easy_handeye2_msgs/srv/_set_algorithm_s.c
[4.567s] -- Symlinking: /home/rosi/ws_dual_arm/install/easy_handeye2_msgs/local/lib/python3.10/dist-packages/easy_handeye2_msgs/srv/_take_sample.py
[4.580s] -- Symlinking: /home/rosi/ws_dual_arm/install/easy_handeye2_msgs/local/lib/python3.10/dist-packages/easy_handeye2_msgs/srv/_take_sample_s.c
[4.595s] -- Up-to-date symlink: /home/rosi/ws_dual_arm/install/easy_handeye2_msgs/local/lib/python3.10/dist-packages/easy_handeye2_msgs/easy_handeye2_msgs_s__rosidl_typesupport_fastrtps_c.cpython-310-x86_64-linux-gnu.so
[4.596s] -- Up-to-date symlink: /home/rosi/ws_dual_arm/install/easy_handeye2_msgs/local/lib/python3.10/dist-packages/easy_handeye2_msgs/easy_handeye2_msgs_s__rosidl_typesupport_introspection_c.cpython-310-x86_64-linux-gnu.so
[4.596s] -- Up-to-date symlink: /home/rosi/ws_dual_arm/install/easy_handeye2_msgs/local/lib/python3.10/dist-packages/easy_handeye2_msgs/easy_handeye2_msgs_s__rosidl_typesupport_c.cpython-310-x86_64-linux-gnu.so
[4.597s] -- Symlinking: /home/rosi/ws_dual_arm/install/easy_handeye2_msgs/share/ament_index/resource_index/rust_packages/easy_handeye2_msgs
[4.611s] -- Symlinking: /home/rosi/ws_dual_arm/install/easy_handeye2_msgs/share/easy_handeye2_msgs/rust/Cargo.toml
[4.623s] -- Symlinking: /home/rosi/ws_dual_arm/install/easy_handeye2_msgs/share/easy_handeye2_msgs/rust/build.rs
[4.636s] -- Symlinking: /home/rosi/ws_dual_arm/install/easy_handeye2_msgs/share/easy_handeye2_msgs/rust/src/lib.rs
[4.649s] -- Symlinking: /home/rosi/ws_dual_arm/install/easy_handeye2_msgs/share/easy_handeye2_msgs/rust/src/msg.rs
[4.664s] -- Symlinking: /home/rosi/ws_dual_arm/install/easy_handeye2_msgs/share/easy_handeye2_msgs/rust/src/msg/rmw.rs
[4.678s] -- Symlinking: /home/rosi/ws_dual_arm/install/easy_handeye2_msgs/share/easy_handeye2_msgs/rust/src/srv.rs
[4.691s] -- Symlinking: /home/rosi/ws_dual_arm/install/easy_handeye2_msgs/share/easy_handeye2_msgs/rust/src/srv/rmw.rs
[4.704s] -- Symlinking: /home/rosi/ws_dual_arm/install/easy_handeye2_msgs/share/easy_handeye2_msgs/msg/HandeyeCalibration.idl
[4.717s] -- Symlinking: /home/rosi/ws_dual_arm/install/easy_handeye2_msgs/share/easy_handeye2_msgs/msg/HandeyeCalibrationParameters.idl
[4.731s] -- Symlinking: /home/rosi/ws_dual_arm/install/easy_handeye2_msgs/share/easy_handeye2_msgs/msg/Sample.idl
[4.745s] -- Symlinking: /home/rosi/ws_dual_arm/install/easy_handeye2_msgs/share/easy_handeye2_msgs/msg/SampleList.idl
[4.759s] -- Symlinking: /home/rosi/ws_dual_arm/install/easy_handeye2_msgs/share/easy_handeye2_msgs/msg/TargetPoseList.idl
[4.773s] -- Symlinking: /home/rosi/ws_dual_arm/install/easy_handeye2_msgs/share/easy_handeye2_msgs/srv/ListAlgorithms.idl
[4.826s] -- Symlinking: /home/rosi/ws_dual_arm/install/easy_handeye2_msgs/share/easy_handeye2_msgs/srv/SetAlgorithm.idl
[4.841s] -- Symlinking: /home/rosi/ws_dual_arm/install/easy_handeye2_msgs/share/easy_handeye2_msgs/srv/ComputeCalibration.idl
[4.854s] -- Symlinking: /home/rosi/ws_dual_arm/install/easy_handeye2_msgs/share/easy_handeye2_msgs/srv/SaveCalibration.idl
[4.869s] -- Symlinking: /home/rosi/ws_dual_arm/install/easy_handeye2_msgs/share/easy_handeye2_msgs/srv/RemoveSample.idl
[4.884s] -- Symlinking: /home/rosi/ws_dual_arm/install/easy_handeye2_msgs/share/easy_handeye2_msgs/srv/TakeSample.idl
[4.898s] -- Symlinking: /home/rosi/ws_dual_arm/install/easy_handeye2_msgs/share/easy_handeye2_msgs/srv/SaveSamples.idl
[4.912s] -- Symlinking: /home/rosi/ws_dual_arm/install/easy_handeye2_msgs/share/easy_handeye2_msgs/srv/LoadSamples.idl
[4.924s] -- Symlinking: /home/rosi/ws_dual_arm/install/easy_handeye2_msgs/share/easy_handeye2_msgs/srv/CheckStartingPose.idl
[4.938s] -- Symlinking: /home/rosi/ws_dual_arm/install/easy_handeye2_msgs/share/easy_handeye2_msgs/srv/EnumerateTargetPoses.idl
[4.951s] -- Symlinking: /home/rosi/ws_dual_arm/install/easy_handeye2_msgs/share/easy_handeye2_msgs/srv/SelectTargetPose.idl
[4.966s] -- Symlinking: /home/rosi/ws_dual_arm/install/easy_handeye2_msgs/share/easy_handeye2_msgs/srv/PlanToSelectedTargetPose.idl
[4.979s] -- Symlinking: /home/rosi/ws_dual_arm/install/easy_handeye2_msgs/share/easy_handeye2_msgs/srv/ExecutePlan.idl
[4.992s] -- Symlinking: /home/rosi/ws_dual_arm/install/easy_handeye2_msgs/share/easy_handeye2_msgs/msg/HandeyeCalibration.msg
[5.005s] -- Symlinking: /home/rosi/ws_dual_arm/install/easy_handeye2_msgs/share/easy_handeye2_msgs/msg/HandeyeCalibrationParameters.msg
[5.018s] -- Symlinking: /home/rosi/ws_dual_arm/install/easy_handeye2_msgs/share/easy_handeye2_msgs/msg/Sample.msg
[5.032s] -- Symlinking: /home/rosi/ws_dual_arm/install/easy_handeye2_msgs/share/easy_handeye2_msgs/msg/SampleList.msg
[5.046s] -- Symlinking: /home/rosi/ws_dual_arm/install/easy_handeye2_msgs/share/easy_handeye2_msgs/msg/TargetPoseList.msg
[5.061s] -- Symlinking: /home/rosi/ws_dual_arm/install/easy_handeye2_msgs/share/easy_handeye2_msgs/calibration/ListAlgorithms.srv
[5.074s] -- Symlinking: /home/rosi/ws_dual_arm/install/easy_handeye2_msgs/share/easy_handeye2_msgs/calibration/ListAlgorithms_Request.msg
[5.087s] -- Symlinking: /home/rosi/ws_dual_arm/install/easy_handeye2_msgs/share/easy_handeye2_msgs/calibration/ListAlgorithms_Response.msg
[5.100s] -- Symlinking: /home/rosi/ws_dual_arm/install/easy_handeye2_msgs/share/easy_handeye2_msgs/calibration/SetAlgorithm.srv
[5.114s] -- Symlinking: /home/rosi/ws_dual_arm/install/easy_handeye2_msgs/share/easy_handeye2_msgs/calibration/SetAlgorithm_Request.msg
[5.127s] -- Symlinking: /home/rosi/ws_dual_arm/install/easy_handeye2_msgs/share/easy_handeye2_msgs/calibration/SetAlgorithm_Response.msg
[5.140s] -- Symlinking: /home/rosi/ws_dual_arm/install/easy_handeye2_msgs/share/easy_handeye2_msgs/calibration/ComputeCalibration.srv
[5.154s] -- Symlinking: /home/rosi/ws_dual_arm/install/easy_handeye2_msgs/share/easy_handeye2_msgs/calibration/ComputeCalibration_Request.msg
[5.167s] -- Symlinking: /home/rosi/ws_dual_arm/install/easy_handeye2_msgs/share/easy_handeye2_msgs/calibration/ComputeCalibration_Response.msg
[5.180s] -- Symlinking: /home/rosi/ws_dual_arm/install/easy_handeye2_msgs/share/easy_handeye2_msgs/calibration/SaveCalibration.srv
[5.191s] -- Symlinking: /home/rosi/ws_dual_arm/install/easy_handeye2_msgs/share/easy_handeye2_msgs/calibration/SaveCalibration_Request.msg
[5.206s] -- Symlinking: /home/rosi/ws_dual_arm/install/easy_handeye2_msgs/share/easy_handeye2_msgs/calibration/SaveCalibration_Response.msg
[5.219s] -- Symlinking: /home/rosi/ws_dual_arm/install/easy_handeye2_msgs/share/easy_handeye2_msgs/calibration/RemoveSample.srv
[5.232s] -- Symlinking: /home/rosi/ws_dual_arm/install/easy_handeye2_msgs/share/easy_handeye2_msgs/calibration/RemoveSample_Request.msg
[5.245s] -- Symlinking: /home/rosi/ws_dual_arm/install/easy_handeye2_msgs/share/easy_handeye2_msgs/calibration/RemoveSample_Response.msg
[5.257s] -- Symlinking: /home/rosi/ws_dual_arm/install/easy_handeye2_msgs/share/easy_handeye2_msgs/calibration/TakeSample.srv
[5.268s] -- Symlinking: /home/rosi/ws_dual_arm/install/easy_handeye2_msgs/share/easy_handeye2_msgs/calibration/TakeSample_Request.msg
[5.278s] -- Symlinking: /home/rosi/ws_dual_arm/install/easy_handeye2_msgs/share/easy_handeye2_msgs/calibration/TakeSample_Response.msg
[5.288s] -- Symlinking: /home/rosi/ws_dual_arm/install/easy_handeye2_msgs/share/easy_handeye2_msgs/calibration/SaveSamples.srv
[5.299s] -- Symlinking: /home/rosi/ws_dual_arm/install/easy_handeye2_msgs/share/easy_handeye2_msgs/calibration/SaveSamples_Request.msg
[5.309s] -- Symlinking: /home/rosi/ws_dual_arm/install/easy_handeye2_msgs/share/easy_handeye2_msgs/calibration/SaveSamples_Response.msg
[5.319s] -- Symlinking: /home/rosi/ws_dual_arm/install/easy_handeye2_msgs/share/easy_handeye2_msgs/calibration/LoadSamples.srv
[5.329s] -- Symlinking: /home/rosi/ws_dual_arm/install/easy_handeye2_msgs/share/easy_handeye2_msgs/calibration/LoadSamples_Request.msg
[5.339s] -- Symlinking: /home/rosi/ws_dual_arm/install/easy_handeye2_msgs/share/easy_handeye2_msgs/calibration/LoadSamples_Response.msg
[5.350s] -- Symlinking: /home/rosi/ws_dual_arm/install/easy_handeye2_msgs/share/easy_handeye2_msgs/robot_movements/CheckStartingPose.srv
[5.359s] -- Symlinking: /home/rosi/ws_dual_arm/install/easy_handeye2_msgs/share/easy_handeye2_msgs/robot_movements/CheckStartingPose_Request.msg
[5.369s] -- Symlinking: /home/rosi/ws_dual_arm/install/easy_handeye2_msgs/share/easy_handeye2_msgs/robot_movements/CheckStartingPose_Response.msg
[5.379s] -- Symlinking: /home/rosi/ws_dual_arm/install/easy_handeye2_msgs/share/easy_handeye2_msgs/robot_movements/EnumerateTargetPoses.srv
[5.389s] -- Symlinking: /home/rosi/ws_dual_arm/install/easy_handeye2_msgs/share/easy_handeye2_msgs/robot_movements/EnumerateTargetPoses_Request.msg
[5.400s] -- Symlinking: /home/rosi/ws_dual_arm/install/easy_handeye2_msgs/share/easy_handeye2_msgs/robot_movements/EnumerateTargetPoses_Response.msg
[5.409s] -- Symlinking: /home/rosi/ws_dual_arm/install/easy_handeye2_msgs/share/easy_handeye2_msgs/robot_movements/SelectTargetPose.srv
[5.418s] -- Symlinking: /home/rosi/ws_dual_arm/install/easy_handeye2_msgs/share/easy_handeye2_msgs/robot_movements/SelectTargetPose_Request.msg
[5.429s] -- Symlinking: /home/rosi/ws_dual_arm/install/easy_handeye2_msgs/share/easy_handeye2_msgs/robot_movements/SelectTargetPose_Response.msg
[5.440s] -- Symlinking: /home/rosi/ws_dual_arm/install/easy_handeye2_msgs/share/easy_handeye2_msgs/robot_movements/PlanToSelectedTargetPose.srv
[5.451s] -- Symlinking: /home/rosi/ws_dual_arm/install/easy_handeye2_msgs/share/easy_handeye2_msgs/robot_movements/PlanToSelectedTargetPose_Request.msg
[5.461s] -- Symlinking: /home/rosi/ws_dual_arm/install/easy_handeye2_msgs/share/easy_handeye2_msgs/robot_movements/PlanToSelectedTargetPose_Response.msg
[5.472s] -- Symlinking: /home/rosi/ws_dual_arm/install/easy_handeye2_msgs/share/easy_handeye2_msgs/robot_movements/ExecutePlan.srv
[5.483s] -- Symlinking: /home/rosi/ws_dual_arm/install/easy_handeye2_msgs/share/easy_handeye2_msgs/robot_movements/ExecutePlan_Request.msg
[5.495s] -- Symlinking: /home/rosi/ws_dual_arm/install/easy_handeye2_msgs/share/easy_handeye2_msgs/robot_movements/ExecutePlan_Response.msg
[5.508s] -- Symlinking: /home/rosi/ws_dual_arm/install/easy_handeye2_msgs/share/ament_index/resource_index/package_run_dependencies/easy_handeye2_msgs
[5.522s] -- Symlinking: /home/rosi/ws_dual_arm/install/easy_handeye2_msgs/share/ament_index/resource_index/parent_prefix_path/easy_handeye2_msgs
[5.537s] -- Symlinking: /home/rosi/ws_dual_arm/install/easy_handeye2_msgs/share/easy_handeye2_msgs/environment/ament_prefix_path.sh
[5.551s] -- Symlinking: /home/rosi/ws_dual_arm/install/easy_handeye2_msgs/share/easy_handeye2_msgs/environment/ament_prefix_path.dsv
[5.564s] -- Symlinking: /home/rosi/ws_dual_arm/install/easy_handeye2_msgs/share/easy_handeye2_msgs/environment/path.sh
[5.578s] -- Symlinking: /home/rosi/ws_dual_arm/install/easy_handeye2_msgs/share/easy_handeye2_msgs/environment/path.dsv
[5.592s] -- Symlinking: /home/rosi/ws_dual_arm/install/easy_handeye2_msgs/share/easy_handeye2_msgs/local_setup.bash
[5.604s] -- Symlinking: /home/rosi/ws_dual_arm/install/easy_handeye2_msgs/share/easy_handeye2_msgs/local_setup.sh
[5.617s] -- Symlinking: /home/rosi/ws_dual_arm/install/easy_handeye2_msgs/share/easy_handeye2_msgs/local_setup.zsh
[5.633s] -- Symlinking: /home/rosi/ws_dual_arm/install/easy_handeye2_msgs/share/easy_handeye2_msgs/local_setup.dsv
[5.645s] -- Symlinking: /home/rosi/ws_dual_arm/install/easy_handeye2_msgs/share/easy_handeye2_msgs/package.dsv
[5.658s] -- Symlinking: /home/rosi/ws_dual_arm/install/easy_handeye2_msgs/share/ament_index/resource_index/packages/easy_handeye2_msgs
[5.672s] -- Symlinking: /home/rosi/ws_dual_arm/install/easy_handeye2_msgs/share/easy_handeye2_msgs/cmake/rosidl_cmake-extras.cmake
[5.685s] -- Symlinking: /home/rosi/ws_dual_arm/install/easy_handeye2_msgs/share/easy_handeye2_msgs/cmake/ament_cmake_export_dependencies-extras.cmake
[5.700s] -- Symlinking: /home/rosi/ws_dual_arm/install/easy_handeye2_msgs/share/easy_handeye2_msgs/cmake/ament_cmake_export_include_directories-extras.cmake
[5.714s] -- Symlinking: /home/rosi/ws_dual_arm/install/easy_handeye2_msgs/share/easy_handeye2_msgs/cmake/ament_cmake_export_libraries-extras.cmake
[5.726s] -- Symlinking: /home/rosi/ws_dual_arm/install/easy_handeye2_msgs/share/easy_handeye2_msgs/cmake/ament_cmake_export_targets-extras.cmake
[5.739s] -- Symlinking: /home/rosi/ws_dual_arm/install/easy_handeye2_msgs/share/easy_handeye2_msgs/cmake/rosidl_cmake_export_typesupport_targets-extras.cmake
[5.752s] -- Symlinking: /home/rosi/ws_dual_arm/install/easy_handeye2_msgs/share/easy_handeye2_msgs/cmake/rosidl_cmake_export_typesupport_libraries-extras.cmake
[5.766s] -- Symlinking: /home/rosi/ws_dual_arm/install/easy_handeye2_msgs/share/easy_handeye2_msgs/cmake/easy_handeye2_msgsConfig.cmake
[5.781s] -- Symlinking: /home/rosi/ws_dual_arm/install/easy_handeye2_msgs/share/easy_handeye2_msgs/cmake/easy_handeye2_msgsConfig-version.cmake
[5.793s] -- Symlinking: /home/rosi/ws_dual_arm/install/easy_handeye2_msgs/share/easy_handeye2_msgs/package.xml
[5.806s] -- Installing: /home/rosi/ws_dual_arm/install/easy_handeye2_msgs/lib/libeasy_handeye2_msgs__rosidl_generator_c.so
[5.807s] -- Set runtime path of "/home/rosi/ws_dual_arm/install/easy_handeye2_msgs/lib/libeasy_handeye2_msgs__rosidl_generator_c.so" to ""
[5.807s] -- Installing: /home/rosi/ws_dual_arm/install/easy_handeye2_msgs/lib/libeasy_handeye2_msgs__rosidl_typesupport_fastrtps_c.so
[5.808s] -- Set runtime path of "/home/rosi/ws_dual_arm/install/easy_handeye2_msgs/lib/libeasy_handeye2_msgs__rosidl_typesupport_fastrtps_c.so" to ""
[5.808s] -- Installing: /home/rosi/ws_dual_arm/install/easy_handeye2_msgs/lib/libeasy_handeye2_msgs__rosidl_typesupport_introspection_c.so
[5.808s] -- Set runtime path of "/home/rosi/ws_dual_arm/install/easy_handeye2_msgs/lib/libeasy_handeye2_msgs__rosidl_typesupport_introspection_c.so" to ""
[5.808s] -- Installing: /home/rosi/ws_dual_arm/install/easy_handeye2_msgs/lib/libeasy_handeye2_msgs__rosidl_typesupport_c.so
[5.809s] -- Set runtime path of "/home/rosi/ws_dual_arm/install/easy_handeye2_msgs/lib/libeasy_handeye2_msgs__rosidl_typesupport_c.so" to ""
[5.809s] -- Installing: /home/rosi/ws_dual_arm/install/easy_handeye2_msgs/lib/libeasy_handeye2_msgs__rosidl_typesupport_fastrtps_cpp.so
[5.809s] -- Set runtime path of "/home/rosi/ws_dual_arm/install/easy_handeye2_msgs/lib/libeasy_handeye2_msgs__rosidl_typesupport_fastrtps_cpp.so" to ""
[5.809s] -- Installing: /home/rosi/ws_dual_arm/install/easy_handeye2_msgs/lib/libeasy_handeye2_msgs__rosidl_typesupport_introspection_cpp.so
[5.810s] -- Set runtime path of "/home/rosi/ws_dual_arm/install/easy_handeye2_msgs/lib/libeasy_handeye2_msgs__rosidl_typesupport_introspection_cpp.so" to ""
[5.810s] -- Installing: /home/rosi/ws_dual_arm/install/easy_handeye2_msgs/lib/libeasy_handeye2_msgs__rosidl_typesupport_cpp.so
[5.811s] -- Set runtime path of "/home/rosi/ws_dual_arm/install/easy_handeye2_msgs/lib/libeasy_handeye2_msgs__rosidl_typesupport_cpp.so" to ""
[5.892s] Listing '/home/rosi/ws_dual_arm/install/easy_handeye2_msgs/local/lib/python3.10/dist-packages/easy_handeye2_msgs'...
[5.892s] Compiling '/home/rosi/ws_dual_arm/install/easy_handeye2_msgs/local/lib/python3.10/dist-packages/easy_handeye2_msgs/__init__.py'...
[5.892s] Listing '/home/rosi/ws_dual_arm/install/easy_handeye2_msgs/local/lib/python3.10/dist-packages/easy_handeye2_msgs/msg'...
[5.892s] Compiling '/home/rosi/ws_dual_arm/install/easy_handeye2_msgs/local/lib/python3.10/dist-packages/easy_handeye2_msgs/msg/__init__.py'...
[5.892s] Compiling '/home/rosi/ws_dual_arm/install/easy_handeye2_msgs/local/lib/python3.10/dist-packages/easy_handeye2_msgs/msg/_handeye_calibration.py'...
[5.892s] Compiling '/home/rosi/ws_dual_arm/install/easy_handeye2_msgs/local/lib/python3.10/dist-packages/easy_handeye2_msgs/msg/_handeye_calibration_parameters.py'...
[5.892s] Compiling '/home/rosi/ws_dual_arm/install/easy_handeye2_msgs/local/lib/python3.10/dist-packages/easy_handeye2_msgs/msg/_sample.py'...
[5.892s] Compiling '/home/rosi/ws_dual_arm/install/easy_handeye2_msgs/local/lib/python3.10/dist-packages/easy_handeye2_msgs/msg/_sample_list.py'...
[5.892s] Compiling '/home/rosi/ws_dual_arm/install/easy_handeye2_msgs/local/lib/python3.10/dist-packages/easy_handeye2_msgs/msg/_target_pose_list.py'...
[5.892s] Listing '/home/rosi/ws_dual_arm/install/easy_handeye2_msgs/local/lib/python3.10/dist-packages/easy_handeye2_msgs/srv'...
[5.892s] Compiling '/home/rosi/ws_dual_arm/install/easy_handeye2_msgs/local/lib/python3.10/dist-packages/easy_handeye2_msgs/srv/__init__.py'...
[5.892s] Compiling '/home/rosi/ws_dual_arm/install/easy_handeye2_msgs/local/lib/python3.10/dist-packages/easy_handeye2_msgs/srv/_check_starting_pose.py'...
[5.892s] Compiling '/home/rosi/ws_dual_arm/install/easy_handeye2_msgs/local/lib/python3.10/dist-packages/easy_handeye2_msgs/srv/_compute_calibration.py'...
[5.893s] Compiling '/home/rosi/ws_dual_arm/install/easy_handeye2_msgs/local/lib/python3.10/dist-packages/easy_handeye2_msgs/srv/_enumerate_target_poses.py'...
[5.893s] Compiling '/home/rosi/ws_dual_arm/install/easy_handeye2_msgs/local/lib/python3.10/dist-packages/easy_handeye2_msgs/srv/_execute_plan.py'...
[5.893s] Compiling '/home/rosi/ws_dual_arm/install/easy_handeye2_msgs/local/lib/python3.10/dist-packages/easy_handeye2_msgs/srv/_list_algorithms.py'...
[5.893s] Compiling '/home/rosi/ws_dual_arm/install/easy_handeye2_msgs/local/lib/python3.10/dist-packages/easy_handeye2_msgs/srv/_load_samples.py'...
[5.893s] Compiling '/home/rosi/ws_dual_arm/install/easy_handeye2_msgs/local/lib/python3.10/dist-packages/easy_handeye2_msgs/srv/_plan_to_selected_target_pose.py'...
[5.893s] Compiling '/home/rosi/ws_dual_arm/install/easy_handeye2_msgs/local/lib/python3.10/dist-packages/easy_handeye2_msgs/srv/_remove_sample.py'...
[5.893s] Compiling '/home/rosi/ws_dual_arm/install/easy_handeye2_msgs/local/lib/python3.10/dist-packages/easy_handeye2_msgs/srv/_save_calibration.py'...
[5.893s] Compiling '/home/rosi/ws_dual_arm/install/easy_handeye2_msgs/local/lib/python3.10/dist-packages/easy_handeye2_msgs/srv/_save_samples.py'...
[5.893s] Compiling '/home/rosi/ws_dual_arm/install/easy_handeye2_msgs/local/lib/python3.10/dist-packages/easy_handeye2_msgs/srv/_select_target_pose.py'...
[5.893s] Compiling '/home/rosi/ws_dual_arm/install/easy_handeye2_msgs/local/lib/python3.10/dist-packages/easy_handeye2_msgs/srv/_set_algorithm.py'...
[5.893s] Compiling '/home/rosi/ws_dual_arm/install/easy_handeye2_msgs/local/lib/python3.10/dist-packages/easy_handeye2_msgs/srv/_take_sample.py'...
[5.897s] -- Installing: /home/rosi/ws_dual_arm/install/easy_handeye2_msgs/lib/libeasy_handeye2_msgs__rosidl_generator_py.so
[5.898s] -- Set runtime path of "/home/rosi/ws_dual_arm/install/easy_handeye2_msgs/lib/libeasy_handeye2_msgs__rosidl_generator_py.so" to ""
[5.898s] -- Installing: /home/rosi/ws_dual_arm/install/easy_handeye2_msgs/share/easy_handeye2_msgs/cmake/export_easy_handeye2_msgs__rosidl_generator_cExport.cmake
[5.898s] -- Installing: /home/rosi/ws_dual_arm/install/easy_handeye2_msgs/share/easy_handeye2_msgs/cmake/export_easy_handeye2_msgs__rosidl_generator_cExport-noconfig.cmake
[5.898s] -- Installing: /home/rosi/ws_dual_arm/install/easy_handeye2_msgs/share/easy_handeye2_msgs/cmake/export_easy_handeye2_msgs__rosidl_typesupport_fastrtps_cExport.cmake
[5.898s] -- Installing: /home/rosi/ws_dual_arm/install/easy_handeye2_msgs/share/easy_handeye2_msgs/cmake/export_easy_handeye2_msgs__rosidl_typesupport_fastrtps_cExport-noconfig.cmake
[5.898s] -- Installing: /home/rosi/ws_dual_arm/install/easy_handeye2_msgs/share/easy_handeye2_msgs/cmake/easy_handeye2_msgs__rosidl_typesupport_introspection_cExport.cmake
[5.898s] -- Installing: /home/rosi/ws_dual_arm/install/easy_handeye2_msgs/share/easy_handeye2_msgs/cmake/easy_handeye2_msgs__rosidl_typesupport_introspection_cExport-noconfig.cmake
[5.898s] -- Installing: /home/rosi/ws_dual_arm/install/easy_handeye2_msgs/share/easy_handeye2_msgs/cmake/easy_handeye2_msgs__rosidl_typesupport_cExport.cmake
[5.898s] -- Installing: /home/rosi/ws_dual_arm/install/easy_handeye2_msgs/share/easy_handeye2_msgs/cmake/easy_handeye2_msgs__rosidl_typesupport_cExport-noconfig.cmake
[5.898s] -- Installing: /home/rosi/ws_dual_arm/install/easy_handeye2_msgs/share/easy_handeye2_msgs/cmake/export_easy_handeye2_msgs__rosidl_generator_cppExport.cmake
[5.899s] -- Installing: /home/rosi/ws_dual_arm/install/easy_handeye2_msgs/share/easy_handeye2_msgs/cmake/export_easy_handeye2_msgs__rosidl_typesupport_fastrtps_cppExport.cmake
[5.899s] -- Installing: /home/rosi/ws_dual_arm/install/easy_handeye2_msgs/share/easy_handeye2_msgs/cmake/export_easy_handeye2_msgs__rosidl_typesupport_fastrtps_cppExport-noconfig.cmake
[5.899s] -- Installing: /home/rosi/ws_dual_arm/install/easy_handeye2_msgs/share/easy_handeye2_msgs/cmake/easy_handeye2_msgs__rosidl_typesupport_introspection_cppExport.cmake
[5.899s] -- Installing: /home/rosi/ws_dual_arm/install/easy_handeye2_msgs/share/easy_handeye2_msgs/cmake/easy_handeye2_msgs__rosidl_typesupport_introspection_cppExport-noconfig.cmake
[5.899s] -- Installing: /home/rosi/ws_dual_arm/install/easy_handeye2_msgs/share/easy_handeye2_msgs/cmake/easy_handeye2_msgs__rosidl_typesupport_cppExport.cmake
[5.899s] -- Installing: /home/rosi/ws_dual_arm/install/easy_handeye2_msgs/share/easy_handeye2_msgs/cmake/easy_handeye2_msgs__rosidl_typesupport_cppExport-noconfig.cmake
[5.899s] -- Installing: /home/rosi/ws_dual_arm/install/easy_handeye2_msgs/share/easy_handeye2_msgs/cmake/export_easy_handeye2_msgs__rosidl_generator_pyExport.cmake
[5.899s] -- Installing: /home/rosi/ws_dual_arm/install/easy_handeye2_msgs/share/easy_handeye2_msgs/cmake/export_easy_handeye2_msgs__rosidl_generator_pyExport-noconfig.cmake
[5.902s] Invoked command in '/home/rosi/ws_dual_arm/build/easy_handeye2_msgs' returned '0': CMAKE_PREFIX_PATH=${CMAKE_PREFIX_PATH}:/home/rosi/ws_dual_arm/install/zed_description:/home/rosi/ws_dual_arm/install/robotiq_description:/home/rosi/ws_dual_arm/install/dual_arm_pkg:/opt/ros/humble /usr/bin/cmake --install /home/rosi/ws_dual_arm/build/easy_handeye2_msgs
