[0.018s] Invoking command in '/home/rosi/ws_dual_arm/build/easy_handeye2_msgs': CMAKE_PREFIX_PATH=/opt/ros/humble /usr/bin/cmake /home/rosi/ws_dual_arm/src/easy_handeye2/easy_handeye2_msgs -DCMAKE_INSTALL_PREFIX=/home/rosi/ws_dual_arm/install/easy_handeye2_msgs
[0.066s] -- Found ament_cmake: 1.3.14 (/opt/ros/humble/share/ament_cmake/cmake)
[0.249s] -- Override CMake install command with custom implementation using symlinks instead of copying resources
[0.265s] -- Found rosidl_default_generators: 1.2.1 (/opt/ros/humble/share/rosidl_default_generators/cmake)
[0.270s] -- Using all available rosidl_typesupport_c: rosidl_typesupport_fastrtps_c;rosidl_typesupport_introspection_c
[0.276s] -- Found rosidl_adapter: 3.1.8 (/opt/ros/humble/share/rosidl_adapter/cmake)
[0.329s] -- Using all available rosidl_typesupport_cpp: rosidl_typesupport_fastrtps_cpp;rosidl_typesupport_introspection_cpp
[0.365s] -- Found std_msgs: 4.9.1 (/opt/ros/humble/share/std_msgs/cmake)
[0.394s] -- Found geometry_msgs: 4.9.1 (/opt/ros/humble/share/geometry_msgs/cmake)
[0.957s] -- Found ament_cmake_ros: 0.10.0 (/opt/ros/humble/share/ament_cmake_ros/cmake)
[1.318s] -- Using all available rosidl_typesupport_c: rosidl_typesupport_fastrtps_c;rosidl_typesupport_introspection_c
[1.784s] -- Using all available rosidl_typesupport_cpp: rosidl_typesupport_fastrtps_cpp;rosidl_typesupport_introspection_cpp
[1.824s] -- Found python_cmake_module: 0.10.0 (/opt/ros/humble/share/python_cmake_module/cmake)
[1.863s] -- Using PYTHON_EXECUTABLE: /usr/bin/python3
[1.863s] -- Using PYTHON_INCLUDE_DIRS: /usr/include/python3.10
[1.864s] -- Using PYTHON_LIBRARIES: /usr/lib/x86_64-linux-gnu/libpython3.10.so
[2.059s] -- Configuring done
[2.154s] -- Generating done
[2.170s] -- Build files have been written to: /home/rosi/ws_dual_arm/build/easy_handeye2_msgs
[2.182s] Invoked command in '/home/rosi/ws_dual_arm/build/easy_handeye2_msgs' returned '0': CMAKE_PREFIX_PATH=/opt/ros/humble /usr/bin/cmake /home/rosi/ws_dual_arm/src/easy_handeye2/easy_handeye2_msgs -DCMAKE_INSTALL_PREFIX=/home/rosi/ws_dual_arm/install/easy_handeye2_msgs
[2.182s] Invoking command in '/home/rosi/ws_dual_arm/build/easy_handeye2_msgs': CMAKE_PREFIX_PATH=/opt/ros/humble /usr/bin/cmake --build /home/rosi/ws_dual_arm/build/easy_handeye2_msgs -- -j20 -l20
[2.262s] [35m[1mConsolidate compiler generated dependencies of target easy_handeye2_msgs__rosidl_generator_c[0m
[2.268s] [  1%] Built target easy_handeye2_msgs__rs
[2.269s] [  1%] Built target easy_handeye2_msgs__cpp
[2.275s] [  1%] Built target ament_cmake_python_symlink_easy_handeye2_msgs
[2.297s] [ 13%] Built target easy_handeye2_msgs__rosidl_generator_c
[2.304s] [35m[1mConsolidate compiler generated dependencies of target easy_handeye2_msgs__rosidl_typesupport_cpp[0m
[2.305s] [35m[1mConsolidate compiler generated dependencies of target easy_handeye2_msgs__rosidl_typesupport_fastrtps_cpp[0m
[2.306s] [35m[1mConsolidate compiler generated dependencies of target easy_handeye2_msgs__rosidl_typesupport_introspection_cpp[0m
[2.328s] [35m[1mConsolidate compiler generated dependencies of target easy_handeye2_msgs__rosidl_typesupport_c[0m
[2.329s] [35m[1mConsolidate compiler generated dependencies of target easy_handeye2_msgs__rosidl_typesupport_introspection_c[0m
[2.335s] [35m[1mConsolidate compiler generated dependencies of target easy_handeye2_msgs__rosidl_typesupport_fastrtps_c[0m
[2.352s] [ 25%] Built target easy_handeye2_msgs__rosidl_typesupport_introspection_cpp
[2.354s] [ 37%] Built target easy_handeye2_msgs__rosidl_typesupport_cpp
[2.357s] [ 49%] Built target easy_handeye2_msgs__rosidl_typesupport_c
[2.362s] [ 61%] Built target easy_handeye2_msgs__rosidl_typesupport_fastrtps_cpp
[2.369s] [ 73%] Built target easy_handeye2_msgs__rosidl_typesupport_introspection_c
[2.383s] [ 85%] Built target easy_handeye2_msgs__rosidl_typesupport_fastrtps_c
[2.411s] [ 85%] Built target easy_handeye2_msgs
[2.439s] [ 86%] Built target easy_handeye2_msgs__py
[2.462s] [35m[1mConsolidate compiler generated dependencies of target easy_handeye2_msgs__rosidl_generator_py[0m
[2.492s] [ 97%] Built target easy_handeye2_msgs__rosidl_generator_py
[2.505s] [35m[1mConsolidate compiler generated dependencies of target easy_handeye2_msgs__rosidl_typesupport_introspection_c__pyext[0m
[2.508s] [35m[1mConsolidate compiler generated dependencies of target easy_handeye2_msgs__rosidl_typesupport_fastrtps_c__pyext[0m
[2.508s] [35m[1mConsolidate compiler generated dependencies of target easy_handeye2_msgs__rosidl_typesupport_c__pyext[0m
[2.523s] [ 98%] Built target easy_handeye2_msgs__rosidl_typesupport_introspection_c__pyext
[2.524s] [ 99%] Built target easy_handeye2_msgs__rosidl_typesupport_fastrtps_c__pyext
[2.526s] [100%] Built target easy_handeye2_msgs__rosidl_typesupport_c__pyext
[2.609s] running egg_info
[2.610s] writing easy_handeye2_msgs.egg-info/PKG-INFO
[2.611s] writing dependency_links to easy_handeye2_msgs.egg-info/dependency_links.txt
[2.611s] writing top-level names to easy_handeye2_msgs.egg-info/top_level.txt
[2.616s] reading manifest file 'easy_handeye2_msgs.egg-info/SOURCES.txt'
[2.617s] writing manifest file 'easy_handeye2_msgs.egg-info/SOURCES.txt'
[2.648s] [100%] Built target ament_cmake_python_build_easy_handeye2_msgs_egg
[2.665s] Invoked command in '/home/rosi/ws_dual_arm/build/easy_handeye2_msgs' returned '0': CMAKE_PREFIX_PATH=/opt/ros/humble /usr/bin/cmake --build /home/rosi/ws_dual_arm/build/easy_handeye2_msgs -- -j20 -l20
[2.681s] Invoking command in '/home/rosi/ws_dual_arm/build/easy_handeye2_msgs': CMAKE_PREFIX_PATH=/opt/ros/humble /usr/bin/cmake --install /home/rosi/ws_dual_arm/build/easy_handeye2_msgs
[2.692s] -- Install configuration: ""
[2.693s] -- Execute custom install script
[2.694s] -- Up-to-date symlink: /home/rosi/ws_dual_arm/install/easy_handeye2_msgs/share/ament_index/resource_index/rosidl_interfaces/easy_handeye2_msgs
[2.696s] -- Up-to-date symlink: /home/rosi/ws_dual_arm/install/easy_handeye2_msgs/include/easy_handeye2_msgs/easy_handeye2_msgs/msg/detail/handeye_calibration__functions.h
[2.696s] -- Up-to-date symlink: /home/rosi/ws_dual_arm/install/easy_handeye2_msgs/include/easy_handeye2_msgs/easy_handeye2_msgs/msg/detail/handeye_calibration__struct.h
[2.697s] -- Up-to-date symlink: /home/rosi/ws_dual_arm/install/easy_handeye2_msgs/include/easy_handeye2_msgs/easy_handeye2_msgs/msg/detail/handeye_calibration__type_support.h
[2.697s] -- Up-to-date symlink: /home/rosi/ws_dual_arm/install/easy_handeye2_msgs/include/easy_handeye2_msgs/easy_handeye2_msgs/msg/detail/handeye_calibration_parameters__functions.h
[2.697s] -- Up-to-date symlink: /home/rosi/ws_dual_arm/install/easy_handeye2_msgs/include/easy_handeye2_msgs/easy_handeye2_msgs/msg/detail/handeye_calibration_parameters__struct.h
[2.697s] -- Up-to-date symlink: /home/rosi/ws_dual_arm/install/easy_handeye2_msgs/include/easy_handeye2_msgs/easy_handeye2_msgs/msg/detail/handeye_calibration_parameters__type_support.h
[2.698s] -- Up-to-date symlink: /home/rosi/ws_dual_arm/install/easy_handeye2_msgs/include/easy_handeye2_msgs/easy_handeye2_msgs/msg/detail/sample__functions.h
[2.698s] -- Up-to-date symlink: /home/rosi/ws_dual_arm/install/easy_handeye2_msgs/include/easy_handeye2_msgs/easy_handeye2_msgs/msg/detail/sample__struct.h
[2.698s] -- Up-to-date symlink: /home/rosi/ws_dual_arm/install/easy_handeye2_msgs/include/easy_handeye2_msgs/easy_handeye2_msgs/msg/detail/sample__type_support.h
[2.698s] -- Up-to-date symlink: /home/rosi/ws_dual_arm/install/easy_handeye2_msgs/include/easy_handeye2_msgs/easy_handeye2_msgs/msg/detail/sample_list__functions.h
[2.699s] -- Up-to-date symlink: /home/rosi/ws_dual_arm/install/easy_handeye2_msgs/include/easy_handeye2_msgs/easy_handeye2_msgs/msg/detail/sample_list__struct.h
[2.699s] -- Up-to-date symlink: /home/rosi/ws_dual_arm/install/easy_handeye2_msgs/include/easy_handeye2_msgs/easy_handeye2_msgs/msg/detail/sample_list__type_support.h
[2.699s] -- Up-to-date symlink: /home/rosi/ws_dual_arm/install/easy_handeye2_msgs/include/easy_handeye2_msgs/easy_handeye2_msgs/msg/detail/target_pose_list__functions.h
[2.699s] -- Up-to-date symlink: /home/rosi/ws_dual_arm/install/easy_handeye2_msgs/include/easy_handeye2_msgs/easy_handeye2_msgs/msg/detail/target_pose_list__struct.h
[2.700s] -- Up-to-date symlink: /home/rosi/ws_dual_arm/install/easy_handeye2_msgs/include/easy_handeye2_msgs/easy_handeye2_msgs/msg/detail/target_pose_list__type_support.h
[2.700s] -- Up-to-date symlink: /home/rosi/ws_dual_arm/install/easy_handeye2_msgs/include/easy_handeye2_msgs/easy_handeye2_msgs/msg/handeye_calibration.h
[2.700s] -- Up-to-date symlink: /home/rosi/ws_dual_arm/install/easy_handeye2_msgs/include/easy_handeye2_msgs/easy_handeye2_msgs/msg/handeye_calibration_parameters.h
[2.700s] -- Up-to-date symlink: /home/rosi/ws_dual_arm/install/easy_handeye2_msgs/include/easy_handeye2_msgs/easy_handeye2_msgs/msg/rosidl_generator_c__visibility_control.h
[2.701s] -- Up-to-date symlink: /home/rosi/ws_dual_arm/install/easy_handeye2_msgs/include/easy_handeye2_msgs/easy_handeye2_msgs/msg/sample.h
[2.701s] -- Up-to-date symlink: /home/rosi/ws_dual_arm/install/easy_handeye2_msgs/include/easy_handeye2_msgs/easy_handeye2_msgs/msg/sample_list.h
[2.701s] -- Up-to-date symlink: /home/rosi/ws_dual_arm/install/easy_handeye2_msgs/include/easy_handeye2_msgs/easy_handeye2_msgs/msg/target_pose_list.h
[2.701s] -- Up-to-date symlink: /home/rosi/ws_dual_arm/install/easy_handeye2_msgs/include/easy_handeye2_msgs/easy_handeye2_msgs/srv/check_starting_pose.h
[2.701s] -- Up-to-date symlink: /home/rosi/ws_dual_arm/install/easy_handeye2_msgs/include/easy_handeye2_msgs/easy_handeye2_msgs/srv/compute_calibration.h
[2.702s] -- Up-to-date symlink: /home/rosi/ws_dual_arm/install/easy_handeye2_msgs/include/easy_handeye2_msgs/easy_handeye2_msgs/srv/detail/check_starting_pose__functions.h
[2.702s] -- Up-to-date symlink: /home/rosi/ws_dual_arm/install/easy_handeye2_msgs/include/easy_handeye2_msgs/easy_handeye2_msgs/srv/detail/check_starting_pose__struct.h
[2.702s] -- Up-to-date symlink: /home/rosi/ws_dual_arm/install/easy_handeye2_msgs/include/easy_handeye2_msgs/easy_handeye2_msgs/srv/detail/check_starting_pose__type_support.h
[2.703s] -- Up-to-date symlink: /home/rosi/ws_dual_arm/install/easy_handeye2_msgs/include/easy_handeye2_msgs/easy_handeye2_msgs/srv/detail/compute_calibration__functions.h
[2.703s] -- Up-to-date symlink: /home/rosi/ws_dual_arm/install/easy_handeye2_msgs/include/easy_handeye2_msgs/easy_handeye2_msgs/srv/detail/compute_calibration__struct.h
[2.703s] -- Up-to-date symlink: /home/rosi/ws_dual_arm/install/easy_handeye2_msgs/include/easy_handeye2_msgs/easy_handeye2_msgs/srv/detail/compute_calibration__type_support.h
[2.703s] -- Up-to-date symlink: /home/rosi/ws_dual_arm/install/easy_handeye2_msgs/include/easy_handeye2_msgs/easy_handeye2_msgs/srv/detail/enumerate_target_poses__functions.h
[2.703s] -- Up-to-date symlink: /home/rosi/ws_dual_arm/install/easy_handeye2_msgs/include/easy_handeye2_msgs/easy_handeye2_msgs/srv/detail/enumerate_target_poses__struct.h
[2.704s] -- Up-to-date symlink: /home/rosi/ws_dual_arm/install/easy_handeye2_msgs/include/easy_handeye2_msgs/easy_handeye2_msgs/srv/detail/enumerate_target_poses__type_support.h
[2.704s] -- Up-to-date symlink: /home/rosi/ws_dual_arm/install/easy_handeye2_msgs/include/easy_handeye2_msgs/easy_handeye2_msgs/srv/detail/execute_plan__functions.h
[2.704s] -- Up-to-date symlink: /home/rosi/ws_dual_arm/install/easy_handeye2_msgs/include/easy_handeye2_msgs/easy_handeye2_msgs/srv/detail/execute_plan__struct.h
[2.704s] -- Up-to-date symlink: /home/rosi/ws_dual_arm/install/easy_handeye2_msgs/include/easy_handeye2_msgs/easy_handeye2_msgs/srv/detail/execute_plan__type_support.h
[2.705s] -- Up-to-date symlink: /home/rosi/ws_dual_arm/install/easy_handeye2_msgs/include/easy_handeye2_msgs/easy_handeye2_msgs/srv/detail/list_algorithms__functions.h
[2.705s] -- Up-to-date symlink: /home/rosi/ws_dual_arm/install/easy_handeye2_msgs/include/easy_handeye2_msgs/easy_handeye2_msgs/srv/detail/list_algorithms__struct.h
[2.705s] -- Up-to-date symlink: /home/rosi/ws_dual_arm/install/easy_handeye2_msgs/include/easy_handeye2_msgs/easy_handeye2_msgs/srv/detail/list_algorithms__type_support.h
[2.705s] -- Up-to-date symlink: /home/rosi/ws_dual_arm/install/easy_handeye2_msgs/include/easy_handeye2_msgs/easy_handeye2_msgs/srv/detail/load_samples__functions.h
[2.705s] -- Up-to-date symlink: /home/rosi/ws_dual_arm/install/easy_handeye2_msgs/include/easy_handeye2_msgs/easy_handeye2_msgs/srv/detail/load_samples__struct.h
[2.706s] -- Up-to-date symlink: /home/rosi/ws_dual_arm/install/easy_handeye2_msgs/include/easy_handeye2_msgs/easy_handeye2_msgs/srv/detail/load_samples__type_support.h
[2.706s] -- Up-to-date symlink: /home/rosi/ws_dual_arm/install/easy_handeye2_msgs/include/easy_handeye2_msgs/easy_handeye2_msgs/srv/detail/plan_to_selected_target_pose__functions.h
[2.706s] -- Up-to-date symlink: /home/rosi/ws_dual_arm/install/easy_handeye2_msgs/include/easy_handeye2_msgs/easy_handeye2_msgs/srv/detail/plan_to_selected_target_pose__struct.h
[2.706s] -- Up-to-date symlink: /home/rosi/ws_dual_arm/install/easy_handeye2_msgs/include/easy_handeye2_msgs/easy_handeye2_msgs/srv/detail/plan_to_selected_target_pose__type_support.h
[2.707s] -- Up-to-date symlink: /home/rosi/ws_dual_arm/install/easy_handeye2_msgs/include/easy_handeye2_msgs/easy_handeye2_msgs/srv/detail/remove_sample__functions.h
[2.707s] -- Up-to-date symlink: /home/rosi/ws_dual_arm/install/easy_handeye2_msgs/include/easy_handeye2_msgs/easy_handeye2_msgs/srv/detail/remove_sample__struct.h
[2.707s] -- Up-to-date symlink: /home/rosi/ws_dual_arm/install/easy_handeye2_msgs/include/easy_handeye2_msgs/easy_handeye2_msgs/srv/detail/remove_sample__type_support.h
[2.707s] -- Up-to-date symlink: /home/rosi/ws_dual_arm/install/easy_handeye2_msgs/include/easy_handeye2_msgs/easy_handeye2_msgs/srv/detail/save_calibration__functions.h
[2.708s] -- Up-to-date symlink: /home/rosi/ws_dual_arm/install/easy_handeye2_msgs/include/easy_handeye2_msgs/easy_handeye2_msgs/srv/detail/save_calibration__struct.h
[2.708s] -- Up-to-date symlink: /home/rosi/ws_dual_arm/install/easy_handeye2_msgs/include/easy_handeye2_msgs/easy_handeye2_msgs/srv/detail/save_calibration__type_support.h
[2.708s] -- Up-to-date symlink: /home/rosi/ws_dual_arm/install/easy_handeye2_msgs/include/easy_handeye2_msgs/easy_handeye2_msgs/srv/detail/save_samples__functions.h
[2.708s] -- Up-to-date symlink: /home/rosi/ws_dual_arm/install/easy_handeye2_msgs/include/easy_handeye2_msgs/easy_handeye2_msgs/srv/detail/save_samples__struct.h
[2.709s] -- Up-to-date symlink: /home/rosi/ws_dual_arm/install/easy_handeye2_msgs/include/easy_handeye2_msgs/easy_handeye2_msgs/srv/detail/save_samples__type_support.h
[2.709s] -- Up-to-date symlink: /home/rosi/ws_dual_arm/install/easy_handeye2_msgs/include/easy_handeye2_msgs/easy_handeye2_msgs/srv/detail/select_target_pose__functions.h
[2.709s] -- Up-to-date symlink: /home/rosi/ws_dual_arm/install/easy_handeye2_msgs/include/easy_handeye2_msgs/easy_handeye2_msgs/srv/detail/select_target_pose__struct.h
[2.709s] -- Up-to-date symlink: /home/rosi/ws_dual_arm/install/easy_handeye2_msgs/include/easy_handeye2_msgs/easy_handeye2_msgs/srv/detail/select_target_pose__type_support.h
[2.709s] -- Up-to-date symlink: /home/rosi/ws_dual_arm/install/easy_handeye2_msgs/include/easy_handeye2_msgs/easy_handeye2_msgs/srv/detail/set_algorithm__functions.h
[2.710s] -- Up-to-date symlink: /home/rosi/ws_dual_arm/install/easy_handeye2_msgs/include/easy_handeye2_msgs/easy_handeye2_msgs/srv/detail/set_algorithm__struct.h
[2.710s] -- Up-to-date symlink: /home/rosi/ws_dual_arm/install/easy_handeye2_msgs/include/easy_handeye2_msgs/easy_handeye2_msgs/srv/detail/set_algorithm__type_support.h
[2.710s] -- Up-to-date symlink: /home/rosi/ws_dual_arm/install/easy_handeye2_msgs/include/easy_handeye2_msgs/easy_handeye2_msgs/srv/detail/take_sample__functions.h
[2.710s] -- Up-to-date symlink: /home/rosi/ws_dual_arm/install/easy_handeye2_msgs/include/easy_handeye2_msgs/easy_handeye2_msgs/srv/detail/take_sample__struct.h
[2.710s] -- Up-to-date symlink: /home/rosi/ws_dual_arm/install/easy_handeye2_msgs/include/easy_handeye2_msgs/easy_handeye2_msgs/srv/detail/take_sample__type_support.h
[2.711s] -- Up-to-date symlink: /home/rosi/ws_dual_arm/install/easy_handeye2_msgs/include/easy_handeye2_msgs/easy_handeye2_msgs/srv/enumerate_target_poses.h
[2.711s] -- Up-to-date symlink: /home/rosi/ws_dual_arm/install/easy_handeye2_msgs/include/easy_handeye2_msgs/easy_handeye2_msgs/srv/execute_plan.h
[2.711s] -- Up-to-date symlink: /home/rosi/ws_dual_arm/install/easy_handeye2_msgs/include/easy_handeye2_msgs/easy_handeye2_msgs/srv/list_algorithms.h
[2.711s] -- Up-to-date symlink: /home/rosi/ws_dual_arm/install/easy_handeye2_msgs/include/easy_handeye2_msgs/easy_handeye2_msgs/srv/load_samples.h
[2.712s] -- Up-to-date symlink: /home/rosi/ws_dual_arm/install/easy_handeye2_msgs/include/easy_handeye2_msgs/easy_handeye2_msgs/srv/plan_to_selected_target_pose.h
[2.712s] -- Up-to-date symlink: /home/rosi/ws_dual_arm/install/easy_handeye2_msgs/include/easy_handeye2_msgs/easy_handeye2_msgs/srv/remove_sample.h
[2.712s] -- Up-to-date symlink: /home/rosi/ws_dual_arm/install/easy_handeye2_msgs/include/easy_handeye2_msgs/easy_handeye2_msgs/srv/save_calibration.h
[2.712s] -- Up-to-date symlink: /home/rosi/ws_dual_arm/install/easy_handeye2_msgs/include/easy_handeye2_msgs/easy_handeye2_msgs/srv/save_samples.h
[2.712s] -- Up-to-date symlink: /home/rosi/ws_dual_arm/install/easy_handeye2_msgs/include/easy_handeye2_msgs/easy_handeye2_msgs/srv/select_target_pose.h
[2.713s] -- Up-to-date symlink: /home/rosi/ws_dual_arm/install/easy_handeye2_msgs/include/easy_handeye2_msgs/easy_handeye2_msgs/srv/set_algorithm.h
[2.713s] -- Up-to-date symlink: /home/rosi/ws_dual_arm/install/easy_handeye2_msgs/include/easy_handeye2_msgs/easy_handeye2_msgs/srv/take_sample.h
[2.713s] -- Up-to-date symlink: /home/rosi/ws_dual_arm/install/easy_handeye2_msgs/share/easy_handeye2_msgs/environment/library_path.sh
[2.714s] -- Up-to-date symlink: /home/rosi/ws_dual_arm/install/easy_handeye2_msgs/share/easy_handeye2_msgs/environment/library_path.dsv
[2.715s] -- Up-to-date symlink: /home/rosi/ws_dual_arm/install/easy_handeye2_msgs/include/easy_handeye2_msgs/easy_handeye2_msgs/msg/detail/handeye_calibration__rosidl_typesupport_fastrtps_c.h
[2.715s] -- Up-to-date symlink: /home/rosi/ws_dual_arm/install/easy_handeye2_msgs/include/easy_handeye2_msgs/easy_handeye2_msgs/msg/detail/handeye_calibration_parameters__rosidl_typesupport_fastrtps_c.h
[2.715s] -- Up-to-date symlink: /home/rosi/ws_dual_arm/install/easy_handeye2_msgs/include/easy_handeye2_msgs/easy_handeye2_msgs/msg/detail/sample__rosidl_typesupport_fastrtps_c.h
[2.716s] -- Up-to-date symlink: /home/rosi/ws_dual_arm/install/easy_handeye2_msgs/include/easy_handeye2_msgs/easy_handeye2_msgs/msg/detail/sample_list__rosidl_typesupport_fastrtps_c.h
[2.716s] -- Up-to-date symlink: /home/rosi/ws_dual_arm/install/easy_handeye2_msgs/include/easy_handeye2_msgs/easy_handeye2_msgs/msg/detail/target_pose_list__rosidl_typesupport_fastrtps_c.h
[2.716s] -- Up-to-date symlink: /home/rosi/ws_dual_arm/install/easy_handeye2_msgs/include/easy_handeye2_msgs/easy_handeye2_msgs/msg/rosidl_typesupport_fastrtps_c__visibility_control.h
[2.716s] -- Up-to-date symlink: /home/rosi/ws_dual_arm/install/easy_handeye2_msgs/include/easy_handeye2_msgs/easy_handeye2_msgs/srv/detail/check_starting_pose__rosidl_typesupport_fastrtps_c.h
[2.717s] -- Up-to-date symlink: /home/rosi/ws_dual_arm/install/easy_handeye2_msgs/include/easy_handeye2_msgs/easy_handeye2_msgs/srv/detail/compute_calibration__rosidl_typesupport_fastrtps_c.h
[2.717s] -- Up-to-date symlink: /home/rosi/ws_dual_arm/install/easy_handeye2_msgs/include/easy_handeye2_msgs/easy_handeye2_msgs/srv/detail/enumerate_target_poses__rosidl_typesupport_fastrtps_c.h
[2.717s] -- Up-to-date symlink: /home/rosi/ws_dual_arm/install/easy_handeye2_msgs/include/easy_handeye2_msgs/easy_handeye2_msgs/srv/detail/execute_plan__rosidl_typesupport_fastrtps_c.h
[2.717s] -- Up-to-date symlink: /home/rosi/ws_dual_arm/install/easy_handeye2_msgs/include/easy_handeye2_msgs/easy_handeye2_msgs/srv/detail/list_algorithms__rosidl_typesupport_fastrtps_c.h
[2.718s] -- Up-to-date symlink: /home/rosi/ws_dual_arm/install/easy_handeye2_msgs/include/easy_handeye2_msgs/easy_handeye2_msgs/srv/detail/load_samples__rosidl_typesupport_fastrtps_c.h
[2.718s] -- Up-to-date symlink: /home/rosi/ws_dual_arm/install/easy_handeye2_msgs/include/easy_handeye2_msgs/easy_handeye2_msgs/srv/detail/plan_to_selected_target_pose__rosidl_typesupport_fastrtps_c.h
[2.718s] -- Up-to-date symlink: /home/rosi/ws_dual_arm/install/easy_handeye2_msgs/include/easy_handeye2_msgs/easy_handeye2_msgs/srv/detail/remove_sample__rosidl_typesupport_fastrtps_c.h
[2.718s] -- Up-to-date symlink: /home/rosi/ws_dual_arm/install/easy_handeye2_msgs/include/easy_handeye2_msgs/easy_handeye2_msgs/srv/detail/save_calibration__rosidl_typesupport_fastrtps_c.h
[2.718s] -- Up-to-date symlink: /home/rosi/ws_dual_arm/install/easy_handeye2_msgs/include/easy_handeye2_msgs/easy_handeye2_msgs/srv/detail/save_samples__rosidl_typesupport_fastrtps_c.h
[2.719s] -- Up-to-date symlink: /home/rosi/ws_dual_arm/install/easy_handeye2_msgs/include/easy_handeye2_msgs/easy_handeye2_msgs/srv/detail/select_target_pose__rosidl_typesupport_fastrtps_c.h
[2.719s] -- Up-to-date symlink: /home/rosi/ws_dual_arm/install/easy_handeye2_msgs/include/easy_handeye2_msgs/easy_handeye2_msgs/srv/detail/set_algorithm__rosidl_typesupport_fastrtps_c.h
[2.719s] -- Up-to-date symlink: /home/rosi/ws_dual_arm/install/easy_handeye2_msgs/include/easy_handeye2_msgs/easy_handeye2_msgs/srv/detail/take_sample__rosidl_typesupport_fastrtps_c.h
[2.720s] -- Up-to-date symlink: /home/rosi/ws_dual_arm/install/easy_handeye2_msgs/include/easy_handeye2_msgs/easy_handeye2_msgs/msg/detail/handeye_calibration__rosidl_typesupport_introspection_c.h
[2.720s] -- Up-to-date symlink: /home/rosi/ws_dual_arm/install/easy_handeye2_msgs/include/easy_handeye2_msgs/easy_handeye2_msgs/msg/detail/handeye_calibration_parameters__rosidl_typesupport_introspection_c.h
[2.721s] -- Up-to-date symlink: /home/rosi/ws_dual_arm/install/easy_handeye2_msgs/include/easy_handeye2_msgs/easy_handeye2_msgs/msg/detail/sample__rosidl_typesupport_introspection_c.h
[2.721s] -- Up-to-date symlink: /home/rosi/ws_dual_arm/install/easy_handeye2_msgs/include/easy_handeye2_msgs/easy_handeye2_msgs/msg/detail/sample_list__rosidl_typesupport_introspection_c.h
[2.721s] -- Up-to-date symlink: /home/rosi/ws_dual_arm/install/easy_handeye2_msgs/include/easy_handeye2_msgs/easy_handeye2_msgs/msg/detail/target_pose_list__rosidl_typesupport_introspection_c.h
[2.721s] -- Up-to-date symlink: /home/rosi/ws_dual_arm/install/easy_handeye2_msgs/include/easy_handeye2_msgs/easy_handeye2_msgs/msg/rosidl_typesupport_introspection_c__visibility_control.h
[2.721s] -- Up-to-date symlink: /home/rosi/ws_dual_arm/install/easy_handeye2_msgs/include/easy_handeye2_msgs/easy_handeye2_msgs/srv/detail/check_starting_pose__rosidl_typesupport_introspection_c.h
[2.721s] -- Up-to-date symlink: /home/rosi/ws_dual_arm/install/easy_handeye2_msgs/include/easy_handeye2_msgs/easy_handeye2_msgs/srv/detail/compute_calibration__rosidl_typesupport_introspection_c.h
[2.722s] -- Up-to-date symlink: /home/rosi/ws_dual_arm/install/easy_handeye2_msgs/include/easy_handeye2_msgs/easy_handeye2_msgs/srv/detail/enumerate_target_poses__rosidl_typesupport_introspection_c.h
[2.722s] -- Up-to-date symlink: /home/rosi/ws_dual_arm/install/easy_handeye2_msgs/include/easy_handeye2_msgs/easy_handeye2_msgs/srv/detail/execute_plan__rosidl_typesupport_introspection_c.h
[2.722s] -- Up-to-date symlink: /home/rosi/ws_dual_arm/install/easy_handeye2_msgs/include/easy_handeye2_msgs/easy_handeye2_msgs/srv/detail/list_algorithms__rosidl_typesupport_introspection_c.h
[2.722s] -- Up-to-date symlink: /home/rosi/ws_dual_arm/install/easy_handeye2_msgs/include/easy_handeye2_msgs/easy_handeye2_msgs/srv/detail/load_samples__rosidl_typesupport_introspection_c.h
[2.722s] -- Up-to-date symlink: /home/rosi/ws_dual_arm/install/easy_handeye2_msgs/include/easy_handeye2_msgs/easy_handeye2_msgs/srv/detail/plan_to_selected_target_pose__rosidl_typesupport_introspection_c.h
[2.723s] -- Up-to-date symlink: /home/rosi/ws_dual_arm/install/easy_handeye2_msgs/include/easy_handeye2_msgs/easy_handeye2_msgs/srv/detail/remove_sample__rosidl_typesupport_introspection_c.h
[2.723s] -- Up-to-date symlink: /home/rosi/ws_dual_arm/install/easy_handeye2_msgs/include/easy_handeye2_msgs/easy_handeye2_msgs/srv/detail/save_calibration__rosidl_typesupport_introspection_c.h
[2.723s] -- Up-to-date symlink: /home/rosi/ws_dual_arm/install/easy_handeye2_msgs/include/easy_handeye2_msgs/easy_handeye2_msgs/srv/detail/save_samples__rosidl_typesupport_introspection_c.h
[2.723s] -- Up-to-date symlink: /home/rosi/ws_dual_arm/install/easy_handeye2_msgs/include/easy_handeye2_msgs/easy_handeye2_msgs/srv/detail/select_target_pose__rosidl_typesupport_introspection_c.h
[2.723s] -- Up-to-date symlink: /home/rosi/ws_dual_arm/install/easy_handeye2_msgs/include/easy_handeye2_msgs/easy_handeye2_msgs/srv/detail/set_algorithm__rosidl_typesupport_introspection_c.h
[2.723s] -- Up-to-date symlink: /home/rosi/ws_dual_arm/install/easy_handeye2_msgs/include/easy_handeye2_msgs/easy_handeye2_msgs/srv/detail/take_sample__rosidl_typesupport_introspection_c.h
[2.725s] -- Up-to-date symlink: /home/rosi/ws_dual_arm/install/easy_handeye2_msgs/include/easy_handeye2_msgs/easy_handeye2_msgs/msg/detail/handeye_calibration__builder.hpp
[2.725s] -- Up-to-date symlink: /home/rosi/ws_dual_arm/install/easy_handeye2_msgs/include/easy_handeye2_msgs/easy_handeye2_msgs/msg/detail/handeye_calibration__struct.hpp
[2.725s] -- Up-to-date symlink: /home/rosi/ws_dual_arm/install/easy_handeye2_msgs/include/easy_handeye2_msgs/easy_handeye2_msgs/msg/detail/handeye_calibration__traits.hpp
[2.725s] -- Up-to-date symlink: /home/rosi/ws_dual_arm/install/easy_handeye2_msgs/include/easy_handeye2_msgs/easy_handeye2_msgs/msg/detail/handeye_calibration__type_support.hpp
[2.725s] -- Up-to-date symlink: /home/rosi/ws_dual_arm/install/easy_handeye2_msgs/include/easy_handeye2_msgs/easy_handeye2_msgs/msg/detail/handeye_calibration_parameters__builder.hpp
[2.726s] -- Up-to-date symlink: /home/rosi/ws_dual_arm/install/easy_handeye2_msgs/include/easy_handeye2_msgs/easy_handeye2_msgs/msg/detail/handeye_calibration_parameters__struct.hpp
[2.726s] -- Up-to-date symlink: /home/rosi/ws_dual_arm/install/easy_handeye2_msgs/include/easy_handeye2_msgs/easy_handeye2_msgs/msg/detail/handeye_calibration_parameters__traits.hpp
[2.727s] -- Up-to-date symlink: /home/rosi/ws_dual_arm/install/easy_handeye2_msgs/include/easy_handeye2_msgs/easy_handeye2_msgs/msg/detail/handeye_calibration_parameters__type_support.hpp
[2.727s] -- Up-to-date symlink: /home/rosi/ws_dual_arm/install/easy_handeye2_msgs/include/easy_handeye2_msgs/easy_handeye2_msgs/msg/detail/sample__builder.hpp
[2.727s] -- Up-to-date symlink: /home/rosi/ws_dual_arm/install/easy_handeye2_msgs/include/easy_handeye2_msgs/easy_handeye2_msgs/msg/detail/sample__struct.hpp
[2.728s] -- Up-to-date symlink: /home/rosi/ws_dual_arm/install/easy_handeye2_msgs/include/easy_handeye2_msgs/easy_handeye2_msgs/msg/detail/sample__traits.hpp
[2.728s] -- Up-to-date symlink: /home/rosi/ws_dual_arm/install/easy_handeye2_msgs/include/easy_handeye2_msgs/easy_handeye2_msgs/msg/detail/sample__type_support.hpp
[2.728s] -- Up-to-date symlink: /home/rosi/ws_dual_arm/install/easy_handeye2_msgs/include/easy_handeye2_msgs/easy_handeye2_msgs/msg/detail/sample_list__builder.hpp
[2.729s] -- Up-to-date symlink: /home/rosi/ws_dual_arm/install/easy_handeye2_msgs/include/easy_handeye2_msgs/easy_handeye2_msgs/msg/detail/sample_list__struct.hpp
[2.729s] -- Up-to-date symlink: /home/rosi/ws_dual_arm/install/easy_handeye2_msgs/include/easy_handeye2_msgs/easy_handeye2_msgs/msg/detail/sample_list__traits.hpp
[2.729s] -- Up-to-date symlink: /home/rosi/ws_dual_arm/install/easy_handeye2_msgs/include/easy_handeye2_msgs/easy_handeye2_msgs/msg/detail/sample_list__type_support.hpp
[2.730s] -- Up-to-date symlink: /home/rosi/ws_dual_arm/install/easy_handeye2_msgs/include/easy_handeye2_msgs/easy_handeye2_msgs/msg/detail/target_pose_list__builder.hpp
[2.730s] -- Up-to-date symlink: /home/rosi/ws_dual_arm/install/easy_handeye2_msgs/include/easy_handeye2_msgs/easy_handeye2_msgs/msg/detail/target_pose_list__struct.hpp
[2.730s] -- Up-to-date symlink: /home/rosi/ws_dual_arm/install/easy_handeye2_msgs/include/easy_handeye2_msgs/easy_handeye2_msgs/msg/detail/target_pose_list__traits.hpp
[2.731s] -- Up-to-date symlink: /home/rosi/ws_dual_arm/install/easy_handeye2_msgs/include/easy_handeye2_msgs/easy_handeye2_msgs/msg/detail/target_pose_list__type_support.hpp
[2.731s] -- Up-to-date symlink: /home/rosi/ws_dual_arm/install/easy_handeye2_msgs/include/easy_handeye2_msgs/easy_handeye2_msgs/msg/handeye_calibration.hpp
[2.731s] -- Up-to-date symlink: /home/rosi/ws_dual_arm/install/easy_handeye2_msgs/include/easy_handeye2_msgs/easy_handeye2_msgs/msg/handeye_calibration_parameters.hpp
[2.731s] -- Up-to-date symlink: /home/rosi/ws_dual_arm/install/easy_handeye2_msgs/include/easy_handeye2_msgs/easy_handeye2_msgs/msg/rosidl_generator_cpp__visibility_control.hpp
[2.732s] -- Up-to-date symlink: /home/rosi/ws_dual_arm/install/easy_handeye2_msgs/include/easy_handeye2_msgs/easy_handeye2_msgs/msg/sample.hpp
[2.732s] -- Up-to-date symlink: /home/rosi/ws_dual_arm/install/easy_handeye2_msgs/include/easy_handeye2_msgs/easy_handeye2_msgs/msg/sample_list.hpp
[2.732s] -- Up-to-date symlink: /home/rosi/ws_dual_arm/install/easy_handeye2_msgs/include/easy_handeye2_msgs/easy_handeye2_msgs/msg/target_pose_list.hpp
[2.732s] -- Up-to-date symlink: /home/rosi/ws_dual_arm/install/easy_handeye2_msgs/include/easy_handeye2_msgs/easy_handeye2_msgs/srv/check_starting_pose.hpp
[2.733s] -- Up-to-date symlink: /home/rosi/ws_dual_arm/install/easy_handeye2_msgs/include/easy_handeye2_msgs/easy_handeye2_msgs/srv/compute_calibration.hpp
[2.733s] -- Up-to-date symlink: /home/rosi/ws_dual_arm/install/easy_handeye2_msgs/include/easy_handeye2_msgs/easy_handeye2_msgs/srv/detail/check_starting_pose__builder.hpp
[2.733s] -- Up-to-date symlink: /home/rosi/ws_dual_arm/install/easy_handeye2_msgs/include/easy_handeye2_msgs/easy_handeye2_msgs/srv/detail/check_starting_pose__struct.hpp
[2.733s] -- Up-to-date symlink: /home/rosi/ws_dual_arm/install/easy_handeye2_msgs/include/easy_handeye2_msgs/easy_handeye2_msgs/srv/detail/check_starting_pose__traits.hpp
[2.734s] -- Up-to-date symlink: /home/rosi/ws_dual_arm/install/easy_handeye2_msgs/include/easy_handeye2_msgs/easy_handeye2_msgs/srv/detail/check_starting_pose__type_support.hpp
[2.734s] -- Up-to-date symlink: /home/rosi/ws_dual_arm/install/easy_handeye2_msgs/include/easy_handeye2_msgs/easy_handeye2_msgs/srv/detail/compute_calibration__builder.hpp
[2.734s] -- Up-to-date symlink: /home/rosi/ws_dual_arm/install/easy_handeye2_msgs/include/easy_handeye2_msgs/easy_handeye2_msgs/srv/detail/compute_calibration__struct.hpp
[2.734s] -- Up-to-date symlink: /home/rosi/ws_dual_arm/install/easy_handeye2_msgs/include/easy_handeye2_msgs/easy_handeye2_msgs/srv/detail/compute_calibration__traits.hpp
[2.735s] -- Up-to-date symlink: /home/rosi/ws_dual_arm/install/easy_handeye2_msgs/include/easy_handeye2_msgs/easy_handeye2_msgs/srv/detail/compute_calibration__type_support.hpp
[2.735s] -- Up-to-date symlink: /home/rosi/ws_dual_arm/install/easy_handeye2_msgs/include/easy_handeye2_msgs/easy_handeye2_msgs/srv/detail/enumerate_target_poses__builder.hpp
[2.735s] -- Up-to-date symlink: /home/rosi/ws_dual_arm/install/easy_handeye2_msgs/include/easy_handeye2_msgs/easy_handeye2_msgs/srv/detail/enumerate_target_poses__struct.hpp
[2.735s] -- Up-to-date symlink: /home/rosi/ws_dual_arm/install/easy_handeye2_msgs/include/easy_handeye2_msgs/easy_handeye2_msgs/srv/detail/enumerate_target_poses__traits.hpp
[2.736s] -- Up-to-date symlink: /home/rosi/ws_dual_arm/install/easy_handeye2_msgs/include/easy_handeye2_msgs/easy_handeye2_msgs/srv/detail/enumerate_target_poses__type_support.hpp
[2.736s] -- Up-to-date symlink: /home/rosi/ws_dual_arm/install/easy_handeye2_msgs/include/easy_handeye2_msgs/easy_handeye2_msgs/srv/detail/execute_plan__builder.hpp
[2.736s] -- Up-to-date symlink: /home/rosi/ws_dual_arm/install/easy_handeye2_msgs/include/easy_handeye2_msgs/easy_handeye2_msgs/srv/detail/execute_plan__struct.hpp
[2.736s] -- Up-to-date symlink: /home/rosi/ws_dual_arm/install/easy_handeye2_msgs/include/easy_handeye2_msgs/easy_handeye2_msgs/srv/detail/execute_plan__traits.hpp
[2.737s] -- Up-to-date symlink: /home/rosi/ws_dual_arm/install/easy_handeye2_msgs/include/easy_handeye2_msgs/easy_handeye2_msgs/srv/detail/execute_plan__type_support.hpp
[2.737s] -- Up-to-date symlink: /home/rosi/ws_dual_arm/install/easy_handeye2_msgs/include/easy_handeye2_msgs/easy_handeye2_msgs/srv/detail/list_algorithms__builder.hpp
[2.737s] -- Up-to-date symlink: /home/rosi/ws_dual_arm/install/easy_handeye2_msgs/include/easy_handeye2_msgs/easy_handeye2_msgs/srv/detail/list_algorithms__struct.hpp
[2.737s] -- Up-to-date symlink: /home/rosi/ws_dual_arm/install/easy_handeye2_msgs/include/easy_handeye2_msgs/easy_handeye2_msgs/srv/detail/list_algorithms__traits.hpp
[2.738s] -- Up-to-date symlink: /home/rosi/ws_dual_arm/install/easy_handeye2_msgs/include/easy_handeye2_msgs/easy_handeye2_msgs/srv/detail/list_algorithms__type_support.hpp
[2.738s] -- Up-to-date symlink: /home/rosi/ws_dual_arm/install/easy_handeye2_msgs/include/easy_handeye2_msgs/easy_handeye2_msgs/srv/detail/load_samples__builder.hpp
[2.739s] -- Up-to-date symlink: /home/rosi/ws_dual_arm/install/easy_handeye2_msgs/include/easy_handeye2_msgs/easy_handeye2_msgs/srv/detail/load_samples__struct.hpp
[2.739s] -- Up-to-date symlink: /home/rosi/ws_dual_arm/install/easy_handeye2_msgs/include/easy_handeye2_msgs/easy_handeye2_msgs/srv/detail/load_samples__traits.hpp
[2.740s] -- Up-to-date symlink: /home/rosi/ws_dual_arm/install/easy_handeye2_msgs/include/easy_handeye2_msgs/easy_handeye2_msgs/srv/detail/load_samples__type_support.hpp
[2.740s] -- Up-to-date symlink: /home/rosi/ws_dual_arm/install/easy_handeye2_msgs/include/easy_handeye2_msgs/easy_handeye2_msgs/srv/detail/plan_to_selected_target_pose__builder.hpp
[2.740s] -- Up-to-date symlink: /home/rosi/ws_dual_arm/install/easy_handeye2_msgs/include/easy_handeye2_msgs/easy_handeye2_msgs/srv/detail/plan_to_selected_target_pose__struct.hpp
[2.741s] -- Up-to-date symlink: /home/rosi/ws_dual_arm/install/easy_handeye2_msgs/include/easy_handeye2_msgs/easy_handeye2_msgs/srv/detail/plan_to_selected_target_pose__traits.hpp
[2.741s] -- Up-to-date symlink: /home/rosi/ws_dual_arm/install/easy_handeye2_msgs/include/easy_handeye2_msgs/easy_handeye2_msgs/srv/detail/plan_to_selected_target_pose__type_support.hpp
[2.741s] -- Up-to-date symlink: /home/rosi/ws_dual_arm/install/easy_handeye2_msgs/include/easy_handeye2_msgs/easy_handeye2_msgs/srv/detail/remove_sample__builder.hpp
[2.742s] -- Up-to-date symlink: /home/rosi/ws_dual_arm/install/easy_handeye2_msgs/include/easy_handeye2_msgs/easy_handeye2_msgs/srv/detail/remove_sample__struct.hpp
[2.742s] -- Up-to-date symlink: /home/rosi/ws_dual_arm/install/easy_handeye2_msgs/include/easy_handeye2_msgs/easy_handeye2_msgs/srv/detail/remove_sample__traits.hpp
[2.743s] -- Up-to-date symlink: /home/rosi/ws_dual_arm/install/easy_handeye2_msgs/include/easy_handeye2_msgs/easy_handeye2_msgs/srv/detail/remove_sample__type_support.hpp
[2.743s] -- Up-to-date symlink: /home/rosi/ws_dual_arm/install/easy_handeye2_msgs/include/easy_handeye2_msgs/easy_handeye2_msgs/srv/detail/save_calibration__builder.hpp
[2.744s] -- Up-to-date symlink: /home/rosi/ws_dual_arm/install/easy_handeye2_msgs/include/easy_handeye2_msgs/easy_handeye2_msgs/srv/detail/save_calibration__struct.hpp
[2.744s] -- Up-to-date symlink: /home/rosi/ws_dual_arm/install/easy_handeye2_msgs/include/easy_handeye2_msgs/easy_handeye2_msgs/srv/detail/save_calibration__traits.hpp
[2.745s] -- Up-to-date symlink: /home/rosi/ws_dual_arm/install/easy_handeye2_msgs/include/easy_handeye2_msgs/easy_handeye2_msgs/srv/detail/save_calibration__type_support.hpp
[2.745s] -- Up-to-date symlink: /home/rosi/ws_dual_arm/install/easy_handeye2_msgs/include/easy_handeye2_msgs/easy_handeye2_msgs/srv/detail/save_samples__builder.hpp
[2.745s] -- Up-to-date symlink: /home/rosi/ws_dual_arm/install/easy_handeye2_msgs/include/easy_handeye2_msgs/easy_handeye2_msgs/srv/detail/save_samples__struct.hpp
[2.746s] -- Up-to-date symlink: /home/rosi/ws_dual_arm/install/easy_handeye2_msgs/include/easy_handeye2_msgs/easy_handeye2_msgs/srv/detail/save_samples__traits.hpp
[2.746s] -- Up-to-date symlink: /home/rosi/ws_dual_arm/install/easy_handeye2_msgs/include/easy_handeye2_msgs/easy_handeye2_msgs/srv/detail/save_samples__type_support.hpp
[2.746s] -- Up-to-date symlink: /home/rosi/ws_dual_arm/install/easy_handeye2_msgs/include/easy_handeye2_msgs/easy_handeye2_msgs/srv/detail/select_target_pose__builder.hpp
[2.747s] -- Up-to-date symlink: /home/rosi/ws_dual_arm/install/easy_handeye2_msgs/include/easy_handeye2_msgs/easy_handeye2_msgs/srv/detail/select_target_pose__struct.hpp
[2.747s] -- Up-to-date symlink: /home/rosi/ws_dual_arm/install/easy_handeye2_msgs/include/easy_handeye2_msgs/easy_handeye2_msgs/srv/detail/select_target_pose__traits.hpp
[2.747s] -- Up-to-date symlink: /home/rosi/ws_dual_arm/install/easy_handeye2_msgs/include/easy_handeye2_msgs/easy_handeye2_msgs/srv/detail/select_target_pose__type_support.hpp
[2.747s] -- Up-to-date symlink: /home/rosi/ws_dual_arm/install/easy_handeye2_msgs/include/easy_handeye2_msgs/easy_handeye2_msgs/srv/detail/set_algorithm__builder.hpp
[2.747s] -- Up-to-date symlink: /home/rosi/ws_dual_arm/install/easy_handeye2_msgs/include/easy_handeye2_msgs/easy_handeye2_msgs/srv/detail/set_algorithm__struct.hpp
[2.748s] -- Up-to-date symlink: /home/rosi/ws_dual_arm/install/easy_handeye2_msgs/include/easy_handeye2_msgs/easy_handeye2_msgs/srv/detail/set_algorithm__traits.hpp
[2.748s] -- Up-to-date symlink: /home/rosi/ws_dual_arm/install/easy_handeye2_msgs/include/easy_handeye2_msgs/easy_handeye2_msgs/srv/detail/set_algorithm__type_support.hpp
[2.748s] -- Up-to-date symlink: /home/rosi/ws_dual_arm/install/easy_handeye2_msgs/include/easy_handeye2_msgs/easy_handeye2_msgs/srv/detail/take_sample__builder.hpp
[2.748s] -- Up-to-date symlink: /home/rosi/ws_dual_arm/install/easy_handeye2_msgs/include/easy_handeye2_msgs/easy_handeye2_msgs/srv/detail/take_sample__struct.hpp
[2.748s] -- Up-to-date symlink: /home/rosi/ws_dual_arm/install/easy_handeye2_msgs/include/easy_handeye2_msgs/easy_handeye2_msgs/srv/detail/take_sample__traits.hpp
[2.749s] -- Up-to-date symlink: /home/rosi/ws_dual_arm/install/easy_handeye2_msgs/include/easy_handeye2_msgs/easy_handeye2_msgs/srv/detail/take_sample__type_support.hpp
[2.749s] -- Up-to-date symlink: /home/rosi/ws_dual_arm/install/easy_handeye2_msgs/include/easy_handeye2_msgs/easy_handeye2_msgs/srv/enumerate_target_poses.hpp
[2.749s] -- Up-to-date symlink: /home/rosi/ws_dual_arm/install/easy_handeye2_msgs/include/easy_handeye2_msgs/easy_handeye2_msgs/srv/execute_plan.hpp
[2.749s] -- Up-to-date symlink: /home/rosi/ws_dual_arm/install/easy_handeye2_msgs/include/easy_handeye2_msgs/easy_handeye2_msgs/srv/list_algorithms.hpp
[2.749s] -- Up-to-date symlink: /home/rosi/ws_dual_arm/install/easy_handeye2_msgs/include/easy_handeye2_msgs/easy_handeye2_msgs/srv/load_samples.hpp
[2.750s] -- Up-to-date symlink: /home/rosi/ws_dual_arm/install/easy_handeye2_msgs/include/easy_handeye2_msgs/easy_handeye2_msgs/srv/plan_to_selected_target_pose.hpp
[2.750s] -- Up-to-date symlink: /home/rosi/ws_dual_arm/install/easy_handeye2_msgs/include/easy_handeye2_msgs/easy_handeye2_msgs/srv/remove_sample.hpp
[2.750s] -- Up-to-date symlink: /home/rosi/ws_dual_arm/install/easy_handeye2_msgs/include/easy_handeye2_msgs/easy_handeye2_msgs/srv/save_calibration.hpp
[2.750s] -- Up-to-date symlink: /home/rosi/ws_dual_arm/install/easy_handeye2_msgs/include/easy_handeye2_msgs/easy_handeye2_msgs/srv/save_samples.hpp
[2.750s] -- Up-to-date symlink: /home/rosi/ws_dual_arm/install/easy_handeye2_msgs/include/easy_handeye2_msgs/easy_handeye2_msgs/srv/select_target_pose.hpp
[2.750s] -- Up-to-date symlink: /home/rosi/ws_dual_arm/install/easy_handeye2_msgs/include/easy_handeye2_msgs/easy_handeye2_msgs/srv/set_algorithm.hpp
[2.750s] -- Up-to-date symlink: /home/rosi/ws_dual_arm/install/easy_handeye2_msgs/include/easy_handeye2_msgs/easy_handeye2_msgs/srv/take_sample.hpp
[2.752s] -- Up-to-date symlink: /home/rosi/ws_dual_arm/install/easy_handeye2_msgs/include/easy_handeye2_msgs/easy_handeye2_msgs/msg/detail/handeye_calibration__rosidl_typesupport_fastrtps_cpp.hpp
[2.752s] -- Up-to-date symlink: /home/rosi/ws_dual_arm/install/easy_handeye2_msgs/include/easy_handeye2_msgs/easy_handeye2_msgs/msg/detail/handeye_calibration_parameters__rosidl_typesupport_fastrtps_cpp.hpp
[2.752s] -- Up-to-date symlink: /home/rosi/ws_dual_arm/install/easy_handeye2_msgs/include/easy_handeye2_msgs/easy_handeye2_msgs/msg/detail/sample__rosidl_typesupport_fastrtps_cpp.hpp
[2.752s] -- Up-to-date symlink: /home/rosi/ws_dual_arm/install/easy_handeye2_msgs/include/easy_handeye2_msgs/easy_handeye2_msgs/msg/detail/sample_list__rosidl_typesupport_fastrtps_cpp.hpp
[2.752s] -- Up-to-date symlink: /home/rosi/ws_dual_arm/install/easy_handeye2_msgs/include/easy_handeye2_msgs/easy_handeye2_msgs/msg/detail/target_pose_list__rosidl_typesupport_fastrtps_cpp.hpp
[2.752s] -- Up-to-date symlink: /home/rosi/ws_dual_arm/install/easy_handeye2_msgs/include/easy_handeye2_msgs/easy_handeye2_msgs/msg/rosidl_typesupport_fastrtps_cpp__visibility_control.h
[2.753s] -- Up-to-date symlink: /home/rosi/ws_dual_arm/install/easy_handeye2_msgs/include/easy_handeye2_msgs/easy_handeye2_msgs/srv/detail/check_starting_pose__rosidl_typesupport_fastrtps_cpp.hpp
[2.753s] -- Up-to-date symlink: /home/rosi/ws_dual_arm/install/easy_handeye2_msgs/include/easy_handeye2_msgs/easy_handeye2_msgs/srv/detail/compute_calibration__rosidl_typesupport_fastrtps_cpp.hpp
[2.753s] -- Up-to-date symlink: /home/rosi/ws_dual_arm/install/easy_handeye2_msgs/include/easy_handeye2_msgs/easy_handeye2_msgs/srv/detail/enumerate_target_poses__rosidl_typesupport_fastrtps_cpp.hpp
[2.753s] -- Up-to-date symlink: /home/rosi/ws_dual_arm/install/easy_handeye2_msgs/include/easy_handeye2_msgs/easy_handeye2_msgs/srv/detail/execute_plan__rosidl_typesupport_fastrtps_cpp.hpp
[2.753s] -- Up-to-date symlink: /home/rosi/ws_dual_arm/install/easy_handeye2_msgs/include/easy_handeye2_msgs/easy_handeye2_msgs/srv/detail/list_algorithms__rosidl_typesupport_fastrtps_cpp.hpp
[2.753s] -- Up-to-date symlink: /home/rosi/ws_dual_arm/install/easy_handeye2_msgs/include/easy_handeye2_msgs/easy_handeye2_msgs/srv/detail/load_samples__rosidl_typesupport_fastrtps_cpp.hpp
[2.753s] -- Up-to-date symlink: /home/rosi/ws_dual_arm/install/easy_handeye2_msgs/include/easy_handeye2_msgs/easy_handeye2_msgs/srv/detail/plan_to_selected_target_pose__rosidl_typesupport_fastrtps_cpp.hpp
[2.754s] -- Up-to-date symlink: /home/rosi/ws_dual_arm/install/easy_handeye2_msgs/include/easy_handeye2_msgs/easy_handeye2_msgs/srv/detail/remove_sample__rosidl_typesupport_fastrtps_cpp.hpp
[2.754s] -- Up-to-date symlink: /home/rosi/ws_dual_arm/install/easy_handeye2_msgs/include/easy_handeye2_msgs/easy_handeye2_msgs/srv/detail/save_calibration__rosidl_typesupport_fastrtps_cpp.hpp
[2.754s] -- Up-to-date symlink: /home/rosi/ws_dual_arm/install/easy_handeye2_msgs/include/easy_handeye2_msgs/easy_handeye2_msgs/srv/detail/save_samples__rosidl_typesupport_fastrtps_cpp.hpp
[2.754s] -- Up-to-date symlink: /home/rosi/ws_dual_arm/install/easy_handeye2_msgs/include/easy_handeye2_msgs/easy_handeye2_msgs/srv/detail/select_target_pose__rosidl_typesupport_fastrtps_cpp.hpp
[2.754s] -- Up-to-date symlink: /home/rosi/ws_dual_arm/install/easy_handeye2_msgs/include/easy_handeye2_msgs/easy_handeye2_msgs/srv/detail/set_algorithm__rosidl_typesupport_fastrtps_cpp.hpp
[2.754s] -- Up-to-date symlink: /home/rosi/ws_dual_arm/install/easy_handeye2_msgs/include/easy_handeye2_msgs/easy_handeye2_msgs/srv/detail/take_sample__rosidl_typesupport_fastrtps_cpp.hpp
[2.755s] -- Up-to-date symlink: /home/rosi/ws_dual_arm/install/easy_handeye2_msgs/include/easy_handeye2_msgs/easy_handeye2_msgs/msg/detail/handeye_calibration__rosidl_typesupport_introspection_cpp.hpp
[2.755s] -- Up-to-date symlink: /home/rosi/ws_dual_arm/install/easy_handeye2_msgs/include/easy_handeye2_msgs/easy_handeye2_msgs/msg/detail/handeye_calibration_parameters__rosidl_typesupport_introspection_cpp.hpp
[2.755s] -- Up-to-date symlink: /home/rosi/ws_dual_arm/install/easy_handeye2_msgs/include/easy_handeye2_msgs/easy_handeye2_msgs/msg/detail/sample__rosidl_typesupport_introspection_cpp.hpp
[2.755s] -- Up-to-date symlink: /home/rosi/ws_dual_arm/install/easy_handeye2_msgs/include/easy_handeye2_msgs/easy_handeye2_msgs/msg/detail/sample_list__rosidl_typesupport_introspection_cpp.hpp
[2.756s] -- Up-to-date symlink: /home/rosi/ws_dual_arm/install/easy_handeye2_msgs/include/easy_handeye2_msgs/easy_handeye2_msgs/msg/detail/target_pose_list__rosidl_typesupport_introspection_cpp.hpp
[2.756s] -- Up-to-date symlink: /home/rosi/ws_dual_arm/install/easy_handeye2_msgs/include/easy_handeye2_msgs/easy_handeye2_msgs/srv/detail/check_starting_pose__rosidl_typesupport_introspection_cpp.hpp
[2.756s] -- Up-to-date symlink: /home/rosi/ws_dual_arm/install/easy_handeye2_msgs/include/easy_handeye2_msgs/easy_handeye2_msgs/srv/detail/compute_calibration__rosidl_typesupport_introspection_cpp.hpp
[2.757s] -- Up-to-date symlink: /home/rosi/ws_dual_arm/install/easy_handeye2_msgs/include/easy_handeye2_msgs/easy_handeye2_msgs/srv/detail/enumerate_target_poses__rosidl_typesupport_introspection_cpp.hpp
[2.757s] -- Up-to-date symlink: /home/rosi/ws_dual_arm/install/easy_handeye2_msgs/include/easy_handeye2_msgs/easy_handeye2_msgs/srv/detail/execute_plan__rosidl_typesupport_introspection_cpp.hpp
[2.757s] -- Up-to-date symlink: /home/rosi/ws_dual_arm/install/easy_handeye2_msgs/include/easy_handeye2_msgs/easy_handeye2_msgs/srv/detail/list_algorithms__rosidl_typesupport_introspection_cpp.hpp
[2.758s] -- Up-to-date symlink: /home/rosi/ws_dual_arm/install/easy_handeye2_msgs/include/easy_handeye2_msgs/easy_handeye2_msgs/srv/detail/load_samples__rosidl_typesupport_introspection_cpp.hpp
[2.758s] -- Up-to-date symlink: /home/rosi/ws_dual_arm/install/easy_handeye2_msgs/include/easy_handeye2_msgs/easy_handeye2_msgs/srv/detail/plan_to_selected_target_pose__rosidl_typesupport_introspection_cpp.hpp
[2.758s] -- Up-to-date symlink: /home/rosi/ws_dual_arm/install/easy_handeye2_msgs/include/easy_handeye2_msgs/easy_handeye2_msgs/srv/detail/remove_sample__rosidl_typesupport_introspection_cpp.hpp
[2.759s] -- Up-to-date symlink: /home/rosi/ws_dual_arm/install/easy_handeye2_msgs/include/easy_handeye2_msgs/easy_handeye2_msgs/srv/detail/save_calibration__rosidl_typesupport_introspection_cpp.hpp
[2.759s] -- Up-to-date symlink: /home/rosi/ws_dual_arm/install/easy_handeye2_msgs/include/easy_handeye2_msgs/easy_handeye2_msgs/srv/detail/save_samples__rosidl_typesupport_introspection_cpp.hpp
[2.759s] -- Up-to-date symlink: /home/rosi/ws_dual_arm/install/easy_handeye2_msgs/include/easy_handeye2_msgs/easy_handeye2_msgs/srv/detail/select_target_pose__rosidl_typesupport_introspection_cpp.hpp
[2.760s] -- Up-to-date symlink: /home/rosi/ws_dual_arm/install/easy_handeye2_msgs/include/easy_handeye2_msgs/easy_handeye2_msgs/srv/detail/set_algorithm__rosidl_typesupport_introspection_cpp.hpp
[2.760s] -- Up-to-date symlink: /home/rosi/ws_dual_arm/install/easy_handeye2_msgs/include/easy_handeye2_msgs/easy_handeye2_msgs/srv/detail/take_sample__rosidl_typesupport_introspection_cpp.hpp
[2.760s] -- Up-to-date symlink: /home/rosi/ws_dual_arm/install/easy_handeye2_msgs/share/easy_handeye2_msgs/environment/pythonpath.sh
[2.761s] -- Up-to-date symlink: /home/rosi/ws_dual_arm/install/easy_handeye2_msgs/share/easy_handeye2_msgs/environment/pythonpath.dsv
[2.762s] -- Up-to-date symlink: /home/rosi/ws_dual_arm/install/easy_handeye2_msgs/local/lib/python3.10/dist-packages/easy_handeye2_msgs-0.5.0-py3.10.egg-info/PKG-INFO
[2.762s] -- Up-to-date symlink: /home/rosi/ws_dual_arm/install/easy_handeye2_msgs/local/lib/python3.10/dist-packages/easy_handeye2_msgs-0.5.0-py3.10.egg-info/SOURCES.txt
[2.763s] -- Up-to-date symlink: /home/rosi/ws_dual_arm/install/easy_handeye2_msgs/local/lib/python3.10/dist-packages/easy_handeye2_msgs-0.5.0-py3.10.egg-info/dependency_links.txt
[2.763s] -- Up-to-date symlink: /home/rosi/ws_dual_arm/install/easy_handeye2_msgs/local/lib/python3.10/dist-packages/easy_handeye2_msgs-0.5.0-py3.10.egg-info/top_level.txt
[2.765s] -- Up-to-date symlink: /home/rosi/ws_dual_arm/install/easy_handeye2_msgs/local/lib/python3.10/dist-packages/easy_handeye2_msgs/__init__.py
[2.765s] -- Up-to-date symlink: /home/rosi/ws_dual_arm/install/easy_handeye2_msgs/local/lib/python3.10/dist-packages/easy_handeye2_msgs/_easy_handeye2_msgs_s.ep.rosidl_typesupport_c.c
[2.765s] -- Up-to-date symlink: /home/rosi/ws_dual_arm/install/easy_handeye2_msgs/local/lib/python3.10/dist-packages/easy_handeye2_msgs/_easy_handeye2_msgs_s.ep.rosidl_typesupport_fastrtps_c.c
[2.766s] -- Up-to-date symlink: /home/rosi/ws_dual_arm/install/easy_handeye2_msgs/local/lib/python3.10/dist-packages/easy_handeye2_msgs/_easy_handeye2_msgs_s.ep.rosidl_typesupport_introspection_c.c
[2.766s] -- Up-to-date symlink: /home/rosi/ws_dual_arm/install/easy_handeye2_msgs/local/lib/python3.10/dist-packages/easy_handeye2_msgs/easy_handeye2_msgs_s__rosidl_typesupport_c.cpython-310-x86_64-linux-gnu.so
[2.767s] -- Up-to-date symlink: /home/rosi/ws_dual_arm/install/easy_handeye2_msgs/local/lib/python3.10/dist-packages/easy_handeye2_msgs/easy_handeye2_msgs_s__rosidl_typesupport_fastrtps_c.cpython-310-x86_64-linux-gnu.so
[2.767s] -- Up-to-date symlink: /home/rosi/ws_dual_arm/install/easy_handeye2_msgs/local/lib/python3.10/dist-packages/easy_handeye2_msgs/easy_handeye2_msgs_s__rosidl_typesupport_introspection_c.cpython-310-x86_64-linux-gnu.so
[2.767s] -- Up-to-date symlink: /home/rosi/ws_dual_arm/install/easy_handeye2_msgs/local/lib/python3.10/dist-packages/easy_handeye2_msgs/libeasy_handeye2_msgs__rosidl_generator_py.so
[2.768s] -- Up-to-date symlink: /home/rosi/ws_dual_arm/install/easy_handeye2_msgs/local/lib/python3.10/dist-packages/easy_handeye2_msgs/msg/__init__.py
[2.768s] -- Up-to-date symlink: /home/rosi/ws_dual_arm/install/easy_handeye2_msgs/local/lib/python3.10/dist-packages/easy_handeye2_msgs/msg/_handeye_calibration.py
[2.768s] -- Up-to-date symlink: /home/rosi/ws_dual_arm/install/easy_handeye2_msgs/local/lib/python3.10/dist-packages/easy_handeye2_msgs/msg/_handeye_calibration_parameters.py
[2.769s] -- Up-to-date symlink: /home/rosi/ws_dual_arm/install/easy_handeye2_msgs/local/lib/python3.10/dist-packages/easy_handeye2_msgs/msg/_handeye_calibration_parameters_s.c
[2.769s] -- Up-to-date symlink: /home/rosi/ws_dual_arm/install/easy_handeye2_msgs/local/lib/python3.10/dist-packages/easy_handeye2_msgs/msg/_handeye_calibration_s.c
[2.769s] -- Up-to-date symlink: /home/rosi/ws_dual_arm/install/easy_handeye2_msgs/local/lib/python3.10/dist-packages/easy_handeye2_msgs/msg/_sample.py
[2.769s] -- Up-to-date symlink: /home/rosi/ws_dual_arm/install/easy_handeye2_msgs/local/lib/python3.10/dist-packages/easy_handeye2_msgs/msg/_sample_list.py
[2.770s] -- Up-to-date symlink: /home/rosi/ws_dual_arm/install/easy_handeye2_msgs/local/lib/python3.10/dist-packages/easy_handeye2_msgs/msg/_sample_list_s.c
[2.770s] -- Up-to-date symlink: /home/rosi/ws_dual_arm/install/easy_handeye2_msgs/local/lib/python3.10/dist-packages/easy_handeye2_msgs/msg/_sample_s.c
[2.770s] -- Up-to-date symlink: /home/rosi/ws_dual_arm/install/easy_handeye2_msgs/local/lib/python3.10/dist-packages/easy_handeye2_msgs/msg/_target_pose_list.py
[2.771s] -- Up-to-date symlink: /home/rosi/ws_dual_arm/install/easy_handeye2_msgs/local/lib/python3.10/dist-packages/easy_handeye2_msgs/msg/_target_pose_list_s.c
[2.771s] -- Up-to-date symlink: /home/rosi/ws_dual_arm/install/easy_handeye2_msgs/local/lib/python3.10/dist-packages/easy_handeye2_msgs/srv/__init__.py
[2.771s] -- Up-to-date symlink: /home/rosi/ws_dual_arm/install/easy_handeye2_msgs/local/lib/python3.10/dist-packages/easy_handeye2_msgs/srv/_check_starting_pose.py
[2.771s] -- Up-to-date symlink: /home/rosi/ws_dual_arm/install/easy_handeye2_msgs/local/lib/python3.10/dist-packages/easy_handeye2_msgs/srv/_check_starting_pose_s.c
[2.772s] -- Up-to-date symlink: /home/rosi/ws_dual_arm/install/easy_handeye2_msgs/local/lib/python3.10/dist-packages/easy_handeye2_msgs/srv/_compute_calibration.py
[2.772s] -- Up-to-date symlink: /home/rosi/ws_dual_arm/install/easy_handeye2_msgs/local/lib/python3.10/dist-packages/easy_handeye2_msgs/srv/_compute_calibration_s.c
[2.772s] -- Up-to-date symlink: /home/rosi/ws_dual_arm/install/easy_handeye2_msgs/local/lib/python3.10/dist-packages/easy_handeye2_msgs/srv/_enumerate_target_poses.py
[2.773s] -- Up-to-date symlink: /home/rosi/ws_dual_arm/install/easy_handeye2_msgs/local/lib/python3.10/dist-packages/easy_handeye2_msgs/srv/_enumerate_target_poses_s.c
[2.773s] -- Up-to-date symlink: /home/rosi/ws_dual_arm/install/easy_handeye2_msgs/local/lib/python3.10/dist-packages/easy_handeye2_msgs/srv/_execute_plan.py
[2.773s] -- Up-to-date symlink: /home/rosi/ws_dual_arm/install/easy_handeye2_msgs/local/lib/python3.10/dist-packages/easy_handeye2_msgs/srv/_execute_plan_s.c
[2.774s] -- Up-to-date symlink: /home/rosi/ws_dual_arm/install/easy_handeye2_msgs/local/lib/python3.10/dist-packages/easy_handeye2_msgs/srv/_list_algorithms.py
[2.774s] -- Up-to-date symlink: /home/rosi/ws_dual_arm/install/easy_handeye2_msgs/local/lib/python3.10/dist-packages/easy_handeye2_msgs/srv/_list_algorithms_s.c
[2.774s] -- Up-to-date symlink: /home/rosi/ws_dual_arm/install/easy_handeye2_msgs/local/lib/python3.10/dist-packages/easy_handeye2_msgs/srv/_load_samples.py
[2.774s] -- Up-to-date symlink: /home/rosi/ws_dual_arm/install/easy_handeye2_msgs/local/lib/python3.10/dist-packages/easy_handeye2_msgs/srv/_load_samples_s.c
[2.775s] -- Up-to-date symlink: /home/rosi/ws_dual_arm/install/easy_handeye2_msgs/local/lib/python3.10/dist-packages/easy_handeye2_msgs/srv/_plan_to_selected_target_pose.py
[2.775s] -- Up-to-date symlink: /home/rosi/ws_dual_arm/install/easy_handeye2_msgs/local/lib/python3.10/dist-packages/easy_handeye2_msgs/srv/_plan_to_selected_target_pose_s.c
[2.775s] -- Up-to-date symlink: /home/rosi/ws_dual_arm/install/easy_handeye2_msgs/local/lib/python3.10/dist-packages/easy_handeye2_msgs/srv/_remove_sample.py
[2.775s] -- Up-to-date symlink: /home/rosi/ws_dual_arm/install/easy_handeye2_msgs/local/lib/python3.10/dist-packages/easy_handeye2_msgs/srv/_remove_sample_s.c
[2.776s] -- Up-to-date symlink: /home/rosi/ws_dual_arm/install/easy_handeye2_msgs/local/lib/python3.10/dist-packages/easy_handeye2_msgs/srv/_save_calibration.py
[2.776s] -- Up-to-date symlink: /home/rosi/ws_dual_arm/install/easy_handeye2_msgs/local/lib/python3.10/dist-packages/easy_handeye2_msgs/srv/_save_calibration_s.c
[2.776s] -- Up-to-date symlink: /home/rosi/ws_dual_arm/install/easy_handeye2_msgs/local/lib/python3.10/dist-packages/easy_handeye2_msgs/srv/_save_samples.py
[2.776s] -- Up-to-date symlink: /home/rosi/ws_dual_arm/install/easy_handeye2_msgs/local/lib/python3.10/dist-packages/easy_handeye2_msgs/srv/_save_samples_s.c
[2.776s] -- Up-to-date symlink: /home/rosi/ws_dual_arm/install/easy_handeye2_msgs/local/lib/python3.10/dist-packages/easy_handeye2_msgs/srv/_select_target_pose.py
[2.777s] -- Up-to-date symlink: /home/rosi/ws_dual_arm/install/easy_handeye2_msgs/local/lib/python3.10/dist-packages/easy_handeye2_msgs/srv/_select_target_pose_s.c
[2.777s] -- Up-to-date symlink: /home/rosi/ws_dual_arm/install/easy_handeye2_msgs/local/lib/python3.10/dist-packages/easy_handeye2_msgs/srv/_set_algorithm.py
[2.777s] -- Up-to-date symlink: /home/rosi/ws_dual_arm/install/easy_handeye2_msgs/local/lib/python3.10/dist-packages/easy_handeye2_msgs/srv/_set_algorithm_s.c
[2.777s] -- Up-to-date symlink: /home/rosi/ws_dual_arm/install/easy_handeye2_msgs/local/lib/python3.10/dist-packages/easy_handeye2_msgs/srv/_take_sample.py
[2.778s] -- Up-to-date symlink: /home/rosi/ws_dual_arm/install/easy_handeye2_msgs/local/lib/python3.10/dist-packages/easy_handeye2_msgs/srv/_take_sample_s.c
[2.778s] -- Up-to-date symlink: /home/rosi/ws_dual_arm/install/easy_handeye2_msgs/local/lib/python3.10/dist-packages/easy_handeye2_msgs/easy_handeye2_msgs_s__rosidl_typesupport_fastrtps_c.cpython-310-x86_64-linux-gnu.so
[2.779s] -- Up-to-date symlink: /home/rosi/ws_dual_arm/install/easy_handeye2_msgs/local/lib/python3.10/dist-packages/easy_handeye2_msgs/easy_handeye2_msgs_s__rosidl_typesupport_introspection_c.cpython-310-x86_64-linux-gnu.so
[2.779s] -- Up-to-date symlink: /home/rosi/ws_dual_arm/install/easy_handeye2_msgs/local/lib/python3.10/dist-packages/easy_handeye2_msgs/easy_handeye2_msgs_s__rosidl_typesupport_c.cpython-310-x86_64-linux-gnu.so
[2.780s] -- Up-to-date symlink: /home/rosi/ws_dual_arm/install/easy_handeye2_msgs/share/ament_index/resource_index/rust_packages/easy_handeye2_msgs
[2.781s] -- Up-to-date symlink: /home/rosi/ws_dual_arm/install/easy_handeye2_msgs/share/easy_handeye2_msgs/rust/Cargo.toml
[2.781s] -- Up-to-date symlink: /home/rosi/ws_dual_arm/install/easy_handeye2_msgs/share/easy_handeye2_msgs/rust/build.rs
[2.781s] -- Up-to-date symlink: /home/rosi/ws_dual_arm/install/easy_handeye2_msgs/share/easy_handeye2_msgs/rust/src/lib.rs
[2.781s] -- Up-to-date symlink: /home/rosi/ws_dual_arm/install/easy_handeye2_msgs/share/easy_handeye2_msgs/rust/src/msg.rs
[2.782s] -- Up-to-date symlink: /home/rosi/ws_dual_arm/install/easy_handeye2_msgs/share/easy_handeye2_msgs/rust/src/msg/rmw.rs
[2.782s] -- Up-to-date symlink: /home/rosi/ws_dual_arm/install/easy_handeye2_msgs/share/easy_handeye2_msgs/rust/src/srv.rs
[2.782s] -- Up-to-date symlink: /home/rosi/ws_dual_arm/install/easy_handeye2_msgs/share/easy_handeye2_msgs/rust/src/srv/rmw.rs
[2.783s] -- Up-to-date symlink: /home/rosi/ws_dual_arm/install/easy_handeye2_msgs/share/easy_handeye2_msgs/msg/HandeyeCalibration.idl
[2.783s] -- Up-to-date symlink: /home/rosi/ws_dual_arm/install/easy_handeye2_msgs/share/easy_handeye2_msgs/msg/HandeyeCalibrationParameters.idl
[2.783s] -- Up-to-date symlink: /home/rosi/ws_dual_arm/install/easy_handeye2_msgs/share/easy_handeye2_msgs/msg/Sample.idl
[2.784s] -- Up-to-date symlink: /home/rosi/ws_dual_arm/install/easy_handeye2_msgs/share/easy_handeye2_msgs/msg/SampleList.idl
[2.784s] -- Up-to-date symlink: /home/rosi/ws_dual_arm/install/easy_handeye2_msgs/share/easy_handeye2_msgs/msg/TargetPoseList.idl
[2.785s] -- Up-to-date symlink: /home/rosi/ws_dual_arm/install/easy_handeye2_msgs/share/easy_handeye2_msgs/srv/ListAlgorithms.idl
[2.786s] -- Up-to-date symlink: /home/rosi/ws_dual_arm/install/easy_handeye2_msgs/share/easy_handeye2_msgs/srv/SetAlgorithm.idl
[2.786s] -- Up-to-date symlink: /home/rosi/ws_dual_arm/install/easy_handeye2_msgs/share/easy_handeye2_msgs/srv/ComputeCalibration.idl
[2.787s] -- Up-to-date symlink: /home/rosi/ws_dual_arm/install/easy_handeye2_msgs/share/easy_handeye2_msgs/srv/SaveCalibration.idl
[2.787s] -- Up-to-date symlink: /home/rosi/ws_dual_arm/install/easy_handeye2_msgs/share/easy_handeye2_msgs/srv/RemoveSample.idl
[2.788s] -- Up-to-date symlink: /home/rosi/ws_dual_arm/install/easy_handeye2_msgs/share/easy_handeye2_msgs/srv/TakeSample.idl
[2.789s] -- Up-to-date symlink: /home/rosi/ws_dual_arm/install/easy_handeye2_msgs/share/easy_handeye2_msgs/srv/SaveSamples.idl
[2.789s] -- Up-to-date symlink: /home/rosi/ws_dual_arm/install/easy_handeye2_msgs/share/easy_handeye2_msgs/srv/LoadSamples.idl
[2.789s] -- Up-to-date symlink: /home/rosi/ws_dual_arm/install/easy_handeye2_msgs/share/easy_handeye2_msgs/srv/CheckStartingPose.idl
[2.790s] -- Up-to-date symlink: /home/rosi/ws_dual_arm/install/easy_handeye2_msgs/share/easy_handeye2_msgs/srv/EnumerateTargetPoses.idl
[2.790s] -- Up-to-date symlink: /home/rosi/ws_dual_arm/install/easy_handeye2_msgs/share/easy_handeye2_msgs/srv/SelectTargetPose.idl
[2.791s] -- Up-to-date symlink: /home/rosi/ws_dual_arm/install/easy_handeye2_msgs/share/easy_handeye2_msgs/srv/PlanToSelectedTargetPose.idl
[2.791s] -- Up-to-date symlink: /home/rosi/ws_dual_arm/install/easy_handeye2_msgs/share/easy_handeye2_msgs/srv/ExecutePlan.idl
[2.792s] -- Up-to-date symlink: /home/rosi/ws_dual_arm/install/easy_handeye2_msgs/share/easy_handeye2_msgs/msg/HandeyeCalibration.msg
[2.793s] -- Up-to-date symlink: /home/rosi/ws_dual_arm/install/easy_handeye2_msgs/share/easy_handeye2_msgs/msg/HandeyeCalibrationParameters.msg
[2.793s] -- Up-to-date symlink: /home/rosi/ws_dual_arm/install/easy_handeye2_msgs/share/easy_handeye2_msgs/msg/Sample.msg
[2.794s] -- Up-to-date symlink: /home/rosi/ws_dual_arm/install/easy_handeye2_msgs/share/easy_handeye2_msgs/msg/SampleList.msg
[2.794s] -- Up-to-date symlink: /home/rosi/ws_dual_arm/install/easy_handeye2_msgs/share/easy_handeye2_msgs/msg/TargetPoseList.msg
[2.795s] -- Up-to-date symlink: /home/rosi/ws_dual_arm/install/easy_handeye2_msgs/share/easy_handeye2_msgs/calibration/ListAlgorithms.srv
[2.796s] -- Up-to-date symlink: /home/rosi/ws_dual_arm/install/easy_handeye2_msgs/share/easy_handeye2_msgs/calibration/ListAlgorithms_Request.msg
[2.796s] -- Up-to-date symlink: /home/rosi/ws_dual_arm/install/easy_handeye2_msgs/share/easy_handeye2_msgs/calibration/ListAlgorithms_Response.msg
[2.796s] -- Up-to-date symlink: /home/rosi/ws_dual_arm/install/easy_handeye2_msgs/share/easy_handeye2_msgs/calibration/SetAlgorithm.srv
[2.797s] -- Up-to-date symlink: /home/rosi/ws_dual_arm/install/easy_handeye2_msgs/share/easy_handeye2_msgs/calibration/SetAlgorithm_Request.msg
[2.797s] -- Up-to-date symlink: /home/rosi/ws_dual_arm/install/easy_handeye2_msgs/share/easy_handeye2_msgs/calibration/SetAlgorithm_Response.msg
[2.797s] -- Up-to-date symlink: /home/rosi/ws_dual_arm/install/easy_handeye2_msgs/share/easy_handeye2_msgs/calibration/ComputeCalibration.srv
[2.797s] -- Up-to-date symlink: /home/rosi/ws_dual_arm/install/easy_handeye2_msgs/share/easy_handeye2_msgs/calibration/ComputeCalibration_Request.msg
[2.797s] -- Up-to-date symlink: /home/rosi/ws_dual_arm/install/easy_handeye2_msgs/share/easy_handeye2_msgs/calibration/ComputeCalibration_Response.msg
[2.798s] -- Up-to-date symlink: /home/rosi/ws_dual_arm/install/easy_handeye2_msgs/share/easy_handeye2_msgs/calibration/SaveCalibration.srv
[2.798s] -- Up-to-date symlink: /home/rosi/ws_dual_arm/install/easy_handeye2_msgs/share/easy_handeye2_msgs/calibration/SaveCalibration_Request.msg
[2.798s] -- Up-to-date symlink: /home/rosi/ws_dual_arm/install/easy_handeye2_msgs/share/easy_handeye2_msgs/calibration/SaveCalibration_Response.msg
[2.798s] -- Up-to-date symlink: /home/rosi/ws_dual_arm/install/easy_handeye2_msgs/share/easy_handeye2_msgs/calibration/RemoveSample.srv
[2.799s] -- Up-to-date symlink: /home/rosi/ws_dual_arm/install/easy_handeye2_msgs/share/easy_handeye2_msgs/calibration/RemoveSample_Request.msg
[2.799s] -- Up-to-date symlink: /home/rosi/ws_dual_arm/install/easy_handeye2_msgs/share/easy_handeye2_msgs/calibration/RemoveSample_Response.msg
[2.799s] -- Up-to-date symlink: /home/rosi/ws_dual_arm/install/easy_handeye2_msgs/share/easy_handeye2_msgs/calibration/TakeSample.srv
[2.799s] -- Up-to-date symlink: /home/rosi/ws_dual_arm/install/easy_handeye2_msgs/share/easy_handeye2_msgs/calibration/TakeSample_Request.msg
[2.799s] -- Up-to-date symlink: /home/rosi/ws_dual_arm/install/easy_handeye2_msgs/share/easy_handeye2_msgs/calibration/TakeSample_Response.msg
[2.800s] -- Up-to-date symlink: /home/rosi/ws_dual_arm/install/easy_handeye2_msgs/share/easy_handeye2_msgs/calibration/SaveSamples.srv
[2.800s] -- Up-to-date symlink: /home/rosi/ws_dual_arm/install/easy_handeye2_msgs/share/easy_handeye2_msgs/calibration/SaveSamples_Request.msg
[2.800s] -- Up-to-date symlink: /home/rosi/ws_dual_arm/install/easy_handeye2_msgs/share/easy_handeye2_msgs/calibration/SaveSamples_Response.msg
[2.800s] -- Up-to-date symlink: /home/rosi/ws_dual_arm/install/easy_handeye2_msgs/share/easy_handeye2_msgs/calibration/LoadSamples.srv
[2.800s] -- Up-to-date symlink: /home/rosi/ws_dual_arm/install/easy_handeye2_msgs/share/easy_handeye2_msgs/calibration/LoadSamples_Request.msg
[2.801s] -- Up-to-date symlink: /home/rosi/ws_dual_arm/install/easy_handeye2_msgs/share/easy_handeye2_msgs/calibration/LoadSamples_Response.msg
[2.801s] -- Up-to-date symlink: /home/rosi/ws_dual_arm/install/easy_handeye2_msgs/share/easy_handeye2_msgs/robot_movements/CheckStartingPose.srv
[2.801s] -- Up-to-date symlink: /home/rosi/ws_dual_arm/install/easy_handeye2_msgs/share/easy_handeye2_msgs/robot_movements/CheckStartingPose_Request.msg
[2.801s] -- Up-to-date symlink: /home/rosi/ws_dual_arm/install/easy_handeye2_msgs/share/easy_handeye2_msgs/robot_movements/CheckStartingPose_Response.msg
[2.802s] -- Up-to-date symlink: /home/rosi/ws_dual_arm/install/easy_handeye2_msgs/share/easy_handeye2_msgs/robot_movements/EnumerateTargetPoses.srv
[2.802s] -- Up-to-date symlink: /home/rosi/ws_dual_arm/install/easy_handeye2_msgs/share/easy_handeye2_msgs/robot_movements/EnumerateTargetPoses_Request.msg
[2.802s] -- Up-to-date symlink: /home/rosi/ws_dual_arm/install/easy_handeye2_msgs/share/easy_handeye2_msgs/robot_movements/EnumerateTargetPoses_Response.msg
[2.802s] -- Up-to-date symlink: /home/rosi/ws_dual_arm/install/easy_handeye2_msgs/share/easy_handeye2_msgs/robot_movements/SelectTargetPose.srv
[2.802s] -- Up-to-date symlink: /home/rosi/ws_dual_arm/install/easy_handeye2_msgs/share/easy_handeye2_msgs/robot_movements/SelectTargetPose_Request.msg
[2.803s] -- Up-to-date symlink: /home/rosi/ws_dual_arm/install/easy_handeye2_msgs/share/easy_handeye2_msgs/robot_movements/SelectTargetPose_Response.msg
[2.803s] -- Up-to-date symlink: /home/rosi/ws_dual_arm/install/easy_handeye2_msgs/share/easy_handeye2_msgs/robot_movements/PlanToSelectedTargetPose.srv
[2.803s] -- Up-to-date symlink: /home/rosi/ws_dual_arm/install/easy_handeye2_msgs/share/easy_handeye2_msgs/robot_movements/PlanToSelectedTargetPose_Request.msg
[2.803s] -- Up-to-date symlink: /home/rosi/ws_dual_arm/install/easy_handeye2_msgs/share/easy_handeye2_msgs/robot_movements/PlanToSelectedTargetPose_Response.msg
[2.804s] -- Up-to-date symlink: /home/rosi/ws_dual_arm/install/easy_handeye2_msgs/share/easy_handeye2_msgs/robot_movements/ExecutePlan.srv
[2.804s] -- Up-to-date symlink: /home/rosi/ws_dual_arm/install/easy_handeye2_msgs/share/easy_handeye2_msgs/robot_movements/ExecutePlan_Request.msg
[2.804s] -- Up-to-date symlink: /home/rosi/ws_dual_arm/install/easy_handeye2_msgs/share/easy_handeye2_msgs/robot_movements/ExecutePlan_Response.msg
[2.804s] -- Up-to-date symlink: /home/rosi/ws_dual_arm/install/easy_handeye2_msgs/share/ament_index/resource_index/package_run_dependencies/easy_handeye2_msgs
[2.805s] -- Up-to-date symlink: /home/rosi/ws_dual_arm/install/easy_handeye2_msgs/share/ament_index/resource_index/parent_prefix_path/easy_handeye2_msgs
[2.805s] -- Up-to-date symlink: /home/rosi/ws_dual_arm/install/easy_handeye2_msgs/share/easy_handeye2_msgs/environment/ament_prefix_path.sh
[2.805s] -- Up-to-date symlink: /home/rosi/ws_dual_arm/install/easy_handeye2_msgs/share/easy_handeye2_msgs/environment/ament_prefix_path.dsv
[2.805s] -- Up-to-date symlink: /home/rosi/ws_dual_arm/install/easy_handeye2_msgs/share/easy_handeye2_msgs/environment/path.sh
[2.806s] -- Up-to-date symlink: /home/rosi/ws_dual_arm/install/easy_handeye2_msgs/share/easy_handeye2_msgs/environment/path.dsv
[2.807s] -- Up-to-date symlink: /home/rosi/ws_dual_arm/install/easy_handeye2_msgs/share/easy_handeye2_msgs/local_setup.bash
[2.807s] -- Up-to-date symlink: /home/rosi/ws_dual_arm/install/easy_handeye2_msgs/share/easy_handeye2_msgs/local_setup.sh
[2.808s] -- Up-to-date symlink: /home/rosi/ws_dual_arm/install/easy_handeye2_msgs/share/easy_handeye2_msgs/local_setup.zsh
[2.809s] -- Up-to-date symlink: /home/rosi/ws_dual_arm/install/easy_handeye2_msgs/share/easy_handeye2_msgs/local_setup.dsv
[2.809s] -- Symlinking: /home/rosi/ws_dual_arm/install/easy_handeye2_msgs/share/easy_handeye2_msgs/package.dsv
[2.823s] -- Up-to-date symlink: /home/rosi/ws_dual_arm/install/easy_handeye2_msgs/share/ament_index/resource_index/packages/easy_handeye2_msgs
[2.824s] -- Up-to-date symlink: /home/rosi/ws_dual_arm/install/easy_handeye2_msgs/share/easy_handeye2_msgs/cmake/rosidl_cmake-extras.cmake
[2.824s] -- Up-to-date symlink: /home/rosi/ws_dual_arm/install/easy_handeye2_msgs/share/easy_handeye2_msgs/cmake/ament_cmake_export_dependencies-extras.cmake
[2.824s] -- Up-to-date symlink: /home/rosi/ws_dual_arm/install/easy_handeye2_msgs/share/easy_handeye2_msgs/cmake/ament_cmake_export_include_directories-extras.cmake
[2.825s] -- Up-to-date symlink: /home/rosi/ws_dual_arm/install/easy_handeye2_msgs/share/easy_handeye2_msgs/cmake/ament_cmake_export_libraries-extras.cmake
[2.825s] -- Up-to-date symlink: /home/rosi/ws_dual_arm/install/easy_handeye2_msgs/share/easy_handeye2_msgs/cmake/ament_cmake_export_targets-extras.cmake
[2.825s] -- Up-to-date symlink: /home/rosi/ws_dual_arm/install/easy_handeye2_msgs/share/easy_handeye2_msgs/cmake/rosidl_cmake_export_typesupport_targets-extras.cmake
[2.826s] -- Up-to-date symlink: /home/rosi/ws_dual_arm/install/easy_handeye2_msgs/share/easy_handeye2_msgs/cmake/rosidl_cmake_export_typesupport_libraries-extras.cmake
[2.826s] -- Up-to-date symlink: /home/rosi/ws_dual_arm/install/easy_handeye2_msgs/share/easy_handeye2_msgs/cmake/easy_handeye2_msgsConfig.cmake
[2.826s] -- Up-to-date symlink: /home/rosi/ws_dual_arm/install/easy_handeye2_msgs/share/easy_handeye2_msgs/cmake/easy_handeye2_msgsConfig-version.cmake
[2.826s] -- Up-to-date symlink: /home/rosi/ws_dual_arm/install/easy_handeye2_msgs/share/easy_handeye2_msgs/package.xml
[2.827s] -- Up-to-date: /home/rosi/ws_dual_arm/install/easy_handeye2_msgs/lib/libeasy_handeye2_msgs__rosidl_generator_c.so
[2.828s] -- Up-to-date: /home/rosi/ws_dual_arm/install/easy_handeye2_msgs/lib/libeasy_handeye2_msgs__rosidl_typesupport_fastrtps_c.so
[2.829s] -- Up-to-date: /home/rosi/ws_dual_arm/install/easy_handeye2_msgs/lib/libeasy_handeye2_msgs__rosidl_typesupport_introspection_c.so
[2.830s] -- Up-to-date: /home/rosi/ws_dual_arm/install/easy_handeye2_msgs/lib/libeasy_handeye2_msgs__rosidl_typesupport_c.so
[2.831s] -- Up-to-date: /home/rosi/ws_dual_arm/install/easy_handeye2_msgs/lib/libeasy_handeye2_msgs__rosidl_typesupport_fastrtps_cpp.so
[2.832s] -- Up-to-date: /home/rosi/ws_dual_arm/install/easy_handeye2_msgs/lib/libeasy_handeye2_msgs__rosidl_typesupport_introspection_cpp.so
[2.833s] -- Up-to-date: /home/rosi/ws_dual_arm/install/easy_handeye2_msgs/lib/libeasy_handeye2_msgs__rosidl_typesupport_cpp.so
[2.888s] Listing '/home/rosi/ws_dual_arm/install/easy_handeye2_msgs/local/lib/python3.10/dist-packages/easy_handeye2_msgs'...
[2.889s] Compiling '/home/rosi/ws_dual_arm/install/easy_handeye2_msgs/local/lib/python3.10/dist-packages/easy_handeye2_msgs/__init__.py'...
[2.889s] Listing '/home/rosi/ws_dual_arm/install/easy_handeye2_msgs/local/lib/python3.10/dist-packages/easy_handeye2_msgs/msg'...
[2.889s] Listing '/home/rosi/ws_dual_arm/install/easy_handeye2_msgs/local/lib/python3.10/dist-packages/easy_handeye2_msgs/srv'...
[2.898s] -- Up-to-date: /home/rosi/ws_dual_arm/install/easy_handeye2_msgs/lib/libeasy_handeye2_msgs__rosidl_generator_py.so
[2.898s] -- Up-to-date: /home/rosi/ws_dual_arm/install/easy_handeye2_msgs/share/easy_handeye2_msgs/cmake/export_easy_handeye2_msgs__rosidl_generator_cExport.cmake
[2.898s] -- Up-to-date: /home/rosi/ws_dual_arm/install/easy_handeye2_msgs/share/easy_handeye2_msgs/cmake/export_easy_handeye2_msgs__rosidl_generator_cExport-noconfig.cmake
[2.898s] -- Up-to-date: /home/rosi/ws_dual_arm/install/easy_handeye2_msgs/share/easy_handeye2_msgs/cmake/export_easy_handeye2_msgs__rosidl_typesupport_fastrtps_cExport.cmake
[2.898s] -- Up-to-date: /home/rosi/ws_dual_arm/install/easy_handeye2_msgs/share/easy_handeye2_msgs/cmake/export_easy_handeye2_msgs__rosidl_typesupport_fastrtps_cExport-noconfig.cmake
[2.898s] -- Up-to-date: /home/rosi/ws_dual_arm/install/easy_handeye2_msgs/share/easy_handeye2_msgs/cmake/easy_handeye2_msgs__rosidl_typesupport_introspection_cExport.cmake
[2.899s] -- Up-to-date: /home/rosi/ws_dual_arm/install/easy_handeye2_msgs/share/easy_handeye2_msgs/cmake/easy_handeye2_msgs__rosidl_typesupport_introspection_cExport-noconfig.cmake
[2.899s] -- Up-to-date: /home/rosi/ws_dual_arm/install/easy_handeye2_msgs/share/easy_handeye2_msgs/cmake/easy_handeye2_msgs__rosidl_typesupport_cExport.cmake
[2.899s] -- Up-to-date: /home/rosi/ws_dual_arm/install/easy_handeye2_msgs/share/easy_handeye2_msgs/cmake/easy_handeye2_msgs__rosidl_typesupport_cExport-noconfig.cmake
[2.899s] -- Up-to-date: /home/rosi/ws_dual_arm/install/easy_handeye2_msgs/share/easy_handeye2_msgs/cmake/export_easy_handeye2_msgs__rosidl_generator_cppExport.cmake
[2.899s] -- Up-to-date: /home/rosi/ws_dual_arm/install/easy_handeye2_msgs/share/easy_handeye2_msgs/cmake/export_easy_handeye2_msgs__rosidl_typesupport_fastrtps_cppExport.cmake
[2.899s] -- Up-to-date: /home/rosi/ws_dual_arm/install/easy_handeye2_msgs/share/easy_handeye2_msgs/cmake/export_easy_handeye2_msgs__rosidl_typesupport_fastrtps_cppExport-noconfig.cmake
[2.899s] -- Up-to-date: /home/rosi/ws_dual_arm/install/easy_handeye2_msgs/share/easy_handeye2_msgs/cmake/easy_handeye2_msgs__rosidl_typesupport_introspection_cppExport.cmake
[2.899s] -- Up-to-date: /home/rosi/ws_dual_arm/install/easy_handeye2_msgs/share/easy_handeye2_msgs/cmake/easy_handeye2_msgs__rosidl_typesupport_introspection_cppExport-noconfig.cmake
[2.900s] -- Up-to-date: /home/rosi/ws_dual_arm/install/easy_handeye2_msgs/share/easy_handeye2_msgs/cmake/easy_handeye2_msgs__rosidl_typesupport_cppExport.cmake
[2.900s] -- Up-to-date: /home/rosi/ws_dual_arm/install/easy_handeye2_msgs/share/easy_handeye2_msgs/cmake/easy_handeye2_msgs__rosidl_typesupport_cppExport-noconfig.cmake
[2.900s] -- Up-to-date: /home/rosi/ws_dual_arm/install/easy_handeye2_msgs/share/easy_handeye2_msgs/cmake/export_easy_handeye2_msgs__rosidl_generator_pyExport.cmake
[2.900s] -- Up-to-date: /home/rosi/ws_dual_arm/install/easy_handeye2_msgs/share/easy_handeye2_msgs/cmake/export_easy_handeye2_msgs__rosidl_generator_pyExport-noconfig.cmake
[2.903s] Invoked command in '/home/rosi/ws_dual_arm/build/easy_handeye2_msgs' returned '0': CMAKE_PREFIX_PATH=/opt/ros/humble /usr/bin/cmake --install /home/rosi/ws_dual_arm/build/easy_handeye2_msgs
