/home/rosi/ws_dual_arm/install/aruco_moveit_planner/lib/python3.10/site-packages/aruco_moveit_planner/frame_transformer.py
/home/rosi/ws_dual_arm/install/aruco_moveit_planner/lib/python3.10/site-packages/aruco_moveit_planner/arm_joint_state_publisher.py
/home/rosi/ws_dual_arm/install/aruco_moveit_planner/lib/python3.10/site-packages/aruco_moveit_planner/__init__.py
/home/rosi/ws_dual_arm/install/aruco_moveit_planner/lib/python3.10/site-packages/aruco_moveit_planner/moveit_planner.py
/home/rosi/ws_dual_arm/install/aruco_moveit_planner/lib/python3.10/site-packages/aruco_moveit_planner/main.py
/home/rosi/ws_dual_arm/install/aruco_moveit_planner/lib/python3.10/site-packages/aruco_moveit_planner/pose_reader.py
/home/rosi/ws_dual_arm/install/aruco_moveit_planner/lib/python3.10/site-packages/aruco_moveit_planner/__pycache__/frame_transformer.cpython-310.pyc
/home/rosi/ws_dual_arm/install/aruco_moveit_planner/lib/python3.10/site-packages/aruco_moveit_planner/__pycache__/arm_joint_state_publisher.cpython-310.pyc
/home/rosi/ws_dual_arm/install/aruco_moveit_planner/lib/python3.10/site-packages/aruco_moveit_planner/__pycache__/__init__.cpython-310.pyc
/home/rosi/ws_dual_arm/install/aruco_moveit_planner/lib/python3.10/site-packages/aruco_moveit_planner/__pycache__/moveit_planner.cpython-310.pyc
/home/rosi/ws_dual_arm/install/aruco_moveit_planner/lib/python3.10/site-packages/aruco_moveit_planner/__pycache__/main.cpython-310.pyc
/home/rosi/ws_dual_arm/install/aruco_moveit_planner/lib/python3.10/site-packages/aruco_moveit_planner/__pycache__/pose_reader.cpython-310.pyc
/home/rosi/ws_dual_arm/install/aruco_moveit_planner/share/ament_index/resource_index/packages/aruco_moveit_planner
/home/rosi/ws_dual_arm/install/aruco_moveit_planner/share/aruco_moveit_planner/package.xml
/home/rosi/ws_dual_arm/install/aruco_moveit_planner/share/aruco_moveit_planner/launch/plan_to_aruco.launch.py
/home/rosi/ws_dual_arm/install/aruco_moveit_planner/share/aruco_moveit_planner/config/sample_aruco_pose.json
/home/rosi/ws_dual_arm/install/aruco_moveit_planner/lib/python3.10/site-packages/aruco_moveit_planner-0.1.0-py3.10.egg-info/requires.txt
/home/rosi/ws_dual_arm/install/aruco_moveit_planner/lib/python3.10/site-packages/aruco_moveit_planner-0.1.0-py3.10.egg-info/entry_points.txt
/home/rosi/ws_dual_arm/install/aruco_moveit_planner/lib/python3.10/site-packages/aruco_moveit_planner-0.1.0-py3.10.egg-info/PKG-INFO
/home/rosi/ws_dual_arm/install/aruco_moveit_planner/lib/python3.10/site-packages/aruco_moveit_planner-0.1.0-py3.10.egg-info/zip-safe
/home/rosi/ws_dual_arm/install/aruco_moveit_planner/lib/python3.10/site-packages/aruco_moveit_planner-0.1.0-py3.10.egg-info/dependency_links.txt
/home/rosi/ws_dual_arm/install/aruco_moveit_planner/lib/python3.10/site-packages/aruco_moveit_planner-0.1.0-py3.10.egg-info/top_level.txt
/home/rosi/ws_dual_arm/install/aruco_moveit_planner/lib/python3.10/site-packages/aruco_moveit_planner-0.1.0-py3.10.egg-info/SOURCES.txt
/home/rosi/ws_dual_arm/install/aruco_moveit_planner/lib/aruco_moveit_planner/arm_joint_state_publisher
/home/rosi/ws_dual_arm/install/aruco_moveit_planner/lib/aruco_moveit_planner/plan_to_aruco
