[35m[1mConsolidate compiler generated dependencies of target dual_arm_move_group[0m
[100%] Built target dual_arm_move_group
-- Install configuration: ""
-- Installing: /home/rosi/ws_dual_arm/install/dual_arm_control/lib/dual_arm_control/dual_arm_move_group
-- Set runtime path of "/home/rosi/ws_dual_arm/install/dual_arm_control/lib/dual_arm_control/dual_arm_move_group" to ""
-- Installing: /home/rosi/ws_dual_arm/install/dual_arm_control/share/ament_index/resource_index/package_run_dependencies/dual_arm_control
-- Installing: /home/rosi/ws_dual_arm/install/dual_arm_control/share/ament_index/resource_index/parent_prefix_path/dual_arm_control
-- Installing: /home/rosi/ws_dual_arm/install/dual_arm_control/share/dual_arm_control/environment/ament_prefix_path.sh
-- Installing: /home/rosi/ws_dual_arm/install/dual_arm_control/share/dual_arm_control/environment/ament_prefix_path.dsv
-- Installing: /home/rosi/ws_dual_arm/install/dual_arm_control/share/dual_arm_control/environment/path.sh
-- Installing: /home/rosi/ws_dual_arm/install/dual_arm_control/share/dual_arm_control/environment/path.dsv
-- Installing: /home/rosi/ws_dual_arm/install/dual_arm_control/share/dual_arm_control/local_setup.bash
-- Installing: /home/rosi/ws_dual_arm/install/dual_arm_control/share/dual_arm_control/local_setup.sh
-- Installing: /home/rosi/ws_dual_arm/install/dual_arm_control/share/dual_arm_control/local_setup.zsh
-- Installing: /home/rosi/ws_dual_arm/install/dual_arm_control/share/dual_arm_control/local_setup.dsv
-- Installing: /home/rosi/ws_dual_arm/install/dual_arm_control/share/dual_arm_control/package.dsv
-- Installing: /home/rosi/ws_dual_arm/install/dual_arm_control/share/ament_index/resource_index/packages/dual_arm_control
-- Installing: /home/rosi/ws_dual_arm/install/dual_arm_control/share/dual_arm_control/cmake/dual_arm_controlConfig.cmake
-- Installing: /home/rosi/ws_dual_arm/install/dual_arm_control/share/dual_arm_control/cmake/dual_arm_controlConfig-version.cmake
-- Installing: /home/rosi/ws_dual_arm/install/dual_arm_control/share/dual_arm_control/package.xml
