[0.012s] Invoking command in '/home/rosi/ws_dual_arm/build/robotiq_driver': CMAKE_PREFIX_PATH=${CMAKE_PREFIX_PATH}:/opt/ros/humble /usr/bin/cmake /home/rosi/ws_dual_arm/src/ros2_robotiq_gripper/robotiq_driver -DCMAKE_INSTALL_PREFIX=/home/rosi/ws_dual_arm/install/robotiq_driver
[0.160s] -- The CXX compiler identification is GNU 11.4.0
[0.171s] -- Detecting CXX compiler ABI info
[0.300s] -- Detecting CXX compiler ABI info - done
[0.320s] -- Check for working CXX compiler: /usr/bin/c++ - skipped
[0.321s] -- Detecting CXX compile features
[0.323s] -- Detecting CXX compile features - done
[0.339s] -- Found ament_cmake: 1.3.14 (/opt/ros/humble/share/ament_cmake/cmake)
[0.504s] -- Found Python3: /usr/bin/python3 (found version "3.10.12") found components: Interpreter 
[0.582s] -- Found hardware_interface: 2.53.1 (/opt/ros/humble/share/hardware_interface/cmake)
[0.618s] -- Found rosidl_generator_c: 3.1.8 (/opt/ros/humble/share/rosidl_generator_c/cmake)
[0.623s] -- Found rosidl_adapter: 3.1.8 (/opt/ros/humble/share/rosidl_adapter/cmake)
[0.633s] -- Found rosidl_generator_cpp: 3.1.8 (/opt/ros/humble/share/rosidl_generator_cpp/cmake)
[0.647s] -- Using all available rosidl_typesupport_c: rosidl_typesupport_fastrtps_c;rosidl_typesupport_introspection_c
[0.663s] -- Using all available rosidl_typesupport_cpp: rosidl_typesupport_fastrtps_cpp;rosidl_typesupport_introspection_cpp
[0.851s] -- Found rmw_implementation_cmake: 6.1.2 (/opt/ros/humble/share/rmw_implementation_cmake/cmake)
[0.853s] -- Found rmw_fastrtps_cpp: 6.2.10 (/opt/ros/humble/share/rmw_fastrtps_cpp/cmake)
[0.876s] -- Found TinyXML2 via Config file: TinyXML2_DIR-NOTFOUND
[0.970s] -- Found OpenSSL: /usr/lib/x86_64-linux-gnu/libcrypto.so (found version "3.0.2")  
[0.977s] -- Found TinyXML2 via Config file: TinyXML2_DIR-NOTFOUND
[1.007s] -- Found FastRTPS: /opt/ros/humble/include  
[1.013s] -- Found TinyXML2 via Config file: TinyXML2_DIR-NOTFOUND
[1.030s] -- Found TinyXML2 via Config file: TinyXML2_DIR-NOTFOUND
[1.049s] -- Using RMW implementation 'rmw_fastrtps_cpp' as default
[1.058s] -- Looking for C++ include pthread.h
[1.184s] -- Looking for C++ include pthread.h - found
[1.184s] -- Performing Test CMAKE_HAVE_LIBC_PTHREAD
[1.289s] -- Performing Test CMAKE_HAVE_LIBC_PTHREAD - Success
[1.290s] -- Found Threads: TRUE  
[1.330s] [31mCMake Error at CMakeLists.txt:18 (find_package):
[1.330s]   By not providing "Findserial.cmake" in CMAKE_MODULE_PATH this project has
[1.330s]   asked CMake to find a package configuration file provided by "serial", but
[1.330s]   CMake did not find one.
[1.330s] 
[1.330s]   Could not find a package configuration file provided by "serial" with any
[1.330s]   of the following names:
[1.330s] 
[1.330s]     serialConfig.cmake
[1.330s]     serial-config.cmake
[1.330s] 
[1.330s]   Add the installation prefix of "serial" to CMAKE_PREFIX_PATH or set
[1.331s]   "serial_DIR" to a directory containing one of the above files.  If "serial"
[1.331s]   provides a separate development package or SDK, be sure it has been
[1.331s]   installed.
[1.331s] 
[1.331s] [0m
[1.331s] -- Configuring incomplete, errors occurred!
[1.331s] See also "/home/rosi/ws_dual_arm/build/robotiq_driver/CMakeFiles/CMakeOutput.log".
[1.336s] Invoked command in '/home/rosi/ws_dual_arm/build/robotiq_driver' returned '1': CMAKE_PREFIX_PATH=${CMAKE_PREFIX_PATH}:/opt/ros/humble /usr/bin/cmake /home/rosi/ws_dual_arm/src/ros2_robotiq_gripper/robotiq_driver -DCMAKE_INSTALL_PREFIX=/home/rosi/ws_dual_arm/install/robotiq_driver
